C:/Users/tedwa/Documents/ENEE408A/STM32CubeL4/Projects/B-L475E-IOT01A/Applications/WiFi/WiFi_HTTP_Server/Src/main.c:56:5:__io_putchar	1
C:/Users/tedwa/Documents/ENEE408A/STM32CubeL4/Projects/B-L475E-IOT01A/Applications/WiFi/WiFi_HTTP_Server/Src/main.c:76:6:HAL_DFSDM_FilterRegConvHalfCpltCallback	1
C:/Users/tedwa/Documents/ENEE408A/STM32CubeL4/Projects/B-L475E-IOT01A/Applications/WiFi/WiFi_HTTP_Server/Src/main.c:81:6:HAL_DFSDM_FilterRegConvCpltCallback	1
C:/Users/tedwa/Documents/ENEE408A/STM32CubeL4/Projects/B-L475E-IOT01A/Applications/WiFi/WiFi_HTTP_Server/Src/main.c:86:13:Process_Audio_Data	10
C:/Users/tedwa/Documents/ENEE408A/STM32CubeL4/Projects/B-L475E-IOT01A/Applications/WiFi/WiFi_HTTP_Server/Src/main.c:170:5:main	5
C:/Users/tedwa/Documents/ENEE408A/STM32CubeL4/Projects/B-L475E-IOT01A/Applications/WiFi/WiFi_HTTP_Server/Src/main.c:237:12:wifi_connect	7
C:/Users/tedwa/Documents/ENEE408A/STM32CubeL4/Projects/B-L475E-IOT01A/Applications/WiFi/WiFi_HTTP_Server/Src/main.c:277:12:send_http_get	10
C:/Users/tedwa/Documents/ENEE408A/STM32CubeL4/Projects/B-L475E-IOT01A/Applications/WiFi/WiFi_HTTP_Server/Src/main.c:342:13:MX_DMA_Init	1
C:/Users/tedwa/Documents/ENEE408A/STM32CubeL4/Projects/B-L475E-IOT01A/Applications/WiFi/WiFi_HTTP_Server/Src/main.c:349:13:MX_DFSDM1_Init	4
C:/Users/tedwa/Documents/ENEE408A/STM32CubeL4/Projects/B-L475E-IOT01A/Applications/WiFi/WiFi_HTTP_Server/Src/main.c:380:13:MX_TIM2_Init	6
C:/Users/tedwa/Documents/ENEE408A/STM32CubeL4/Projects/B-L475E-IOT01A/Applications/WiFi/WiFi_HTTP_Server/Src/main.c:422:13:MX_GPIO_Init	1
C:/Users/tedwa/Documents/ENEE408A/STM32CubeL4/Projects/B-L475E-IOT01A/Applications/WiFi/WiFi_HTTP_Server/Src/main.c:437:6:HAL_DFSDM_FilterMspInit	3
C:/Users/tedwa/Documents/ENEE408A/STM32CubeL4/Projects/B-L475E-IOT01A/Applications/WiFi/WiFi_HTTP_Server/Src/main.c:462:13:SystemClock_Config	3
C:/Users/tedwa/Documents/ENEE408A/STM32CubeL4/Projects/B-L475E-IOT01A/Applications/WiFi/WiFi_HTTP_Server/Src/main.c:490:6:HAL_GPIO_EXTI_Callback	2
C:/Users/tedwa/Documents/ENEE408A/STM32CubeL4/Projects/B-L475E-IOT01A/Applications/WiFi/WiFi_HTTP_Server/Src/main.c:495:6:SPI3_IRQHandler	1
C:/Users/tedwa/Documents/ENEE408A/STM32CubeL4/Projects/B-L475E-IOT01A/Applications/WiFi/WiFi_HTTP_Server/Src/main.c:500:6:DMA1_Channel4_IRQHandler	1
