16:08:34 **** Clean-only build of configuration Debug for project Project ****
make -j24 clean 
rm -rf ./Drivers/STM32L4xx_HAL_Driver/Src/stm32l4xx_hal.cyclo ./Drivers/STM32L4xx_HAL_Driver/Src/stm32l4xx_hal.d ./Drivers/STM32L4xx_HAL_Driver/Src/stm32l4xx_hal.o ./Drivers/STM32L4xx_HAL_Driver/Src/stm32l4xx_hal.su ./Drivers/STM32L4xx_HAL_Driver/Src/stm32l4xx_hal_cortex.cyclo ./Drivers/STM32L4xx_HAL_Driver/Src/stm32l4xx_hal_cortex.d ./Drivers/STM32L4xx_HAL_Driver/Src/stm32l4xx_hal_cortex.o ./Drivers/STM32L4xx_HAL_Driver/Src/stm32l4xx_hal_cortex.su ./Drivers/STM32L4xx_HAL_Driver/Src/stm32l4xx_hal_dfsdm.cyclo ./Drivers/STM32L4xx_HAL_Driver/Src/stm32l4xx_hal_dfsdm.d ./Drivers/STM32L4xx_HAL_Driver/Src/stm32l4xx_hal_dfsdm.o ./Drivers/STM32L4xx_HAL_Driver/Src/stm32l4xx_hal_dfsdm.su ./Drivers/STM32L4xx_HAL_Driver/Src/stm32l4xx_hal_dma.cyclo ./Drivers/STM32L4xx_HAL_Driver/Src/stm32l4xx_hal_dma.d ./Drivers/STM32L4xx_HAL_Driver/Src/stm32l4xx_hal_dma.o ./Drivers/STM32L4xx_HAL_Driver/Src/stm32l4xx_hal_dma.su ./Drivers/STM32L4xx_HAL_Driver/Src/stm32l4xx_hal_dma_ex.cyclo ./Drivers/STM32L4xx_HAL_Driver/Src/stm32l4xx_hal_dma_ex.d ./Drivers/STM32L4xx_HAL_Driver/Src/stm32l4xx_hal_dma_ex.o ./Drivers/STM32L4xx_HAL_Driver/Src/stm32l4xx_hal_dma_ex.su ./Drivers/STM32L4xx_HAL_Driver/Src/stm32l4xx_hal_exti.cyclo ./Drivers/STM32L4xx_HAL_Driver/Src/stm32l4xx_hal_exti.d ./Drivers/STM32L4xx_HAL_Driver/Src/stm32l4xx_hal_exti.o ./Drivers/STM32L4xx_HAL_Driver/Src/stm32l4xx_hal_exti.su ./Drivers/STM32L4xx_HAL_Driver/Src/stm32l4xx_hal_flash.cyclo ./Drivers/STM32L4xx_HAL_Driver/Src/stm32l4xx_hal_flash.d ./Drivers/STM32L4xx_HAL_Driver/Src/stm32l4xx_hal_flash.o ./Drivers/STM32L4xx_HAL_Driver/Src/stm32l4xx_hal_flash.su ./Drivers/STM32L4xx_HAL_Driver/Src/stm32l4xx_hal_flash_ex.cyclo ./Drivers/STM32L4xx_HAL_Driver/Src/stm32l4xx_hal_flash_ex.d ./Drivers/STM32L4xx_HAL_Driver/Src/stm32l4xx_hal_flash_ex.o ./Drivers/STM32L4xx_HAL_Driver/Src/stm32l4xx_hal_flash_ex.su ./Drivers/STM32L4xx_HAL_Driver/Src/stm32l4xx_hal_flash_ramfunc.cyclo ./Drivers/STM32L4xx_HAL_Driver/Src/stm32l4xx_hal_flash_ramfunc.d ./Drivers/STM32L4xx_HAL_Driver/Src/stm32l4xx_hal_flash_ramfunc.o ./Drivers/STM32L4xx_HAL_Driver/Src/stm32l4xx_hal_flash_ramfunc.su ./Drivers/STM32L4xx_HAL_Driver/Src/stm32l4xx_hal_gpio.cyclo ./Drivers/STM32L4xx_HAL_Driver/Src/stm32l4xx_hal_gpio.d ./Drivers/STM32L4xx_HAL_Driver/Src/stm32l4xx_hal_gpio.o ./Drivers/STM32L4xx_HAL_Driver/Src/stm32l4xx_hal_gpio.su ./Drivers/STM32L4xx_HAL_Driver/Src/stm32l4xx_hal_i2c.cyclo ./Drivers/STM32L4xx_HAL_Driver/Src/stm32l4xx_hal_i2c.d ./Drivers/STM32L4xx_HAL_Driver/Src/stm32l4xx_hal_i2c.o ./Drivers/STM32L4xx_HAL_Driver/Src/stm32l4xx_hal_i2c.su ./Drivers/STM32L4xx_HAL_Driver/Src/stm32l4xx_hal_i2c_ex.cyclo ./Drivers/STM32L4xx_HAL_Driver/Src/stm32l4xx_hal_i2c_ex.d ./Drivers/STM32L4xx_HAL_Driver/Src/stm32l4xx_hal_i2c_ex.o ./Drivers/STM32L4xx_HAL_Driver/Src/stm32l4xx_hal_i2c_ex.su ./Drivers/STM32L4xx_HAL_Driver/Src/stm32l4xx_hal_pwr.cyclo ./Drivers/STM32L4xx_HAL_Driver/Src/stm32l4xx_hal_pwr.d ./Drivers/STM32L4xx_HAL_Driver/Src/stm32l4xx_hal_pwr.o ./Drivers/STM32L4xx_HAL_Driver/Src/stm32l4xx_hal_pwr.su ./Drivers/STM32L4xx_HAL_Driver/Src/stm32l4xx_hal_pwr_ex.cyclo ./Drivers/STM32L4xx_HAL_Driver/Src/stm32l4xx_hal_pwr_ex.d ./Drivers/STM32L4xx_HAL_Driver/Src/stm32l4xx_hal_pwr_ex.o ./Drivers/STM32L4xx_HAL_Driver/Src/stm32l4xx_hal_pwr_ex.su ./Drivers/STM32L4xx_HAL_Driver/Src/stm32l4xx_hal_rcc.cyclo ./Drivers/STM32L4xx_HAL_Driver/Src/stm32l4xx_hal_rcc.d ./Drivers/STM32L4xx_HAL_Driver/Src/stm32l4xx_hal_rcc.o ./Drivers/STM32L4xx_HAL_Driver/Src/stm32l4xx_hal_rcc.su ./Drivers/STM32L4xx_HAL_Driver/Src/stm32l4xx_hal_rcc_ex.cyclo ./Drivers/STM32L4xx_HAL_Driver/Src/stm32l4xx_hal_rcc_ex.d ./Drivers/STM32L4xx_HAL_Driver/Src/stm32l4xx_hal_rcc_ex.o ./Drivers/STM32L4xx_HAL_Driver/Src/stm32l4xx_hal_rcc_ex.su ./Drivers/STM32L4xx_HAL_Driver/Src/stm32l4xx_hal_spi.cyclo ./Drivers/STM32L4xx_HAL_Driver/Src/stm32l4xx_hal_spi.d ./Drivers/STM32L4xx_HAL_Driver/Src/stm32l4xx_hal_spi.o ./Drivers/STM32L4xx_HAL_Driver/Src/stm32l4xx_hal_spi.su ./Drivers/STM32L4xx_HAL_Driver/Src/stm32l4xx_hal_spi_ex.cyclo ./Drivers/STM32L4xx_HAL_Driver/Src/stm32l4xx_hal_spi_ex.d ./Drivers/STM32L4xx_HAL_Driver/Src/stm32l4xx_hal_spi_ex.o ./Drivers/STM32L4xx_HAL_Driver/Src/stm32l4xx_hal_spi_ex.su ./Drivers/STM32L4xx_HAL_Driver/Src/stm32l4xx_hal_tim.cyclo ./Drivers/STM32L4xx_HAL_Driver/Src/stm32l4xx_hal_tim.d ./Drivers/STM32L4xx_HAL_Driver/Src/stm32l4xx_hal_tim.o ./Drivers/STM32L4xx_HAL_Driver/Src/stm32l4xx_hal_tim.su ./Drivers/STM32L4xx_HAL_Driver/Src/stm32l4xx_hal_tim_ex.cyclo ./Drivers/STM32L4xx_HAL_Driver/Src/stm32l4xx_hal_tim_ex.d ./Drivers/STM32L4xx_HAL_Driver/Src/stm32l4xx_hal_tim_ex.o ./Drivers/STM32L4xx_HAL_Driver/Src/stm32l4xx_hal_tim_ex.su
rm -rf ./Core/Startup/startup_stm32l475vgtx.d ./Core/Startup/startup_stm32l475vgtx.o
rm -rf ./Core/Src/dfsdm.cyclo ./Core/Src/dfsdm.d ./Core/Src/dfsdm.o ./Core/Src/dfsdm.su ./Core/Src/dma.cyclo ./Core/Src/dma.d ./Core/Src/dma.o ./Core/Src/dma.su ./Core/Src/es_wifi.cyclo ./Core/Src/es_wifi.d ./Core/Src/es_wifi.o ./Core/Src/es_wifi.su ./Core/Src/es_wifi_io.cyclo ./Core/Src/es_wifi_io.d ./Core/Src/es_wifi_io.o ./Core/Src/es_wifi_io.su ./Core/Src/gpio.cyclo ./Core/Src/gpio.d ./Core/Src/gpio.o ./Core/Src/gpio.su ./Core/Src/main.cyclo ./Core/Src/main.d ./Core/Src/main.o ./Core/Src/main.su ./Core/Src/spi.cyclo ./Core/Src/spi.d ./Core/Src/spi.o ./Core/Src/spi.su ./Core/Src/stm32l4xx_hal_msp.cyclo ./Core/Src/stm32l4xx_hal_msp.d ./Core/Src/stm32l4xx_hal_msp.o ./Core/Src/stm32l4xx_hal_msp.su ./Core/Src/stm32l4xx_it.cyclo ./Core/Src/stm32l4xx_it.d ./Core/Src/stm32l4xx_it.o ./Core/Src/stm32l4xx_it.su ./Core/Src/syscalls.cyclo ./Core/Src/syscalls.d ./Core/Src/syscalls.o ./Core/Src/syscalls.su ./Core/Src/sysmem.cyclo ./Core/Src/sysmem.d ./Core/Src/sysmem.o ./Core/Src/sysmem.su ./Core/Src/system_stm32l4xx.cyclo ./Core/Src/system_stm32l4xx.d ./Core/Src/system_stm32l4xx.o ./Core/Src/system_stm32l4xx.su ./Core/Src/tim.cyclo ./Core/Src/tim.d ./Core/Src/tim.o ./Core/Src/tim.su ./Core/Src/wifi.cyclo ./Core/Src/wifi.d ./Core/Src/wifi.o ./Core/Src/wifi.su
rm -rf Project.elf Project.list Project.map default.size.stdout
 
16:08:35 **** Clean-only build of configuration Debug for project STM32CubeIDE ****
make -j24 clean 
rm -rf ./Drivers/STM32L4xx_HAL_Driver/stm32l475e_iot01.cyclo ./Drivers/STM32L4xx_HAL_Driver/stm32l475e_iot01.d ./Drivers/STM32L4xx_HAL_Driver/stm32l475e_iot01.o ./Drivers/STM32L4xx_HAL_Driver/stm32l475e_iot01.su ./Drivers/STM32L4xx_HAL_Driver/stm32l475e_iot01_tsensor.cyclo ./Drivers/STM32L4xx_HAL_Driver/stm32l475e_iot01_tsensor.d ./Drivers/STM32L4xx_HAL_Driver/stm32l475e_iot01_tsensor.o ./Drivers/STM32L4xx_HAL_Driver/stm32l475e_iot01_tsensor.su ./Drivers/STM32L4xx_HAL_Driver/stm32l4xx_hal.cyclo ./Drivers/STM32L4xx_HAL_Driver/stm32l4xx_hal.d ./Drivers/STM32L4xx_HAL_Driver/stm32l4xx_hal.o ./Drivers/STM32L4xx_HAL_Driver/stm32l4xx_hal.su ./Drivers/STM32L4xx_HAL_Driver/stm32l4xx_hal_adc.cyclo ./Drivers/STM32L4xx_HAL_Driver/stm32l4xx_hal_adc.d ./Drivers/STM32L4xx_HAL_Driver/stm32l4xx_hal_adc.o ./Drivers/STM32L4xx_HAL_Driver/stm32l4xx_hal_adc.su ./Drivers/STM32L4xx_HAL_Driver/stm32l4xx_hal_adc_ex.cyclo ./Drivers/STM32L4xx_HAL_Driver/stm32l4xx_hal_adc_ex.d ./Drivers/STM32L4xx_HAL_Driver/stm32l4xx_hal_adc_ex.o ./Drivers/STM32L4xx_HAL_Driver/stm32l4xx_hal_adc_ex.su ./Drivers/STM32L4xx_HAL_Driver/stm32l4xx_hal_cortex.cyclo ./Drivers/STM32L4xx_HAL_Driver/stm32l4xx_hal_cortex.d ./Drivers/STM32L4xx_HAL_Driver/stm32l4xx_hal_cortex.o ./Drivers/STM32L4xx_HAL_Driver/stm32l4xx_hal_cortex.su ./Drivers/STM32L4xx_HAL_Driver/stm32l4xx_hal_dma.cyclo ./Drivers/STM32L4xx_HAL_Driver/stm32l4xx_hal_dma.d ./Drivers/STM32L4xx_HAL_Driver/stm32l4xx_hal_dma.o ./Drivers/STM32L4xx_HAL_Driver/stm32l4xx_hal_dma.su ./Drivers/STM32L4xx_HAL_Driver/stm32l4xx_hal_gpio.cyclo ./Drivers/STM32L4xx_HAL_Driver/stm32l4xx_hal_gpio.d ./Drivers/STM32L4xx_HAL_Driver/stm32l4xx_hal_gpio.o ./Drivers/STM32L4xx_HAL_Driver/stm32l4xx_hal_gpio.su ./Drivers/STM32L4xx_HAL_Driver/stm32l4xx_hal_i2c.cyclo ./Drivers/STM32L4xx_HAL_Driver/stm32l4xx_hal_i2c.d ./Drivers/STM32L4xx_HAL_Driver/stm32l4xx_hal_i2c.o ./Drivers/STM32L4xx_HAL_Driver/stm32l4xx_hal_i2c.su ./Drivers/STM32L4xx_HAL_Driver/stm32l4xx_hal_i2c_ex.cyclo ./Drivers/STM32L4xx_HAL_Driver/stm32l4xx_hal_i2c_ex.d ./Drivers/STM32L4xx_HAL_Driver/stm32l4xx_hal_i2c_ex.o ./Drivers/STM32L4xx_HAL_Driver/stm32l4xx_hal_i2c_ex.su ./Drivers/STM32L4xx_HAL_Driver/stm32l4xx_hal_pwr.cyclo ./Drivers/STM32L4xx_HAL_Driver/stm32l4xx_hal_pwr.d ./Drivers/STM32L4xx_HAL_Driver/stm32l4xx_hal_pwr.o ./Drivers/STM32L4xx_HAL_Driver/stm32l4xx_hal_pwr.su ./Drivers/STM32L4xx_HAL_Driver/stm32l4xx_hal_pwr_ex.cyclo ./Drivers/STM32L4xx_HAL_Driver/stm32l4xx_hal_pwr_ex.d ./Drivers/STM32L4xx_HAL_Driver/stm32l4xx_hal_pwr_ex.o ./Drivers/STM32L4xx_HAL_Driver/stm32l4xx_hal_pwr_ex.su ./Drivers/STM32L4xx_HAL_Driver/stm32l4xx_hal_rcc.cyclo ./Drivers/STM32L4xx_HAL_Driver/stm32l4xx_hal_rcc.d ./Drivers/STM32L4xx_HAL_Driver/stm32l4xx_hal_rcc.o ./Drivers/STM32L4xx_HAL_Driver/stm32l4xx_hal_rcc.su ./Drivers/STM32L4xx_HAL_Driver/stm32l4xx_hal_rcc_ex.cyclo ./Drivers/STM32L4xx_HAL_Driver/stm32l4xx_hal_rcc_ex.d ./Drivers/STM32L4xx_HAL_Driver/stm32l4xx_hal_rcc_ex.o ./Drivers/STM32L4xx_HAL_Driver/stm32l4xx_hal_rcc_ex.su ./Drivers/STM32L4xx_HAL_Driver/stm32l4xx_hal_spi.cyclo ./Drivers/STM32L4xx_HAL_Driver/stm32l4xx_hal_spi.d ./Drivers/STM32L4xx_HAL_Driver/stm32l4xx_hal_spi.o ./Drivers/STM32L4xx_HAL_Driver/stm32l4xx_hal_spi.su ./Drivers/STM32L4xx_HAL_Driver/stm32l4xx_hal_spi_ex.cyclo ./Drivers/STM32L4xx_HAL_Driver/stm32l4xx_hal_spi_ex.d ./Drivers/STM32L4xx_HAL_Driver/stm32l4xx_hal_spi_ex.o ./Drivers/STM32L4xx_HAL_Driver/stm32l4xx_hal_spi_ex.su ./Drivers/STM32L4xx_HAL_Driver/stm32l4xx_hal_uart.cyclo ./Drivers/STM32L4xx_HAL_Driver/stm32l4xx_hal_uart.d ./Drivers/STM32L4xx_HAL_Driver/stm32l4xx_hal_uart.o ./Drivers/STM32L4xx_HAL_Driver/stm32l4xx_hal_uart.su ./Drivers/STM32L4xx_HAL_Driver/stm32l4xx_hal_uart_ex.cyclo ./Drivers/STM32L4xx_HAL_Driver/stm32l4xx_hal_uart_ex.d ./Drivers/STM32L4xx_HAL_Driver/stm32l4xx_hal_uart_ex.o ./Drivers/STM32L4xx_HAL_Driver/stm32l4xx_hal_uart_ex.su
rm -rf ./Drivers/CMSIS/system_stm32l4xx.cyclo ./Drivers/CMSIS/system_stm32l4xx.d ./Drivers/CMSIS/system_stm32l4xx.o ./Drivers/CMSIS/system_stm32l4xx.su
rm -rf ./Drivers/BSP/hts221.cyclo ./Drivers/BSP/hts221.d ./Drivers/BSP/hts221.o ./Drivers/BSP/hts221.su
rm -rf ./Application/WIFI/es_wifi.cyclo ./Application/WIFI/es_wifi.d ./Application/WIFI/es_wifi.o ./Application/WIFI/es_wifi.su ./Application/WIFI/es_wifi_io.cyclo ./Application/WIFI/es_wifi_io.d ./Application/WIFI/es_wifi_io.o ./Application/WIFI/es_wifi_io.su ./Application/WIFI/wifi.cyclo ./Application/WIFI/wifi.d ./Application/WIFI/wifi.o ./Application/WIFI/wifi.su
rm -rf ./Application/User/main.cyclo ./Application/User/main.d ./Application/User/main.o ./Application/User/main.su ./Application/User/stm32l4xx_it.cyclo ./Application/User/stm32l4xx_it.d ./Application/User/stm32l4xx_it.o ./Application/User/stm32l4xx_it.su ./Application/User/syscalls.cyclo ./Application/User/syscalls.d ./Application/User/syscalls.o ./Application/User/syscalls.su ./Application/User/sysmem.cyclo ./Application/User/sysmem.d ./Application/User/sysmem.o ./Application/User/sysmem.su
rm -rf ./Application/Startup/startup_stm32l475vgtx.d ./Application/Startup/startup_stm32l475vgtx.o
rm -rf WiFi_HTTP_Server.elf WiFi_HTTP_Server.list WiFi_HTTP_Server.map default.size.stdout
 
16:08:35 **** Clean-only build of configuration Debug for project Project ****
make -j24 clean 
rm -rf ./Drivers/STM32L4xx_HAL_Driver/Src/stm32l4xx_hal.cyclo ./Drivers/STM32L4xx_HAL_Driver/Src/stm32l4xx_hal.d ./Drivers/STM32L4xx_HAL_Driver/Src/stm32l4xx_hal.o ./Drivers/STM32L4xx_HAL_Driver/Src/stm32l4xx_hal.su ./Drivers/STM32L4xx_HAL_Driver/Src/stm32l4xx_hal_cortex.cyclo ./Drivers/STM32L4xx_HAL_Driver/Src/stm32l4xx_hal_cortex.d ./Drivers/STM32L4xx_HAL_Driver/Src/stm32l4xx_hal_cortex.o ./Drivers/STM32L4xx_HAL_Driver/Src/stm32l4xx_hal_cortex.su ./Drivers/STM32L4xx_HAL_Driver/Src/stm32l4xx_hal_dfsdm.cyclo ./Drivers/STM32L4xx_HAL_Driver/Src/stm32l4xx_hal_dfsdm.d ./Drivers/STM32L4xx_HAL_Driver/Src/stm32l4xx_hal_dfsdm.o ./Drivers/STM32L4xx_HAL_Driver/Src/stm32l4xx_hal_dfsdm.su ./Drivers/STM32L4xx_HAL_Driver/Src/stm32l4xx_hal_dma.cyclo ./Drivers/STM32L4xx_HAL_Driver/Src/stm32l4xx_hal_dma.d ./Drivers/STM32L4xx_HAL_Driver/Src/stm32l4xx_hal_dma.o ./Drivers/STM32L4xx_HAL_Driver/Src/stm32l4xx_hal_dma.su ./Drivers/STM32L4xx_HAL_Driver/Src/stm32l4xx_hal_dma_ex.cyclo ./Drivers/STM32L4xx_HAL_Driver/Src/stm32l4xx_hal_dma_ex.d ./Drivers/STM32L4xx_HAL_Driver/Src/stm32l4xx_hal_dma_ex.o ./Drivers/STM32L4xx_HAL_Driver/Src/stm32l4xx_hal_dma_ex.su ./Drivers/STM32L4xx_HAL_Driver/Src/stm32l4xx_hal_exti.cyclo ./Drivers/STM32L4xx_HAL_Driver/Src/stm32l4xx_hal_exti.d ./Drivers/STM32L4xx_HAL_Driver/Src/stm32l4xx_hal_exti.o ./Drivers/STM32L4xx_HAL_Driver/Src/stm32l4xx_hal_exti.su ./Drivers/STM32L4xx_HAL_Driver/Src/stm32l4xx_hal_flash.cyclo ./Drivers/STM32L4xx_HAL_Driver/Src/stm32l4xx_hal_flash.d ./Drivers/STM32L4xx_HAL_Driver/Src/stm32l4xx_hal_flash.o ./Drivers/STM32L4xx_HAL_Driver/Src/stm32l4xx_hal_flash.su ./Drivers/STM32L4xx_HAL_Driver/Src/stm32l4xx_hal_flash_ex.cyclo ./Drivers/STM32L4xx_HAL_Driver/Src/stm32l4xx_hal_flash_ex.d ./Drivers/STM32L4xx_HAL_Driver/Src/stm32l4xx_hal_flash_ex.o ./Drivers/STM32L4xx_HAL_Driver/Src/stm32l4xx_hal_flash_ex.su ./Drivers/STM32L4xx_HAL_Driver/Src/stm32l4xx_hal_flash_ramfunc.cyclo ./Drivers/STM32L4xx_HAL_Driver/Src/stm32l4xx_hal_flash_ramfunc.d ./Drivers/STM32L4xx_HAL_Driver/Src/stm32l4xx_hal_flash_ramfunc.o ./Drivers/STM32L4xx_HAL_Driver/Src/stm32l4xx_hal_flash_ramfunc.su ./Drivers/STM32L4xx_HAL_Driver/Src/stm32l4xx_hal_gpio.cyclo ./Drivers/STM32L4xx_HAL_Driver/Src/stm32l4xx_hal_gpio.d ./Drivers/STM32L4xx_HAL_Driver/Src/stm32l4xx_hal_gpio.o ./Drivers/STM32L4xx_HAL_Driver/Src/stm32l4xx_hal_gpio.su ./Drivers/STM32L4xx_HAL_Driver/Src/stm32l4xx_hal_i2c.cyclo ./Drivers/STM32L4xx_HAL_Driver/Src/stm32l4xx_hal_i2c.d ./Drivers/STM32L4xx_HAL_Driver/Src/stm32l4xx_hal_i2c.o ./Drivers/STM32L4xx_HAL_Driver/Src/stm32l4xx_hal_i2c.su ./Drivers/STM32L4xx_HAL_Driver/Src/stm32l4xx_hal_i2c_ex.cyclo ./Drivers/STM32L4xx_HAL_Driver/Src/stm32l4xx_hal_i2c_ex.d ./Drivers/STM32L4xx_HAL_Driver/Src/stm32l4xx_hal_i2c_ex.o ./Drivers/STM32L4xx_HAL_Driver/Src/stm32l4xx_hal_i2c_ex.su ./Drivers/STM32L4xx_HAL_Driver/Src/stm32l4xx_hal_pwr.cyclo ./Drivers/STM32L4xx_HAL_Driver/Src/stm32l4xx_hal_pwr.d ./Drivers/STM32L4xx_HAL_Driver/Src/stm32l4xx_hal_pwr.o ./Drivers/STM32L4xx_HAL_Driver/Src/stm32l4xx_hal_pwr.su ./Drivers/STM32L4xx_HAL_Driver/Src/stm32l4xx_hal_pwr_ex.cyclo ./Drivers/STM32L4xx_HAL_Driver/Src/stm32l4xx_hal_pwr_ex.d ./Drivers/STM32L4xx_HAL_Driver/Src/stm32l4xx_hal_pwr_ex.o ./Drivers/STM32L4xx_HAL_Driver/Src/stm32l4xx_hal_pwr_ex.su ./Drivers/STM32L4xx_HAL_Driver/Src/stm32l4xx_hal_rcc.cyclo ./Drivers/STM32L4xx_HAL_Driver/Src/stm32l4xx_hal_rcc.d ./Drivers/STM32L4xx_HAL_Driver/Src/stm32l4xx_hal_rcc.o ./Drivers/STM32L4xx_HAL_Driver/Src/stm32l4xx_hal_rcc.su ./Drivers/STM32L4xx_HAL_Driver/Src/stm32l4xx_hal_rcc_ex.cyclo ./Drivers/STM32L4xx_HAL_Driver/Src/stm32l4xx_hal_rcc_ex.d ./Drivers/STM32L4xx_HAL_Driver/Src/stm32l4xx_hal_rcc_ex.o ./Drivers/STM32L4xx_HAL_Driver/Src/stm32l4xx_hal_rcc_ex.su ./Drivers/STM32L4xx_HAL_Driver/Src/stm32l4xx_hal_spi.cyclo ./Drivers/STM32L4xx_HAL_Driver/Src/stm32l4xx_hal_spi.d ./Drivers/STM32L4xx_HAL_Driver/Src/stm32l4xx_hal_spi.o ./Drivers/STM32L4xx_HAL_Driver/Src/stm32l4xx_hal_spi.su ./Drivers/STM32L4xx_HAL_Driver/Src/stm32l4xx_hal_spi_ex.cyclo ./Drivers/STM32L4xx_HAL_Driver/Src/stm32l4xx_hal_spi_ex.d ./Drivers/STM32L4xx_HAL_Driver/Src/stm32l4xx_hal_spi_ex.o ./Drivers/STM32L4xx_HAL_Driver/Src/stm32l4xx_hal_spi_ex.su ./Drivers/STM32L4xx_HAL_Driver/Src/stm32l4xx_hal_tim.cyclo ./Drivers/STM32L4xx_HAL_Driver/Src/stm32l4xx_hal_tim.d ./Drivers/STM32L4xx_HAL_Driver/Src/stm32l4xx_hal_tim.o ./Drivers/STM32L4xx_HAL_Driver/Src/stm32l4xx_hal_tim.su ./Drivers/STM32L4xx_HAL_Driver/Src/stm32l4xx_hal_tim_ex.cyclo ./Drivers/STM32L4xx_HAL_Driver/Src/stm32l4xx_hal_tim_ex.d ./Drivers/STM32L4xx_HAL_Driver/Src/stm32l4xx_hal_tim_ex.o ./Drivers/STM32L4xx_HAL_Driver/Src/stm32l4xx_hal_tim_ex.su
rm -rf ./Core/Startup/startup_stm32l475vgtx.d ./Core/Startup/startup_stm32l475vgtx.o
rm -rf ./Core/Src/dfsdm.cyclo ./Core/Src/dfsdm.d ./Core/Src/dfsdm.o ./Core/Src/dfsdm.su ./Core/Src/dma.cyclo ./Core/Src/dma.d ./Core/Src/dma.o ./Core/Src/dma.su ./Core/Src/es_wifi.cyclo ./Core/Src/es_wifi.d ./Core/Src/es_wifi.o ./Core/Src/es_wifi.su ./Core/Src/es_wifi_io.cyclo ./Core/Src/es_wifi_io.d ./Core/Src/es_wifi_io.o ./Core/Src/es_wifi_io.su ./Core/Src/gpio.cyclo ./Core/Src/gpio.d ./Core/Src/gpio.o ./Core/Src/gpio.su ./Core/Src/main.cyclo ./Core/Src/main.d ./Core/Src/main.o ./Core/Src/main.su ./Core/Src/spi.cyclo ./Core/Src/spi.d ./Core/Src/spi.o ./Core/Src/spi.su ./Core/Src/stm32l4xx_hal_msp.cyclo ./Core/Src/stm32l4xx_hal_msp.d ./Core/Src/stm32l4xx_hal_msp.o ./Core/Src/stm32l4xx_hal_msp.su ./Core/Src/stm32l4xx_it.cyclo ./Core/Src/stm32l4xx_it.d ./Core/Src/stm32l4xx_it.o ./Core/Src/stm32l4xx_it.su ./Core/Src/syscalls.cyclo ./Core/Src/syscalls.d ./Core/Src/syscalls.o ./Core/Src/syscalls.su ./Core/Src/sysmem.cyclo ./Core/Src/sysmem.d ./Core/Src/sysmem.o ./Core/Src/sysmem.su ./Core/Src/system_stm32l4xx.cyclo ./Core/Src/system_stm32l4xx.d ./Core/Src/system_stm32l4xx.o ./Core/Src/system_stm32l4xx.su ./Core/Src/tim.cyclo ./Core/Src/tim.d ./Core/Src/tim.o ./Core/Src/tim.su ./Core/Src/wifi.cyclo ./Core/Src/wifi.d ./Core/Src/wifi.o ./Core/Src/wifi.su
rm -rf Project.elf Project.list Project.map default.size.stdout
 
16:08:35 **** Build of configuration Debug for project Project ****
make -j24 all 
arm-none-eabi-gcc "../Drivers/STM32L4xx_HAL_Driver/Src/stm32l4xx_hal.c" -mcpu=cortex-m4 -std=gnu11 -g3 -DDEBUG -DARM_MATH_CM4 -D__FPU_PRESENT=1U -DUSE_HAL_DRIVER -DSTM32L475xx -c -I../Core/Inc -I../Drivers/STM32L4xx_HAL_Driver/Inc -I../Drivers/STM32L4xx_HAL_Driver/Inc/Legacy -I../Drivers/CMSIS/Device/ST/STM32L4xx/Include -I../Drivers/CMSIS/Include -I"../../Debug" -I"../Drivers/CMSIS/DSP" -O0 -ffunction-sections -fdata-sections -Wall -fstack-usage -fcyclomatic-complexity -MMD -MP -MF"Drivers/STM32L4xx_HAL_Driver/Src/stm32l4xx_hal.d" -MT"Drivers/STM32L4xx_HAL_Driver/Src/stm32l4xx_hal.o" --specs=nano.specs -mfpu=fpv4-sp-d16 -mfloat-abi=hard -mthumb -o "Drivers/STM32L4xx_HAL_Driver/Src/stm32l4xx_hal.o"
arm-none-eabi-gcc "../Drivers/STM32L4xx_HAL_Driver/Src/stm32l4xx_hal_cortex.c" -mcpu=cortex-m4 -std=gnu11 -g3 -DDEBUG -DARM_MATH_CM4 -D__FPU_PRESENT=1U -DUSE_HAL_DRIVER -DSTM32L475xx -c -I../Core/Inc -I../Drivers/STM32L4xx_HAL_Driver/Inc -I../Drivers/STM32L4xx_HAL_Driver/Inc/Legacy -I../Drivers/CMSIS/Device/ST/STM32L4xx/Include -I../Drivers/CMSIS/Include -I"../../Debug" -I"../Drivers/CMSIS/DSP" -O0 -ffunction-sections -fdata-sections -Wall -fstack-usage -fcyclomatic-complexity -MMD -MP -MF"Drivers/STM32L4xx_HAL_Driver/Src/stm32l4xx_hal_cortex.d" -MT"Drivers/STM32L4xx_HAL_Driver/Src/stm32l4xx_hal_cortex.o" --specs=nano.specs -mfpu=fpv4-sp-d16 -mfloat-abi=hard -mthumb -o "Drivers/STM32L4xx_HAL_Driver/Src/stm32l4xx_hal_cortex.o"
arm-none-eabi-gcc "../Drivers/STM32L4xx_HAL_Driver/Src/stm32l4xx_hal_dfsdm.c" -mcpu=cortex-m4 -std=gnu11 -g3 -DDEBUG -DARM_MATH_CM4 -D__FPU_PRESENT=1U -DUSE_HAL_DRIVER -DSTM32L475xx -c -I../Core/Inc -I../Drivers/STM32L4xx_HAL_Driver/Inc -I../Drivers/STM32L4xx_HAL_Driver/Inc/Legacy -I../Drivers/CMSIS/Device/ST/STM32L4xx/Include -I../Drivers/CMSIS/Include -I"../../Debug" -I"../Drivers/CMSIS/DSP" -O0 -ffunction-sections -fdata-sections -Wall -fstack-usage -fcyclomatic-complexity -MMD -MP -MF"Drivers/STM32L4xx_HAL_Driver/Src/stm32l4xx_hal_dfsdm.d" -MT"Drivers/STM32L4xx_HAL_Driver/Src/stm32l4xx_hal_dfsdm.o" --specs=nano.specs -mfpu=fpv4-sp-d16 -mfloat-abi=hard -mthumb -o "Drivers/STM32L4xx_HAL_Driver/Src/stm32l4xx_hal_dfsdm.o"
arm-none-eabi-gcc "../Drivers/STM32L4xx_HAL_Driver/Src/stm32l4xx_hal_dma.c" -mcpu=cortex-m4 -std=gnu11 -g3 -DDEBUG -DARM_MATH_CM4 -D__FPU_PRESENT=1U -DUSE_HAL_DRIVER -DSTM32L475xx -c -I../Core/Inc -I../Drivers/STM32L4xx_HAL_Driver/Inc -I../Drivers/STM32L4xx_HAL_Driver/Inc/Legacy -I../Drivers/CMSIS/Device/ST/STM32L4xx/Include -I../Drivers/CMSIS/Include -I"../../Debug" -I"../Drivers/CMSIS/DSP" -O0 -ffunction-sections -fdata-sections -Wall -fstack-usage -fcyclomatic-complexity -MMD -MP -MF"Drivers/STM32L4xx_HAL_Driver/Src/stm32l4xx_hal_dma.d" -MT"Drivers/STM32L4xx_HAL_Driver/Src/stm32l4xx_hal_dma.o" --specs=nano.specs -mfpu=fpv4-sp-d16 -mfloat-abi=hard -mthumb -o "Drivers/STM32L4xx_HAL_Driver/Src/stm32l4xx_hal_dma.o"
arm-none-eabi-gcc "../Drivers/STM32L4xx_HAL_Driver/Src/stm32l4xx_hal_dma_ex.c" -mcpu=cortex-m4 -std=gnu11 -g3 -DDEBUG -DARM_MATH_CM4 -D__FPU_PRESENT=1U -DUSE_HAL_DRIVER -DSTM32L475xx -c -I../Core/Inc -I../Drivers/STM32L4xx_HAL_Driver/Inc -I../Drivers/STM32L4xx_HAL_Driver/Inc/Legacy -I../Drivers/CMSIS/Device/ST/STM32L4xx/Include -I../Drivers/CMSIS/Include -I"../../Debug" -I"../Drivers/CMSIS/DSP" -O0 -ffunction-sections -fdata-sections -Wall -fstack-usage -fcyclomatic-complexity -MMD -MP -MF"Drivers/STM32L4xx_HAL_Driver/Src/stm32l4xx_hal_dma_ex.d" -MT"Drivers/STM32L4xx_HAL_Driver/Src/stm32l4xx_hal_dma_ex.o" --specs=nano.specs -mfpu=fpv4-sp-d16 -mfloat-abi=hard -mthumb -o "Drivers/STM32L4xx_HAL_Driver/Src/stm32l4xx_hal_dma_ex.o"
arm-none-eabi-gcc "../Drivers/STM32L4xx_HAL_Driver/Src/stm32l4xx_hal_exti.c" -mcpu=cortex-m4 -std=gnu11 -g3 -DDEBUG -DARM_MATH_CM4 -D__FPU_PRESENT=1U -DUSE_HAL_DRIVER -DSTM32L475xx -c -I../Core/Inc -I../Drivers/STM32L4xx_HAL_Driver/Inc -I../Drivers/STM32L4xx_HAL_Driver/Inc/Legacy -I../Drivers/CMSIS/Device/ST/STM32L4xx/Include -I../Drivers/CMSIS/Include -I"../../Debug" -I"../Drivers/CMSIS/DSP" -O0 -ffunction-sections -fdata-sections -Wall -fstack-usage -fcyclomatic-complexity -MMD -MP -MF"Drivers/STM32L4xx_HAL_Driver/Src/stm32l4xx_hal_exti.d" -MT"Drivers/STM32L4xx_HAL_Driver/Src/stm32l4xx_hal_exti.o" --specs=nano.specs -mfpu=fpv4-sp-d16 -mfloat-abi=hard -mthumb -o "Drivers/STM32L4xx_HAL_Driver/Src/stm32l4xx_hal_exti.o"
arm-none-eabi-gcc "../Drivers/STM32L4xx_HAL_Driver/Src/stm32l4xx_hal_flash.c" -mcpu=cortex-m4 -std=gnu11 -g3 -DDEBUG -DARM_MATH_CM4 -D__FPU_PRESENT=1U -DUSE_HAL_DRIVER -DSTM32L475xx -c -I../Core/Inc -I../Drivers/STM32L4xx_HAL_Driver/Inc -I../Drivers/STM32L4xx_HAL_Driver/Inc/Legacy -I../Drivers/CMSIS/Device/ST/STM32L4xx/Include -I../Drivers/CMSIS/Include -I"../../Debug" -I"../Drivers/CMSIS/DSP" -O0 -ffunction-sections -fdata-sections -Wall -fstack-usage -fcyclomatic-complexity -MMD -MP -MF"Drivers/STM32L4xx_HAL_Driver/Src/stm32l4xx_hal_flash.d" -MT"Drivers/STM32L4xx_HAL_Driver/Src/stm32l4xx_hal_flash.o" --specs=nano.specs -mfpu=fpv4-sp-d16 -mfloat-abi=hard -mthumb -o "Drivers/STM32L4xx_HAL_Driver/Src/stm32l4xx_hal_flash.o"
arm-none-eabi-gcc "../Drivers/STM32L4xx_HAL_Driver/Src/stm32l4xx_hal_flash_ex.c" -mcpu=cortex-m4 -std=gnu11 -g3 -DDEBUG -DARM_MATH_CM4 -D__FPU_PRESENT=1U -DUSE_HAL_DRIVER -DSTM32L475xx -c -I../Core/Inc -I../Drivers/STM32L4xx_HAL_Driver/Inc -I../Drivers/STM32L4xx_HAL_Driver/Inc/Legacy -I../Drivers/CMSIS/Device/ST/STM32L4xx/Include -I../Drivers/CMSIS/Include -I"../../Debug" -I"../Drivers/CMSIS/DSP" -O0 -ffunction-sections -fdata-sections -Wall -fstack-usage -fcyclomatic-complexity -MMD -MP -MF"Drivers/STM32L4xx_HAL_Driver/Src/stm32l4xx_hal_flash_ex.d" -MT"Drivers/STM32L4xx_HAL_Driver/Src/stm32l4xx_hal_flash_ex.o" --specs=nano.specs -mfpu=fpv4-sp-d16 -mfloat-abi=hard -mthumb -o "Drivers/STM32L4xx_HAL_Driver/Src/stm32l4xx_hal_flash_ex.o"
arm-none-eabi-gcc "../Drivers/STM32L4xx_HAL_Driver/Src/stm32l4xx_hal_flash_ramfunc.c" -mcpu=cortex-m4 -std=gnu11 -g3 -DDEBUG -DARM_MATH_CM4 -D__FPU_PRESENT=1U -DUSE_HAL_DRIVER -DSTM32L475xx -c -I../Core/Inc -I../Drivers/STM32L4xx_HAL_Driver/Inc -I../Drivers/STM32L4xx_HAL_Driver/Inc/Legacy -I../Drivers/CMSIS/Device/ST/STM32L4xx/Include -I../Drivers/CMSIS/Include -I"../../Debug" -I"../Drivers/CMSIS/DSP" -O0 -ffunction-sections -fdata-sections -Wall -fstack-usage -fcyclomatic-complexity -MMD -MP -MF"Drivers/STM32L4xx_HAL_Driver/Src/stm32l4xx_hal_flash_ramfunc.d" -MT"Drivers/STM32L4xx_HAL_Driver/Src/stm32l4xx_hal_flash_ramfunc.o" --specs=nano.specs -mfpu=fpv4-sp-d16 -mfloat-abi=hard -mthumb -o "Drivers/STM32L4xx_HAL_Driver/Src/stm32l4xx_hal_flash_ramfunc.o"
arm-none-eabi-gcc "../Drivers/STM32L4xx_HAL_Driver/Src/stm32l4xx_hal_gpio.c" -mcpu=cortex-m4 -std=gnu11 -g3 -DDEBUG -DARM_MATH_CM4 -D__FPU_PRESENT=1U -DUSE_HAL_DRIVER -DSTM32L475xx -c -I../Core/Inc -I../Drivers/STM32L4xx_HAL_Driver/Inc -I../Drivers/STM32L4xx_HAL_Driver/Inc/Legacy -I../Drivers/CMSIS/Device/ST/STM32L4xx/Include -I../Drivers/CMSIS/Include -I"../../Debug" -I"../Drivers/CMSIS/DSP" -O0 -ffunction-sections -fdata-sections -Wall -fstack-usage -fcyclomatic-complexity -MMD -MP -MF"Drivers/STM32L4xx_HAL_Driver/Src/stm32l4xx_hal_gpio.d" -MT"Drivers/STM32L4xx_HAL_Driver/Src/stm32l4xx_hal_gpio.o" --specs=nano.specs -mfpu=fpv4-sp-d16 -mfloat-abi=hard -mthumb -o "Drivers/STM32L4xx_HAL_Driver/Src/stm32l4xx_hal_gpio.o"
arm-none-eabi-gcc "../Drivers/STM32L4xx_HAL_Driver/Src/stm32l4xx_hal_i2c.c" -mcpu=cortex-m4 -std=gnu11 -g3 -DDEBUG -DARM_MATH_CM4 -D__FPU_PRESENT=1U -DUSE_HAL_DRIVER -DSTM32L475xx -c -I../Core/Inc -I../Drivers/STM32L4xx_HAL_Driver/Inc -I../Drivers/STM32L4xx_HAL_Driver/Inc/Legacy -I../Drivers/CMSIS/Device/ST/STM32L4xx/Include -I../Drivers/CMSIS/Include -I"../../Debug" -I"../Drivers/CMSIS/DSP" -O0 -ffunction-sections -fdata-sections -Wall -fstack-usage -fcyclomatic-complexity -MMD -MP -MF"Drivers/STM32L4xx_HAL_Driver/Src/stm32l4xx_hal_i2c.d" -MT"Drivers/STM32L4xx_HAL_Driver/Src/stm32l4xx_hal_i2c.o" --specs=nano.specs -mfpu=fpv4-sp-d16 -mfloat-abi=hard -mthumb -o "Drivers/STM32L4xx_HAL_Driver/Src/stm32l4xx_hal_i2c.o"
arm-none-eabi-gcc "../Drivers/STM32L4xx_HAL_Driver/Src/stm32l4xx_hal_i2c_ex.c" -mcpu=cortex-m4 -std=gnu11 -g3 -DDEBUG -DARM_MATH_CM4 -D__FPU_PRESENT=1U -DUSE_HAL_DRIVER -DSTM32L475xx -c -I../Core/Inc -I../Drivers/STM32L4xx_HAL_Driver/Inc -I../Drivers/STM32L4xx_HAL_Driver/Inc/Legacy -I../Drivers/CMSIS/Device/ST/STM32L4xx/Include -I../Drivers/CMSIS/Include -I"../../Debug" -I"../Drivers/CMSIS/DSP" -O0 -ffunction-sections -fdata-sections -Wall -fstack-usage -fcyclomatic-complexity -MMD -MP -MF"Drivers/STM32L4xx_HAL_Driver/Src/stm32l4xx_hal_i2c_ex.d" -MT"Drivers/STM32L4xx_HAL_Driver/Src/stm32l4xx_hal_i2c_ex.o" --specs=nano.specs -mfpu=fpv4-sp-d16 -mfloat-abi=hard -mthumb -o "Drivers/STM32L4xx_HAL_Driver/Src/stm32l4xx_hal_i2c_ex.o"
arm-none-eabi-gcc "../Drivers/STM32L4xx_HAL_Driver/Src/stm32l4xx_hal_pwr.c" -mcpu=cortex-m4 -std=gnu11 -g3 -DDEBUG -DARM_MATH_CM4 -D__FPU_PRESENT=1U -DUSE_HAL_DRIVER -DSTM32L475xx -c -I../Core/Inc -I../Drivers/STM32L4xx_HAL_Driver/Inc -I../Drivers/STM32L4xx_HAL_Driver/Inc/Legacy -I../Drivers/CMSIS/Device/ST/STM32L4xx/Include -I../Drivers/CMSIS/Include -I"../../Debug" -I"../Drivers/CMSIS/DSP" -O0 -ffunction-sections -fdata-sections -Wall -fstack-usage -fcyclomatic-complexity -MMD -MP -MF"Drivers/STM32L4xx_HAL_Driver/Src/stm32l4xx_hal_pwr.d" -MT"Drivers/STM32L4xx_HAL_Driver/Src/stm32l4xx_hal_pwr.o" --specs=nano.specs -mfpu=fpv4-sp-d16 -mfloat-abi=hard -mthumb -o "Drivers/STM32L4xx_HAL_Driver/Src/stm32l4xx_hal_pwr.o"
arm-none-eabi-gcc "../Drivers/STM32L4xx_HAL_Driver/Src/stm32l4xx_hal_pwr_ex.c" -mcpu=cortex-m4 -std=gnu11 -g3 -DDEBUG -DARM_MATH_CM4 -D__FPU_PRESENT=1U -DUSE_HAL_DRIVER -DSTM32L475xx -c -I../Core/Inc -I../Drivers/STM32L4xx_HAL_Driver/Inc -I../Drivers/STM32L4xx_HAL_Driver/Inc/Legacy -I../Drivers/CMSIS/Device/ST/STM32L4xx/Include -I../Drivers/CMSIS/Include -I"../../Debug" -I"../Drivers/CMSIS/DSP" -O0 -ffunction-sections -fdata-sections -Wall -fstack-usage -fcyclomatic-complexity -MMD -MP -MF"Drivers/STM32L4xx_HAL_Driver/Src/stm32l4xx_hal_pwr_ex.d" -MT"Drivers/STM32L4xx_HAL_Driver/Src/stm32l4xx_hal_pwr_ex.o" --specs=nano.specs -mfpu=fpv4-sp-d16 -mfloat-abi=hard -mthumb -o "Drivers/STM32L4xx_HAL_Driver/Src/stm32l4xx_hal_pwr_ex.o"
arm-none-eabi-gcc "../Drivers/STM32L4xx_HAL_Driver/Src/stm32l4xx_hal_rcc.c" -mcpu=cortex-m4 -std=gnu11 -g3 -DDEBUG -DARM_MATH_CM4 -D__FPU_PRESENT=1U -DUSE_HAL_DRIVER -DSTM32L475xx -c -I../Core/Inc -I../Drivers/STM32L4xx_HAL_Driver/Inc -I../Drivers/STM32L4xx_HAL_Driver/Inc/Legacy -I../Drivers/CMSIS/Device/ST/STM32L4xx/Include -I../Drivers/CMSIS/Include -I"../../Debug" -I"../Drivers/CMSIS/DSP" -O0 -ffunction-sections -fdata-sections -Wall -fstack-usage -fcyclomatic-complexity -MMD -MP -MF"Drivers/STM32L4xx_HAL_Driver/Src/stm32l4xx_hal_rcc.d" -MT"Drivers/STM32L4xx_HAL_Driver/Src/stm32l4xx_hal_rcc.o" --specs=nano.specs -mfpu=fpv4-sp-d16 -mfloat-abi=hard -mthumb -o "Drivers/STM32L4xx_HAL_Driver/Src/stm32l4xx_hal_rcc.o"
arm-none-eabi-gcc "../Drivers/STM32L4xx_HAL_Driver/Src/stm32l4xx_hal_rcc_ex.c" -mcpu=cortex-m4 -std=gnu11 -g3 -DDEBUG -DARM_MATH_CM4 -D__FPU_PRESENT=1U -DUSE_HAL_DRIVER -DSTM32L475xx -c -I../Core/Inc -I../Drivers/STM32L4xx_HAL_Driver/Inc -I../Drivers/STM32L4xx_HAL_Driver/Inc/Legacy -I../Drivers/CMSIS/Device/ST/STM32L4xx/Include -I../Drivers/CMSIS/Include -I"../../Debug" -I"../Drivers/CMSIS/DSP" -O0 -ffunction-sections -fdata-sections -Wall -fstack-usage -fcyclomatic-complexity -MMD -MP -MF"Drivers/STM32L4xx_HAL_Driver/Src/stm32l4xx_hal_rcc_ex.d" -MT"Drivers/STM32L4xx_HAL_Driver/Src/stm32l4xx_hal_rcc_ex.o" --specs=nano.specs -mfpu=fpv4-sp-d16 -mfloat-abi=hard -mthumb -o "Drivers/STM32L4xx_HAL_Driver/Src/stm32l4xx_hal_rcc_ex.o"
arm-none-eabi-gcc "../Drivers/STM32L4xx_HAL_Driver/Src/stm32l4xx_hal_spi.c" -mcpu=cortex-m4 -std=gnu11 -g3 -DDEBUG -DARM_MATH_CM4 -D__FPU_PRESENT=1U -DUSE_HAL_DRIVER -DSTM32L475xx -c -I../Core/Inc -I../Drivers/STM32L4xx_HAL_Driver/Inc -I../Drivers/STM32L4xx_HAL_Driver/Inc/Legacy -I../Drivers/CMSIS/Device/ST/STM32L4xx/Include -I../Drivers/CMSIS/Include -I"../../Debug" -I"../Drivers/CMSIS/DSP" -O0 -ffunction-sections -fdata-sections -Wall -fstack-usage -fcyclomatic-complexity -MMD -MP -MF"Drivers/STM32L4xx_HAL_Driver/Src/stm32l4xx_hal_spi.d" -MT"Drivers/STM32L4xx_HAL_Driver/Src/stm32l4xx_hal_spi.o" --specs=nano.specs -mfpu=fpv4-sp-d16 -mfloat-abi=hard -mthumb -o "Drivers/STM32L4xx_HAL_Driver/Src/stm32l4xx_hal_spi.o"
arm-none-eabi-gcc "../Drivers/STM32L4xx_HAL_Driver/Src/stm32l4xx_hal_spi_ex.c" -mcpu=cortex-m4 -std=gnu11 -g3 -DDEBUG -DARM_MATH_CM4 -D__FPU_PRESENT=1U -DUSE_HAL_DRIVER -DSTM32L475xx -c -I../Core/Inc -I../Drivers/STM32L4xx_HAL_Driver/Inc -I../Drivers/STM32L4xx_HAL_Driver/Inc/Legacy -I../Drivers/CMSIS/Device/ST/STM32L4xx/Include -I../Drivers/CMSIS/Include -I"../../Debug" -I"../Drivers/CMSIS/DSP" -O0 -ffunction-sections -fdata-sections -Wall -fstack-usage -fcyclomatic-complexity -MMD -MP -MF"Drivers/STM32L4xx_HAL_Driver/Src/stm32l4xx_hal_spi_ex.d" -MT"Drivers/STM32L4xx_HAL_Driver/Src/stm32l4xx_hal_spi_ex.o" --specs=nano.specs -mfpu=fpv4-sp-d16 -mfloat-abi=hard -mthumb -o "Drivers/STM32L4xx_HAL_Driver/Src/stm32l4xx_hal_spi_ex.o"
arm-none-eabi-gcc "../Drivers/STM32L4xx_HAL_Driver/Src/stm32l4xx_hal_tim.c" -mcpu=cortex-m4 -std=gnu11 -g3 -DDEBUG -DARM_MATH_CM4 -D__FPU_PRESENT=1U -DUSE_HAL_DRIVER -DSTM32L475xx -c -I../Core/Inc -I../Drivers/STM32L4xx_HAL_Driver/Inc -I../Drivers/STM32L4xx_HAL_Driver/Inc/Legacy -I../Drivers/CMSIS/Device/ST/STM32L4xx/Include -I../Drivers/CMSIS/Include -I"../../Debug" -I"../Drivers/CMSIS/DSP" -O0 -ffunction-sections -fdata-sections -Wall -fstack-usage -fcyclomatic-complexity -MMD -MP -MF"Drivers/STM32L4xx_HAL_Driver/Src/stm32l4xx_hal_tim.d" -MT"Drivers/STM32L4xx_HAL_Driver/Src/stm32l4xx_hal_tim.o" --specs=nano.specs -mfpu=fpv4-sp-d16 -mfloat-abi=hard -mthumb -o "Drivers/STM32L4xx_HAL_Driver/Src/stm32l4xx_hal_tim.o"
arm-none-eabi-gcc "../Drivers/STM32L4xx_HAL_Driver/Src/stm32l4xx_hal_tim_ex.c" -mcpu=cortex-m4 -std=gnu11 -g3 -DDEBUG -DARM_MATH_CM4 -D__FPU_PRESENT=1U -DUSE_HAL_DRIVER -DSTM32L475xx -c -I../Core/Inc -I../Drivers/STM32L4xx_HAL_Driver/Inc -I../Drivers/STM32L4xx_HAL_Driver/Inc/Legacy -I../Drivers/CMSIS/Device/ST/STM32L4xx/Include -I../Drivers/CMSIS/Include -I"../../Debug" -I"../Drivers/CMSIS/DSP" -O0 -ffunction-sections -fdata-sections -Wall -fstack-usage -fcyclomatic-complexity -MMD -MP -MF"Drivers/STM32L4xx_HAL_Driver/Src/stm32l4xx_hal_tim_ex.d" -MT"Drivers/STM32L4xx_HAL_Driver/Src/stm32l4xx_hal_tim_ex.o" --specs=nano.specs -mfpu=fpv4-sp-d16 -mfloat-abi=hard -mthumb -o "Drivers/STM32L4xx_HAL_Driver/Src/stm32l4xx_hal_tim_ex.o"
arm-none-eabi-gcc -mcpu=cortex-m4 -g3 -DDEBUG -c -x assembler-with-cpp -MMD -MP -MF"Core/Startup/startup_stm32l475vgtx.d" -MT"Core/Startup/startup_stm32l475vgtx.o" --specs=nano.specs -mfpu=fpv4-sp-d16 -mfloat-abi=hard -mthumb -o "Core/Startup/startup_stm32l475vgtx.o" "../Core/Startup/startup_stm32l475vgtx.s"
arm-none-eabi-gcc "../Core/Src/dfsdm.c" -mcpu=cortex-m4 -std=gnu11 -g3 -DDEBUG -DARM_MATH_CM4 -D__FPU_PRESENT=1U -DUSE_HAL_DRIVER -DSTM32L475xx -c -I../Core/Inc -I../Drivers/STM32L4xx_HAL_Driver/Inc -I../Drivers/STM32L4xx_HAL_Driver/Inc/Legacy -I../Drivers/CMSIS/Device/ST/STM32L4xx/Include -I../Drivers/CMSIS/Include -I"../../Debug" -I"../Drivers/CMSIS/DSP" -O0 -ffunction-sections -fdata-sections -Wall -fstack-usage -fcyclomatic-complexity -MMD -MP -MF"Core/Src/dfsdm.d" -MT"Core/Src/dfsdm.o" --specs=nano.specs -mfpu=fpv4-sp-d16 -mfloat-abi=hard -mthumb -o "Core/Src/dfsdm.o"
arm-none-eabi-gcc "../Core/Src/dma.c" -mcpu=cortex-m4 -std=gnu11 -g3 -DDEBUG -DARM_MATH_CM4 -D__FPU_PRESENT=1U -DUSE_HAL_DRIVER -DSTM32L475xx -c -I../Core/Inc -I../Drivers/STM32L4xx_HAL_Driver/Inc -I../Drivers/STM32L4xx_HAL_Driver/Inc/Legacy -I../Drivers/CMSIS/Device/ST/STM32L4xx/Include -I../Drivers/CMSIS/Include -I"../../Debug" -I"../Drivers/CMSIS/DSP" -O0 -ffunction-sections -fdata-sections -Wall -fstack-usage -fcyclomatic-complexity -MMD -MP -MF"Core/Src/dma.d" -MT"Core/Src/dma.o" --specs=nano.specs -mfpu=fpv4-sp-d16 -mfloat-abi=hard -mthumb -o "Core/Src/dma.o"
arm-none-eabi-gcc "../Core/Src/es_wifi.c" -mcpu=cortex-m4 -std=gnu11 -g3 -DDEBUG -DARM_MATH_CM4 -D__FPU_PRESENT=1U -DUSE_HAL_DRIVER -DSTM32L475xx -c -I../Core/Inc -I../Drivers/STM32L4xx_HAL_Driver/Inc -I../Drivers/STM32L4xx_HAL_Driver/Inc/Legacy -I../Drivers/CMSIS/Device/ST/STM32L4xx/Include -I../Drivers/CMSIS/Include -I"../../Debug" -I"../Drivers/CMSIS/DSP" -O0 -ffunction-sections -fdata-sections -Wall -fstack-usage -fcyclomatic-complexity -MMD -MP -MF"Core/Src/es_wifi.d" -MT"Core/Src/es_wifi.o" --specs=nano.specs -mfpu=fpv4-sp-d16 -mfloat-abi=hard -mthumb -o "Core/Src/es_wifi.o"
arm-none-eabi-gcc "../Core/Src/es_wifi_io.c" -mcpu=cortex-m4 -std=gnu11 -g3 -DDEBUG -DARM_MATH_CM4 -D__FPU_PRESENT=1U -DUSE_HAL_DRIVER -DSTM32L475xx -c -I../Core/Inc -I../Drivers/STM32L4xx_HAL_Driver/Inc -I../Drivers/STM32L4xx_HAL_Driver/Inc/Legacy -I../Drivers/CMSIS/Device/ST/STM32L4xx/Include -I../Drivers/CMSIS/Include -I"../../Debug" -I"../Drivers/CMSIS/DSP" -O0 -ffunction-sections -fdata-sections -Wall -fstack-usage -fcyclomatic-complexity -MMD -MP -MF"Core/Src/es_wifi_io.d" -MT"Core/Src/es_wifi_io.o" --specs=nano.specs -mfpu=fpv4-sp-d16 -mfloat-abi=hard -mthumb -o "Core/Src/es_wifi_io.o"
arm-none-eabi-gcc "../Core/Src/gpio.c" -mcpu=cortex-m4 -std=gnu11 -g3 -DDEBUG -DARM_MATH_CM4 -D__FPU_PRESENT=1U -DUSE_HAL_DRIVER -DSTM32L475xx -c -I../Core/Inc -I../Drivers/STM32L4xx_HAL_Driver/Inc -I../Drivers/STM32L4xx_HAL_Driver/Inc/Legacy -I../Drivers/CMSIS/Device/ST/STM32L4xx/Include -I../Drivers/CMSIS/Include -I"../../Debug" -I"../Drivers/CMSIS/DSP" -O0 -ffunction-sections -fdata-sections -Wall -fstack-usage -fcyclomatic-complexity -MMD -MP -MF"Core/Src/gpio.d" -MT"Core/Src/gpio.o" --specs=nano.specs -mfpu=fpv4-sp-d16 -mfloat-abi=hard -mthumb -o "Core/Src/gpio.o"
arm-none-eabi-gcc "../Core/Src/main.c" -mcpu=cortex-m4 -std=gnu11 -g3 -DDEBUG -DARM_MATH_CM4 -D__FPU_PRESENT=1U -DUSE_HAL_DRIVER -DSTM32L475xx -c -I../Core/Inc -I../Drivers/STM32L4xx_HAL_Driver/Inc -I../Drivers/STM32L4xx_HAL_Driver/Inc/Legacy -I../Drivers/CMSIS/Device/ST/STM32L4xx/Include -I../Drivers/CMSIS/Include -I"../../Debug" -I"../Drivers/CMSIS/DSP" -O0 -ffunction-sections -fdata-sections -Wall -fstack-usage -fcyclomatic-complexity -MMD -MP -MF"Core/Src/main.d" -MT"Core/Src/main.o" --specs=nano.specs -mfpu=fpv4-sp-d16 -mfloat-abi=hard -mthumb -o "Core/Src/main.o"
arm-none-eabi-gcc "../Core/Src/spi.c" -mcpu=cortex-m4 -std=gnu11 -g3 -DDEBUG -DARM_MATH_CM4 -D__FPU_PRESENT=1U -DUSE_HAL_DRIVER -DSTM32L475xx -c -I../Core/Inc -I../Drivers/STM32L4xx_HAL_Driver/Inc -I../Drivers/STM32L4xx_HAL_Driver/Inc/Legacy -I../Drivers/CMSIS/Device/ST/STM32L4xx/Include -I../Drivers/CMSIS/Include -I"../../Debug" -I"../Drivers/CMSIS/DSP" -O0 -ffunction-sections -fdata-sections -Wall -fstack-usage -fcyclomatic-complexity -MMD -MP -MF"Core/Src/spi.d" -MT"Core/Src/spi.o" --specs=nano.specs -mfpu=fpv4-sp-d16 -mfloat-abi=hard -mthumb -o "Core/Src/spi.o"
arm-none-eabi-gcc "../Core/Src/stm32l4xx_hal_msp.c" -mcpu=cortex-m4 -std=gnu11 -g3 -DDEBUG -DARM_MATH_CM4 -D__FPU_PRESENT=1U -DUSE_HAL_DRIVER -DSTM32L475xx -c -I../Core/Inc -I../Drivers/STM32L4xx_HAL_Driver/Inc -I../Drivers/STM32L4xx_HAL_Driver/Inc/Legacy -I../Drivers/CMSIS/Device/ST/STM32L4xx/Include -I../Drivers/CMSIS/Include -I"../../Debug" -I"../Drivers/CMSIS/DSP" -O0 -ffunction-sections -fdata-sections -Wall -fstack-usage -fcyclomatic-complexity -MMD -MP -MF"Core/Src/stm32l4xx_hal_msp.d" -MT"Core/Src/stm32l4xx_hal_msp.o" --specs=nano.specs -mfpu=fpv4-sp-d16 -mfloat-abi=hard -mthumb -o "Core/Src/stm32l4xx_hal_msp.o"
arm-none-eabi-gcc "../Core/Src/stm32l4xx_it.c" -mcpu=cortex-m4 -std=gnu11 -g3 -DDEBUG -DARM_MATH_CM4 -D__FPU_PRESENT=1U -DUSE_HAL_DRIVER -DSTM32L475xx -c -I../Core/Inc -I../Drivers/STM32L4xx_HAL_Driver/Inc -I../Drivers/STM32L4xx_HAL_Driver/Inc/Legacy -I../Drivers/CMSIS/Device/ST/STM32L4xx/Include -I../Drivers/CMSIS/Include -I"../../Debug" -I"../Drivers/CMSIS/DSP" -O0 -ffunction-sections -fdata-sections -Wall -fstack-usage -fcyclomatic-complexity -MMD -MP -MF"Core/Src/stm32l4xx_it.d" -MT"Core/Src/stm32l4xx_it.o" --specs=nano.specs -mfpu=fpv4-sp-d16 -mfloat-abi=hard -mthumb -o "Core/Src/stm32l4xx_it.o"
arm-none-eabi-gcc "../Core/Src/syscalls.c" -mcpu=cortex-m4 -std=gnu11 -g3 -DDEBUG -DARM_MATH_CM4 -D__FPU_PRESENT=1U -DUSE_HAL_DRIVER -DSTM32L475xx -c -I../Core/Inc -I../Drivers/STM32L4xx_HAL_Driver/Inc -I../Drivers/STM32L4xx_HAL_Driver/Inc/Legacy -I../Drivers/CMSIS/Device/ST/STM32L4xx/Include -I../Drivers/CMSIS/Include -I"../../Debug" -I"../Drivers/CMSIS/DSP" -O0 -ffunction-sections -fdata-sections -Wall -fstack-usage -fcyclomatic-complexity -MMD -MP -MF"Core/Src/syscalls.d" -MT"Core/Src/syscalls.o" --specs=nano.specs -mfpu=fpv4-sp-d16 -mfloat-abi=hard -mthumb -o "Core/Src/syscalls.o"
arm-none-eabi-gcc "../Core/Src/sysmem.c" -mcpu=cortex-m4 -std=gnu11 -g3 -DDEBUG -DARM_MATH_CM4 -D__FPU_PRESENT=1U -DUSE_HAL_DRIVER -DSTM32L475xx -c -I../Core/Inc -I../Drivers/STM32L4xx_HAL_Driver/Inc -I../Drivers/STM32L4xx_HAL_Driver/Inc/Legacy -I../Drivers/CMSIS/Device/ST/STM32L4xx/Include -I../Drivers/CMSIS/Include -I"../../Debug" -I"../Drivers/CMSIS/DSP" -O0 -ffunction-sections -fdata-sections -Wall -fstack-usage -fcyclomatic-complexity -MMD -MP -MF"Core/Src/sysmem.d" -MT"Core/Src/sysmem.o" --specs=nano.specs -mfpu=fpv4-sp-d16 -mfloat-abi=hard -mthumb -o "Core/Src/sysmem.o"
arm-none-eabi-gcc "../Core/Src/system_stm32l4xx.c" -mcpu=cortex-m4 -std=gnu11 -g3 -DDEBUG -DARM_MATH_CM4 -D__FPU_PRESENT=1U -DUSE_HAL_DRIVER -DSTM32L475xx -c -I../Core/Inc -I../Drivers/STM32L4xx_HAL_Driver/Inc -I../Drivers/STM32L4xx_HAL_Driver/Inc/Legacy -I../Drivers/CMSIS/Device/ST/STM32L4xx/Include -I../Drivers/CMSIS/Include -I"../../Debug" -I"../Drivers/CMSIS/DSP" -O0 -ffunction-sections -fdata-sections -Wall -fstack-usage -fcyclomatic-complexity -MMD -MP -MF"Core/Src/system_stm32l4xx.d" -MT"Core/Src/system_stm32l4xx.o" --specs=nano.specs -mfpu=fpv4-sp-d16 -mfloat-abi=hard -mthumb -o "Core/Src/system_stm32l4xx.o"
arm-none-eabi-gcc "../Core/Src/tim.c" -mcpu=cortex-m4 -std=gnu11 -g3 -DDEBUG -DARM_MATH_CM4 -D__FPU_PRESENT=1U -DUSE_HAL_DRIVER -DSTM32L475xx -c -I../Core/Inc -I../Drivers/STM32L4xx_HAL_Driver/Inc -I../Drivers/STM32L4xx_HAL_Driver/Inc/Legacy -I../Drivers/CMSIS/Device/ST/STM32L4xx/Include -I../Drivers/CMSIS/Include -I"../../Debug" -I"../Drivers/CMSIS/DSP" -O0 -ffunction-sections -fdata-sections -Wall -fstack-usage -fcyclomatic-complexity -MMD -MP -MF"Core/Src/tim.d" -MT"Core/Src/tim.o" --specs=nano.specs -mfpu=fpv4-sp-d16 -mfloat-abi=hard -mthumb -o "Core/Src/tim.o"
arm-none-eabi-gcc "../Core/Src/wifi.c" -mcpu=cortex-m4 -std=gnu11 -g3 -DDEBUG -DARM_MATH_CM4 -D__FPU_PRESENT=1U -DUSE_HAL_DRIVER -DSTM32L475xx -c -I../Core/Inc -I../Drivers/STM32L4xx_HAL_Driver/Inc -I../Drivers/STM32L4xx_HAL_Driver/Inc/Legacy -I../Drivers/CMSIS/Device/ST/STM32L4xx/Include -I../Drivers/CMSIS/Include -I"../../Debug" -I"../Drivers/CMSIS/DSP" -O0 -ffunction-sections -fdata-sections -Wall -fstack-usage -fcyclomatic-complexity -MMD -MP -MF"Core/Src/wifi.d" -MT"Core/Src/wifi.o" --specs=nano.specs -mfpu=fpv4-sp-d16 -mfloat-abi=hard -mthumb -o "Core/Src/wifi.o"
../Core/Src/main.c:25:10: fatal error: stm32l475e_iot01.h: No such file or directory
   25 | #include "stm32l475e_iot01.h"
      |          ^~~~~~~~~~~~~~~~~~~~
compilation terminated.
make: *** [Core/Src/subdir.mk:58: Core/Src/main.o] Error 1
make: *** Waiting for unfinished jobs....
"make -j24 all" terminated with exit code 2. Build might be incomplete.
16:08:37 **** Clean-only build of configuration Debug for project STM32CubeIDE ****
make -j24 clean 
rm -rf ./Drivers/STM32L4xx_HAL_Driver/stm32l475e_iot01.cyclo ./Drivers/STM32L4xx_HAL_Driver/stm32l475e_iot01.d ./Drivers/STM32L4xx_HAL_Driver/stm32l475e_iot01.o ./Drivers/STM32L4xx_HAL_Driver/stm32l475e_iot01.su ./Drivers/STM32L4xx_HAL_Driver/stm32l475e_iot01_tsensor.cyclo ./Drivers/STM32L4xx_HAL_Driver/stm32l475e_iot01_tsensor.d ./Drivers/STM32L4xx_HAL_Driver/stm32l475e_iot01_tsensor.o ./Drivers/STM32L4xx_HAL_Driver/stm32l475e_iot01_tsensor.su ./Drivers/STM32L4xx_HAL_Driver/stm32l4xx_hal.cyclo ./Drivers/STM32L4xx_HAL_Driver/stm32l4xx_hal.d ./Drivers/STM32L4xx_HAL_Driver/stm32l4xx_hal.o ./Drivers/STM32L4xx_HAL_Driver/stm32l4xx_hal.su ./Drivers/STM32L4xx_HAL_Driver/stm32l4xx_hal_adc.cyclo ./Drivers/STM32L4xx_HAL_Driver/stm32l4xx_hal_adc.d ./Drivers/STM32L4xx_HAL_Driver/stm32l4xx_hal_adc.o ./Drivers/STM32L4xx_HAL_Driver/stm32l4xx_hal_adc.su ./Drivers/STM32L4xx_HAL_Driver/stm32l4xx_hal_adc_ex.cyclo ./Drivers/STM32L4xx_HAL_Driver/stm32l4xx_hal_adc_ex.d ./Drivers/STM32L4xx_HAL_Driver/stm32l4xx_hal_adc_ex.o ./Drivers/STM32L4xx_HAL_Driver/stm32l4xx_hal_adc_ex.su ./Drivers/STM32L4xx_HAL_Driver/stm32l4xx_hal_cortex.cyclo ./Drivers/STM32L4xx_HAL_Driver/stm32l4xx_hal_cortex.d ./Drivers/STM32L4xx_HAL_Driver/stm32l4xx_hal_cortex.o ./Drivers/STM32L4xx_HAL_Driver/stm32l4xx_hal_cortex.su ./Drivers/STM32L4xx_HAL_Driver/stm32l4xx_hal_dma.cyclo ./Drivers/STM32L4xx_HAL_Driver/stm32l4xx_hal_dma.d ./Drivers/STM32L4xx_HAL_Driver/stm32l4xx_hal_dma.o ./Drivers/STM32L4xx_HAL_Driver/stm32l4xx_hal_dma.su ./Drivers/STM32L4xx_HAL_Driver/stm32l4xx_hal_gpio.cyclo ./Drivers/STM32L4xx_HAL_Driver/stm32l4xx_hal_gpio.d ./Drivers/STM32L4xx_HAL_Driver/stm32l4xx_hal_gpio.o ./Drivers/STM32L4xx_HAL_Driver/stm32l4xx_hal_gpio.su ./Drivers/STM32L4xx_HAL_Driver/stm32l4xx_hal_i2c.cyclo ./Drivers/STM32L4xx_HAL_Driver/stm32l4xx_hal_i2c.d ./Drivers/STM32L4xx_HAL_Driver/stm32l4xx_hal_i2c.o ./Drivers/STM32L4xx_HAL_Driver/stm32l4xx_hal_i2c.su ./Drivers/STM32L4xx_HAL_Driver/stm32l4xx_hal_i2c_ex.cyclo ./Drivers/STM32L4xx_HAL_Driver/stm32l4xx_hal_i2c_ex.d ./Drivers/STM32L4xx_HAL_Driver/stm32l4xx_hal_i2c_ex.o ./Drivers/STM32L4xx_HAL_Driver/stm32l4xx_hal_i2c_ex.su ./Drivers/STM32L4xx_HAL_Driver/stm32l4xx_hal_pwr.cyclo ./Drivers/STM32L4xx_HAL_Driver/stm32l4xx_hal_pwr.d ./Drivers/STM32L4xx_HAL_Driver/stm32l4xx_hal_pwr.o ./Drivers/STM32L4xx_HAL_Driver/stm32l4xx_hal_pwr.su ./Drivers/STM32L4xx_HAL_Driver/stm32l4xx_hal_pwr_ex.cyclo ./Drivers/STM32L4xx_HAL_Driver/stm32l4xx_hal_pwr_ex.d ./Drivers/STM32L4xx_HAL_Driver/stm32l4xx_hal_pwr_ex.o ./Drivers/STM32L4xx_HAL_Driver/stm32l4xx_hal_pwr_ex.su ./Drivers/STM32L4xx_HAL_Driver/stm32l4xx_hal_rcc.cyclo ./Drivers/STM32L4xx_HAL_Driver/stm32l4xx_hal_rcc.d ./Drivers/STM32L4xx_HAL_Driver/stm32l4xx_hal_rcc.o ./Drivers/STM32L4xx_HAL_Driver/stm32l4xx_hal_rcc.su ./Drivers/STM32L4xx_HAL_Driver/stm32l4xx_hal_rcc_ex.cyclo ./Drivers/STM32L4xx_HAL_Driver/stm32l4xx_hal_rcc_ex.d ./Drivers/STM32L4xx_HAL_Driver/stm32l4xx_hal_rcc_ex.o ./Drivers/STM32L4xx_HAL_Driver/stm32l4xx_hal_rcc_ex.su ./Drivers/STM32L4xx_HAL_Driver/stm32l4xx_hal_spi.cyclo ./Drivers/STM32L4xx_HAL_Driver/stm32l4xx_hal_spi.d ./Drivers/STM32L4xx_HAL_Driver/stm32l4xx_hal_spi.o ./Drivers/STM32L4xx_HAL_Driver/stm32l4xx_hal_spi.su ./Drivers/STM32L4xx_HAL_Driver/stm32l4xx_hal_spi_ex.cyclo ./Drivers/STM32L4xx_HAL_Driver/stm32l4xx_hal_spi_ex.d ./Drivers/STM32L4xx_HAL_Driver/stm32l4xx_hal_spi_ex.o ./Drivers/STM32L4xx_HAL_Driver/stm32l4xx_hal_spi_ex.su ./Drivers/STM32L4xx_HAL_Driver/stm32l4xx_hal_uart.cyclo ./Drivers/STM32L4xx_HAL_Driver/stm32l4xx_hal_uart.d ./Drivers/STM32L4xx_HAL_Driver/stm32l4xx_hal_uart.o ./Drivers/STM32L4xx_HAL_Driver/stm32l4xx_hal_uart.su ./Drivers/STM32L4xx_HAL_Driver/stm32l4xx_hal_uart_ex.cyclo ./Drivers/STM32L4xx_HAL_Driver/stm32l4xx_hal_uart_ex.d ./Drivers/STM32L4xx_HAL_Driver/stm32l4xx_hal_uart_ex.o ./Drivers/STM32L4xx_HAL_Driver/stm32l4xx_hal_uart_ex.su
rm -rf ./Drivers/CMSIS/system_stm32l4xx.cyclo ./Drivers/CMSIS/system_stm32l4xx.d ./Drivers/CMSIS/system_stm32l4xx.o ./Drivers/CMSIS/system_stm32l4xx.su
rm -rf ./Drivers/BSP/hts221.cyclo ./Drivers/BSP/hts221.d ./Drivers/BSP/hts221.o ./Drivers/BSP/hts221.su
rm -rf ./Application/WIFI/es_wifi.cyclo ./Application/WIFI/es_wifi.d ./Application/WIFI/es_wifi.o ./Application/WIFI/es_wifi.su ./Application/WIFI/es_wifi_io.cyclo ./Application/WIFI/es_wifi_io.d ./Application/WIFI/es_wifi_io.o ./Application/WIFI/es_wifi_io.su ./Application/WIFI/wifi.cyclo ./Application/WIFI/wifi.d ./Application/WIFI/wifi.o ./Application/WIFI/wifi.su
rm -rf ./Application/User/main.cyclo ./Application/User/main.d ./Application/User/main.o ./Application/User/main.su ./Application/User/stm32l4xx_it.cyclo ./Application/User/stm32l4xx_it.d ./Application/User/stm32l4xx_it.o ./Application/User/stm32l4xx_it.su ./Application/User/syscalls.cyclo ./Application/User/syscalls.d ./Application/User/syscalls.o ./Application/User/syscalls.su ./Application/User/sysmem.cyclo ./Application/User/sysmem.d ./Application/User/sysmem.o ./Application/User/sysmem.su
rm -rf ./Application/Startup/startup_stm32l475vgtx.d ./Application/Startup/startup_stm32l475vgtx.o
rm -rf WiFi_HTTP_Server.elf WiFi_HTTP_Server.list WiFi_HTTP_Server.map default.size.stdout
 
16:08:37 **** Build of configuration Debug for project STM32CubeIDE ****
make -j24 all 
arm-none-eabi-gcc "C:/Users/tedwa/Documents/ENEE408A/STM32CubeL4/Drivers/BSP/B-L475E-IOT01/stm32l475e_iot01.c" -mcpu=cortex-m4 -std=gnu11 -g3 -DUSE_HAL_DRIVER -DUSE_STM32L475E_IOT01 -DSTM32L475xx -c -I../../Inc -I../../../Common/Inc -I../../../../../../../Drivers/CMSIS/Include -I../../../../../../../Drivers/CMSIS/Device/ST/STM32L4xx/Include -I../../../../../../../Drivers/STM32L4xx_HAL_Driver/Inc -I../../../../../../../Drivers/BSP/B-L475E-IOT01 -O0 -ffunction-sections -fdata-sections -Wall -fstack-usage -fcyclomatic-complexity -MMD -MP -MF"Drivers/STM32L4xx_HAL_Driver/stm32l475e_iot01.d" -MT"Drivers/STM32L4xx_HAL_Driver/stm32l475e_iot01.o" --specs=nano.specs -mfpu=fpv4-sp-d16 -mfloat-abi=hard -mthumb -o "Drivers/STM32L4xx_HAL_Driver/stm32l475e_iot01.o"
arm-none-eabi-gcc "C:/Users/tedwa/Documents/ENEE408A/STM32CubeL4/Drivers/BSP/B-L475E-IOT01/stm32l475e_iot01_tsensor.c" -mcpu=cortex-m4 -std=gnu11 -g3 -DUSE_HAL_DRIVER -DUSE_STM32L475E_IOT01 -DSTM32L475xx -c -I../../Inc -I../../../Common/Inc -I../../../../../../../Drivers/CMSIS/Include -I../../../../../../../Drivers/CMSIS/Device/ST/STM32L4xx/Include -I../../../../../../../Drivers/STM32L4xx_HAL_Driver/Inc -I../../../../../../../Drivers/BSP/B-L475E-IOT01 -O0 -ffunction-sections -fdata-sections -Wall -fstack-usage -fcyclomatic-complexity -MMD -MP -MF"Drivers/STM32L4xx_HAL_Driver/stm32l475e_iot01_tsensor.d" -MT"Drivers/STM32L4xx_HAL_Driver/stm32l475e_iot01_tsensor.o" --specs=nano.specs -mfpu=fpv4-sp-d16 -mfloat-abi=hard -mthumb -o "Drivers/STM32L4xx_HAL_Driver/stm32l475e_iot01_tsensor.o"
arm-none-eabi-gcc "C:/Users/tedwa/Documents/ENEE408A/STM32CubeL4/Drivers/STM32L4xx_HAL_Driver/Src/stm32l4xx_hal.c" -mcpu=cortex-m4 -std=gnu11 -g3 -DUSE_HAL_DRIVER -DUSE_STM32L475E_IOT01 -DSTM32L475xx -c -I../../Inc -I../../../Common/Inc -I../../../../../../../Drivers/CMSIS/Include -I../../../../../../../Drivers/CMSIS/Device/ST/STM32L4xx/Include -I../../../../../../../Drivers/STM32L4xx_HAL_Driver/Inc -I../../../../../../../Drivers/BSP/B-L475E-IOT01 -O0 -ffunction-sections -fdata-sections -Wall -fstack-usage -fcyclomatic-complexity -MMD -MP -MF"Drivers/STM32L4xx_HAL_Driver/stm32l4xx_hal.d" -MT"Drivers/STM32L4xx_HAL_Driver/stm32l4xx_hal.o" --specs=nano.specs -mfpu=fpv4-sp-d16 -mfloat-abi=hard -mthumb -o "Drivers/STM32L4xx_HAL_Driver/stm32l4xx_hal.o"
arm-none-eabi-gcc "C:/Users/tedwa/Documents/ENEE408A/STM32CubeL4/Drivers/STM32L4xx_HAL_Driver/Src/stm32l4xx_hal_adc.c" -mcpu=cortex-m4 -std=gnu11 -g3 -DUSE_HAL_DRIVER -DUSE_STM32L475E_IOT01 -DSTM32L475xx -c -I../../Inc -I../../../Common/Inc -I../../../../../../../Drivers/CMSIS/Include -I../../../../../../../Drivers/CMSIS/Device/ST/STM32L4xx/Include -I../../../../../../../Drivers/STM32L4xx_HAL_Driver/Inc -I../../../../../../../Drivers/BSP/B-L475E-IOT01 -O0 -ffunction-sections -fdata-sections -Wall -fstack-usage -fcyclomatic-complexity -MMD -MP -MF"Drivers/STM32L4xx_HAL_Driver/stm32l4xx_hal_adc.d" -MT"Drivers/STM32L4xx_HAL_Driver/stm32l4xx_hal_adc.o" --specs=nano.specs -mfpu=fpv4-sp-d16 -mfloat-abi=hard -mthumb -o "Drivers/STM32L4xx_HAL_Driver/stm32l4xx_hal_adc.o"
arm-none-eabi-gcc "C:/Users/tedwa/Documents/ENEE408A/STM32CubeL4/Drivers/STM32L4xx_HAL_Driver/Src/stm32l4xx_hal_adc_ex.c" -mcpu=cortex-m4 -std=gnu11 -g3 -DUSE_HAL_DRIVER -DUSE_STM32L475E_IOT01 -DSTM32L475xx -c -I../../Inc -I../../../Common/Inc -I../../../../../../../Drivers/CMSIS/Include -I../../../../../../../Drivers/CMSIS/Device/ST/STM32L4xx/Include -I../../../../../../../Drivers/STM32L4xx_HAL_Driver/Inc -I../../../../../../../Drivers/BSP/B-L475E-IOT01 -O0 -ffunction-sections -fdata-sections -Wall -fstack-usage -fcyclomatic-complexity -MMD -MP -MF"Drivers/STM32L4xx_HAL_Driver/stm32l4xx_hal_adc_ex.d" -MT"Drivers/STM32L4xx_HAL_Driver/stm32l4xx_hal_adc_ex.o" --specs=nano.specs -mfpu=fpv4-sp-d16 -mfloat-abi=hard -mthumb -o "Drivers/STM32L4xx_HAL_Driver/stm32l4xx_hal_adc_ex.o"
arm-none-eabi-gcc "C:/Users/tedwa/Documents/ENEE408A/STM32CubeL4/Drivers/STM32L4xx_HAL_Driver/Src/stm32l4xx_hal_cortex.c" -mcpu=cortex-m4 -std=gnu11 -g3 -DUSE_HAL_DRIVER -DUSE_STM32L475E_IOT01 -DSTM32L475xx -c -I../../Inc -I../../../Common/Inc -I../../../../../../../Drivers/CMSIS/Include -I../../../../../../../Drivers/CMSIS/Device/ST/STM32L4xx/Include -I../../../../../../../Drivers/STM32L4xx_HAL_Driver/Inc -I../../../../../../../Drivers/BSP/B-L475E-IOT01 -O0 -ffunction-sections -fdata-sections -Wall -fstack-usage -fcyclomatic-complexity -MMD -MP -MF"Drivers/STM32L4xx_HAL_Driver/stm32l4xx_hal_cortex.d" -MT"Drivers/STM32L4xx_HAL_Driver/stm32l4xx_hal_cortex.o" --specs=nano.specs -mfpu=fpv4-sp-d16 -mfloat-abi=hard -mthumb -o "Drivers/STM32L4xx_HAL_Driver/stm32l4xx_hal_cortex.o"
arm-none-eabi-gcc "C:/Users/tedwa/Documents/ENEE408A/STM32CubeL4/Drivers/STM32L4xx_HAL_Driver/Src/stm32l4xx_hal_dma.c" -mcpu=cortex-m4 -std=gnu11 -g3 -DUSE_HAL_DRIVER -DUSE_STM32L475E_IOT01 -DSTM32L475xx -c -I../../Inc -I../../../Common/Inc -I../../../../../../../Drivers/CMSIS/Include -I../../../../../../../Drivers/CMSIS/Device/ST/STM32L4xx/Include -I../../../../../../../Drivers/STM32L4xx_HAL_Driver/Inc -I../../../../../../../Drivers/BSP/B-L475E-IOT01 -O0 -ffunction-sections -fdata-sections -Wall -fstack-usage -fcyclomatic-complexity -MMD -MP -MF"Drivers/STM32L4xx_HAL_Driver/stm32l4xx_hal_dma.d" -MT"Drivers/STM32L4xx_HAL_Driver/stm32l4xx_hal_dma.o" --specs=nano.specs -mfpu=fpv4-sp-d16 -mfloat-abi=hard -mthumb -o "Drivers/STM32L4xx_HAL_Driver/stm32l4xx_hal_dma.o"
arm-none-eabi-gcc "C:/Users/tedwa/Documents/ENEE408A/STM32CubeL4/Drivers/STM32L4xx_HAL_Driver/Src/stm32l4xx_hal_gpio.c" -mcpu=cortex-m4 -std=gnu11 -g3 -DUSE_HAL_DRIVER -DUSE_STM32L475E_IOT01 -DSTM32L475xx -c -I../../Inc -I../../../Common/Inc -I../../../../../../../Drivers/CMSIS/Include -I../../../../../../../Drivers/CMSIS/Device/ST/STM32L4xx/Include -I../../../../../../../Drivers/STM32L4xx_HAL_Driver/Inc -I../../../../../../../Drivers/BSP/B-L475E-IOT01 -O0 -ffunction-sections -fdata-sections -Wall -fstack-usage -fcyclomatic-complexity -MMD -MP -MF"Drivers/STM32L4xx_HAL_Driver/stm32l4xx_hal_gpio.d" -MT"Drivers/STM32L4xx_HAL_Driver/stm32l4xx_hal_gpio.o" --specs=nano.specs -mfpu=fpv4-sp-d16 -mfloat-abi=hard -mthumb -o "Drivers/STM32L4xx_HAL_Driver/stm32l4xx_hal_gpio.o"
arm-none-eabi-gcc "C:/Users/tedwa/Documents/ENEE408A/STM32CubeL4/Drivers/STM32L4xx_HAL_Driver/Src/stm32l4xx_hal_i2c.c" -mcpu=cortex-m4 -std=gnu11 -g3 -DUSE_HAL_DRIVER -DUSE_STM32L475E_IOT01 -DSTM32L475xx -c -I../../Inc -I../../../Common/Inc -I../../../../../../../Drivers/CMSIS/Include -I../../../../../../../Drivers/CMSIS/Device/ST/STM32L4xx/Include -I../../../../../../../Drivers/STM32L4xx_HAL_Driver/Inc -I../../../../../../../Drivers/BSP/B-L475E-IOT01 -O0 -ffunction-sections -fdata-sections -Wall -fstack-usage -fcyclomatic-complexity -MMD -MP -MF"Drivers/STM32L4xx_HAL_Driver/stm32l4xx_hal_i2c.d" -MT"Drivers/STM32L4xx_HAL_Driver/stm32l4xx_hal_i2c.o" --specs=nano.specs -mfpu=fpv4-sp-d16 -mfloat-abi=hard -mthumb -o "Drivers/STM32L4xx_HAL_Driver/stm32l4xx_hal_i2c.o"
arm-none-eabi-gcc "C:/Users/tedwa/Documents/ENEE408A/STM32CubeL4/Drivers/STM32L4xx_HAL_Driver/Src/stm32l4xx_hal_i2c_ex.c" -mcpu=cortex-m4 -std=gnu11 -g3 -DUSE_HAL_DRIVER -DUSE_STM32L475E_IOT01 -DSTM32L475xx -c -I../../Inc -I../../../Common/Inc -I../../../../../../../Drivers/CMSIS/Include -I../../../../../../../Drivers/CMSIS/Device/ST/STM32L4xx/Include -I../../../../../../../Drivers/STM32L4xx_HAL_Driver/Inc -I../../../../../../../Drivers/BSP/B-L475E-IOT01 -O0 -ffunction-sections -fdata-sections -Wall -fstack-usage -fcyclomatic-complexity -MMD -MP -MF"Drivers/STM32L4xx_HAL_Driver/stm32l4xx_hal_i2c_ex.d" -MT"Drivers/STM32L4xx_HAL_Driver/stm32l4xx_hal_i2c_ex.o" --specs=nano.specs -mfpu=fpv4-sp-d16 -mfloat-abi=hard -mthumb -o "Drivers/STM32L4xx_HAL_Driver/stm32l4xx_hal_i2c_ex.o"
arm-none-eabi-gcc "C:/Users/tedwa/Documents/ENEE408A/STM32CubeL4/Drivers/STM32L4xx_HAL_Driver/Src/stm32l4xx_hal_pwr.c" -mcpu=cortex-m4 -std=gnu11 -g3 -DUSE_HAL_DRIVER -DUSE_STM32L475E_IOT01 -DSTM32L475xx -c -I../../Inc -I../../../Common/Inc -I../../../../../../../Drivers/CMSIS/Include -I../../../../../../../Drivers/CMSIS/Device/ST/STM32L4xx/Include -I../../../../../../../Drivers/STM32L4xx_HAL_Driver/Inc -I../../../../../../../Drivers/BSP/B-L475E-IOT01 -O0 -ffunction-sections -fdata-sections -Wall -fstack-usage -fcyclomatic-complexity -MMD -MP -MF"Drivers/STM32L4xx_HAL_Driver/stm32l4xx_hal_pwr.d" -MT"Drivers/STM32L4xx_HAL_Driver/stm32l4xx_hal_pwr.o" --specs=nano.specs -mfpu=fpv4-sp-d16 -mfloat-abi=hard -mthumb -o "Drivers/STM32L4xx_HAL_Driver/stm32l4xx_hal_pwr.o"
arm-none-eabi-gcc "C:/Users/tedwa/Documents/ENEE408A/STM32CubeL4/Drivers/STM32L4xx_HAL_Driver/Src/stm32l4xx_hal_pwr_ex.c" -mcpu=cortex-m4 -std=gnu11 -g3 -DUSE_HAL_DRIVER -DUSE_STM32L475E_IOT01 -DSTM32L475xx -c -I../../Inc -I../../../Common/Inc -I../../../../../../../Drivers/CMSIS/Include -I../../../../../../../Drivers/CMSIS/Device/ST/STM32L4xx/Include -I../../../../../../../Drivers/STM32L4xx_HAL_Driver/Inc -I../../../../../../../Drivers/BSP/B-L475E-IOT01 -O0 -ffunction-sections -fdata-sections -Wall -fstack-usage -fcyclomatic-complexity -MMD -MP -MF"Drivers/STM32L4xx_HAL_Driver/stm32l4xx_hal_pwr_ex.d" -MT"Drivers/STM32L4xx_HAL_Driver/stm32l4xx_hal_pwr_ex.o" --specs=nano.specs -mfpu=fpv4-sp-d16 -mfloat-abi=hard -mthumb -o "Drivers/STM32L4xx_HAL_Driver/stm32l4xx_hal_pwr_ex.o"
arm-none-eabi-gcc "C:/Users/tedwa/Documents/ENEE408A/STM32CubeL4/Drivers/STM32L4xx_HAL_Driver/Src/stm32l4xx_hal_rcc.c" -mcpu=cortex-m4 -std=gnu11 -g3 -DUSE_HAL_DRIVER -DUSE_STM32L475E_IOT01 -DSTM32L475xx -c -I../../Inc -I../../../Common/Inc -I../../../../../../../Drivers/CMSIS/Include -I../../../../../../../Drivers/CMSIS/Device/ST/STM32L4xx/Include -I../../../../../../../Drivers/STM32L4xx_HAL_Driver/Inc -I../../../../../../../Drivers/BSP/B-L475E-IOT01 -O0 -ffunction-sections -fdata-sections -Wall -fstack-usage -fcyclomatic-complexity -MMD -MP -MF"Drivers/STM32L4xx_HAL_Driver/stm32l4xx_hal_rcc.d" -MT"Drivers/STM32L4xx_HAL_Driver/stm32l4xx_hal_rcc.o" --specs=nano.specs -mfpu=fpv4-sp-d16 -mfloat-abi=hard -mthumb -o "Drivers/STM32L4xx_HAL_Driver/stm32l4xx_hal_rcc.o"
arm-none-eabi-gcc "C:/Users/tedwa/Documents/ENEE408A/STM32CubeL4/Drivers/STM32L4xx_HAL_Driver/Src/stm32l4xx_hal_rcc_ex.c" -mcpu=cortex-m4 -std=gnu11 -g3 -DUSE_HAL_DRIVER -DUSE_STM32L475E_IOT01 -DSTM32L475xx -c -I../../Inc -I../../../Common/Inc -I../../../../../../../Drivers/CMSIS/Include -I../../../../../../../Drivers/CMSIS/Device/ST/STM32L4xx/Include -I../../../../../../../Drivers/STM32L4xx_HAL_Driver/Inc -I../../../../../../../Drivers/BSP/B-L475E-IOT01 -O0 -ffunction-sections -fdata-sections -Wall -fstack-usage -fcyclomatic-complexity -MMD -MP -MF"Drivers/STM32L4xx_HAL_Driver/stm32l4xx_hal_rcc_ex.d" -MT"Drivers/STM32L4xx_HAL_Driver/stm32l4xx_hal_rcc_ex.o" --specs=nano.specs -mfpu=fpv4-sp-d16 -mfloat-abi=hard -mthumb -o "Drivers/STM32L4xx_HAL_Driver/stm32l4xx_hal_rcc_ex.o"
arm-none-eabi-gcc "C:/Users/tedwa/Documents/ENEE408A/STM32CubeL4/Drivers/STM32L4xx_HAL_Driver/Src/stm32l4xx_hal_spi.c" -mcpu=cortex-m4 -std=gnu11 -g3 -DUSE_HAL_DRIVER -DUSE_STM32L475E_IOT01 -DSTM32L475xx -c -I../../Inc -I../../../Common/Inc -I../../../../../../../Drivers/CMSIS/Include -I../../../../../../../Drivers/CMSIS/Device/ST/STM32L4xx/Include -I../../../../../../../Drivers/STM32L4xx_HAL_Driver/Inc -I../../../../../../../Drivers/BSP/B-L475E-IOT01 -O0 -ffunction-sections -fdata-sections -Wall -fstack-usage -fcyclomatic-complexity -MMD -MP -MF"Drivers/STM32L4xx_HAL_Driver/stm32l4xx_hal_spi.d" -MT"Drivers/STM32L4xx_HAL_Driver/stm32l4xx_hal_spi.o" --specs=nano.specs -mfpu=fpv4-sp-d16 -mfloat-abi=hard -mthumb -o "Drivers/STM32L4xx_HAL_Driver/stm32l4xx_hal_spi.o"
arm-none-eabi-gcc "C:/Users/tedwa/Documents/ENEE408A/STM32CubeL4/Drivers/STM32L4xx_HAL_Driver/Src/stm32l4xx_hal_spi_ex.c" -mcpu=cortex-m4 -std=gnu11 -g3 -DUSE_HAL_DRIVER -DUSE_STM32L475E_IOT01 -DSTM32L475xx -c -I../../Inc -I../../../Common/Inc -I../../../../../../../Drivers/CMSIS/Include -I../../../../../../../Drivers/CMSIS/Device/ST/STM32L4xx/Include -I../../../../../../../Drivers/STM32L4xx_HAL_Driver/Inc -I../../../../../../../Drivers/BSP/B-L475E-IOT01 -O0 -ffunction-sections -fdata-sections -Wall -fstack-usage -fcyclomatic-complexity -MMD -MP -MF"Drivers/STM32L4xx_HAL_Driver/stm32l4xx_hal_spi_ex.d" -MT"Drivers/STM32L4xx_HAL_Driver/stm32l4xx_hal_spi_ex.o" --specs=nano.specs -mfpu=fpv4-sp-d16 -mfloat-abi=hard -mthumb -o "Drivers/STM32L4xx_HAL_Driver/stm32l4xx_hal_spi_ex.o"
arm-none-eabi-gcc "C:/Users/tedwa/Documents/ENEE408A/STM32CubeL4/Drivers/STM32L4xx_HAL_Driver/Src/stm32l4xx_hal_uart.c" -mcpu=cortex-m4 -std=gnu11 -g3 -DUSE_HAL_DRIVER -DUSE_STM32L475E_IOT01 -DSTM32L475xx -c -I../../Inc -I../../../Common/Inc -I../../../../../../../Drivers/CMSIS/Include -I../../../../../../../Drivers/CMSIS/Device/ST/STM32L4xx/Include -I../../../../../../../Drivers/STM32L4xx_HAL_Driver/Inc -I../../../../../../../Drivers/BSP/B-L475E-IOT01 -O0 -ffunction-sections -fdata-sections -Wall -fstack-usage -fcyclomatic-complexity -MMD -MP -MF"Drivers/STM32L4xx_HAL_Driver/stm32l4xx_hal_uart.d" -MT"Drivers/STM32L4xx_HAL_Driver/stm32l4xx_hal_uart.o" --specs=nano.specs -mfpu=fpv4-sp-d16 -mfloat-abi=hard -mthumb -o "Drivers/STM32L4xx_HAL_Driver/stm32l4xx_hal_uart.o"
arm-none-eabi-gcc "C:/Users/tedwa/Documents/ENEE408A/STM32CubeL4/Drivers/STM32L4xx_HAL_Driver/Src/stm32l4xx_hal_uart_ex.c" -mcpu=cortex-m4 -std=gnu11 -g3 -DUSE_HAL_DRIVER -DUSE_STM32L475E_IOT01 -DSTM32L475xx -c -I../../Inc -I../../../Common/Inc -I../../../../../../../Drivers/CMSIS/Include -I../../../../../../../Drivers/CMSIS/Device/ST/STM32L4xx/Include -I../../../../../../../Drivers/STM32L4xx_HAL_Driver/Inc -I../../../../../../../Drivers/BSP/B-L475E-IOT01 -O0 -ffunction-sections -fdata-sections -Wall -fstack-usage -fcyclomatic-complexity -MMD -MP -MF"Drivers/STM32L4xx_HAL_Driver/stm32l4xx_hal_uart_ex.d" -MT"Drivers/STM32L4xx_HAL_Driver/stm32l4xx_hal_uart_ex.o" --specs=nano.specs -mfpu=fpv4-sp-d16 -mfloat-abi=hard -mthumb -o "Drivers/STM32L4xx_HAL_Driver/stm32l4xx_hal_uart_ex.o"
arm-none-eabi-gcc "C:/Users/tedwa/Documents/ENEE408A/STM32CubeL4/Projects/B-L475E-IOT01A/Applications/WiFi/WiFi_HTTP_Server/Src/system_stm32l4xx.c" -mcpu=cortex-m4 -std=gnu11 -g3 -DUSE_HAL_DRIVER -DUSE_STM32L475E_IOT01 -DSTM32L475xx -c -I../../Inc -I../../../Common/Inc -I../../../../../../../Drivers/CMSIS/Include -I../../../../../../../Drivers/CMSIS/Device/ST/STM32L4xx/Include -I../../../../../../../Drivers/STM32L4xx_HAL_Driver/Inc -I../../../../../../../Drivers/BSP/B-L475E-IOT01 -O0 -ffunction-sections -fdata-sections -Wall -fstack-usage -fcyclomatic-complexity -MMD -MP -MF"Drivers/CMSIS/system_stm32l4xx.d" -MT"Drivers/CMSIS/system_stm32l4xx.o" --specs=nano.specs -mfpu=fpv4-sp-d16 -mfloat-abi=hard -mthumb -o "Drivers/CMSIS/system_stm32l4xx.o"
arm-none-eabi-gcc "C:/Users/tedwa/Documents/ENEE408A/STM32CubeL4/Drivers/BSP/Components/hts221/hts221.c" -mcpu=cortex-m4 -std=gnu11 -g3 -DUSE_HAL_DRIVER -DUSE_STM32L475E_IOT01 -DSTM32L475xx -c -I../../Inc -I../../../Common/Inc -I../../../../../../../Drivers/CMSIS/Include -I../../../../../../../Drivers/CMSIS/Device/ST/STM32L4xx/Include -I../../../../../../../Drivers/STM32L4xx_HAL_Driver/Inc -I../../../../../../../Drivers/BSP/B-L475E-IOT01 -O0 -ffunction-sections -fdata-sections -Wall -fstack-usage -fcyclomatic-complexity -MMD -MP -MF"Drivers/BSP/hts221.d" -MT"Drivers/BSP/hts221.o" --specs=nano.specs -mfpu=fpv4-sp-d16 -mfloat-abi=hard -mthumb -o "Drivers/BSP/hts221.o"
arm-none-eabi-gcc "C:/Users/tedwa/Documents/ENEE408A/STM32CubeL4/Projects/B-L475E-IOT01A/Applications/WiFi/Common/Src/es_wifi.c" -mcpu=cortex-m4 -std=gnu11 -g3 -DUSE_HAL_DRIVER -DUSE_STM32L475E_IOT01 -DSTM32L475xx -c -I../../Inc -I../../../Common/Inc -I../../../../../../../Drivers/CMSIS/Include -I../../../../../../../Drivers/CMSIS/Device/ST/STM32L4xx/Include -I../../../../../../../Drivers/STM32L4xx_HAL_Driver/Inc -I../../../../../../../Drivers/BSP/B-L475E-IOT01 -O0 -ffunction-sections -fdata-sections -Wall -fstack-usage -fcyclomatic-complexity -MMD -MP -MF"Application/WIFI/es_wifi.d" -MT"Application/WIFI/es_wifi.o" --specs=nano.specs -mfpu=fpv4-sp-d16 -mfloat-abi=hard -mthumb -o "Application/WIFI/es_wifi.o"
arm-none-eabi-gcc "C:/Users/tedwa/Documents/ENEE408A/STM32CubeL4/Projects/B-L475E-IOT01A/Applications/WiFi/Common/Src/es_wifi_io.c" -mcpu=cortex-m4 -std=gnu11 -g3 -DUSE_HAL_DRIVER -DUSE_STM32L475E_IOT01 -DSTM32L475xx -c -I../../Inc -I../../../Common/Inc -I../../../../../../../Drivers/CMSIS/Include -I../../../../../../../Drivers/CMSIS/Device/ST/STM32L4xx/Include -I../../../../../../../Drivers/STM32L4xx_HAL_Driver/Inc -I../../../../../../../Drivers/BSP/B-L475E-IOT01 -O0 -ffunction-sections -fdata-sections -Wall -fstack-usage -fcyclomatic-complexity -MMD -MP -MF"Application/WIFI/es_wifi_io.d" -MT"Application/WIFI/es_wifi_io.o" --specs=nano.specs -mfpu=fpv4-sp-d16 -mfloat-abi=hard -mthumb -o "Application/WIFI/es_wifi_io.o"
arm-none-eabi-gcc "C:/Users/tedwa/Documents/ENEE408A/STM32CubeL4/Projects/B-L475E-IOT01A/Applications/WiFi/Common/Src/wifi.c" -mcpu=cortex-m4 -std=gnu11 -g3 -DUSE_HAL_DRIVER -DUSE_STM32L475E_IOT01 -DSTM32L475xx -c -I../../Inc -I../../../Common/Inc -I../../../../../../../Drivers/CMSIS/Include -I../../../../../../../Drivers/CMSIS/Device/ST/STM32L4xx/Include -I../../../../../../../Drivers/STM32L4xx_HAL_Driver/Inc -I../../../../../../../Drivers/BSP/B-L475E-IOT01 -O0 -ffunction-sections -fdata-sections -Wall -fstack-usage -fcyclomatic-complexity -MMD -MP -MF"Application/WIFI/wifi.d" -MT"Application/WIFI/wifi.o" --specs=nano.specs -mfpu=fpv4-sp-d16 -mfloat-abi=hard -mthumb -o "Application/WIFI/wifi.o"
arm-none-eabi-gcc "C:/Users/tedwa/Documents/ENEE408A/STM32CubeL4/Projects/B-L475E-IOT01A/Applications/WiFi/WiFi_HTTP_Server/Src/main.c" -mcpu=cortex-m4 -std=gnu11 -g3 -DUSE_HAL_DRIVER -DUSE_STM32L475E_IOT01 -DSTM32L475xx -c -I../../Inc -I../../../Common/Inc -I../../../../../../../Drivers/CMSIS/Include -I../../../../../../../Drivers/CMSIS/Device/ST/STM32L4xx/Include -I../../../../../../../Drivers/STM32L4xx_HAL_Driver/Inc -I../../../../../../../Drivers/BSP/B-L475E-IOT01 -O0 -ffunction-sections -fdata-sections -Wall -fstack-usage -fcyclomatic-complexity -MMD -MP -MF"Application/User/main.d" -MT"Application/User/main.o" --specs=nano.specs -mfpu=fpv4-sp-d16 -mfloat-abi=hard -mthumb -o "Application/User/main.o"
arm-none-eabi-gcc "C:/Users/tedwa/Documents/ENEE408A/STM32CubeL4/Projects/B-L475E-IOT01A/Applications/WiFi/WiFi_HTTP_Server/Src/stm32l4xx_it.c" -mcpu=cortex-m4 -std=gnu11 -g3 -DUSE_HAL_DRIVER -DUSE_STM32L475E_IOT01 -DSTM32L475xx -c -I../../Inc -I../../../Common/Inc -I../../../../../../../Drivers/CMSIS/Include -I../../../../../../../Drivers/CMSIS/Device/ST/STM32L4xx/Include -I../../../../../../../Drivers/STM32L4xx_HAL_Driver/Inc -I../../../../../../../Drivers/BSP/B-L475E-IOT01 -O0 -ffunction-sections -fdata-sections -Wall -fstack-usage -fcyclomatic-complexity -MMD -MP -MF"Application/User/stm32l4xx_it.d" -MT"Application/User/stm32l4xx_it.o" --specs=nano.specs -mfpu=fpv4-sp-d16 -mfloat-abi=hard -mthumb -o "Application/User/stm32l4xx_it.o"
arm-none-eabi-gcc "../Application/User/syscalls.c" -mcpu=cortex-m4 -std=gnu11 -g3 -DUSE_HAL_DRIVER -DUSE_STM32L475E_IOT01 -DSTM32L475xx -c -I../../Inc -I../../../Common/Inc -I../../../../../../../Drivers/CMSIS/Include -I../../../../../../../Drivers/CMSIS/Device/ST/STM32L4xx/Include -I../../../../../../../Drivers/STM32L4xx_HAL_Driver/Inc -I../../../../../../../Drivers/BSP/B-L475E-IOT01 -O0 -ffunction-sections -fdata-sections -Wall -fstack-usage -fcyclomatic-complexity -MMD -MP -MF"Application/User/syscalls.d" -MT"Application/User/syscalls.o" --specs=nano.specs -mfpu=fpv4-sp-d16 -mfloat-abi=hard -mthumb -o "Application/User/syscalls.o"
C:/Users/tedwa/Documents/ENEE408A/STM32CubeL4/Projects/B-L475E-IOT01A/Applications/WiFi/WiFi_HTTP_Server/Src/main.c:12:10: fatal error: arm_math.h: No such file or directory
   12 | #include "arm_math.h"
      |          ^~~~~~~~~~~~
compilation terminated.
make: *** [Application/User/subdir.mk:28: Application/User/main.o] Error 1
make: *** Waiting for unfinished jobs....
"make -j24 all" terminated with exit code 2. Build might be incomplete.
16:08:38 **** Build of configuration Debug for project WiFi_Client_Server ****
make -j24 all 
arm-none-eabi-gcc "C:/Users/tedwa/Documents/ENEE408A/STM32CubeL4/Drivers/STM32L4xx_HAL_Driver/Src/stm32l4xx_hal.c" -mcpu=cortex-m4 -std=gnu11 -g3 -DUSE_HAL_DRIVER -DUSE_STM32L475E_IOT01 -DSTM32L475xx -c -I../../Inc -I../../../Common/Inc -I../../../../../../../Drivers/CMSIS/Include -I../../../../../../../Drivers/CMSIS/Device/ST/STM32L4xx/Include -I../../../../../../../Drivers/STM32L4xx_HAL_Driver/Inc -I../../../../../../../Drivers/BSP/B-L475E-IOT01 -O0 -ffunction-sections -fdata-sections -Wall -fstack-usage -fcyclomatic-complexity -MMD -MP -MF"Drivers/STM32L4xx_HAL_Driver/stm32l4xx_hal.d" -MT"Drivers/STM32L4xx_HAL_Driver/stm32l4xx_hal.o" --specs=nano.specs -mfpu=fpv4-sp-d16 -mfloat-abi=hard -mthumb -o "Drivers/STM32L4xx_HAL_Driver/stm32l4xx_hal.o"
arm-none-eabi-gcc "C:/Users/tedwa/Documents/ENEE408A/STM32CubeL4/Drivers/STM32L4xx_HAL_Driver/Src/stm32l4xx_hal_cortex.c" -mcpu=cortex-m4 -std=gnu11 -g3 -DUSE_HAL_DRIVER -DUSE_STM32L475E_IOT01 -DSTM32L475xx -c -I../../Inc -I../../../Common/Inc -I../../../../../../../Drivers/CMSIS/Include -I../../../../../../../Drivers/CMSIS/Device/ST/STM32L4xx/Include -I../../../../../../../Drivers/STM32L4xx_HAL_Driver/Inc -I../../../../../../../Drivers/BSP/B-L475E-IOT01 -O0 -ffunction-sections -fdata-sections -Wall -fstack-usage -fcyclomatic-complexity -MMD -MP -MF"Drivers/STM32L4xx_HAL_Driver/stm32l4xx_hal_cortex.d" -MT"Drivers/STM32L4xx_HAL_Driver/stm32l4xx_hal_cortex.o" --specs=nano.specs -mfpu=fpv4-sp-d16 -mfloat-abi=hard -mthumb -o "Drivers/STM32L4xx_HAL_Driver/stm32l4xx_hal_cortex.o"
arm-none-eabi-gcc "C:/Users/tedwa/Documents/ENEE408A/STM32CubeL4/Drivers/STM32L4xx_HAL_Driver/Src/stm32l4xx_hal_dma.c" -mcpu=cortex-m4 -std=gnu11 -g3 -DUSE_HAL_DRIVER -DUSE_STM32L475E_IOT01 -DSTM32L475xx -c -I../../Inc -I../../../Common/Inc -I../../../../../../../Drivers/CMSIS/Include -I../../../../../../../Drivers/CMSIS/Device/ST/STM32L4xx/Include -I../../../../../../../Drivers/STM32L4xx_HAL_Driver/Inc -I../../../../../../../Drivers/BSP/B-L475E-IOT01 -O0 -ffunction-sections -fdata-sections -Wall -fstack-usage -fcyclomatic-complexity -MMD -MP -MF"Drivers/STM32L4xx_HAL_Driver/stm32l4xx_hal_dma.d" -MT"Drivers/STM32L4xx_HAL_Driver/stm32l4xx_hal_dma.o" --specs=nano.specs -mfpu=fpv4-sp-d16 -mfloat-abi=hard -mthumb -o "Drivers/STM32L4xx_HAL_Driver/stm32l4xx_hal_dma.o"
arm-none-eabi-gcc "C:/Users/tedwa/Documents/ENEE408A/STM32CubeL4/Drivers/STM32L4xx_HAL_Driver/Src/stm32l4xx_hal_flash.c" -mcpu=cortex-m4 -std=gnu11 -g3 -DUSE_HAL_DRIVER -DUSE_STM32L475E_IOT01 -DSTM32L475xx -c -I../../Inc -I../../../Common/Inc -I../../../../../../../Drivers/CMSIS/Include -I../../../../../../../Drivers/CMSIS/Device/ST/STM32L4xx/Include -I../../../../../../../Drivers/STM32L4xx_HAL_Driver/Inc -I../../../../../../../Drivers/BSP/B-L475E-IOT01 -O0 -ffunction-sections -fdata-sections -Wall -fstack-usage -fcyclomatic-complexity -MMD -MP -MF"Drivers/STM32L4xx_HAL_Driver/stm32l4xx_hal_flash.d" -MT"Drivers/STM32L4xx_HAL_Driver/stm32l4xx_hal_flash.o" --specs=nano.specs -mfpu=fpv4-sp-d16 -mfloat-abi=hard -mthumb -o "Drivers/STM32L4xx_HAL_Driver/stm32l4xx_hal_flash.o"
arm-none-eabi-gcc "C:/Users/tedwa/Documents/ENEE408A/STM32CubeL4/Drivers/STM32L4xx_HAL_Driver/Src/stm32l4xx_hal_flash_ex.c" -mcpu=cortex-m4 -std=gnu11 -g3 -DUSE_HAL_DRIVER -DUSE_STM32L475E_IOT01 -DSTM32L475xx -c -I../../Inc -I../../../Common/Inc -I../../../../../../../Drivers/CMSIS/Include -I../../../../../../../Drivers/CMSIS/Device/ST/STM32L4xx/Include -I../../../../../../../Drivers/STM32L4xx_HAL_Driver/Inc -I../../../../../../../Drivers/BSP/B-L475E-IOT01 -O0 -ffunction-sections -fdata-sections -Wall -fstack-usage -fcyclomatic-complexity -MMD -MP -MF"Drivers/STM32L4xx_HAL_Driver/stm32l4xx_hal_flash_ex.d" -MT"Drivers/STM32L4xx_HAL_Driver/stm32l4xx_hal_flash_ex.o" --specs=nano.specs -mfpu=fpv4-sp-d16 -mfloat-abi=hard -mthumb -o "Drivers/STM32L4xx_HAL_Driver/stm32l4xx_hal_flash_ex.o"
arm-none-eabi-gcc "C:/Users/tedwa/Documents/ENEE408A/STM32CubeL4/Drivers/STM32L4xx_HAL_Driver/Src/stm32l4xx_hal_gpio.c" -mcpu=cortex-m4 -std=gnu11 -g3 -DUSE_HAL_DRIVER -DUSE_STM32L475E_IOT01 -DSTM32L475xx -c -I../../Inc -I../../../Common/Inc -I../../../../../../../Drivers/CMSIS/Include -I../../../../../../../Drivers/CMSIS/Device/ST/STM32L4xx/Include -I../../../../../../../Drivers/STM32L4xx_HAL_Driver/Inc -I../../../../../../../Drivers/BSP/B-L475E-IOT01 -O0 -ffunction-sections -fdata-sections -Wall -fstack-usage -fcyclomatic-complexity -MMD -MP -MF"Drivers/STM32L4xx_HAL_Driver/stm32l4xx_hal_gpio.d" -MT"Drivers/STM32L4xx_HAL_Driver/stm32l4xx_hal_gpio.o" --specs=nano.specs -mfpu=fpv4-sp-d16 -mfloat-abi=hard -mthumb -o "Drivers/STM32L4xx_HAL_Driver/stm32l4xx_hal_gpio.o"
arm-none-eabi-gcc "C:/Users/tedwa/Documents/ENEE408A/STM32CubeL4/Drivers/STM32L4xx_HAL_Driver/Src/stm32l4xx_hal_i2c.c" -mcpu=cortex-m4 -std=gnu11 -g3 -DUSE_HAL_DRIVER -DUSE_STM32L475E_IOT01 -DSTM32L475xx -c -I../../Inc -I../../../Common/Inc -I../../../../../../../Drivers/CMSIS/Include -I../../../../../../../Drivers/CMSIS/Device/ST/STM32L4xx/Include -I../../../../../../../Drivers/STM32L4xx_HAL_Driver/Inc -I../../../../../../../Drivers/BSP/B-L475E-IOT01 -O0 -ffunction-sections -fdata-sections -Wall -fstack-usage -fcyclomatic-complexity -MMD -MP -MF"Drivers/STM32L4xx_HAL_Driver/stm32l4xx_hal_i2c.d" -MT"Drivers/STM32L4xx_HAL_Driver/stm32l4xx_hal_i2c.o" --specs=nano.specs -mfpu=fpv4-sp-d16 -mfloat-abi=hard -mthumb -o "Drivers/STM32L4xx_HAL_Driver/stm32l4xx_hal_i2c.o"
arm-none-eabi-gcc "C:/Users/tedwa/Documents/ENEE408A/STM32CubeL4/Drivers/STM32L4xx_HAL_Driver/Src/stm32l4xx_hal_i2c_ex.c" -mcpu=cortex-m4 -std=gnu11 -g3 -DUSE_HAL_DRIVER -DUSE_STM32L475E_IOT01 -DSTM32L475xx -c -I../../Inc -I../../../Common/Inc -I../../../../../../../Drivers/CMSIS/Include -I../../../../../../../Drivers/CMSIS/Device/ST/STM32L4xx/Include -I../../../../../../../Drivers/STM32L4xx_HAL_Driver/Inc -I../../../../../../../Drivers/BSP/B-L475E-IOT01 -O0 -ffunction-sections -fdata-sections -Wall -fstack-usage -fcyclomatic-complexity -MMD -MP -MF"Drivers/STM32L4xx_HAL_Driver/stm32l4xx_hal_i2c_ex.d" -MT"Drivers/STM32L4xx_HAL_Driver/stm32l4xx_hal_i2c_ex.o" --specs=nano.specs -mfpu=fpv4-sp-d16 -mfloat-abi=hard -mthumb -o "Drivers/STM32L4xx_HAL_Driver/stm32l4xx_hal_i2c_ex.o"
arm-none-eabi-gcc "C:/Users/tedwa/Documents/ENEE408A/STM32CubeL4/Drivers/STM32L4xx_HAL_Driver/Src/stm32l4xx_hal_pwr.c" -mcpu=cortex-m4 -std=gnu11 -g3 -DUSE_HAL_DRIVER -DUSE_STM32L475E_IOT01 -DSTM32L475xx -c -I../../Inc -I../../../Common/Inc -I../../../../../../../Drivers/CMSIS/Include -I../../../../../../../Drivers/CMSIS/Device/ST/STM32L4xx/Include -I../../../../../../../Drivers/STM32L4xx_HAL_Driver/Inc -I../../../../../../../Drivers/BSP/B-L475E-IOT01 -O0 -ffunction-sections -fdata-sections -Wall -fstack-usage -fcyclomatic-complexity -MMD -MP -MF"Drivers/STM32L4xx_HAL_Driver/stm32l4xx_hal_pwr.d" -MT"Drivers/STM32L4xx_HAL_Driver/stm32l4xx_hal_pwr.o" --specs=nano.specs -mfpu=fpv4-sp-d16 -mfloat-abi=hard -mthumb -o "Drivers/STM32L4xx_HAL_Driver/stm32l4xx_hal_pwr.o"
arm-none-eabi-gcc "C:/Users/tedwa/Documents/ENEE408A/STM32CubeL4/Drivers/STM32L4xx_HAL_Driver/Src/stm32l4xx_hal_pwr_ex.c" -mcpu=cortex-m4 -std=gnu11 -g3 -DUSE_HAL_DRIVER -DUSE_STM32L475E_IOT01 -DSTM32L475xx -c -I../../Inc -I../../../Common/Inc -I../../../../../../../Drivers/CMSIS/Include -I../../../../../../../Drivers/CMSIS/Device/ST/STM32L4xx/Include -I../../../../../../../Drivers/STM32L4xx_HAL_Driver/Inc -I../../../../../../../Drivers/BSP/B-L475E-IOT01 -O0 -ffunction-sections -fdata-sections -Wall -fstack-usage -fcyclomatic-complexity -MMD -MP -MF"Drivers/STM32L4xx_HAL_Driver/stm32l4xx_hal_pwr_ex.d" -MT"Drivers/STM32L4xx_HAL_Driver/stm32l4xx_hal_pwr_ex.o" --specs=nano.specs -mfpu=fpv4-sp-d16 -mfloat-abi=hard -mthumb -o "Drivers/STM32L4xx_HAL_Driver/stm32l4xx_hal_pwr_ex.o"
arm-none-eabi-gcc "C:/Users/tedwa/Documents/ENEE408A/STM32CubeL4/Drivers/STM32L4xx_HAL_Driver/Src/stm32l4xx_hal_rcc.c" -mcpu=cortex-m4 -std=gnu11 -g3 -DUSE_HAL_DRIVER -DUSE_STM32L475E_IOT01 -DSTM32L475xx -c -I../../Inc -I../../../Common/Inc -I../../../../../../../Drivers/CMSIS/Include -I../../../../../../../Drivers/CMSIS/Device/ST/STM32L4xx/Include -I../../../../../../../Drivers/STM32L4xx_HAL_Driver/Inc -I../../../../../../../Drivers/BSP/B-L475E-IOT01 -O0 -ffunction-sections -fdata-sections -Wall -fstack-usage -fcyclomatic-complexity -MMD -MP -MF"Drivers/STM32L4xx_HAL_Driver/stm32l4xx_hal_rcc.d" -MT"Drivers/STM32L4xx_HAL_Driver/stm32l4xx_hal_rcc.o" --specs=nano.specs -mfpu=fpv4-sp-d16 -mfloat-abi=hard -mthumb -o "Drivers/STM32L4xx_HAL_Driver/stm32l4xx_hal_rcc.o"
arm-none-eabi-gcc "C:/Users/tedwa/Documents/ENEE408A/STM32CubeL4/Drivers/STM32L4xx_HAL_Driver/Src/stm32l4xx_hal_rcc_ex.c" -mcpu=cortex-m4 -std=gnu11 -g3 -DUSE_HAL_DRIVER -DUSE_STM32L475E_IOT01 -DSTM32L475xx -c -I../../Inc -I../../../Common/Inc -I../../../../../../../Drivers/CMSIS/Include -I../../../../../../../Drivers/CMSIS/Device/ST/STM32L4xx/Include -I../../../../../../../Drivers/STM32L4xx_HAL_Driver/Inc -I../../../../../../../Drivers/BSP/B-L475E-IOT01 -O0 -ffunction-sections -fdata-sections -Wall -fstack-usage -fcyclomatic-complexity -MMD -MP -MF"Drivers/STM32L4xx_HAL_Driver/stm32l4xx_hal_rcc_ex.d" -MT"Drivers/STM32L4xx_HAL_Driver/stm32l4xx_hal_rcc_ex.o" --specs=nano.specs -mfpu=fpv4-sp-d16 -mfloat-abi=hard -mthumb -o "Drivers/STM32L4xx_HAL_Driver/stm32l4xx_hal_rcc_ex.o"
arm-none-eabi-gcc "C:/Users/tedwa/Documents/ENEE408A/STM32CubeL4/Drivers/STM32L4xx_HAL_Driver/Src/stm32l4xx_hal_spi.c" -mcpu=cortex-m4 -std=gnu11 -g3 -DUSE_HAL_DRIVER -DUSE_STM32L475E_IOT01 -DSTM32L475xx -c -I../../Inc -I../../../Common/Inc -I../../../../../../../Drivers/CMSIS/Include -I../../../../../../../Drivers/CMSIS/Device/ST/STM32L4xx/Include -I../../../../../../../Drivers/STM32L4xx_HAL_Driver/Inc -I../../../../../../../Drivers/BSP/B-L475E-IOT01 -O0 -ffunction-sections -fdata-sections -Wall -fstack-usage -fcyclomatic-complexity -MMD -MP -MF"Drivers/STM32L4xx_HAL_Driver/stm32l4xx_hal_spi.d" -MT"Drivers/STM32L4xx_HAL_Driver/stm32l4xx_hal_spi.o" --specs=nano.specs -mfpu=fpv4-sp-d16 -mfloat-abi=hard -mthumb -o "Drivers/STM32L4xx_HAL_Driver/stm32l4xx_hal_spi.o"
arm-none-eabi-gcc "C:/Users/tedwa/Documents/ENEE408A/STM32CubeL4/Drivers/STM32L4xx_HAL_Driver/Src/stm32l4xx_hal_spi_ex.c" -mcpu=cortex-m4 -std=gnu11 -g3 -DUSE_HAL_DRIVER -DUSE_STM32L475E_IOT01 -DSTM32L475xx -c -I../../Inc -I../../../Common/Inc -I../../../../../../../Drivers/CMSIS/Include -I../../../../../../../Drivers/CMSIS/Device/ST/STM32L4xx/Include -I../../../../../../../Drivers/STM32L4xx_HAL_Driver/Inc -I../../../../../../../Drivers/BSP/B-L475E-IOT01 -O0 -ffunction-sections -fdata-sections -Wall -fstack-usage -fcyclomatic-complexity -MMD -MP -MF"Drivers/STM32L4xx_HAL_Driver/stm32l4xx_hal_spi_ex.d" -MT"Drivers/STM32L4xx_HAL_Driver/stm32l4xx_hal_spi_ex.o" --specs=nano.specs -mfpu=fpv4-sp-d16 -mfloat-abi=hard -mthumb -o "Drivers/STM32L4xx_HAL_Driver/stm32l4xx_hal_spi_ex.o"
arm-none-eabi-gcc "C:/Users/tedwa/Documents/ENEE408A/STM32CubeL4/Drivers/STM32L4xx_HAL_Driver/Src/stm32l4xx_hal_uart.c" -mcpu=cortex-m4 -std=gnu11 -g3 -DUSE_HAL_DRIVER -DUSE_STM32L475E_IOT01 -DSTM32L475xx -c -I../../Inc -I../../../Common/Inc -I../../../../../../../Drivers/CMSIS/Include -I../../../../../../../Drivers/CMSIS/Device/ST/STM32L4xx/Include -I../../../../../../../Drivers/STM32L4xx_HAL_Driver/Inc -I../../../../../../../Drivers/BSP/B-L475E-IOT01 -O0 -ffunction-sections -fdata-sections -Wall -fstack-usage -fcyclomatic-complexity -MMD -MP -MF"Drivers/STM32L4xx_HAL_Driver/stm32l4xx_hal_uart.d" -MT"Drivers/STM32L4xx_HAL_Driver/stm32l4xx_hal_uart.o" --specs=nano.specs -mfpu=fpv4-sp-d16 -mfloat-abi=hard -mthumb -o "Drivers/STM32L4xx_HAL_Driver/stm32l4xx_hal_uart.o"
arm-none-eabi-gcc "C:/Users/tedwa/Documents/ENEE408A/STM32CubeL4/Drivers/STM32L4xx_HAL_Driver/Src/stm32l4xx_hal_uart_ex.c" -mcpu=cortex-m4 -std=gnu11 -g3 -DUSE_HAL_DRIVER -DUSE_STM32L475E_IOT01 -DSTM32L475xx -c -I../../Inc -I../../../Common/Inc -I../../../../../../../Drivers/CMSIS/Include -I../../../../../../../Drivers/CMSIS/Device/ST/STM32L4xx/Include -I../../../../../../../Drivers/STM32L4xx_HAL_Driver/Inc -I../../../../../../../Drivers/BSP/B-L475E-IOT01 -O0 -ffunction-sections -fdata-sections -Wall -fstack-usage -fcyclomatic-complexity -MMD -MP -MF"Drivers/STM32L4xx_HAL_Driver/stm32l4xx_hal_uart_ex.d" -MT"Drivers/STM32L4xx_HAL_Driver/stm32l4xx_hal_uart_ex.o" --specs=nano.specs -mfpu=fpv4-sp-d16 -mfloat-abi=hard -mthumb -o "Drivers/STM32L4xx_HAL_Driver/stm32l4xx_hal_uart_ex.o"
[...]
arm-none-eabi-gcc "C:/Users/tedwa/Documents/ENEE408A/STM32CubeL4/Drivers/STM32L4xx_HAL_Driver/Src/stm32l4xx_hal_gpio.c" -mcpu=cortex-m4 -std=gnu11 -g3 -DUSE_HAL_DRIVER -DUSE_STM32L475E_IOT01 -DSTM32L475xx -c -I../../Inc -I../Drivers/CMSIS/DSP -I../../../Common/Inc -I../../../../../../../Drivers/CMSIS/Include -I../../../../../../../Drivers/CMSIS/Device/ST/STM32L4xx/Include -I../../../../../../../Drivers/STM32L4xx_HAL_Driver/Inc -I../../../../../../../Drivers/BSP/B-L475E-IOT01 -O0 -ffunction-sections -fdata-sections -Wall -fstack-usage -fcyclomatic-complexity -MMD -MP -MF"Drivers/STM32L4xx_HAL_Driver/stm32l4xx_hal_gpio.d" -MT"Drivers/STM32L4xx_HAL_Driver/stm32l4xx_hal_gpio.o" --specs=nano.specs -mfpu=fpv4-sp-d16 -mfloat-abi=hard -mthumb -o "Drivers/STM32L4xx_HAL_Driver/stm32l4xx_hal_gpio.o"
arm-none-eabi-gcc "C:/Users/tedwa/Documents/ENEE408A/STM32CubeL4/Drivers/STM32L4xx_HAL_Driver/Src/stm32l4xx_hal_i2c.c" -mcpu=cortex-m4 -std=gnu11 -g3 -DUSE_HAL_DRIVER -DUSE_STM32L475E_IOT01 -DSTM32L475xx -c -I../../Inc -I../Drivers/CMSIS/DSP -I../../../Common/Inc -I../../../../../../../Drivers/CMSIS/Include -I../../../../../../../Drivers/CMSIS/Device/ST/STM32L4xx/Include -I../../../../../../../Drivers/STM32L4xx_HAL_Driver/Inc -I../../../../../../../Drivers/BSP/B-L475E-IOT01 -O0 -ffunction-sections -fdata-sections -Wall -fstack-usage -fcyclomatic-complexity -MMD -MP -MF"Drivers/STM32L4xx_HAL_Driver/stm32l4xx_hal_i2c.d" -MT"Drivers/STM32L4xx_HAL_Driver/stm32l4xx_hal_i2c.o" --specs=nano.specs -mfpu=fpv4-sp-d16 -mfloat-abi=hard -mthumb -o "Drivers/STM32L4xx_HAL_Driver/stm32l4xx_hal_i2c.o"
arm-none-eabi-gcc "C:/Users/tedwa/Documents/ENEE408A/STM32CubeL4/Drivers/STM32L4xx_HAL_Driver/Src/stm32l4xx_hal_i2c_ex.c" -mcpu=cortex-m4 -std=gnu11 -g3 -DUSE_HAL_DRIVER -DUSE_STM32L475E_IOT01 -DSTM32L475xx -c -I../../Inc -I../Drivers/CMSIS/DSP -I../../../Common/Inc -I../../../../../../../Drivers/CMSIS/Include -I../../../../../../../Drivers/CMSIS/Device/ST/STM32L4xx/Include -I../../../../../../../Drivers/STM32L4xx_HAL_Driver/Inc -I../../../../../../../Drivers/BSP/B-L475E-IOT01 -O0 -ffunction-sections -fdata-sections -Wall -fstack-usage -fcyclomatic-complexity -MMD -MP -MF"Drivers/STM32L4xx_HAL_Driver/stm32l4xx_hal_i2c_ex.d" -MT"Drivers/STM32L4xx_HAL_Driver/stm32l4xx_hal_i2c_ex.o" --specs=nano.specs -mfpu=fpv4-sp-d16 -mfloat-abi=hard -mthumb -o "Drivers/STM32L4xx_HAL_Driver/stm32l4xx_hal_i2c_ex.o"
arm-none-eabi-gcc "C:/Users/tedwa/Documents/ENEE408A/STM32CubeL4/Drivers/STM32L4xx_HAL_Driver/Src/stm32l4xx_hal_pwr.c" -mcpu=cortex-m4 -std=gnu11 -g3 -DUSE_HAL_DRIVER -DUSE_STM32L475E_IOT01 -DSTM32L475xx -c -I../../Inc -I../Drivers/CMSIS/DSP -I../../../Common/Inc -I../../../../../../../Drivers/CMSIS/Include -I../../../../../../../Drivers/CMSIS/Device/ST/STM32L4xx/Include -I../../../../../../../Drivers/STM32L4xx_HAL_Driver/Inc -I../../../../../../../Drivers/BSP/B-L475E-IOT01 -O0 -ffunction-sections -fdata-sections -Wall -fstack-usage -fcyclomatic-complexity -MMD -MP -MF"Drivers/STM32L4xx_HAL_Driver/stm32l4xx_hal_pwr.d" -MT"Drivers/STM32L4xx_HAL_Driver/stm32l4xx_hal_pwr.o" --specs=nano.specs -mfpu=fpv4-sp-d16 -mfloat-abi=hard -mthumb -o "Drivers/STM32L4xx_HAL_Driver/stm32l4xx_hal_pwr.o"
arm-none-eabi-gcc "C:/Users/tedwa/Documents/ENEE408A/STM32CubeL4/Drivers/STM32L4xx_HAL_Driver/Src/stm32l4xx_hal_pwr_ex.c" -mcpu=cortex-m4 -std=gnu11 -g3 -DUSE_HAL_DRIVER -DUSE_STM32L475E_IOT01 -DSTM32L475xx -c -I../../Inc -I../Drivers/CMSIS/DSP -I../../../Common/Inc -I../../../../../../../Drivers/CMSIS/Include -I../../../../../../../Drivers/CMSIS/Device/ST/STM32L4xx/Include -I../../../../../../../Drivers/STM32L4xx_HAL_Driver/Inc -I../../../../../../../Drivers/BSP/B-L475E-IOT01 -O0 -ffunction-sections -fdata-sections -Wall -fstack-usage -fcyclomatic-complexity -MMD -MP -MF"Drivers/STM32L4xx_HAL_Driver/stm32l4xx_hal_pwr_ex.d" -MT"Drivers/STM32L4xx_HAL_Driver/stm32l4xx_hal_pwr_ex.o" --specs=nano.specs -mfpu=fpv4-sp-d16 -mfloat-abi=hard -mthumb -o "Drivers/STM32L4xx_HAL_Driver/stm32l4xx_hal_pwr_ex.o"
arm-none-eabi-gcc "C:/Users/tedwa/Documents/ENEE408A/STM32CubeL4/Drivers/STM32L4xx_HAL_Driver/Src/stm32l4xx_hal_rcc.c" -mcpu=cortex-m4 -std=gnu11 -g3 -DUSE_HAL_DRIVER -DUSE_STM32L475E_IOT01 -DSTM32L475xx -c -I../../Inc -I../Drivers/CMSIS/DSP -I../../../Common/Inc -I../../../../../../../Drivers/CMSIS/Include -I../../../../../../../Drivers/CMSIS/Device/ST/STM32L4xx/Include -I../../../../../../../Drivers/STM32L4xx_HAL_Driver/Inc -I../../../../../../../Drivers/BSP/B-L475E-IOT01 -O0 -ffunction-sections -fdata-sections -Wall -fstack-usage -fcyclomatic-complexity -MMD -MP -MF"Drivers/STM32L4xx_HAL_Driver/stm32l4xx_hal_rcc.d" -MT"Drivers/STM32L4xx_HAL_Driver/stm32l4xx_hal_rcc.o" --specs=nano.specs -mfpu=fpv4-sp-d16 -mfloat-abi=hard -mthumb -o "Drivers/STM32L4xx_HAL_Driver/stm32l4xx_hal_rcc.o"
arm-none-eabi-gcc "C:/Users/tedwa/Documents/ENEE408A/STM32CubeL4/Drivers/STM32L4xx_HAL_Driver/Src/stm32l4xx_hal_rcc_ex.c" -mcpu=cortex-m4 -std=gnu11 -g3 -DUSE_HAL_DRIVER -DUSE_STM32L475E_IOT01 -DSTM32L475xx -c -I../../Inc -I../Drivers/CMSIS/DSP -I../../../Common/Inc -I../../../../../../../Drivers/CMSIS/Include -I../../../../../../../Drivers/CMSIS/Device/ST/STM32L4xx/Include -I../../../../../../../Drivers/STM32L4xx_HAL_Driver/Inc -I../../../../../../../Drivers/BSP/B-L475E-IOT01 -O0 -ffunction-sections -fdata-sections -Wall -fstack-usage -fcyclomatic-complexity -MMD -MP -MF"Drivers/STM32L4xx_HAL_Driver/stm32l4xx_hal_rcc_ex.d" -MT"Drivers/STM32L4xx_HAL_Driver/stm32l4xx_hal_rcc_ex.o" --specs=nano.specs -mfpu=fpv4-sp-d16 -mfloat-abi=hard -mthumb -o "Drivers/STM32L4xx_HAL_Driver/stm32l4xx_hal_rcc_ex.o"
arm-none-eabi-gcc "C:/Users/tedwa/Documents/ENEE408A/STM32CubeL4/Drivers/STM32L4xx_HAL_Driver/Src/stm32l4xx_hal_spi.c" -mcpu=cortex-m4 -std=gnu11 -g3 -DUSE_HAL_DRIVER -DUSE_STM32L475E_IOT01 -DSTM32L475xx -c -I../../Inc -I../Drivers/CMSIS/DSP -I../../../Common/Inc -I../../../../../../../Drivers/CMSIS/Include -I../../../../../../../Drivers/CMSIS/Device/ST/STM32L4xx/Include -I../../../../../../../Drivers/STM32L4xx_HAL_Driver/Inc -I../../../../../../../Drivers/BSP/B-L475E-IOT01 -O0 -ffunction-sections -fdata-sections -Wall -fstack-usage -fcyclomatic-complexity -MMD -MP -MF"Drivers/STM32L4xx_HAL_Driver/stm32l4xx_hal_spi.d" -MT"Drivers/STM32L4xx_HAL_Driver/stm32l4xx_hal_spi.o" --specs=nano.specs -mfpu=fpv4-sp-d16 -mfloat-abi=hard -mthumb -o "Drivers/STM32L4xx_HAL_Driver/stm32l4xx_hal_spi.o"
arm-none-eabi-gcc "C:/Users/tedwa/Documents/ENEE408A/STM32CubeL4/Drivers/STM32L4xx_HAL_Driver/Src/stm32l4xx_hal_spi_ex.c" -mcpu=cortex-m4 -std=gnu11 -g3 -DUSE_HAL_DRIVER -DUSE_STM32L475E_IOT01 -DSTM32L475xx -c -I../../Inc -I../Drivers/CMSIS/DSP -I../../../Common/Inc -I../../../../../../../Drivers/CMSIS/Include -I../../../../../../../Drivers/CMSIS/Device/ST/STM32L4xx/Include -I../../../../../../../Drivers/STM32L4xx_HAL_Driver/Inc -I../../../../../../../Drivers/BSP/B-L475E-IOT01 -O0 -ffunction-sections -fdata-sections -Wall -fstack-usage -fcyclomatic-complexity -MMD -MP -MF"Drivers/STM32L4xx_HAL_Driver/stm32l4xx_hal_spi_ex.d" -MT"Drivers/STM32L4xx_HAL_Driver/stm32l4xx_hal_spi_ex.o" --specs=nano.specs -mfpu=fpv4-sp-d16 -mfloat-abi=hard -mthumb -o "Drivers/STM32L4xx_HAL_Driver/stm32l4xx_hal_spi_ex.o"
arm-none-eabi-gcc "../Drivers/STM32L4xx_HAL_Driver/stm32l4xx_hal_tim.c" -mcpu=cortex-m4 -std=gnu11 -g3 -DUSE_HAL_DRIVER -DUSE_STM32L475E_IOT01 -DSTM32L475xx -c -I../../Inc -I../Drivers/CMSIS/DSP -I../../../Common/Inc -I../../../../../../../Drivers/CMSIS/Include -I../../../../../../../Drivers/CMSIS/Device/ST/STM32L4xx/Include -I../../../../../../../Drivers/STM32L4xx_HAL_Driver/Inc -I../../../../../../../Drivers/BSP/B-L475E-IOT01 -O0 -ffunction-sections -fdata-sections -Wall -fstack-usage -fcyclomatic-complexity -MMD -MP -MF"Drivers/STM32L4xx_HAL_Driver/stm32l4xx_hal_tim.d" -MT"Drivers/STM32L4xx_HAL_Driver/stm32l4xx_hal_tim.o" --specs=nano.specs -mfpu=fpv4-sp-d16 -mfloat-abi=hard -mthumb -o "Drivers/STM32L4xx_HAL_Driver/stm32l4xx_hal_tim.o"
arm-none-eabi-gcc "../Drivers/STM32L4xx_HAL_Driver/stm32l4xx_hal_tim_ex.c" -mcpu=cortex-m4 -std=gnu11 -g3 -DUSE_HAL_DRIVER -DUSE_STM32L475E_IOT01 -DSTM32L475xx -c -I../../Inc -I../Drivers/CMSIS/DSP -I../../../Common/Inc -I../../../../../../../Drivers/CMSIS/Include -I../../../../../../../Drivers/CMSIS/Device/ST/STM32L4xx/Include -I../../../../../../../Drivers/STM32L4xx_HAL_Driver/Inc -I../../../../../../../Drivers/BSP/B-L475E-IOT01 -O0 -ffunction-sections -fdata-sections -Wall -fstack-usage -fcyclomatic-complexity -MMD -MP -MF"Drivers/STM32L4xx_HAL_Driver/stm32l4xx_hal_tim_ex.d" -MT"Drivers/STM32L4xx_HAL_Driver/stm32l4xx_hal_tim_ex.o" --specs=nano.specs -mfpu=fpv4-sp-d16 -mfloat-abi=hard -mthumb -o "Drivers/STM32L4xx_HAL_Driver/stm32l4xx_hal_tim_ex.o"
arm-none-eabi-gcc "C:/Users/tedwa/Documents/ENEE408A/STM32CubeL4/Drivers/STM32L4xx_HAL_Driver/Src/stm32l4xx_hal_uart.c" -mcpu=cortex-m4 -std=gnu11 -g3 -DUSE_HAL_DRIVER -DUSE_STM32L475E_IOT01 -DSTM32L475xx -c -I../../Inc -I../Drivers/CMSIS/DSP -I../../../Common/Inc -I../../../../../../../Drivers/CMSIS/Include -I../../../../../../../Drivers/CMSIS/Device/ST/STM32L4xx/Include -I../../../../../../../Drivers/STM32L4xx_HAL_Driver/Inc -I../../../../../../../Drivers/BSP/B-L475E-IOT01 -O0 -ffunction-sections -fdata-sections -Wall -fstack-usage -fcyclomatic-complexity -MMD -MP -MF"Drivers/STM32L4xx_HAL_Driver/stm32l4xx_hal_uart.d" -MT"Drivers/STM32L4xx_HAL_Driver/stm32l4xx_hal_uart.o" --specs=nano.specs -mfpu=fpv4-sp-d16 -mfloat-abi=hard -mthumb -o "Drivers/STM32L4xx_HAL_Driver/stm32l4xx_hal_uart.o"
arm-none-eabi-gcc "C:/Users/tedwa/Documents/ENEE408A/STM32CubeL4/Drivers/STM32L4xx_HAL_Driver/Src/stm32l4xx_hal_uart_ex.c" -mcpu=cortex-m4 -std=gnu11 -g3 -DUSE_HAL_DRIVER -DUSE_STM32L475E_IOT01 -DSTM32L475xx -c -I../../Inc -I../Drivers/CMSIS/DSP -I../../../Common/Inc -I../../../../../../../Drivers/CMSIS/Include -I../../../../../../../Drivers/CMSIS/Device/ST/STM32L4xx/Include -I../../../../../../../Drivers/STM32L4xx_HAL_Driver/Inc -I../../../../../../../Drivers/BSP/B-L475E-IOT01 -O0 -ffunction-sections -fdata-sections -Wall -fstack-usage -fcyclomatic-complexity -MMD -MP -MF"Drivers/STM32L4xx_HAL_Driver/stm32l4xx_hal_uart_ex.d" -MT"Drivers/STM32L4xx_HAL_Driver/stm32l4xx_hal_uart_ex.o" --specs=nano.specs -mfpu=fpv4-sp-d16 -mfloat-abi=hard -mthumb -o "Drivers/STM32L4xx_HAL_Driver/stm32l4xx_hal_uart_ex.o"
arm-none-eabi-gcc "C:/Users/tedwa/Documents/ENEE408A/STM32CubeL4/Projects/B-L475E-IOT01A/Applications/WiFi/WiFi_HTTP_Server/Src/system_stm32l4xx.c" -mcpu=cortex-m4 -std=gnu11 -g3 -DUSE_HAL_DRIVER -DUSE_STM32L475E_IOT01 -DSTM32L475xx -c -I../../Inc -I../Drivers/CMSIS/DSP -I../../../Common/Inc -I../../../../../../../Drivers/CMSIS/Include -I../../../../../../../Drivers/CMSIS/Device/ST/STM32L4xx/Include -I../../../../../../../Drivers/STM32L4xx_HAL_Driver/Inc -I../../../../../../../Drivers/BSP/B-L475E-IOT01 -O0 -ffunction-sections -fdata-sections -Wall -fstack-usage -fcyclomatic-complexity -MMD -MP -MF"Drivers/CMSIS/system_stm32l4xx.d" -MT"Drivers/CMSIS/system_stm32l4xx.o" --specs=nano.specs -mfpu=fpv4-sp-d16 -mfloat-abi=hard -mthumb -o "Drivers/CMSIS/system_stm32l4xx.o"
arm-none-eabi-gcc "C:/Users/tedwa/Documents/ENEE408A/STM32CubeL4/Drivers/BSP/Components/hts221/hts221.c" -mcpu=cortex-m4 -std=gnu11 -g3 -DUSE_HAL_DRIVER -DUSE_STM32L475E_IOT01 -DSTM32L475xx -c -I../../Inc -I../Drivers/CMSIS/DSP -I../../../Common/Inc -I../../../../../../../Drivers/CMSIS/Include -I../../../../../../../Drivers/CMSIS/Device/ST/STM32L4xx/Include -I../../../../../../../Drivers/STM32L4xx_HAL_Driver/Inc -I../../../../../../../Drivers/BSP/B-L475E-IOT01 -O0 -ffunction-sections -fdata-sections -Wall -fstack-usage -fcyclomatic-complexity -MMD -MP -MF"Drivers/BSP/hts221.d" -MT"Drivers/BSP/hts221.o" --specs=nano.specs -mfpu=fpv4-sp-d16 -mfloat-abi=hard -mthumb -o "Drivers/BSP/hts221.o"
arm-none-eabi-gcc "C:/Users/tedwa/Documents/ENEE408A/STM32CubeL4/Projects/B-L475E-IOT01A/Applications/WiFi/Common/Src/es_wifi.c" -mcpu=cortex-m4 -std=gnu11 -g3 -DUSE_HAL_DRIVER -DUSE_STM32L475E_IOT01 -DSTM32L475xx -c -I../../Inc -I../Drivers/CMSIS/DSP -I../../../Common/Inc -I../../../../../../../Drivers/CMSIS/Include -I../../../../../../../Drivers/CMSIS/Device/ST/STM32L4xx/Include -I../../../../../../../Drivers/STM32L4xx_HAL_Driver/Inc -I../../../../../../../Drivers/BSP/B-L475E-IOT01 -O0 -ffunction-sections -fdata-sections -Wall -fstack-usage -fcyclomatic-complexity -MMD -MP -MF"Application/WIFI/es_wifi.d" -MT"Application/WIFI/es_wifi.o" --specs=nano.specs -mfpu=fpv4-sp-d16 -mfloat-abi=hard -mthumb -o "Application/WIFI/es_wifi.o"
arm-none-eabi-gcc "C:/Users/tedwa/Documents/ENEE408A/STM32CubeL4/Projects/B-L475E-IOT01A/Applications/WiFi/Common/Src/es_wifi_io.c" -mcpu=cortex-m4 -std=gnu11 -g3 -DUSE_HAL_DRIVER -DUSE_STM32L475E_IOT01 -DSTM32L475xx -c -I../../Inc -I../Drivers/CMSIS/DSP -I../../../Common/Inc -I../../../../../../../Drivers/CMSIS/Include -I../../../../../../../Drivers/CMSIS/Device/ST/STM32L4xx/Include -I../../../../../../../Drivers/STM32L4xx_HAL_Driver/Inc -I../../../../../../../Drivers/BSP/B-L475E-IOT01 -O0 -ffunction-sections -fdata-sections -Wall -fstack-usage -fcyclomatic-complexity -MMD -MP -MF"Application/WIFI/es_wifi_io.d" -MT"Application/WIFI/es_wifi_io.o" --specs=nano.specs -mfpu=fpv4-sp-d16 -mfloat-abi=hard -mthumb -o "Application/WIFI/es_wifi_io.o"
arm-none-eabi-gcc "C:/Users/tedwa/Documents/ENEE408A/STM32CubeL4/Projects/B-L475E-IOT01A/Applications/WiFi/Common/Src/wifi.c" -mcpu=cortex-m4 -std=gnu11 -g3 -DUSE_HAL_DRIVER -DUSE_STM32L475E_IOT01 -DSTM32L475xx -c -I../../Inc -I../Drivers/CMSIS/DSP -I../../../Common/Inc -I../../../../../../../Drivers/CMSIS/Include -I../../../../../../../Drivers/CMSIS/Device/ST/STM32L4xx/Include -I../../../../../../../Drivers/STM32L4xx_HAL_Driver/Inc -I../../../../../../../Drivers/BSP/B-L475E-IOT01 -O0 -ffunction-sections -fdata-sections -Wall -fstack-usage -fcyclomatic-complexity -MMD -MP -MF"Application/WIFI/wifi.d" -MT"Application/WIFI/wifi.o" --specs=nano.specs -mfpu=fpv4-sp-d16 -mfloat-abi=hard -mthumb -o "Application/WIFI/wifi.o"
arm-none-eabi-gcc "C:/Users/tedwa/Documents/ENEE408A/STM32CubeL4/Projects/B-L475E-IOT01A/Applications/WiFi/WiFi_HTTP_Server/Src/main.c" -mcpu=cortex-m4 -std=gnu11 -g3 -DUSE_HAL_DRIVER -DUSE_STM32L475E_IOT01 -DSTM32L475xx -c -I../../Inc -I../Drivers/CMSIS/DSP -I../../../Common/Inc -I../../../../../../../Drivers/CMSIS/Include -I../../../../../../../Drivers/CMSIS/Device/ST/STM32L4xx/Include -I../../../../../../../Drivers/STM32L4xx_HAL_Driver/Inc -I../../../../../../../Drivers/BSP/B-L475E-IOT01 -O0 -ffunction-sections -fdata-sections -Wall -fstack-usage -fcyclomatic-complexity -MMD -MP -MF"Application/User/main.d" -MT"Application/User/main.o" --specs=nano.specs -mfpu=fpv4-sp-d16 -mfloat-abi=hard -mthumb -o "Application/User/main.o"
arm-none-eabi-gcc "C:/Users/tedwa/Documents/ENEE408A/STM32CubeL4/Projects/B-L475E-IOT01A/Applications/WiFi/WiFi_HTTP_Server/Src/stm32l4xx_it.c" -mcpu=cortex-m4 -std=gnu11 -g3 -DUSE_HAL_DRIVER -DUSE_STM32L475E_IOT01 -DSTM32L475xx -c -I../../Inc -I../Drivers/CMSIS/DSP -I../../../Common/Inc -I../../../../../../../Drivers/CMSIS/Include -I../../../../../../../Drivers/CMSIS/Device/ST/STM32L4xx/Include -I../../../../../../../Drivers/STM32L4xx_HAL_Driver/Inc -I../../../../../../../Drivers/BSP/B-L475E-IOT01 -O0 -ffunction-sections -fdata-sections -Wall -fstack-usage -fcyclomatic-complexity -MMD -MP -MF"Application/User/stm32l4xx_it.d" -MT"Application/User/stm32l4xx_it.o" --specs=nano.specs -mfpu=fpv4-sp-d16 -mfloat-abi=hard -mthumb -o "Application/User/stm32l4xx_it.o"
arm-none-eabi-gcc "../Application/User/syscalls.c" -mcpu=cortex-m4 -std=gnu11 -g3 -DUSE_HAL_DRIVER -DUSE_STM32L475E_IOT01 -DSTM32L475xx -c -I../../Inc -I../Drivers/CMSIS/DSP -I../../../Common/Inc -I../../../../../../../Drivers/CMSIS/Include -I../../../../../../../Drivers/CMSIS/Device/ST/STM32L4xx/Include -I../../../../../../../Drivers/STM32L4xx_HAL_Driver/Inc -I../../../../../../../Drivers/BSP/B-L475E-IOT01 -O0 -ffunction-sections -fdata-sections -Wall -fstack-usage -fcyclomatic-complexity -MMD -MP -MF"Application/User/syscalls.d" -MT"Application/User/syscalls.o" --specs=nano.specs -mfpu=fpv4-sp-d16 -mfloat-abi=hard -mthumb -o "Application/User/syscalls.o"
arm-none-eabi-gcc "../Application/User/sysmem.c" -mcpu=cortex-m4 -std=gnu11 -g3 -DUSE_HAL_DRIVER -DUSE_STM32L475E_IOT01 -DSTM32L475xx -c -I../../Inc -I../Drivers/CMSIS/DSP -I../../../Common/Inc -I../../../../../../../Drivers/CMSIS/Include -I../../../../../../../Drivers/CMSIS/Device/ST/STM32L4xx/Include -I../../../../../../../Drivers/STM32L4xx_HAL_Driver/Inc -I../../../../../../../Drivers/BSP/B-L475E-IOT01 -O0 -ffunction-sections -fdata-sections -Wall -fstack-usage -fcyclomatic-complexity -MMD -MP -MF"Application/User/sysmem.d" -MT"Application/User/sysmem.o" --specs=nano.specs -mfpu=fpv4-sp-d16 -mfloat-abi=hard -mthumb -o "Application/User/sysmem.o"
arm-none-eabi-gcc -mcpu=cortex-m4 -g3 -DDEBUG -c -x assembler-with-cpp -MMD -MP -MF"Application/Startup/startup_stm32l475vgtx.d" -MT"Application/Startup/startup_stm32l475vgtx.o" --specs=nano.specs -mfpu=fpv4-sp-d16 -mfloat-abi=hard -mthumb -o "Application/Startup/startup_stm32l475vgtx.o" "../Application/Startup/startup_stm32l475vgtx.s"
C:/Users/tedwa/Documents/ENEE408A/STM32CubeL4/Projects/B-L475E-IOT01A/Applications/WiFi/WiFi_HTTP_Server/Src/main.c: In function 'wifi_connect':
C:/Users/tedwa/Documents/ENEE408A/STM32CubeL4/Projects/B-L475E-IOT01A/Applications/WiFi/WiFi_HTTP_Server/Src/main.c:186:24: warning: pointer targets in passing argument 1 of 'WIFI_GetModuleID' differ in signedness [-Wpointer-sign]
  186 |   if (WIFI_GetModuleID(fw_info, sizeof(fw_info)) == WIFI_STATUS_OK)
      |                        ^~~~~~~
      |                        |
      |                        uint8_t * {aka unsigned char *}
In file included from ../../Inc/main.h:39,
                 from C:/Users/tedwa/Documents/ENEE408A/STM32CubeL4/Projects/B-L475E-IOT01A/Applications/WiFi/WiFi_HTTP_Server/Src/main.c:8:
../../../Common/Inc/wifi.h:161:38: note: expected 'char *' but argument is of type 'uint8_t *' {aka 'unsigned char *'}
  161 | WIFI_Status_t WIFI_GetModuleID(char *Id, uint8_t IdLength);
      |                                ~~~~~~^~
C:/Users/tedwa/Documents/ENEE408A/STM32CubeL4/Projects/B-L475E-IOT01A/Applications/WiFi/WiFi_HTTP_Server/Src/main.c:189:32: warning: pointer targets in passing argument 1 of 'WIFI_GetModuleFwRevision' differ in signedness [-Wpointer-sign]
  189 |   if (WIFI_GetModuleFwRevision(fw_info, sizeof(fw_info)) == WIFI_STATUS_OK)
      |                                ^~~~~~~
      |                                |
      |                                uint8_t * {aka unsigned char *}
../../../Common/Inc/wifi.h:162:46: note: expected 'char *' but argument is of type 'uint8_t *' {aka 'unsigned char *'}
  162 | WIFI_Status_t WIFI_GetModuleFwRevision(char *rev, uint8_t RevLength);
      |                                        ~~~~~~^~~
arm-none-eabi-gcc -o "STM32CubeIDE.elf" @"objects.list"  -larm_cortexM4lf_math -mcpu=cortex-m4 -T"C:\Users\tedwa\Documents\ENEE408A\STM32CubeL4\Projects\B-L475E-IOT01A\Applications\WiFi\WiFi_HTTP_Server\STM32CubeIDE\STM32L475VGTX_FLASH.ld" --specs=nosys.specs -Wl,-Map="STM32CubeIDE.map" -Wl,--gc-sections -static -L../Drivers --specs=nano.specs -mfpu=fpv4-sp-d16 -mfloat-abi=hard -mthumb -Wl,--start-group -lc -lm -Wl,--end-group
Finished building target: STM32CubeIDE.elf
 
arm-none-eabi-size  STM32CubeIDE.elf 
arm-none-eabi-objdump -h -S STM32CubeIDE.elf  > "STM32CubeIDE.list"
   text	   data	    bss	    dec	    hex	filename
 128000	    120	  41472	 169592	  29678	STM32CubeIDE.elf
Finished building: default.size.stdout
 
Finished building: STM32CubeIDE.list
 
