12:53:35 **** Build of configuration Debug for project STM32CubeIDE ****
make -j24 all 
arm-none-eabi-gcc "C:/Users/tedwa/Documents/ENEE408A/STM32CubeL4/Drivers/BSP/B-L475E-IOT01/stm32l475e_iot01.c" -mcpu=cortex-m4 -std=gnu11 -g3 -DUSE_HAL_DRIVER -DUSE_STM32L475E_IOT01 -DSTM32L475xx -c -I../../Inc -I../Drivers/CMSIS/DSP -I../../../Common/Inc -I../../../../../../../Drivers/CMSIS/Include -I../../../../../../../Drivers/CMSIS/Device/ST/STM32L4xx/Include -I../../../../../../../Drivers/STM32L4xx_HAL_Driver/Inc -I../../../../../../../Drivers/BSP/B-L475E-IOT01 -O0 -ffunction-sections -fdata-sections -Wall -fstack-usage -fcyclomatic-complexity -MMD -MP -MF"Drivers/STM32L4xx_HAL_Driver/stm32l475e_iot01.d" -MT"Drivers/STM32L4xx_HAL_Driver/stm32l475e_iot01.o" --specs=nano.specs -mfpu=fpv4-sp-d16 -mfloat-abi=hard -mthumb -o "Drivers/STM32L4xx_HAL_Driver/stm32l475e_iot01.o"
arm-none-eabi-gcc "C:/Users/tedwa/Documents/ENEE408A/STM32CubeL4/Drivers/BSP/B-L475E-IOT01/stm32l475e_iot01_tsensor.c" -mcpu=cortex-m4 -std=gnu11 -g3 -DUSE_HAL_DRIVER -DUSE_STM32L475E_IOT01 -DSTM32L475xx -c -I../../Inc -I../Drivers/CMSIS/DSP -I../../../Common/Inc -I../../../../../../../Drivers/CMSIS/Include -I../../../../../../../Drivers/CMSIS/Device/ST/STM32L4xx/Include -I../../../../../../../Drivers/STM32L4xx_HAL_Driver/Inc -I../../../../../../../Drivers/BSP/B-L475E-IOT01 -O0 -ffunction-sections -fdata-sections -Wall -fstack-usage -fcyclomatic-complexity -MMD -MP -MF"Drivers/STM32L4xx_HAL_Driver/stm32l475e_iot01_tsensor.d" -MT"Drivers/STM32L4xx_HAL_Driver/stm32l475e_iot01_tsensor.o" --specs=nano.specs -mfpu=fpv4-sp-d16 -mfloat-abi=hard -mthumb -o "Drivers/STM32L4xx_HAL_Driver/stm32l475e_iot01_tsensor.o"
arm-none-eabi-gcc "C:/Users/tedwa/Documents/ENEE408A/STM32CubeL4/Drivers/STM32L4xx_HAL_Driver/Src/stm32l4xx_hal.c" -mcpu=cortex-m4 -std=gnu11 -g3 -DUSE_HAL_DRIVER -DUSE_STM32L475E_IOT01 -DSTM32L475xx -c -I../../Inc -I../Drivers/CMSIS/DSP -I../../../Common/Inc -I../../../../../../../Drivers/CMSIS/Include -I../../../../../../../Drivers/CMSIS/Device/ST/STM32L4xx/Include -I../../../../../../../Drivers/STM32L4xx_HAL_Driver/Inc -I../../../../../../../Drivers/BSP/B-L475E-IOT01 -O0 -ffunction-sections -fdata-sections -Wall -fstack-usage -fcyclomatic-complexity -MMD -MP -MF"Drivers/STM32L4xx_HAL_Driver/stm32l4xx_hal.d" -MT"Drivers/STM32L4xx_HAL_Driver/stm32l4xx_hal.o" --specs=nano.specs -mfpu=fpv4-sp-d16 -mfloat-abi=hard -mthumb -o "Drivers/STM32L4xx_HAL_Driver/stm32l4xx_hal.o"
arm-none-eabi-gcc "C:/Users/tedwa/Documents/ENEE408A/STM32CubeL4/Drivers/STM32L4xx_HAL_Driver/Src/stm32l4xx_hal_adc.c" -mcpu=cortex-m4 -std=gnu11 -g3 -DUSE_HAL_DRIVER -DUSE_STM32L475E_IOT01 -DSTM32L475xx -c -I../../Inc -I../Drivers/CMSIS/DSP -I../../../Common/Inc -I../../../../../../../Drivers/CMSIS/Include -I../../../../../../../Drivers/CMSIS/Device/ST/STM32L4xx/Include -I../../../../../../../Drivers/STM32L4xx_HAL_Driver/Inc -I../../../../../../../Drivers/BSP/B-L475E-IOT01 -O0 -ffunction-sections -fdata-sections -Wall -fstack-usage -fcyclomatic-complexity -MMD -MP -MF"Drivers/STM32L4xx_HAL_Driver/stm32l4xx_hal_adc.d" -MT"Drivers/STM32L4xx_HAL_Driver/stm32l4xx_hal_adc.o" --specs=nano.specs -mfpu=fpv4-sp-d16 -mfloat-abi=hard -mthumb -o "Drivers/STM32L4xx_HAL_Driver/stm32l4xx_hal_adc.o"
arm-none-eabi-gcc "C:/Users/tedwa/Documents/ENEE408A/STM32CubeL4/Drivers/STM32L4xx_HAL_Driver/Src/stm32l4xx_hal_adc_ex.c" -mcpu=cortex-m4 -std=gnu11 -g3 -DUSE_HAL_DRIVER -DUSE_STM32L475E_IOT01 -DSTM32L475xx -c -I../../Inc -I../Drivers/CMSIS/DSP -I../../../Common/Inc -I../../../../../../../Drivers/CMSIS/Include -I../../../../../../../Drivers/CMSIS/Device/ST/STM32L4xx/Include -I../../../../../../../Drivers/STM32L4xx_HAL_Driver/Inc -I../../../../../../../Drivers/BSP/B-L475E-IOT01 -O0 -ffunction-sections -fdata-sections -Wall -fstack-usage -fcyclomatic-complexity -MMD -MP -MF"Drivers/STM32L4xx_HAL_Driver/stm32l4xx_hal_adc_ex.d" -MT"Drivers/STM32L4xx_HAL_Driver/stm32l4xx_hal_adc_ex.o" --specs=nano.specs -mfpu=fpv4-sp-d16 -mfloat-abi=hard -mthumb -o "Drivers/STM32L4xx_HAL_Driver/stm32l4xx_hal_adc_ex.o"
arm-none-eabi-gcc "C:/Users/tedwa/Documents/ENEE408A/STM32CubeL4/Drivers/STM32L4xx_HAL_Driver/Src/stm32l4xx_hal_cortex.c" -mcpu=cortex-m4 -std=gnu11 -g3 -DUSE_HAL_DRIVER -DUSE_STM32L475E_IOT01 -DSTM32L475xx -c -I../../Inc -I../Drivers/CMSIS/DSP -I../../../Common/Inc -I../../../../../../../Drivers/CMSIS/Include -I../../../../../../../Drivers/CMSIS/Device/ST/STM32L4xx/Include -I../../../../../../../Drivers/STM32L4xx_HAL_Driver/Inc -I../../../../../../../Drivers/BSP/B-L475E-IOT01 -O0 -ffunction-sections -fdata-sections -Wall -fstack-usage -fcyclomatic-complexity -MMD -MP -MF"Drivers/STM32L4xx_HAL_Driver/stm32l4xx_hal_cortex.d" -MT"Drivers/STM32L4xx_HAL_Driver/stm32l4xx_hal_cortex.o" --specs=nano.specs -mfpu=fpv4-sp-d16 -mfloat-abi=hard -mthumb -o "Drivers/STM32L4xx_HAL_Driver/stm32l4xx_hal_cortex.o"
arm-none-eabi-gcc "../Drivers/STM32L4xx_HAL_Driver/stm32l4xx_hal_dfsdm.c" -mcpu=cortex-m4 -std=gnu11 -g3 -DUSE_HAL_DRIVER -DUSE_STM32L475E_IOT01 -DSTM32L475xx -c -I../../Inc -I../Drivers/CMSIS/DSP -I../../../Common/Inc -I../../../../../../../Drivers/CMSIS/Include -I../../../../../../../Drivers/CMSIS/Device/ST/STM32L4xx/Include -I../../../../../../../Drivers/STM32L4xx_HAL_Driver/Inc -I../../../../../../../Drivers/BSP/B-L475E-IOT01 -O0 -ffunction-sections -fdata-sections -Wall -fstack-usage -fcyclomatic-complexity -MMD -MP -MF"Drivers/STM32L4xx_HAL_Driver/stm32l4xx_hal_dfsdm.d" -MT"Drivers/STM32L4xx_HAL_Driver/stm32l4xx_hal_dfsdm.o" --specs=nano.specs -mfpu=fpv4-sp-d16 -mfloat-abi=hard -mthumb -o "Drivers/STM32L4xx_HAL_Driver/stm32l4xx_hal_dfsdm.o"
arm-none-eabi-gcc "C:/Users/tedwa/Documents/ENEE408A/STM32CubeL4/Drivers/STM32L4xx_HAL_Driver/Src/stm32l4xx_hal_dma.c" -mcpu=cortex-m4 -std=gnu11 -g3 -DUSE_HAL_DRIVER -DUSE_STM32L475E_IOT01 -DSTM32L475xx -c -I../../Inc -I../Drivers/CMSIS/DSP -I../../../Common/Inc -I../../../../../../../Drivers/CMSIS/Include -I../../../../../../../Drivers/CMSIS/Device/ST/STM32L4xx/Include -I../../../../../../../Drivers/STM32L4xx_HAL_Driver/Inc -I../../../../../../../Drivers/BSP/B-L475E-IOT01 -O0 -ffunction-sections -fdata-sections -Wall -fstack-usage -fcyclomatic-complexity -MMD -MP -MF"Drivers/STM32L4xx_HAL_Driver/stm32l4xx_hal_dma.d" -MT"Drivers/STM32L4xx_HAL_Driver/stm32l4xx_hal_dma.o" --specs=nano.specs -mfpu=fpv4-sp-d16 -mfloat-abi=hard -mthumb -o "Drivers/STM32L4xx_HAL_Driver/stm32l4xx_hal_dma.o"
arm-none-eabi-gcc "C:/Users/tedwa/Documents/ENEE408A/STM32CubeL4/Drivers/STM32L4xx_HAL_Driver/Src/stm32l4xx_hal_gpio.c" -mcpu=cortex-m4 -std=gnu11 -g3 -DUSE_HAL_DRIVER -DUSE_STM32L475E_IOT01 -DSTM32L475xx -c -I../../Inc -I../Drivers/CMSIS/DSP -I../../../Common/Inc -I../../../../../../../Drivers/CMSIS/Include -I../../../../../../../Drivers/CMSIS/Device/ST/STM32L4xx/Include -I../../../../../../../Drivers/STM32L4xx_HAL_Driver/Inc -I../../../../../../../Drivers/BSP/B-L475E-IOT01 -O0 -ffunction-sections -fdata-sections -Wall -fstack-usage -fcyclomatic-complexity -MMD -MP -MF"Drivers/STM32L4xx_HAL_Driver/stm32l4xx_hal_gpio.d" -MT"Drivers/STM32L4xx_HAL_Driver/stm32l4xx_hal_gpio.o" --specs=nano.specs -mfpu=fpv4-sp-d16 -mfloat-abi=hard -mthumb -o "Drivers/STM32L4xx_HAL_Driver/stm32l4xx_hal_gpio.o"
arm-none-eabi-gcc "C:/Users/tedwa/Documents/ENEE408A/STM32CubeL4/Drivers/STM32L4xx_HAL_Driver/Src/stm32l4xx_hal_i2c.c" -mcpu=cortex-m4 -std=gnu11 -g3 -DUSE_HAL_DRIVER -DUSE_STM32L475E_IOT01 -DSTM32L475xx -c -I../../Inc -I../Drivers/CMSIS/DSP -I../../../Common/Inc -I../../../../../../../Drivers/CMSIS/Include -I../../../../../../../Drivers/CMSIS/Device/ST/STM32L4xx/Include -I../../../../../../../Drivers/STM32L4xx_HAL_Driver/Inc -I../../../../../../../Drivers/BSP/B-L475E-IOT01 -O0 -ffunction-sections -fdata-sections -Wall -fstack-usage -fcyclomatic-complexity -MMD -MP -MF"Drivers/STM32L4xx_HAL_Driver/stm32l4xx_hal_i2c.d" -MT"Drivers/STM32L4xx_HAL_Driver/stm32l4xx_hal_i2c.o" --specs=nano.specs -mfpu=fpv4-sp-d16 -mfloat-abi=hard -mthumb -o "Drivers/STM32L4xx_HAL_Driver/stm32l4xx_hal_i2c.o"
arm-none-eabi-gcc "C:/Users/tedwa/Documents/ENEE408A/STM32CubeL4/Drivers/STM32L4xx_HAL_Driver/Src/stm32l4xx_hal_i2c_ex.c" -mcpu=cortex-m4 -std=gnu11 -g3 -DUSE_HAL_DRIVER -DUSE_STM32L475E_IOT01 -DSTM32L475xx -c -I../../Inc -I../Drivers/CMSIS/DSP -I../../../Common/Inc -I../../../../../../../Drivers/CMSIS/Include -I../../../../../../../Drivers/CMSIS/Device/ST/STM32L4xx/Include -I../../../../../../../Drivers/STM32L4xx_HAL_Driver/Inc -I../../../../../../../Drivers/BSP/B-L475E-IOT01 -O0 -ffunction-sections -fdata-sections -Wall -fstack-usage -fcyclomatic-complexity -MMD -MP -MF"Drivers/STM32L4xx_HAL_Driver/stm32l4xx_hal_i2c_ex.d" -MT"Drivers/STM32L4xx_HAL_Driver/stm32l4xx_hal_i2c_ex.o" --specs=nano.specs -mfpu=fpv4-sp-d16 -mfloat-abi=hard -mthumb -o "Drivers/STM32L4xx_HAL_Driver/stm32l4xx_hal_i2c_ex.o"
arm-none-eabi-gcc "C:/Users/tedwa/Documents/ENEE408A/STM32CubeL4/Drivers/STM32L4xx_HAL_Driver/Src/stm32l4xx_hal_pwr.c" -mcpu=cortex-m4 -std=gnu11 -g3 -DUSE_HAL_DRIVER -DUSE_STM32L475E_IOT01 -DSTM32L475xx -c -I../../Inc -I../Drivers/CMSIS/DSP -I../../../Common/Inc -I../../../../../../../Drivers/CMSIS/Include -I../../../../../../../Drivers/CMSIS/Device/ST/STM32L4xx/Include -I../../../../../../../Drivers/STM32L4xx_HAL_Driver/Inc -I../../../../../../../Drivers/BSP/B-L475E-IOT01 -O0 -ffunction-sections -fdata-sections -Wall -fstack-usage -fcyclomatic-complexity -MMD -MP -MF"Drivers/STM32L4xx_HAL_Driver/stm32l4xx_hal_pwr.d" -MT"Drivers/STM32L4xx_HAL_Driver/stm32l4xx_hal_pwr.o" --specs=nano.specs -mfpu=fpv4-sp-d16 -mfloat-abi=hard -mthumb -o "Drivers/STM32L4xx_HAL_Driver/stm32l4xx_hal_pwr.o"
arm-none-eabi-gcc "C:/Users/tedwa/Documents/ENEE408A/STM32CubeL4/Drivers/STM32L4xx_HAL_Driver/Src/stm32l4xx_hal_pwr_ex.c" -mcpu=cortex-m4 -std=gnu11 -g3 -DUSE_HAL_DRIVER -DUSE_STM32L475E_IOT01 -DSTM32L475xx -c -I../../Inc -I../Drivers/CMSIS/DSP -I../../../Common/Inc -I../../../../../../../Drivers/CMSIS/Include -I../../../../../../../Drivers/CMSIS/Device/ST/STM32L4xx/Include -I../../../../../../../Drivers/STM32L4xx_HAL_Driver/Inc -I../../../../../../../Drivers/BSP/B-L475E-IOT01 -O0 -ffunction-sections -fdata-sections -Wall -fstack-usage -fcyclomatic-complexity -MMD -MP -MF"Drivers/STM32L4xx_HAL_Driver/stm32l4xx_hal_pwr_ex.d" -MT"Drivers/STM32L4xx_HAL_Driver/stm32l4xx_hal_pwr_ex.o" --specs=nano.specs -mfpu=fpv4-sp-d16 -mfloat-abi=hard -mthumb -o "Drivers/STM32L4xx_HAL_Driver/stm32l4xx_hal_pwr_ex.o"
arm-none-eabi-gcc "C:/Users/tedwa/Documents/ENEE408A/STM32CubeL4/Drivers/STM32L4xx_HAL_Driver/Src/stm32l4xx_hal_rcc.c" -mcpu=cortex-m4 -std=gnu11 -g3 -DUSE_HAL_DRIVER -DUSE_STM32L475E_IOT01 -DSTM32L475xx -c -I../../Inc -I../Drivers/CMSIS/DSP -I../../../Common/Inc -I../../../../../../../Drivers/CMSIS/Include -I../../../../../../../Drivers/CMSIS/Device/ST/STM32L4xx/Include -I../../../../../../../Drivers/STM32L4xx_HAL_Driver/Inc -I../../../../../../../Drivers/BSP/B-L475E-IOT01 -O0 -ffunction-sections -fdata-sections -Wall -fstack-usage -fcyclomatic-complexity -MMD -MP -MF"Drivers/STM32L4xx_HAL_Driver/stm32l4xx_hal_rcc.d" -MT"Drivers/STM32L4xx_HAL_Driver/stm32l4xx_hal_rcc.o" --specs=nano.specs -mfpu=fpv4-sp-d16 -mfloat-abi=hard -mthumb -o "Drivers/STM32L4xx_HAL_Driver/stm32l4xx_hal_rcc.o"
arm-none-eabi-gcc "C:/Users/tedwa/Documents/ENEE408A/STM32CubeL4/Drivers/STM32L4xx_HAL_Driver/Src/stm32l4xx_hal_rcc_ex.c" -mcpu=cortex-m4 -std=gnu11 -g3 -DUSE_HAL_DRIVER -DUSE_STM32L475E_IOT01 -DSTM32L475xx -c -I../../Inc -I../Drivers/CMSIS/DSP -I../../../Common/Inc -I../../../../../../../Drivers/CMSIS/Include -I../../../../../../../Drivers/CMSIS/Device/ST/STM32L4xx/Include -I../../../../../../../Drivers/STM32L4xx_HAL_Driver/Inc -I../../../../../../../Drivers/BSP/B-L475E-IOT01 -O0 -ffunction-sections -fdata-sections -Wall -fstack-usage -fcyclomatic-complexity -MMD -MP -MF"Drivers/STM32L4xx_HAL_Driver/stm32l4xx_hal_rcc_ex.d" -MT"Drivers/STM32L4xx_HAL_Driver/stm32l4xx_hal_rcc_ex.o" --specs=nano.specs -mfpu=fpv4-sp-d16 -mfloat-abi=hard -mthumb -o "Drivers/STM32L4xx_HAL_Driver/stm32l4xx_hal_rcc_ex.o"
arm-none-eabi-gcc "C:/Users/tedwa/Documents/ENEE408A/STM32CubeL4/Drivers/STM32L4xx_HAL_Driver/Src/stm32l4xx_hal_spi.c" -mcpu=cortex-m4 -std=gnu11 -g3 -DUSE_HAL_DRIVER -DUSE_STM32L475E_IOT01 -DSTM32L475xx -c -I../../Inc -I../Drivers/CMSIS/DSP -I../../../Common/Inc -I../../../../../../../Drivers/CMSIS/Include -I../../../../../../../Drivers/CMSIS/Device/ST/STM32L4xx/Include -I../../../../../../../Drivers/STM32L4xx_HAL_Driver/Inc -I../../../../../../../Drivers/BSP/B-L475E-IOT01 -O0 -ffunction-sections -fdata-sections -Wall -fstack-usage -fcyclomatic-complexity -MMD -MP -MF"Drivers/STM32L4xx_HAL_Driver/stm32l4xx_hal_spi.d" -MT"Drivers/STM32L4xx_HAL_Driver/stm32l4xx_hal_spi.o" --specs=nano.specs -mfpu=fpv4-sp-d16 -mfloat-abi=hard -mthumb -o "Drivers/STM32L4xx_HAL_Driver/stm32l4xx_hal_spi.o"
arm-none-eabi-gcc "C:/Users/tedwa/Documents/ENEE408A/STM32CubeL4/Drivers/STM32L4xx_HAL_Driver/Src/stm32l4xx_hal_spi_ex.c" -mcpu=cortex-m4 -std=gnu11 -g3 -DUSE_HAL_DRIVER -DUSE_STM32L475E_IOT01 -DSTM32L475xx -c -I../../Inc -I../Drivers/CMSIS/DSP -I../../../Common/Inc -I../../../../../../../Drivers/CMSIS/Include -I../../../../../../../Drivers/CMSIS/Device/ST/STM32L4xx/Include -I../../../../../../../Drivers/STM32L4xx_HAL_Driver/Inc -I../../../../../../../Drivers/BSP/B-L475E-IOT01 -O0 -ffunction-sections -fdata-sections -Wall -fstack-usage -fcyclomatic-complexity -MMD -MP -MF"Drivers/STM32L4xx_HAL_Driver/stm32l4xx_hal_spi_ex.d" -MT"Drivers/STM32L4xx_HAL_Driver/stm32l4xx_hal_spi_ex.o" --specs=nano.specs -mfpu=fpv4-sp-d16 -mfloat-abi=hard -mthumb -o "Drivers/STM32L4xx_HAL_Driver/stm32l4xx_hal_spi_ex.o"
arm-none-eabi-gcc "../Drivers/STM32L4xx_HAL_Driver/stm32l4xx_hal_tim.c" -mcpu=cortex-m4 -std=gnu11 -g3 -DUSE_HAL_DRIVER -DUSE_STM32L475E_IOT01 -DSTM32L475xx -c -I../../Inc -I../Drivers/CMSIS/DSP -I../../../Common/Inc -I../../../../../../../Drivers/CMSIS/Include -I../../../../../../../Drivers/CMSIS/Device/ST/STM32L4xx/Include -I../../../../../../../Drivers/STM32L4xx_HAL_Driver/Inc -I../../../../../../../Drivers/BSP/B-L475E-IOT01 -O0 -ffunction-sections -fdata-sections -Wall -fstack-usage -fcyclomatic-complexity -MMD -MP -MF"Drivers/STM32L4xx_HAL_Driver/stm32l4xx_hal_tim.d" -MT"Drivers/STM32L4xx_HAL_Driver/stm32l4xx_hal_tim.o" --specs=nano.specs -mfpu=fpv4-sp-d16 -mfloat-abi=hard -mthumb -o "Drivers/STM32L4xx_HAL_Driver/stm32l4xx_hal_tim.o"
arm-none-eabi-gcc "../Drivers/STM32L4xx_HAL_Driver/stm32l4xx_hal_tim_ex.c" -mcpu=cortex-m4 -std=gnu11 -g3 -DUSE_HAL_DRIVER -DUSE_STM32L475E_IOT01 -DSTM32L475xx -c -I../../Inc -I../Drivers/CMSIS/DSP -I../../../Common/Inc -I../../../../../../../Drivers/CMSIS/Include -I../../../../../../../Drivers/CMSIS/Device/ST/STM32L4xx/Include -I../../../../../../../Drivers/STM32L4xx_HAL_Driver/Inc -I../../../../../../../Drivers/BSP/B-L475E-IOT01 -O0 -ffunction-sections -fdata-sections -Wall -fstack-usage -fcyclomatic-complexity -MMD -MP -MF"Drivers/STM32L4xx_HAL_Driver/stm32l4xx_hal_tim_ex.d" -MT"Drivers/STM32L4xx_HAL_Driver/stm32l4xx_hal_tim_ex.o" --specs=nano.specs -mfpu=fpv4-sp-d16 -mfloat-abi=hard -mthumb -o "Drivers/STM32L4xx_HAL_Driver/stm32l4xx_hal_tim_ex.o"
arm-none-eabi-gcc "C:/Users/tedwa/Documents/ENEE408A/STM32CubeL4/Drivers/STM32L4xx_HAL_Driver/Src/stm32l4xx_hal_uart.c" -mcpu=cortex-m4 -std=gnu11 -g3 -DUSE_HAL_DRIVER -DUSE_STM32L475E_IOT01 -DSTM32L475xx -c -I../../Inc -I../Drivers/CMSIS/DSP -I../../../Common/Inc -I../../../../../../../Drivers/CMSIS/Include -I../../../../../../../Drivers/CMSIS/Device/ST/STM32L4xx/Include -I../../../../../../../Drivers/STM32L4xx_HAL_Driver/Inc -I../../../../../../../Drivers/BSP/B-L475E-IOT01 -O0 -ffunction-sections -fdata-sections -Wall -fstack-usage -fcyclomatic-complexity -MMD -MP -MF"Drivers/STM32L4xx_HAL_Driver/stm32l4xx_hal_uart.d" -MT"Drivers/STM32L4xx_HAL_Driver/stm32l4xx_hal_uart.o" --specs=nano.specs -mfpu=fpv4-sp-d16 -mfloat-abi=hard -mthumb -o "Drivers/STM32L4xx_HAL_Driver/stm32l4xx_hal_uart.o"
arm-none-eabi-gcc "C:/Users/tedwa/Documents/ENEE408A/STM32CubeL4/Drivers/STM32L4xx_HAL_Driver/Src/stm32l4xx_hal_uart_ex.c" -mcpu=cortex-m4 -std=gnu11 -g3 -DUSE_HAL_DRIVER -DUSE_STM32L475E_IOT01 -DSTM32L475xx -c -I../../Inc -I../Drivers/CMSIS/DSP -I../../../Common/Inc -I../../../../../../../Drivers/CMSIS/Include -I../../../../../../../Drivers/CMSIS/Device/ST/STM32L4xx/Include -I../../../../../../../Drivers/STM32L4xx_HAL_Driver/Inc -I../../../../../../../Drivers/BSP/B-L475E-IOT01 -O0 -ffunction-sections -fdata-sections -Wall -fstack-usage -fcyclomatic-complexity -MMD -MP -MF"Drivers/STM32L4xx_HAL_Driver/stm32l4xx_hal_uart_ex.d" -MT"Drivers/STM32L4xx_HAL_Driver/stm32l4xx_hal_uart_ex.o" --specs=nano.specs -mfpu=fpv4-sp-d16 -mfloat-abi=hard -mthumb -o "Drivers/STM32L4xx_HAL_Driver/stm32l4xx_hal_uart_ex.o"
arm-none-eabi-gcc "C:/Users/tedwa/Documents/ENEE408A/STM32CubeL4/Projects/B-L475E-IOT01A/Applications/WiFi/WiFi_HTTP_Server/Src/system_stm32l4xx.c" -mcpu=cortex-m4 -std=gnu11 -g3 -DUSE_HAL_DRIVER -DUSE_STM32L475E_IOT01 -DSTM32L475xx -c -I../../Inc -I../Drivers/CMSIS/DSP -I../../../Common/Inc -I../../../../../../../Drivers/CMSIS/Include -I../../../../../../../Drivers/CMSIS/Device/ST/STM32L4xx/Include -I../../../../../../../Drivers/STM32L4xx_HAL_Driver/Inc -I../../../../../../../Drivers/BSP/B-L475E-IOT01 -O0 -ffunction-sections -fdata-sections -Wall -fstack-usage -fcyclomatic-complexity -MMD -MP -MF"Drivers/CMSIS/system_stm32l4xx.d" -MT"Drivers/CMSIS/system_stm32l4xx.o" --specs=nano.specs -mfpu=fpv4-sp-d16 -mfloat-abi=hard -mthumb -o "Drivers/CMSIS/system_stm32l4xx.o"
arm-none-eabi-gcc "C:/Users/tedwa/Documents/ENEE408A/STM32CubeL4/Drivers/BSP/Components/hts221/hts221.c" -mcpu=cortex-m4 -std=gnu11 -g3 -DUSE_HAL_DRIVER -DUSE_STM32L475E_IOT01 -DSTM32L475xx -c -I../../Inc -I../Drivers/CMSIS/DSP -I../../../Common/Inc -I../../../../../../../Drivers/CMSIS/Include -I../../../../../../../Drivers/CMSIS/Device/ST/STM32L4xx/Include -I../../../../../../../Drivers/STM32L4xx_HAL_Driver/Inc -I../../../../../../../Drivers/BSP/B-L475E-IOT01 -O0 -ffunction-sections -fdata-sections -Wall -fstack-usage -fcyclomatic-complexity -MMD -MP -MF"Drivers/BSP/hts221.d" -MT"Drivers/BSP/hts221.o" --specs=nano.specs -mfpu=fpv4-sp-d16 -mfloat-abi=hard -mthumb -o "Drivers/BSP/hts221.o"
arm-none-eabi-gcc "C:/Users/tedwa/Documents/ENEE408A/STM32CubeL4/Projects/B-L475E-IOT01A/Applications/WiFi/Common/Src/es_wifi.c" -mcpu=cortex-m4 -std=gnu11 -g3 -DUSE_HAL_DRIVER -DUSE_STM32L475E_IOT01 -DSTM32L475xx -c -I../../Inc -I../Drivers/CMSIS/DSP -I../../../Common/Inc -I../../../../../../../Drivers/CMSIS/Include -I../../../../../../../Drivers/CMSIS/Device/ST/STM32L4xx/Include -I../../../../../../../Drivers/STM32L4xx_HAL_Driver/Inc -I../../../../../../../Drivers/BSP/B-L475E-IOT01 -O0 -ffunction-sections -fdata-sections -Wall -fstack-usage -fcyclomatic-complexity -MMD -MP -MF"Application/WIFI/es_wifi.d" -MT"Application/WIFI/es_wifi.o" --specs=nano.specs -mfpu=fpv4-sp-d16 -mfloat-abi=hard -mthumb -o "Application/WIFI/es_wifi.o"
arm-none-eabi-gcc "C:/Users/tedwa/Documents/ENEE408A/STM32CubeL4/Projects/B-L475E-IOT01A/Applications/WiFi/Common/Src/es_wifi_io.c" -mcpu=cortex-m4 -std=gnu11 -g3 -DUSE_HAL_DRIVER -DUSE_STM32L475E_IOT01 -DSTM32L475xx -c -I../../Inc -I../Drivers/CMSIS/DSP -I../../../Common/Inc -I../../../../../../../Drivers/CMSIS/Include -I../../../../../../../Drivers/CMSIS/Device/ST/STM32L4xx/Include -I../../../../../../../Drivers/STM32L4xx_HAL_Driver/Inc -I../../../../../../../Drivers/BSP/B-L475E-IOT01 -O0 -ffunction-sections -fdata-sections -Wall -fstack-usage -fcyclomatic-complexity -MMD -MP -MF"Application/WIFI/es_wifi_io.d" -MT"Application/WIFI/es_wifi_io.o" --specs=nano.specs -mfpu=fpv4-sp-d16 -mfloat-abi=hard -mthumb -o "Application/WIFI/es_wifi_io.o"
arm-none-eabi-gcc "C:/Users/tedwa/Documents/ENEE408A/STM32CubeL4/Projects/B-L475E-IOT01A/Applications/WiFi/Common/Src/wifi.c" -mcpu=cortex-m4 -std=gnu11 -g3 -DUSE_HAL_DRIVER -DUSE_STM32L475E_IOT01 -DSTM32L475xx -c -I../../Inc -I../Drivers/CMSIS/DSP -I../../../Common/Inc -I../../../../../../../Drivers/CMSIS/Include -I../../../../../../../Drivers/CMSIS/Device/ST/STM32L4xx/Include -I../../../../../../../Drivers/STM32L4xx_HAL_Driver/Inc -I../../../../../../../Drivers/BSP/B-L475E-IOT01 -O0 -ffunction-sections -fdata-sections -Wall -fstack-usage -fcyclomatic-complexity -MMD -MP -MF"Application/WIFI/wifi.d" -MT"Application/WIFI/wifi.o" --specs=nano.specs -mfpu=fpv4-sp-d16 -mfloat-abi=hard -mthumb -o "Application/WIFI/wifi.o"
arm-none-eabi-gcc "C:/Users/tedwa/Documents/ENEE408A/STM32CubeL4/Projects/B-L475E-IOT01A/Applications/WiFi/WiFi_HTTP_Server/Src/main.c" -mcpu=cortex-m4 -std=gnu11 -g3 -DUSE_HAL_DRIVER -DUSE_STM32L475E_IOT01 -DSTM32L475xx -c -I../../Inc -I../Drivers/CMSIS/DSP -I../../../Common/Inc -I../../../../../../../Drivers/CMSIS/Include -I../../../../../../../Drivers/CMSIS/Device/ST/STM32L4xx/Include -I../../../../../../../Drivers/STM32L4xx_HAL_Driver/Inc -I../../../../../../../Drivers/BSP/B-L475E-IOT01 -O0 -ffunction-sections -fdata-sections -Wall -fstack-usage -fcyclomatic-complexity -MMD -MP -MF"Application/User/main.d" -MT"Application/User/main.o" --specs=nano.specs -mfpu=fpv4-sp-d16 -mfloat-abi=hard -mthumb -o "Application/User/main.o"
arm-none-eabi-gcc "C:/Users/tedwa/Documents/ENEE408A/STM32CubeL4/Projects/B-L475E-IOT01A/Applications/WiFi/WiFi_HTTP_Server/Src/stm32l4xx_it.c" -mcpu=cortex-m4 -std=gnu11 -g3 -DUSE_HAL_DRIVER -DUSE_STM32L475E_IOT01 -DSTM32L475xx -c -I../../Inc -I../Drivers/CMSIS/DSP -I../../../Common/Inc -I../../../../../../../Drivers/CMSIS/Include -I../../../../../../../Drivers/CMSIS/Device/ST/STM32L4xx/Include -I../../../../../../../Drivers/STM32L4xx_HAL_Driver/Inc -I../../../../../../../Drivers/BSP/B-L475E-IOT01 -O0 -ffunction-sections -fdata-sections -Wall -fstack-usage -fcyclomatic-complexity -MMD -MP -MF"Application/User/stm32l4xx_it.d" -MT"Application/User/stm32l4xx_it.o" --specs=nano.specs -mfpu=fpv4-sp-d16 -mfloat-abi=hard -mthumb -o "Application/User/stm32l4xx_it.o"
arm-none-eabi-gcc "../Application/User/syscalls.c" -mcpu=cortex-m4 -std=gnu11 -g3 -DUSE_HAL_DRIVER -DUSE_STM32L475E_IOT01 -DSTM32L475xx -c -I../../Inc -I../Drivers/CMSIS/DSP -I../../../Common/Inc -I../../../../../../../Drivers/CMSIS/Include -I../../../../../../../Drivers/CMSIS/Device/ST/STM32L4xx/Include -I../../../../../../../Drivers/STM32L4xx_HAL_Driver/Inc -I../../../../../../../Drivers/BSP/B-L475E-IOT01 -O0 -ffunction-sections -fdata-sections -Wall -fstack-usage -fcyclomatic-complexity -MMD -MP -MF"Application/User/syscalls.d" -MT"Application/User/syscalls.o" --specs=nano.specs -mfpu=fpv4-sp-d16 -mfloat-abi=hard -mthumb -o "Application/User/syscalls.o"
arm-none-eabi-gcc "../Application/User/sysmem.c" -mcpu=cortex-m4 -std=gnu11 -g3 -DUSE_HAL_DRIVER -DUSE_STM32L475E_IOT01 -DSTM32L475xx -c -I../../Inc -I../Drivers/CMSIS/DSP -I../../../Common/Inc -I../../../../../../../Drivers/CMSIS/Include -I../../../../../../../Drivers/CMSIS/Device/ST/STM32L4xx/Include -I../../../../../../../Drivers/STM32L4xx_HAL_Driver/Inc -I../../../../../../../Drivers/BSP/B-L475E-IOT01 -O0 -ffunction-sections -fdata-sections -Wall -fstack-usage -fcyclomatic-complexity -MMD -MP -MF"Application/User/sysmem.d" -MT"Application/User/sysmem.o" --specs=nano.specs -mfpu=fpv4-sp-d16 -mfloat-abi=hard -mthumb -o "Application/User/sysmem.o"
arm-none-eabi-gcc -mcpu=cortex-m4 -g3 -DDEBUG -c -x assembler-with-cpp -MMD -MP -MF"Application/Startup/startup_stm32l475vgtx.d" -MT"Application/Startup/startup_stm32l475vgtx.o" --specs=nano.specs -mfpu=fpv4-sp-d16 -mfloat-abi=hard -mthumb -o "Application/Startup/startup_stm32l475vgtx.o" "../Application/Startup/startup_stm32l475vgtx.s"
C:/Users/tedwa/Documents/ENEE408A/STM32CubeL4/Projects/B-L475E-IOT01A/Applications/WiFi/WiFi_HTTP_Server/Src/main.c: In function 'wifi_connect':
C:/Users/tedwa/Documents/ENEE408A/STM32CubeL4/Projects/B-L475E-IOT01A/Applications/WiFi/WiFi_HTTP_Server/Src/main.c:186:24: warning: pointer targets in passing argument 1 of 'WIFI_GetModuleID' differ in signedness [-Wpointer-sign]
  186 |   if (WIFI_GetModuleID(fw_info, sizeof(fw_info)) == WIFI_STATUS_OK)
      |                        ^~~~~~~
      |                        |
      |                        uint8_t * {aka unsigned char *}
In file included from ../../Inc/main.h:39,
                 from C:/Users/tedwa/Documents/ENEE408A/STM32CubeL4/Projects/B-L475E-IOT01A/Applications/WiFi/WiFi_HTTP_Server/Src/main.c:8:
../../../Common/Inc/wifi.h:161:38: note: expected 'char *' but argument is of type 'uint8_t *' {aka 'unsigned char *'}
  161 | WIFI_Status_t WIFI_GetModuleID(char *Id, uint8_t IdLength);
      |                                ~~~~~~^~
C:/Users/tedwa/Documents/ENEE408A/STM32CubeL4/Projects/B-L475E-IOT01A/Applications/WiFi/WiFi_HTTP_Server/Src/main.c:189:32: warning: pointer targets in passing argument 1 of 'WIFI_GetModuleFwRevision' differ in signedness [-Wpointer-sign]
  189 |   if (WIFI_GetModuleFwRevision(fw_info, sizeof(fw_info)) == WIFI_STATUS_OK)
      |                                ^~~~~~~
      |                                |
      |                                uint8_t * {aka unsigned char *}
../../../Common/Inc/wifi.h:162:46: note: expected 'char *' but argument is of type 'uint8_t *' {aka 'unsigned char *'}
  162 | WIFI_Status_t WIFI_GetModuleFwRevision(char *rev, uint8_t RevLength);
      |                                        ~~~~~~^~~
arm-none-eabi-gcc -o "STM32CubeIDE.elf" @"objects.list"  -larm_cortexM4lf_math -mcpu=cortex-m4 -T"C:\Users\tedwa\Documents\ENEE408A\STM32CubeL4\Projects\B-L475E-IOT01A\Applications\WiFi\WiFi_HTTP_Server\STM32CubeIDE\STM32L475VGTX_FLASH.ld" --specs=nosys.specs -Wl,-Map="STM32CubeIDE.map" -Wl,--gc-sections -static -L../Drivers --specs=nano.specs -mfpu=fpv4-sp-d16 -mfloat-abi=hard -mthumb -Wl,--start-group -lc -lm -Wl,--end-group
Finished building target: STM32CubeIDE.elf
 
arm-none-eabi-size  STM32CubeIDE.elf 
arm-none-eabi-objdump -h -S STM32CubeIDE.elf  > "STM32CubeIDE.list"
   text	   data	    bss	    dec	    hex	filename
 128000	    120	  41472	 169592	  29678	STM32CubeIDE.elf
Finished building: default.size.stdout
 
Finished building: STM32CubeIDE.list
 

12:53:36 Build Finished. 0 errors, 2 warnings. (took 1s.159ms)

