Archive member included to satisfy reference by file (symbol)

../Drivers\libarm_cortexM4lf_math.a(arm_rfft_fast_init_f32.o)
                              ./Application/User/main.o (arm_rfft_fast_init_f32)
../Drivers\libarm_cortexM4lf_math.a(arm_rfft_fast_f32.o)
                              ./Application/User/main.o (arm_rfft_fast_f32)
../Drivers\libarm_cortexM4lf_math.a(arm_cfft_f32.o)
                              ../Drivers\libarm_cortexM4lf_math.a(arm_rfft_fast_f32.o) (arm_cfft_f32)
../Drivers\libarm_cortexM4lf_math.a(arm_bitreversal2.o)
                              ../Drivers\libarm_cortexM4lf_math.a(arm_cfft_f32.o) (arm_bitreversal_32)
../Drivers\libarm_cortexM4lf_math.a(arm_cmplx_mag_f32.o)
                              ./Application/User/main.o (arm_cmplx_mag_f32)
../Drivers\libarm_cortexM4lf_math.a(arm_common_tables.o)
                              ../Drivers\libarm_cortexM4lf_math.a(arm_rfft_fast_init_f32.o) (twiddleCoef_rfft_4096)
../Drivers\libarm_cortexM4lf_math.a(arm_cfft_radix8_f32.o)
                              ../Drivers\libarm_cortexM4lf_math.a(arm_cfft_f32.o) (arm_radix8_butterfly_f32)
C:/ST/STM32CubeIDE_1.17.0/STM32CubeIDE/plugins/com.st.stm32cube.ide.mcu.externaltools.gnu-tools-for-stm32.12.3.rel1.win32_1.1.0.202410251130/tools/bin/../lib/gcc/arm-none-eabi/12.3.1/../../../../arm-none-eabi/lib/thumb/v7e-m+fp/hard\libc_nano.a(libc_a-exit.o)
                              C:/ST/STM32CubeIDE_1.17.0/STM32CubeIDE/plugins/com.st.stm32cube.ide.mcu.externaltools.gnu-tools-for-stm32.12.3.rel1.win32_1.1.0.202410251130/tools/bin/../lib/gcc/arm-none-eabi/12.3.1/../../../../arm-none-eabi/lib/thumb/v7e-m+fp/hard/crt0.o (exit)
C:/ST/STM32CubeIDE_1.17.0/STM32CubeIDE/plugins/com.st.stm32cube.ide.mcu.externaltools.gnu-tools-for-stm32.12.3.rel1.win32_1.1.0.202410251130/tools/bin/../lib/gcc/arm-none-eabi/12.3.1/../../../../arm-none-eabi/lib/thumb/v7e-m+fp/hard\libc_nano.a(libc_a-findfp.o)
                              C:/ST/STM32CubeIDE_1.17.0/STM32CubeIDE/plugins/com.st.stm32cube.ide.mcu.externaltools.gnu-tools-for-stm32.12.3.rel1.win32_1.1.0.202410251130/tools/bin/../lib/gcc/arm-none-eabi/12.3.1/../../../../arm-none-eabi/lib/thumb/v7e-m+fp/hard\libc_nano.a(libc_a-exit.o) (__stdio_exit_handler)
C:/ST/STM32CubeIDE_1.17.0/STM32CubeIDE/plugins/com.st.stm32cube.ide.mcu.externaltools.gnu-tools-for-stm32.12.3.rel1.win32_1.1.0.202410251130/tools/bin/../lib/gcc/arm-none-eabi/12.3.1/../../../../arm-none-eabi/lib/thumb/v7e-m+fp/hard\libc_nano.a(libc_a-fwalk.o)
                              C:/ST/STM32CubeIDE_1.17.0/STM32CubeIDE/plugins/com.st.stm32cube.ide.mcu.externaltools.gnu-tools-for-stm32.12.3.rel1.win32_1.1.0.202410251130/tools/bin/../lib/gcc/arm-none-eabi/12.3.1/../../../../arm-none-eabi/lib/thumb/v7e-m+fp/hard\libc_nano.a(libc_a-findfp.o) (_fwalk_sglue)
C:/ST/STM32CubeIDE_1.17.0/STM32CubeIDE/plugins/com.st.stm32cube.ide.mcu.externaltools.gnu-tools-for-stm32.12.3.rel1.win32_1.1.0.202410251130/tools/bin/../lib/gcc/arm-none-eabi/12.3.1/../../../../arm-none-eabi/lib/thumb/v7e-m+fp/hard\libc_nano.a(libc_a-printf.o)
                              ./Application/User/main.o (printf)
C:/ST/STM32CubeIDE_1.17.0/STM32CubeIDE/plugins/com.st.stm32cube.ide.mcu.externaltools.gnu-tools-for-stm32.12.3.rel1.win32_1.1.0.202410251130/tools/bin/../lib/gcc/arm-none-eabi/12.3.1/../../../../arm-none-eabi/lib/thumb/v7e-m+fp/hard\libc_nano.a(libc_a-puts.o)
                              ./Application/User/main.o (puts)
C:/ST/STM32CubeIDE_1.17.0/STM32CubeIDE/plugins/com.st.stm32cube.ide.mcu.externaltools.gnu-tools-for-stm32.12.3.rel1.win32_1.1.0.202410251130/tools/bin/../lib/gcc/arm-none-eabi/12.3.1/../../../../arm-none-eabi/lib/thumb/v7e-m+fp/hard\libc_nano.a(libc_a-snprintf.o)
                              ./Application/User/main.o (snprintf)
C:/ST/STM32CubeIDE_1.17.0/STM32CubeIDE/plugins/com.st.stm32cube.ide.mcu.externaltools.gnu-tools-for-stm32.12.3.rel1.win32_1.1.0.202410251130/tools/bin/../lib/gcc/arm-none-eabi/12.3.1/../../../../arm-none-eabi/lib/thumb/v7e-m+fp/hard\libc_nano.a(libc_a-sprintf.o)
                              ./Application/WIFI/es_wifi.o (sprintf)
C:/ST/STM32CubeIDE_1.17.0/STM32CubeIDE/plugins/com.st.stm32cube.ide.mcu.externaltools.gnu-tools-for-stm32.12.3.rel1.win32_1.1.0.202410251130/tools/bin/../lib/gcc/arm-none-eabi/12.3.1/../../../../arm-none-eabi/lib/thumb/v7e-m+fp/hard\libc_nano.a(libc_a-stdio.o)
                              C:/ST/STM32CubeIDE_1.17.0/STM32CubeIDE/plugins/com.st.stm32cube.ide.mcu.externaltools.gnu-tools-for-stm32.12.3.rel1.win32_1.1.0.202410251130/tools/bin/../lib/gcc/arm-none-eabi/12.3.1/../../../../arm-none-eabi/lib/thumb/v7e-m+fp/hard\libc_nano.a(libc_a-findfp.o) (__sread)
C:/ST/STM32CubeIDE_1.17.0/STM32CubeIDE/plugins/com.st.stm32cube.ide.mcu.externaltools.gnu-tools-for-stm32.12.3.rel1.win32_1.1.0.202410251130/tools/bin/../lib/gcc/arm-none-eabi/12.3.1/../../../../arm-none-eabi/lib/thumb/v7e-m+fp/hard\libc_nano.a(libc_a-wbuf.o)
[...]
Memory Configuration

Name             Origin             Length             Attributes
RAM              0x20000000         0x00018000         xrw
SRAM2            0x10000000         0x00008000         xrw
ROM              0x08000000         0x00100000         xr
*default*        0x00000000         0xffffffff

Linker script and memory map

LOAD C:/ST/STM32CubeIDE_1.17.0/STM32CubeIDE/plugins/com.st.stm32cube.ide.mcu.externaltools.gnu-tools-for-stm32.12.3.rel1.win32_1.1.0.202410251130/tools/bin/../lib/gcc/arm-none-eabi/12.3.1/thumb/v7e-m+fp/hard/crti.o
LOAD C:/ST/STM32CubeIDE_1.17.0/STM32CubeIDE/plugins/com.st.stm32cube.ide.mcu.externaltools.gnu-tools-for-stm32.12.3.rel1.win32_1.1.0.202410251130/tools/bin/../lib/gcc/arm-none-eabi/12.3.1/thumb/v7e-m+fp/hard/crtbegin.o
LOAD C:/ST/STM32CubeIDE_1.17.0/STM32CubeIDE/plugins/com.st.stm32cube.ide.mcu.externaltools.gnu-tools-for-stm32.12.3.rel1.win32_1.1.0.202410251130/tools/bin/../lib/gcc/arm-none-eabi/12.3.1/../../../../arm-none-eabi/lib/thumb/v7e-m+fp/hard/crt0.o
LOAD ./Application/Startup/startup_stm32l475vgtx.o
LOAD ./Application/User/main.o
LOAD ./Application/User/stm32l4xx_it.o
LOAD ./Application/User/syscalls.o
LOAD ./Application/User/sysmem.o
LOAD ./Application/WIFI/es_wifi.o
LOAD ./Application/WIFI/es_wifi_io.o
LOAD ./Application/WIFI/wifi.o
LOAD ./Drivers/BSP/hts221.o
LOAD ./Drivers/CMSIS/system_stm32l4xx.o
LOAD ./Drivers/STM32L4xx_HAL_Driver/stm32l475e_iot01.o
LOAD ./Drivers/STM32L4xx_HAL_Driver/stm32l475e_iot01_tsensor.o
LOAD ./Drivers/STM32L4xx_HAL_Driver/stm32l4xx_hal.o
LOAD ./Drivers/STM32L4xx_HAL_Driver/stm32l4xx_hal_adc.o
LOAD ./Drivers/STM32L4xx_HAL_Driver/stm32l4xx_hal_adc_ex.o
LOAD ./Drivers/STM32L4xx_HAL_Driver/stm32l4xx_hal_cortex.o
LOAD ./Drivers/STM32L4xx_HAL_Driver/stm32l4xx_hal_dfsdm.o
LOAD ./Drivers/STM32L4xx_HAL_Driver/stm32l4xx_hal_dma.o
LOAD ./Drivers/STM32L4xx_HAL_Driver/stm32l4xx_hal_gpio.o
LOAD ./Drivers/STM32L4xx_HAL_Driver/stm32l4xx_hal_i2c.o
LOAD ./Drivers/STM32L4xx_HAL_Driver/stm32l4xx_hal_i2c_ex.o
LOAD ./Drivers/STM32L4xx_HAL_Driver/stm32l4xx_hal_pwr.o
LOAD ./Drivers/STM32L4xx_HAL_Driver/stm32l4xx_hal_pwr_ex.o
LOAD ./Drivers/STM32L4xx_HAL_Driver/stm32l4xx_hal_rcc.o
LOAD ./Drivers/STM32L4xx_HAL_Driver/stm32l4xx_hal_rcc_ex.o
LOAD ./Drivers/STM32L4xx_HAL_Driver/stm32l4xx_hal_spi.o
LOAD ./Drivers/STM32L4xx_HAL_Driver/stm32l4xx_hal_spi_ex.o
LOAD ./Drivers/STM32L4xx_HAL_Driver/stm32l4xx_hal_tim.o
LOAD ./Drivers/STM32L4xx_HAL_Driver/stm32l4xx_hal_tim_ex.o
LOAD ./Drivers/STM32L4xx_HAL_Driver/stm32l4xx_hal_uart.o
LOAD ./Drivers/STM32L4xx_HAL_Driver/stm32l4xx_hal_uart_ex.o
LOAD ../Drivers\libarm_cortexM4lf_math.a
START GROUP
LOAD C:/ST/STM32CubeIDE_1.17.0/STM32CubeIDE/plugins/com.st.stm32cube.ide.mcu.externaltools.gnu-tools-for-stm32.12.3.rel1.win32_1.1.0.202410251130/tools/bin/../lib/gcc/arm-none-eabi/12.3.1/../../../../arm-none-eabi/lib/thumb/v7e-m+fp/hard\libc_nano.a
LOAD C:/ST/STM32CubeIDE_1.17.0/STM32CubeIDE/plugins/com.st.stm32cube.ide.mcu.externaltools.gnu-tools-for-stm32.12.3.rel1.win32_1.1.0.202410251130/tools/bin/../lib/gcc/arm-none-eabi/12.3.1/../../../../arm-none-eabi/lib/thumb/v7e-m+fp/hard\libm.a
END GROUP
START GROUP
LOAD C:/ST/STM32CubeIDE_1.17.0/STM32CubeIDE/plugins/com.st.stm32cube.ide.mcu.externaltools.gnu-tools-for-stm32.12.3.rel1.win32_1.1.0.202410251130/tools/bin/../lib/gcc/arm-none-eabi/12.3.1/thumb/v7e-m+fp/hard\libgcc.a
LOAD C:/ST/STM32CubeIDE_1.17.0/STM32CubeIDE/plugins/com.st.stm32cube.ide.mcu.externaltools.gnu-tools-for-stm32.12.3.rel1.win32_1.1.0.202410251130/tools/bin/../lib/gcc/arm-none-eabi/12.3.1/../../../../arm-none-eabi/lib/thumb/v7e-m+fp/hard\libc_nano.a
END GROUP
START GROUP
LOAD C:/ST/STM32CubeIDE_1.17.0/STM32CubeIDE/plugins/com.st.stm32cube.ide.mcu.externaltools.gnu-tools-for-stm32.12.3.rel1.win32_1.1.0.202410251130/tools/bin/../lib/gcc/arm-none-eabi/12.3.1/thumb/v7e-m+fp/hard\libgcc.a
LOAD C:/ST/STM32CubeIDE_1.17.0/STM32CubeIDE/plugins/com.st.stm32cube.ide.mcu.externaltools.gnu-tools-for-stm32.12.3.rel1.win32_1.1.0.202410251130/tools/bin/../lib/gcc/arm-none-eabi/12.3.1/../../../../arm-none-eabi/lib/thumb/v7e-m+fp/hard\libc_nano.a
LOAD C:/ST/STM32CubeIDE_1.17.0/STM32CubeIDE/plugins/com.st.stm32cube.ide.mcu.externaltools.gnu-tools-for-stm32.12.3.rel1.win32_1.1.0.202410251130/tools/bin/../lib/gcc/arm-none-eabi/12.3.1/../../../../arm-none-eabi/lib/thumb/v7e-m+fp/hard\libnosys.a
END GROUP
START GROUP
LOAD C:/ST/STM32CubeIDE_1.17.0/STM32CubeIDE/plugins/com.st.stm32cube.ide.mcu.externaltools.gnu-tools-for-stm32.12.3.rel1.win32_1.1.0.202410251130/tools/bin/../lib/gcc/arm-none-eabi/12.3.1/thumb/v7e-m+fp/hard\libgcc.a
LOAD C:/ST/STM32CubeIDE_1.17.0/STM32CubeIDE/plugins/com.st.stm32cube.ide.mcu.externaltools.gnu-tools-for-stm32.12.3.rel1.win32_1.1.0.202410251130/tools/bin/../lib/gcc/arm-none-eabi/12.3.1/../../../../arm-none-eabi/lib/thumb/v7e-m+fp/hard\libc_nano.a
LOAD C:/ST/STM32CubeIDE_1.17.0/STM32CubeIDE/plugins/com.st.stm32cube.ide.mcu.externaltools.gnu-tools-for-stm32.12.3.rel1.win32_1.1.0.202410251130/tools/bin/../lib/gcc/arm-none-eabi/12.3.1/../../../../arm-none-eabi/lib/thumb/v7e-m+fp/hard\libnosys.a
END GROUP
LOAD C:/ST/STM32CubeIDE_1.17.0/STM32CubeIDE/plugins/com.st.stm32cube.ide.mcu.externaltools.gnu-tools-for-stm32.12.3.rel1.win32_1.1.0.202410251130/tools/bin/../lib/gcc/arm-none-eabi/12.3.1/thumb/v7e-m+fp/hard/crtend.o
LOAD C:/ST/STM32CubeIDE_1.17.0/STM32CubeIDE/plugins/com.st.stm32cube.ide.mcu.externaltools.gnu-tools-for-stm32.12.3.rel1.win32_1.1.0.202410251130/tools/bin/../lib/gcc/arm-none-eabi/12.3.1/thumb/v7e-m+fp/hard/crtn.o
                0x20018000                        _estack = (ORIGIN (RAM) + LENGTH (RAM))
                0x00002000                        _Min_Heap_Size = 0x2000
                0x00001000                        _Min_Stack_Size = 0x1000

.isr_vector     0x08000000      0x188
                0x08000000                        . = ALIGN (0x4)
 *(.isr_vector)
 .isr_vector    0x08000000      0x188 ./Application/Startup/startup_stm32l475vgtx.o
                0x08000000                g_pfnVectors
                0x08000188                        . = ALIGN (0x4)

.text           0x08000190     0xbb90
                0x08000190                        . = ALIGN (0x4)
 *(.text)
 .text          0x08000190       0x40 C:/ST/STM32CubeIDE_1.17.0/STM32CubeIDE/plugins/com.st.stm32cube.ide.mcu.externaltools.gnu-tools-for-stm32.12.3.rel1.win32_1.1.0.202410251130/tools/bin/../lib/gcc/arm-none-eabi/12.3.1/thumb/v7e-m+fp/hard/crtbegin.o
 .text          0x080001d0       0x10 C:/ST/STM32CubeIDE_1.17.0/STM32CubeIDE/plugins/com.st.stm32cube.ide.mcu.externaltools.gnu-tools-for-stm32.12.3.rel1.win32_1.1.0.202410251130/tools/bin/../lib/gcc/arm-none-eabi/12.3.1/../../../../arm-none-eabi/lib/thumb/v7e-m+fp/hard\libc_nano.a(libc_a-strlen.o)
                0x080001d0                strlen
 .text          0x080001e0       0xa0 C:/ST/STM32CubeIDE_1.17.0/STM32CubeIDE/plugins/com.st.stm32cube.ide.mcu.externaltools.gnu-tools-for-stm32.12.3.rel1.win32_1.1.0.202410251130/tools/bin/../lib/gcc/arm-none-eabi/12.3.1/../../../../arm-none-eabi/lib/thumb/v7e-m+fp/hard\libc_nano.a(libc_a-memchr.o)
                0x080001e0                memchr
 .text          0x08000280      0x21c C:/ST/STM32CubeIDE_1.17.0/STM32CubeIDE/plugins/com.st.stm32cube.ide.mcu.externaltools.gnu-tools-for-stm32.12.3.rel1.win32_1.1.0.202410251130/tools/bin/../lib/gcc/arm-none-eabi/12.3.1/thumb/v7e-m+fp/hard\libgcc.a(_arm_addsubsf3.o)
                0x08000280                __aeabi_frsub
                0x08000288                __subsf3
                0x08000288                __aeabi_fsub
                0x0800028c                __aeabi_fadd
                0x0800028c                __addsf3
                0x080003ec                __aeabi_ui2f
                0x080003ec                __floatunsisf
                0x080003f4                __aeabi_i2f
                0x080003f4                __floatsisf
                0x08000410                __aeabi_ul2f
                0x08000410                __floatundisf
                0x08000420                __aeabi_l2f
                0x08000420                __floatdisf
 .text          0x0800049c       0x30 C:/ST/STM32CubeIDE_1.17.0/STM32CubeIDE/plugins/com.st.stm32cube.ide.mcu.externaltools.gnu-tools-for-stm32.12.3.rel1.win32_1.1.0.202410251130/tools/bin/../lib/gcc/arm-none-eabi/12.3.1/thumb/v7e-m+fp/hard\libgcc.a(_aeabi_uldivmod.o)
                0x0800049c                __aeabi_uldivmod
 .text          0x080004cc      0x2bc C:/ST/STM32CubeIDE_1.17.0/STM32CubeIDE/plugins/com.st.stm32cube.ide.mcu.externaltools.gnu-tools-for-stm32.12.3.rel1.win32_1.1.0.202410251130/tools/bin/../lib/gcc/arm-none-eabi/12.3.1/thumb/v7e-m+fp/hard\libgcc.a(_udivmoddi4.o)
                0x080004cc                __udivmoddi4
 .text          0x08000788        0x4 C:/ST/STM32CubeIDE_1.17.0/STM32CubeIDE/plugins/com.st.stm32cube.ide.mcu.externaltools.gnu-tools-for-stm32.12.3.rel1.win32_1.1.0.202410251130/tools/bin/../lib/gcc/arm-none-eabi/12.3.1/thumb/v7e-m+fp/hard\libgcc.a(_dvmd_tls.o)
                0x08000788                __aeabi_idiv0
                0x08000788                __aeabi_ldiv0
 *(.text*)
 .text.Reset_Handler
                0x0800078c       0x50 ./Application/Startup/startup_stm32l475vgtx.o
                0x0800078c                Reset_Handler
 .text.Default_Handler
                0x080007dc        0x2 ./Application/Startup/startup_stm32l475vgtx.o
                0x080007dc                RTC_Alarm_IRQHandler
                0x080007dc                EXTI2_IRQHandler
                0x080007dc                TIM8_TRG_COM_IRQHandler
                0x080007dc                TIM8_CC_IRQHandler
                0x080007dc                TIM1_CC_IRQHandler
                0x080007dc                TSC_IRQHandler
                0x080007dc                TAMP_STAMP_IRQHandler
                0x080007dc                EXTI3_IRQHandler
                0x080007dc                LPTIM2_IRQHandler
                0x080007dc                DFSDM1_FLT1_IRQHandler
                0x080007dc                I2C3_ER_IRQHandler
                0x080007dc                DFSDM1_FLT2_IRQHandler
                0x080007dc                EXTI0_IRQHandler
                0x080007dc                I2C2_EV_IRQHandler
                0x080007dc                CAN1_RX0_IRQHandler
                0x080007dc                FPU_IRQHandler
                0x080007dc                TIM1_UP_TIM16_IRQHandler
                0x080007dc                ADC1_2_IRQHandler
                0x080007dc                SPI1_IRQHandler
                0x080007dc                TIM6_DAC_IRQHandler
                0x080007dc                TIM8_UP_IRQHandler
                0x080007dc                DMA2_Channel2_IRQHandler
                0x080007dc                SAI2_IRQHandler
                0x080007dc                DFSDM1_FLT3_IRQHandler
                0x080007dc                USART3_IRQHandler
                0x080007dc                DMA1_Channel7_IRQHandler
                0x080007dc                CAN1_RX1_IRQHandler
                0x080007dc                UART5_IRQHandler
                0x080007dc                ADC3_IRQHandler
                0x080007dc                TIM4_IRQHandler
                0x080007dc                DMA2_Channel1_IRQHandler
                0x080007dc                QUADSPI_IRQHandler
                0x080007dc                I2C1_EV_IRQHandler
                0x080007dc                DMA1_Channel6_IRQHandler
                0x080007dc                UART4_IRQHandler
                0x080007dc                DMA2_Channel4_IRQHandler
                0x080007dc                TIM3_IRQHandler
                0x080007dc                RCC_IRQHandler
                0x080007dc                DMA1_Channel1_IRQHandler
                0x080007dc                Default_Handler
                0x080007dc                DMA2_Channel7_IRQHandler
                0x080007dc                EXTI15_10_IRQHandler
                0x080007dc                TIM7_IRQHandler
                0x080007dc                SDMMC1_IRQHandler
                0x080007dc                TIM5_IRQHandler
                0x080007dc                I2C3_EV_IRQHandler
                0x080007dc                EXTI9_5_IRQHandler
                0x080007dc                RTC_WKUP_IRQHandler
                0x080007dc                PVD_PVM_IRQHandler
                0x080007dc                SPI2_IRQHandler
                0x080007dc                CAN1_TX_IRQHandler
                0x080007dc                DMA2_Channel5_IRQHandler
                0x080007dc                DMA1_Channel5_IRQHandler
                0x080007dc                EXTI4_IRQHandler
                0x080007dc                RNG_IRQHandler
                0x080007dc                TIM1_TRG_COM_TIM17_IRQHandler
                0x080007dc                DMA1_Channel3_IRQHandler
                0x080007dc                COMP_IRQHandler
                0x080007dc                WWDG_IRQHandler
                0x080007dc                LPUART1_IRQHandler
                0x080007dc                DMA2_Channel6_IRQHandler
                0x080007dc                TIM2_IRQHandler
                0x080007dc                USART2_IRQHandler
                0x080007dc                DFSDM1_FLT0_IRQHandler
                0x080007dc                I2C2_ER_IRQHandler
                0x080007dc                DMA1_Channel2_IRQHandler
                0x080007dc                TIM8_BRK_IRQHandler
                0x080007dc                CAN1_SCE_IRQHandler
                0x080007dc                FLASH_IRQHandler
                0x080007dc                USART1_IRQHandler
                0x080007dc                OTG_FS_IRQHandler
                0x080007dc                I2C1_ER_IRQHandler
                0x080007dc                FMC_IRQHandler
                0x080007dc                SWPMI1_IRQHandler
                0x080007dc                LPTIM1_IRQHandler
                0x080007dc                SAI1_IRQHandler
                0x080007dc                DMA2_Channel3_IRQHandler
                0x080007dc                TIM1_BRK_TIM15_IRQHandler
 *fill*         0x080007de        0x2 
 .text.__io_putchar
                0x080007e0       0x24 ./Application/User/main.o
                0x080007e0                __io_putchar
 .text.HAL_DFSDM_FilterRegConvHalfCpltCallback
                0x08000804       0x20 ./Application/User/main.o
                0x08000804                HAL_DFSDM_FilterRegConvHalfCpltCallback
 .text.HAL_DFSDM_FilterRegConvCpltCallback
                0x08000824       0x20 ./Application/User/main.o
                0x08000824                HAL_DFSDM_FilterRegConvCpltCallback
 .text.Process_Audio_Data
                0x08000844      0x274 ./Application/User/main.o
 .text.main     0x08000ab8      0x140 ./Application/User/main.o
                0x08000ab8                main
 .text.wifi_connect
                0x08000bf8      0x130 ./Application/User/main.o
 .text.send_http_get
                0x08000d28      0x184 ./Application/User/main.o
 .text.MX_DMA_Init
                0x08000eac       0x3c ./Application/User/main.o
 .text.MX_DFSDM1_Init
                0x08000ee8       0xcc ./Application/User/main.o
 .text.MX_TIM2_Init
                0x08000fb4      0x150 ./Application/User/main.o
 .text.MX_GPIO_Init
                0x08001104       0x5c ./Application/User/main.o
 .text.HAL_DFSDM_FilterMspInit
                0x08001160       0xc4 ./Application/User/main.o
                0x08001160                HAL_DFSDM_FilterMspInit
 .text.SystemClock_Config
                0x08001224       0x92 ./Application/User/main.o
 .text.HAL_GPIO_EXTI_Callback
                0x080012b6       0x1c ./Application/User/main.o
                0x080012b6                HAL_GPIO_EXTI_Callback
 *fill*         0x080012d2        0x2 
 .text.SPI3_IRQHandler
                0x080012d4       0x14 ./Application/User/main.o
                0x080012d4                SPI3_IRQHandler
 .text.DMA1_Channel4_IRQHandler
                0x080012e8       0x14 ./Application/User/main.o
                0x080012e8                DMA1_Channel4_IRQHandler
 .text.NMI_Handler
                0x080012fc        0xe ./Application/User/stm32l4xx_it.o
                0x080012fc                NMI_Handler
 .text.HardFault_Handler
                0x0800130a        0x8 ./Application/User/stm32l4xx_it.o
                0x0800130a                HardFault_Handler
 .text.MemManage_Handler
                0x08001312        0x8 ./Application/User/stm32l4xx_it.o
                0x08001312                MemManage_Handler
 .text.BusFault_Handler
                0x0800131a        0x8 ./Application/User/stm32l4xx_it.o
                0x0800131a                BusFault_Handler
 .text.UsageFault_Handler
                0x08001322        0x8 ./Application/User/stm32l4xx_it.o
                0x08001322                UsageFault_Handler
 .text.SVC_Handler
                0x0800132a        0xe ./Application/User/stm32l4xx_it.o
                0x0800132a                SVC_Handler
 .text.DebugMon_Handler
                0x08001338        0xe ./Application/User/stm32l4xx_it.o
                0x08001338                DebugMon_Handler
 .text.PendSV_Handler
                0x08001346        0xe ./Application/User/stm32l4xx_it.o
                0x08001346                PendSV_Handler
 .text.SysTick_Handler
                0x08001354        0xc ./Application/User/stm32l4xx_it.o
                0x08001354                SysTick_Handler
 .text.EXTI1_IRQHandler
                0x08001360        0xe ./Application/User/stm32l4xx_it.o
                0x08001360                EXTI1_IRQHandler
 .text._getpid  0x0800136e       0x10 ./Application/User/syscalls.o
                0x0800136e                _getpid
 .text._kill    0x0800137e       0x20 ./Application/User/syscalls.o
                0x0800137e                _kill
 .text._exit    0x0800139e       0x16 ./Application/User/syscalls.o
                0x0800139e                _exit
 .text._read    0x080013b4       0x3a ./Application/User/syscalls.o
                0x080013b4                _read
 .text._write   0x080013ee       0x38 ./Application/User/syscalls.o
                0x080013ee                _write
 .text._close   0x08001426       0x18 ./Application/User/syscalls.o
                0x08001426                _close
 .text._fstat   0x0800143e       0x20 ./Application/User/syscalls.o
                0x0800143e                _fstat
 .text._isatty  0x0800145e       0x16 ./Application/User/syscalls.o
                0x0800145e                _isatty
 .text._lseek   0x08001474       0x1a ./Application/User/syscalls.o
                0x08001474                _lseek
 *fill*         0x0800148e        0x2 
 .text._sbrk    0x08001490       0x6c ./Application/User/sysmem.o
                0x08001490                _sbrk
 .text.Hex2Num  0x080014fc       0x54 ./Application/WIFI/es_wifi.o
 .text.ParseHexNumber
                0x08001550       0x86 ./Application/WIFI/es_wifi.o
 .text.ParseNumber
                0x080015d6       0x88 ./Application/WIFI/es_wifi.o
 .text.ParseMAC
                0x0800165e       0x6e ./Application/WIFI/es_wifi.o
 .text.ParseIP  0x080016cc       0x6e ./Application/WIFI/es_wifi.o
 *fill*         0x0800173a        0x2 
 .text.AT_ParseInfo
                0x0800173c      0x11c ./Application/WIFI/es_wifi.o
 .text.AT_ParseConnSettings
                0x08001858      0x17c ./Application/WIFI/es_wifi.o
 .text.AT_ExecuteCommand
                0x080019d4       0xe0 ./Application/WIFI/es_wifi.o
 .text.AT_RequestSendData
                0x08001ab4      0x100 ./Application/WIFI/es_wifi.o
 .text.AT_RequestReceiveData
                0x08001bb4      0x144 ./Application/WIFI/es_wifi.o
 .text.ES_WIFI_Init
                0x08001cf8       0x68 ./Application/WIFI/es_wifi.o
                0x08001cf8                ES_WIFI_Init
 .text.ES_WIFI_RegisterBusIO
                0x08001d60       0x66 ./Application/WIFI/es_wifi.o
                0x08001d60                ES_WIFI_RegisterBusIO
 *fill*         0x08001dc6        0x2 
 .text.ES_WIFI_Connect
                0x08001dc8       0xf0 ./Application/WIFI/es_wifi.o
                0x08001dc8                ES_WIFI_Connect
 .text.ES_WIFI_IsConnected
                0x08001eb8       0x60 ./Application/WIFI/es_wifi.o
                0x08001eb8                ES_WIFI_IsConnected
 .text.ES_WIFI_GetNetworkSettings
                0x08001f18       0x54 ./Application/WIFI/es_wifi.o
                0x08001f18                ES_WIFI_GetNetworkSettings
 .text.ES_WIFI_GetMACAddress
                0x08001f6c       0x6c ./Application/WIFI/es_wifi.o
                0x08001f6c                ES_WIFI_GetMACAddress
 .text.ES_WIFI_DNS_LookUp
                0x08001fd8       0x70 ./Application/WIFI/es_wifi.o
                0x08001fd8                ES_WIFI_DNS_LookUp
 .text.ES_WIFI_StartClientConnection
                0x08002048      0x1b4 ./Application/WIFI/es_wifi.o
                0x08002048                ES_WIFI_StartClientConnection
 .text.ES_WIFI_StopClientConnection
                0x080021fc       0x74 ./Application/WIFI/es_wifi.o
                0x080021fc                ES_WIFI_StopClientConnection
 .text.ES_WIFI_SendData
                0x08002270      0x178 ./Application/WIFI/es_wifi.o
                0x08002270                ES_WIFI_SendData
 .text.ES_WIFI_ReceiveData
                0x080023e8      0x180 ./Application/WIFI/es_wifi.o
                0x080023e8                ES_WIFI_ReceiveData
 .text.SPI_WIFI_MspInit
                0x08002568      0x178 ./Application/WIFI/es_wifi_io.o
                0x08002568                SPI_WIFI_MspInit
 .text.SPI_WIFI_Init
                0x080026e0       0xbc ./Application/WIFI/es_wifi_io.o
                0x080026e0                SPI_WIFI_Init
 .text.SPI_WIFI_ResetModule
                0x0800279c       0xf4 ./Application/WIFI/es_wifi_io.o
                0x0800279c                SPI_WIFI_ResetModule
 .text.SPI_WIFI_DeInit
                0x08002890       0x14 ./Application/WIFI/es_wifi_io.o
                0x08002890                SPI_WIFI_DeInit
 .text.wait_cmddata_rdy_high
                0x080028a4       0x44 ./Application/WIFI/es_wifi_io.o
 .text.wait_cmddata_rdy_rising_event
                0x080028e8       0x40 ./Application/WIFI/es_wifi_io.o
 .text.wait_spi_rx_event
                0x08002928       0x40 ./Application/WIFI/es_wifi_io.o
 .text.wait_spi_tx_event
                0x08002968       0x40 ./Application/WIFI/es_wifi_io.o
 .text.SPI_WIFI_ReceiveData
                0x080029a8       0xf4 ./Application/WIFI/es_wifi_io.o
                0x080029a8                SPI_WIFI_ReceiveData
 .text.SPI_WIFI_SendData
                0x08002a9c       0xdc ./Application/WIFI/es_wifi_io.o
                0x08002a9c                SPI_WIFI_SendData
 .text.SPI_WIFI_Delay
                0x08002b78       0x16 ./Application/WIFI/es_wifi_io.o
                0x08002b78                SPI_WIFI_Delay
 *fill*         0x08002b8e        0x2 
 .text.SPI_WIFI_DelayUs
                0x08002b90       0xa4 ./Application/WIFI/es_wifi_io.o
 .text.HAL_SPI_RxCpltCallback
                0x08002c34       0x28 ./Application/WIFI/es_wifi_io.o
                0x08002c34                HAL_SPI_RxCpltCallback
 .text.HAL_SPI_TxCpltCallback
                0x08002c5c       0x28 ./Application/WIFI/es_wifi_io.o
                0x08002c5c                HAL_SPI_TxCpltCallback
 .text.SPI_WIFI_ISR
                0x08002c84       0x20 ./Application/WIFI/es_wifi_io.o
                0x08002c84                SPI_WIFI_ISR
 .text.WIFI_Init
                0x08002ca4       0x58 ./Application/WIFI/wifi.o
                0x08002ca4                WIFI_Init
 .text.WIFI_Connect
                0x08002cfc       0x44 ./Application/WIFI/wifi.o
                0x08002cfc                WIFI_Connect
 .text.WIFI_GetMAC_Address
                0x08002d40       0x40 ./Application/WIFI/wifi.o
                0x08002d40                WIFI_GetMAC_Address
 .text.WIFI_GetIP_Address
                0x08002d80       0x48 ./Application/WIFI/wifi.o
                0x08002d80                WIFI_GetIP_Address
 .text.WIFI_GetHostAddress
                0x08002dc8       0x44 ./Application/WIFI/wifi.o
                0x08002dc8                WIFI_GetHostAddress
 .text.WIFI_OpenClientConnection
                0x08002e0c       0x78 ./Application/WIFI/wifi.o
                0x08002e0c                WIFI_OpenClientConnection
 .text.WIFI_CloseClientConnection
                0x08002e84       0x38 ./Application/WIFI/wifi.o
                0x08002e84                WIFI_CloseClientConnection
 .text.WIFI_SendData
                0x08002ebc       0x44 ./Application/WIFI/wifi.o
                0x08002ebc                WIFI_SendData
 .text.WIFI_ReceiveData
                0x08002f00       0x44 ./Application/WIFI/wifi.o
                0x08002f00                WIFI_ReceiveData
 .text.WIFI_GetModuleFwRevision
                0x08002f44       0x58 ./Application/WIFI/wifi.o
                0x08002f44                WIFI_GetModuleFwRevision
 .text.WIFI_GetModuleID
                0x08002f9c       0x50 ./Application/WIFI/wifi.o
                0x08002f9c                WIFI_GetModuleID
 .text.SystemInit
                0x08002fec       0x6c ./Drivers/CMSIS/system_stm32l4xx.o
                0x08002fec                SystemInit
 .text.BSP_LED_Init
                0x08003058       0x60 ./Drivers/STM32L4xx_HAL_Driver/stm32l475e_iot01.o
                0x08003058                BSP_LED_Init
 .text.BSP_LED_On
                0x080030b8       0x2c ./Drivers/STM32L4xx_HAL_Driver/stm32l475e_iot01.o
                0x080030b8                BSP_LED_On
 .text.BSP_LED_Toggle
                0x080030e4       0x2c ./Drivers/STM32L4xx_HAL_Driver/stm32l475e_iot01.o
                0x080030e4                BSP_LED_Toggle
 .text.BSP_COM_Init
                0x08003110       0xd8 ./Drivers/STM32L4xx_HAL_Driver/stm32l475e_iot01.o
                0x08003110                BSP_COM_Init
 .text.HAL_Init
                0x080031e8       0x30 ./Drivers/STM32L4xx_HAL_Driver/stm32l4xx_hal.o
                0x080031e8                HAL_Init
 .text.HAL_MspInit
                0x08003218        0xe ./Drivers/STM32L4xx_HAL_Driver/stm32l4xx_hal.o
                0x08003218                HAL_MspInit
 *fill*         0x08003226        0x2 
 .text.HAL_InitTick
                0x08003228       0x78 ./Drivers/STM32L4xx_HAL_Driver/stm32l4xx_hal.o
                0x08003228                HAL_InitTick
 .text.HAL_IncTick
                0x080032a0       0x28 ./Drivers/STM32L4xx_HAL_Driver/stm32l4xx_hal.o
                0x080032a0                HAL_IncTick
 .text.HAL_GetTick
                0x080032c8       0x18 ./Drivers/STM32L4xx_HAL_Driver/stm32l4xx_hal.o
                0x080032c8                HAL_GetTick
 .text.HAL_Delay
                0x080032e0       0x48 ./Drivers/STM32L4xx_HAL_Driver/stm32l4xx_hal.o
                0x080032e0                HAL_Delay
 .text.__NVIC_SetPriorityGrouping
                0x08003328       0x48 ./Drivers/STM32L4xx_HAL_Driver/stm32l4xx_hal_cortex.o
 .text.__NVIC_GetPriorityGrouping
                0x08003370       0x1c ./Drivers/STM32L4xx_HAL_Driver/stm32l4xx_hal_cortex.o
 .text.__NVIC_EnableIRQ
                0x0800338c       0x3c ./Drivers/STM32L4xx_HAL_Driver/stm32l4xx_hal_cortex.o
 .text.__NVIC_SetPriority
                0x080033c8       0x54 ./Drivers/STM32L4xx_HAL_Driver/stm32l4xx_hal_cortex.o
 .text.NVIC_EncodePriority
                0x0800341c       0x66 ./Drivers/STM32L4xx_HAL_Driver/stm32l4xx_hal_cortex.o
 *fill*         0x08003482        0x2 
 .text.SysTick_Config
                0x08003484       0x44 ./Drivers/STM32L4xx_HAL_Driver/stm32l4xx_hal_cortex.o
 .text.HAL_NVIC_SetPriorityGrouping
                0x080034c8       0x16 ./Drivers/STM32L4xx_HAL_Driver/stm32l4xx_hal_cortex.o
                0x080034c8                HAL_NVIC_SetPriorityGrouping
 .text.HAL_NVIC_SetPriority
                0x080034de       0x38 ./Drivers/STM32L4xx_HAL_Driver/stm32l4xx_hal_cortex.o
                0x080034de                HAL_NVIC_SetPriority
 .text.HAL_NVIC_EnableIRQ
                0x08003516       0x1c ./Drivers/STM32L4xx_HAL_Driver/stm32l4xx_hal_cortex.o
                0x08003516                HAL_NVIC_EnableIRQ
 .text.HAL_SYSTICK_Config
                0x08003532       0x18 ./Drivers/STM32L4xx_HAL_Driver/stm32l4xx_hal_cortex.o
                0x08003532                HAL_SYSTICK_Config
 *fill*         0x0800354a        0x2 
 .text.HAL_DFSDM_ChannelInit
                0x0800354c      0x180 ./Drivers/STM32L4xx_HAL_Driver/stm32l4xx_hal_dfsdm.o
                0x0800354c                HAL_DFSDM_ChannelInit
 .text.HAL_DFSDM_ChannelMspInit
                0x080036cc       0x14 ./Drivers/STM32L4xx_HAL_Driver/stm32l4xx_hal_dfsdm.o
                0x080036cc                HAL_DFSDM_ChannelMspInit
 .text.HAL_DFSDM_FilterInit
                0x080036e0      0x1b4 ./Drivers/STM32L4xx_HAL_Driver/stm32l4xx_hal_dfsdm.o
                0x080036e0                HAL_DFSDM_FilterInit
 .text.HAL_DFSDM_FilterConfigRegChannel
                0x08003894       0x8a ./Drivers/STM32L4xx_HAL_Driver/stm32l4xx_hal_dfsdm.o
                0x08003894                HAL_DFSDM_FilterConfigRegChannel
 *fill*         0x0800391e        0x2 
 .text.HAL_DFSDM_FilterRegularStart_DMA
                0x08003920      0x104 ./Drivers/STM32L4xx_HAL_Driver/stm32l4xx_hal_dfsdm.o
                0x08003920                HAL_DFSDM_FilterRegularStart_DMA
 .text.HAL_DFSDM_FilterErrorCallback
                0x08003a24       0x14 ./Drivers/STM32L4xx_HAL_Driver/stm32l4xx_hal_dfsdm.o
                0x08003a24                HAL_DFSDM_FilterErrorCallback
 .text.DFSDM_DMARegularHalfConvCplt
                0x08003a38       0x1c ./Drivers/STM32L4xx_HAL_Driver/stm32l4xx_hal_dfsdm.o
 .text.DFSDM_DMARegularConvCplt
                0x08003a54       0x1c ./Drivers/STM32L4xx_HAL_Driver/stm32l4xx_hal_dfsdm.o
 .text.DFSDM_DMAError
                0x08003a70       0x22 ./Drivers/STM32L4xx_HAL_Driver/stm32l4xx_hal_dfsdm.o
 *fill*         0x08003a92        0x2 
 .text.DFSDM_GetChannelFromInstance
                0x08003a94       0x98 ./Drivers/STM32L4xx_HAL_Driver/stm32l4xx_hal_dfsdm.o
 .text.DFSDM_RegConvStart
                0x08003b2c       0xac ./Drivers/STM32L4xx_HAL_Driver/stm32l4xx_hal_dfsdm.o
 .text.HAL_DMA_Init
                0x08003bd8      0x170 ./Drivers/STM32L4xx_HAL_Driver/stm32l4xx_hal_dma.o
                0x08003bd8                HAL_DMA_Init
 .text.HAL_DMA_Start_IT
                0x08003d48       0xc6 ./Drivers/STM32L4xx_HAL_Driver/stm32l4xx_hal_dma.o
                0x08003d48                HAL_DMA_Start_IT
 .text.HAL_DMA_Abort_IT
                0x08003e0e       0x82 ./Drivers/STM32L4xx_HAL_Driver/stm32l4xx_hal_dma.o
                0x08003e0e                HAL_DMA_Abort_IT
 .text.HAL_DMA_IRQHandler
                0x08003e90      0x18c ./Drivers/STM32L4xx_HAL_Driver/stm32l4xx_hal_dma.o
                0x08003e90                HAL_DMA_IRQHandler
 .text.DMA_SetConfig
                0x0800401c       0x60 ./Drivers/STM32L4xx_HAL_Driver/stm32l4xx_hal_dma.o
 .text.HAL_GPIO_Init
                0x0800407c      0x354 ./Drivers/STM32L4xx_HAL_Driver/stm32l4xx_hal_gpio.o
                0x0800407c                HAL_GPIO_Init
 .text.HAL_GPIO_ReadPin
                0x080043d0       0x30 ./Drivers/STM32L4xx_HAL_Driver/stm32l4xx_hal_gpio.o
                0x080043d0                HAL_GPIO_ReadPin
 .text.HAL_GPIO_WritePin
                0x08004400       0x30 ./Drivers/STM32L4xx_HAL_Driver/stm32l4xx_hal_gpio.o
                0x08004400                HAL_GPIO_WritePin
 .text.HAL_GPIO_TogglePin
                0x08004430       0x34 ./Drivers/STM32L4xx_HAL_Driver/stm32l4xx_hal_gpio.o
                0x08004430                HAL_GPIO_TogglePin
 .text.HAL_GPIO_EXTI_IRQHandler
                0x08004464       0x30 ./Drivers/STM32L4xx_HAL_Driver/stm32l4xx_hal_gpio.o
                0x08004464                HAL_GPIO_EXTI_IRQHandler
 .text.HAL_PWREx_GetVoltageRange
                0x08004494       0x1c ./Drivers/STM32L4xx_HAL_Driver/stm32l4xx_hal_pwr_ex.o
                0x08004494                HAL_PWREx_GetVoltageRange
 .text.HAL_RCC_OscConfig
                0x080044b0      0x7b8 ./Drivers/STM32L4xx_HAL_Driver/stm32l4xx_hal_rcc.o
                0x080044b0                HAL_RCC_OscConfig
 .text.HAL_RCC_ClockConfig
                0x08004c68      0x200 ./Drivers/STM32L4xx_HAL_Driver/stm32l4xx_hal_rcc.o
                0x08004c68                HAL_RCC_ClockConfig
 .text.HAL_RCC_GetSysClockFreq
                0x08004e68      0x118 ./Drivers/STM32L4xx_HAL_Driver/stm32l4xx_hal_rcc.o
                0x08004e68                HAL_RCC_GetSysClockFreq
 .text.HAL_RCC_GetHCLKFreq
                0x08004f80       0x18 ./Drivers/STM32L4xx_HAL_Driver/stm32l4xx_hal_rcc.o
                0x08004f80                HAL_RCC_GetHCLKFreq
 .text.HAL_RCC_GetPCLK1Freq
                0x08004f98       0x2c ./Drivers/STM32L4xx_HAL_Driver/stm32l4xx_hal_rcc.o
                0x08004f98                HAL_RCC_GetPCLK1Freq
 .text.HAL_RCC_GetPCLK2Freq
                0x08004fc4       0x2c ./Drivers/STM32L4xx_HAL_Driver/stm32l4xx_hal_rcc.o
                0x08004fc4                HAL_RCC_GetPCLK2Freq
 .text.RCC_SetFlashLatencyFromMSIRange
                0x08004ff0       0xc0 ./Drivers/STM32L4xx_HAL_Driver/stm32l4xx_hal_rcc.o
 .text.HAL_RCCEx_PeriphCLKConfig
                0x080050b0      0x5d4 ./Drivers/STM32L4xx_HAL_Driver/stm32l4xx_hal_rcc_ex.o
                0x080050b0                HAL_RCCEx_PeriphCLKConfig
 .text.RCCEx_PLLSAI1_Config
                0x08005684      0x1e8 ./Drivers/STM32L4xx_HAL_Driver/stm32l4xx_hal_rcc_ex.o
 .text.RCCEx_PLLSAI2_Config
                0x0800586c      0x1bc ./Drivers/STM32L4xx_HAL_Driver/stm32l4xx_hal_rcc_ex.o
 .text.HAL_SPI_Init
                0x08005a28      0x198 ./Drivers/STM32L4xx_HAL_Driver/stm32l4xx_hal_spi.o
                0x08005a28                HAL_SPI_Init
 .text.HAL_SPI_DeInit
                0x08005bc0       0x50 ./Drivers/STM32L4xx_HAL_Driver/stm32l4xx_hal_spi.o
                0x08005bc0                HAL_SPI_DeInit
 .text.HAL_SPI_MspInit
                0x08005c10       0x14 ./Drivers/STM32L4xx_HAL_Driver/stm32l4xx_hal_spi.o
                0x08005c10                HAL_SPI_MspInit
 .text.HAL_SPI_MspDeInit
                0x08005c24       0x14 ./Drivers/STM32L4xx_HAL_Driver/stm32l4xx_hal_spi.o
                0x08005c24                HAL_SPI_MspDeInit
 .text.HAL_SPI_Receive
                0x08005c38      0x3f2 ./Drivers/STM32L4xx_HAL_Driver/stm32l4xx_hal_spi.o
                0x08005c38                HAL_SPI_Receive
 .text.HAL_SPI_TransmitReceive
                0x0800602a      0x694 ./Drivers/STM32L4xx_HAL_Driver/stm32l4xx_hal_spi.o
                0x0800602a                HAL_SPI_TransmitReceive
 *fill*         0x080066be        0x2 
 .text.HAL_SPI_Transmit_IT
                0x080066c0      0x138 ./Drivers/STM32L4xx_HAL_Driver/stm32l4xx_hal_spi.o
                0x080066c0                HAL_SPI_Transmit_IT
 .text.HAL_SPI_Receive_IT
                0x080067f8      0x1a4 ./Drivers/STM32L4xx_HAL_Driver/stm32l4xx_hal_spi.o
                0x080067f8                HAL_SPI_Receive_IT
 .text.HAL_SPI_TransmitReceive_IT
                0x0800699c      0x1a4 ./Drivers/STM32L4xx_HAL_Driver/stm32l4xx_hal_spi.o
                0x0800699c                HAL_SPI_TransmitReceive_IT
 .text.HAL_SPI_IRQHandler
                0x08006b40      0x1e8 ./Drivers/STM32L4xx_HAL_Driver/stm32l4xx_hal_spi.o
                0x08006b40                HAL_SPI_IRQHandler
 .text.HAL_SPI_TxRxCpltCallback
                0x08006d28       0x14 ./Drivers/STM32L4xx_HAL_Driver/stm32l4xx_hal_spi.o
                0x08006d28                HAL_SPI_TxRxCpltCallback
 .text.HAL_SPI_ErrorCallback
                0x08006d3c       0x14 ./Drivers/STM32L4xx_HAL_Driver/stm32l4xx_hal_spi.o
                0x08006d3c                HAL_SPI_ErrorCallback
 .text.SPI_DMAAbortOnError
                0x08006d50       0x2a ./Drivers/STM32L4xx_HAL_Driver/stm32l4xx_hal_spi.o
 *fill*         0x08006d7a        0x2 
 .text.SPI_2linesRxISR_8BIT
                0x08006d7c       0xe4 ./Drivers/STM32L4xx_HAL_Driver/stm32l4xx_hal_spi.o
 .text.SPI_2linesRxISR_8BITCRC
                0x08006e60       0x58 ./Drivers/STM32L4xx_HAL_Driver/stm32l4xx_hal_spi.o
 .text.SPI_2linesTxISR_8BIT
                0x08006eb8       0xbc ./Drivers/STM32L4xx_HAL_Driver/stm32l4xx_hal_spi.o
 .text.SPI_2linesRxISR_16BIT
                0x08006f74       0x7c ./Drivers/STM32L4xx_HAL_Driver/stm32l4xx_hal_spi.o
 .text.SPI_2linesRxISR_16BITCRC
                0x08006ff0       0x34 ./Drivers/STM32L4xx_HAL_Driver/stm32l4xx_hal_spi.o
 .text.SPI_2linesTxISR_16BIT
                0x08007024       0x8a ./Drivers/STM32L4xx_HAL_Driver/stm32l4xx_hal_spi.o
 .text.SPI_RxISR_8BITCRC
                0x080070ae       0x3e ./Drivers/STM32L4xx_HAL_Driver/stm32l4xx_hal_spi.o
 .text.SPI_RxISR_8BIT
                0x080070ec       0x8c ./Drivers/STM32L4xx_HAL_Driver/stm32l4xx_hal_spi.o
 .text.SPI_RxISR_16BITCRC
                0x08007178       0x34 ./Drivers/STM32L4xx_HAL_Driver/stm32l4xx_hal_spi.o
 .text.SPI_RxISR_16BIT
                0x080071ac       0x88 ./Drivers/STM32L4xx_HAL_Driver/stm32l4xx_hal_spi.o
 .text.SPI_TxISR_8BIT
                0x08007234       0x60 ./Drivers/STM32L4xx_HAL_Driver/stm32l4xx_hal_spi.o
 .text.SPI_TxISR_16BIT
                0x08007294       0x5e ./Drivers/STM32L4xx_HAL_Driver/stm32l4xx_hal_spi.o
 *fill*         0x080072f2        0x2 
 .text.SPI_WaitFlagStateUntilTimeout
                0x080072f4      0x110 ./Drivers/STM32L4xx_HAL_Driver/stm32l4xx_hal_spi.o
 .text.SPI_WaitFifoStateUntilTimeout
                0x08007404      0x12c ./Drivers/STM32L4xx_HAL_Driver/stm32l4xx_hal_spi.o
 .text.SPI_EndRxTransaction
                0x08007530       0xb0 ./Drivers/STM32L4xx_HAL_Driver/stm32l4xx_hal_spi.o
 .text.SPI_EndRxTxTransaction
                0x080075e0       0x8c ./Drivers/STM32L4xx_HAL_Driver/stm32l4xx_hal_spi.o
 .text.SPI_CloseRxTx_ISR
                0x0800766c       0xb8 ./Drivers/STM32L4xx_HAL_Driver/stm32l4xx_hal_spi.o
 .text.SPI_CloseRx_ISR
                0x08007724       0x8c ./Drivers/STM32L4xx_HAL_Driver/stm32l4xx_hal_spi.o
 .text.SPI_CloseTx_ISR
                0x080077b0       0x7e ./Drivers/STM32L4xx_HAL_Driver/stm32l4xx_hal_spi.o
 .text.HAL_TIM_Base_Init
                0x0800782e       0xae ./Drivers/STM32L4xx_HAL_Driver/stm32l4xx_hal_tim.o
                0x0800782e                HAL_TIM_Base_Init
 .text.HAL_TIM_Base_MspInit
                0x080078dc       0x14 ./Drivers/STM32L4xx_HAL_Driver/stm32l4xx_hal_tim.o
                0x080078dc                HAL_TIM_Base_MspInit
 .text.HAL_TIM_PWM_Init
                0x080078f0       0xae ./Drivers/STM32L4xx_HAL_Driver/stm32l4xx_hal_tim.o
                0x080078f0                HAL_TIM_PWM_Init
 .text.HAL_TIM_PWM_MspInit
                0x0800799e       0x14 ./Drivers/STM32L4xx_HAL_Driver/stm32l4xx_hal_tim.o
                0x0800799e                HAL_TIM_PWM_MspInit
 *fill*         0x080079b2        0x2 
 .text.HAL_TIM_PWM_Start
                0x080079b4      0x20c ./Drivers/STM32L4xx_HAL_Driver/stm32l4xx_hal_tim.o
                0x080079b4                HAL_TIM_PWM_Start
 .text.HAL_TIM_PWM_ConfigChannel
                0x08007bc0      0x228 ./Drivers/STM32L4xx_HAL_Driver/stm32l4xx_hal_tim.o
                0x08007bc0                HAL_TIM_PWM_ConfigChannel
 .text.HAL_TIM_ConfigClockSource
                0x08007de8      0x192 ./Drivers/STM32L4xx_HAL_Driver/stm32l4xx_hal_tim.o
                0x08007de8                HAL_TIM_ConfigClockSource
 *fill*         0x08007f7a        0x2 
 .text.TIM_Base_SetConfig
                0x08007f7c      0x14c ./Drivers/STM32L4xx_HAL_Driver/stm32l4xx_hal_tim.o
                0x08007f7c                TIM_Base_SetConfig
 .text.TIM_OC1_SetConfig
                0x080080c8      0x120 ./Drivers/STM32L4xx_HAL_Driver/stm32l4xx_hal_tim.o
 .text.TIM_OC2_SetConfig
                0x080081e8      0x114 ./Drivers/STM32L4xx_HAL_Driver/stm32l4xx_hal_tim.o
                0x080081e8                TIM_OC2_SetConfig
 .text.TIM_OC3_SetConfig
                0x080082fc      0x110 ./Drivers/STM32L4xx_HAL_Driver/stm32l4xx_hal_tim.o
 .text.TIM_OC4_SetConfig
                0x0800840c       0xd4 ./Drivers/STM32L4xx_HAL_Driver/stm32l4xx_hal_tim.o
 .text.TIM_OC5_SetConfig
                0x080084e0       0xc8 ./Drivers/STM32L4xx_HAL_Driver/stm32l4xx_hal_tim.o
 .text.TIM_OC6_SetConfig
                0x080085a8       0xcc ./Drivers/STM32L4xx_HAL_Driver/stm32l4xx_hal_tim.o
 .text.TIM_TI1_ConfigInputStage
                0x08008674       0x5e ./Drivers/STM32L4xx_HAL_Driver/stm32l4xx_hal_tim.o
 .text.TIM_TI2_ConfigInputStage
                0x080086d2       0x60 ./Drivers/STM32L4xx_HAL_Driver/stm32l4xx_hal_tim.o
 .text.TIM_ITRx_SetConfig
                0x08008732       0x36 ./Drivers/STM32L4xx_HAL_Driver/stm32l4xx_hal_tim.o
 .text.TIM_ETR_SetConfig
                0x08008768       0x40 ./Drivers/STM32L4xx_HAL_Driver/stm32l4xx_hal_tim.o
                0x08008768                TIM_ETR_SetConfig
 .text.TIM_CCxChannelCmd
                0x080087a8       0x4a ./Drivers/STM32L4xx_HAL_Driver/stm32l4xx_hal_tim.o
                0x080087a8                TIM_CCxChannelCmd
 *fill*         0x080087f2        0x2 
 .text.HAL_TIMEx_MasterConfigSynchronization
                0x080087f4      0x110 ./Drivers/STM32L4xx_HAL_Driver/stm32l4xx_hal_tim_ex.o
                0x080087f4                HAL_TIMEx_MasterConfigSynchronization
 .text.HAL_UART_Init
                0x08008904       0x9c ./Drivers/STM32L4xx_HAL_Driver/stm32l4xx_hal_uart.o
                0x08008904                HAL_UART_Init
 .text.HAL_UART_MspInit
                0x080089a0       0x14 ./Drivers/STM32L4xx_HAL_Driver/stm32l4xx_hal_uart.o
                0x080089a0                HAL_UART_MspInit
 .text.HAL_UART_Transmit
                0x080089b4      0x126 ./Drivers/STM32L4xx_HAL_Driver/stm32l4xx_hal_uart.o
                0x080089b4                HAL_UART_Transmit
 *fill*         0x08008ada        0x2 
 .text.UART_SetConfig
                0x08008adc      0x570 ./Drivers/STM32L4xx_HAL_Driver/stm32l4xx_hal_uart.o
                0x08008adc                UART_SetConfig
 .text.UART_AdvFeatureConfig
                0x0800904c      0x144 ./Drivers/STM32L4xx_HAL_Driver/stm32l4xx_hal_uart.o
                0x0800904c                UART_AdvFeatureConfig
 .text.UART_CheckIdleState
                0x08009190      0x150 ./Drivers/STM32L4xx_HAL_Driver/stm32l4xx_hal_uart.o
                0x08009190                UART_CheckIdleState
 .text.UART_WaitOnFlagUntilTimeout
                0x080092e0       0xda ./Drivers/STM32L4xx_HAL_Driver/stm32l4xx_hal_uart.o
                0x080092e0                UART_WaitOnFlagUntilTimeout
 .text.UART_EndRxTransfer
                0x080093ba       0xc8 ./Drivers/STM32L4xx_HAL_Driver/stm32l4xx_hal_uart.o
 *fill*         0x08009482        0x2 
 .text.arm_rfft_32_fast_init_f32
                0x08009484       0x34 ../Drivers\libarm_cortexM4lf_math.a(arm_rfft_fast_init_f32.o)
                0x08009484                arm_rfft_32_fast_init_f32
 .text.arm_rfft_64_fast_init_f32
                0x080094b8       0x34 ../Drivers\libarm_cortexM4lf_math.a(arm_rfft_fast_init_f32.o)
                0x080094b8                arm_rfft_64_fast_init_f32
 .text.arm_rfft_256_fast_init_f32
                0x080094ec       0x38 ../Drivers\libarm_cortexM4lf_math.a(arm_rfft_fast_init_f32.o)
                0x080094ec                arm_rfft_256_fast_init_f32
 .text.arm_rfft_512_fast_init_f32
                0x08009524       0x3c ../Drivers\libarm_cortexM4lf_math.a(arm_rfft_fast_init_f32.o)
                0x08009524                arm_rfft_512_fast_init_f32
 .text.arm_rfft_1024_fast_init_f32
                0x08009560       0x3c ../Drivers\libarm_cortexM4lf_math.a(arm_rfft_fast_init_f32.o)
                0x08009560                arm_rfft_1024_fast_init_f32
 .text.arm_rfft_2048_fast_init_f32
                0x0800959c       0x3c ../Drivers\libarm_cortexM4lf_math.a(arm_rfft_fast_init_f32.o)
                0x0800959c                arm_rfft_2048_fast_init_f32
 .text.arm_rfft_4096_fast_init_f32
                0x080095d8       0x3c ../Drivers\libarm_cortexM4lf_math.a(arm_rfft_fast_init_f32.o)
                0x080095d8                arm_rfft_4096_fast_init_f32
 .text.arm_rfft_fast_init_f32
                0x08009614       0x68 ../Drivers\libarm_cortexM4lf_math.a(arm_rfft_fast_init_f32.o)
                0x08009614                arm_rfft_fast_init_f32
 .text.stage_rfft_f32
                0x0800967c       0xb4 ../Drivers\libarm_cortexM4lf_math.a(arm_rfft_fast_f32.o)
                0x0800967c                stage_rfft_f32
 .text.merge_rfft_f32
                0x08009730       0xac ../Drivers\libarm_cortexM4lf_math.a(arm_rfft_fast_f32.o)
                0x08009730                merge_rfft_f32
 .text.arm_rfft_fast_f32
                0x080097dc       0x40 ../Drivers\libarm_cortexM4lf_math.a(arm_rfft_fast_f32.o)
                0x080097dc                arm_rfft_fast_f32
 .text.arm_cfft_radix8by2_f32
                0x0800981c      0x1a0 ../Drivers\libarm_cortexM4lf_math.a(arm_cfft_f32.o)
                0x0800981c                arm_cfft_radix8by2_f32
 .text.arm_cfft_radix8by4_f32
                0x080099bc      0x4ac ../Drivers\libarm_cortexM4lf_math.a(arm_cfft_f32.o)
                0x080099bc                arm_cfft_radix8by4_f32
 .text.arm_cfft_f32
                0x08009e68       0xf0 ../Drivers\libarm_cortexM4lf_math.a(arm_cfft_f32.o)
                0x08009e68                arm_cfft_f32
 .text.arm_bitreversal_32
                0x08009f58       0x40 ../Drivers\libarm_cortexM4lf_math.a(arm_bitreversal2.o)
                0x08009f58                arm_bitreversal_32
 .text.arm_cmplx_mag_f32
                0x08009f98      0x248 ../Drivers\libarm_cortexM4lf_math.a(arm_cmplx_mag_f32.o)
                0x08009f98                arm_cmplx_mag_f32
 .text.arm_radix8_butterfly_f32
                0x0800a1e0      0x580 ../Drivers\libarm_cortexM4lf_math.a(arm_cfft_radix8_f32.o)
                0x0800a1e0                arm_radix8_butterfly_f32
 .text.std      0x0800a760       0x6c C:/ST/STM32CubeIDE_1.17.0/STM32CubeIDE/plugins/com.st.stm32cube.ide.mcu.externaltools.gnu-tools-for-stm32.12.3.rel1.win32_1.1.0.202410251130/tools/bin/../lib/gcc/arm-none-eabi/12.3.1/../../../../arm-none-eabi/lib/thumb/v7e-m+fp/hard\libc_nano.a(libc_a-findfp.o)
 .text.stdio_exit_handler
                0x0800a7cc       0x18 C:/ST/STM32CubeIDE_1.17.0/STM32CubeIDE/plugins/com.st.stm32cube.ide.mcu.externaltools.gnu-tools-for-stm32.12.3.rel1.win32_1.1.0.202410251130/tools/bin/../lib/gcc/arm-none-eabi/12.3.1/../../../../arm-none-eabi/lib/thumb/v7e-m+fp/hard\libc_nano.a(libc_a-findfp.o)
 .text.cleanup_stdio
                0x0800a7e4       0x40 C:/ST/STM32CubeIDE_1.17.0/STM32CubeIDE/plugins/com.st.stm32cube.ide.mcu.externaltools.gnu-tools-for-stm32.12.3.rel1.win32_1.1.0.202410251130/tools/bin/../lib/gcc/arm-none-eabi/12.3.1/../../../../arm-none-eabi/lib/thumb/v7e-m+fp/hard\libc_nano.a(libc_a-findfp.o)
 .text.global_stdio_init.part.0
                0x0800a824       0x3c C:/ST/STM32CubeIDE_1.17.0/STM32CubeIDE/plugins/com.st.stm32cube.ide.mcu.externaltools.gnu-tools-for-stm32.12.3.rel1.win32_1.1.0.202410251130/tools/bin/../lib/gcc/arm-none-eabi/12.3.1/../../../../arm-none-eabi/lib/thumb/v7e-m+fp/hard\libc_nano.a(libc_a-findfp.o)
 .text.__sfp_lock_acquire
                0x0800a860        0xc C:/ST/STM32CubeIDE_1.17.0/STM32CubeIDE/plugins/com.st.stm32cube.ide.mcu.externaltools.gnu-tools-for-stm32.12.3.rel1.win32_1.1.0.202410251130/tools/bin/../lib/gcc/arm-none-eabi/12.3.1/../../../../arm-none-eabi/lib/thumb/v7e-m+fp/hard\libc_nano.a(libc_a-findfp.o)
                0x0800a860                __sfp_lock_acquire
 .text.__sfp_lock_release
                0x0800a86c        0xc C:/ST/STM32CubeIDE_1.17.0/STM32CubeIDE/plugins/com.st.stm32cube.ide.mcu.externaltools.gnu-tools-for-stm32.12.3.rel1.win32_1.1.0.202410251130/tools/bin/../lib/gcc/arm-none-eabi/12.3.1/../../../../arm-none-eabi/lib/thumb/v7e-m+fp/hard\libc_nano.a(libc_a-findfp.o)
                0x0800a86c                __sfp_lock_release
 .text.__sinit  0x0800a878       0x30 C:/ST/STM32CubeIDE_1.17.0/STM32CubeIDE/plugins/com.st.stm32cube.ide.mcu.externaltools.gnu-tools-for-stm32.12.3.rel1.win32_1.1.0.202410251130/tools/bin/../lib/gcc/arm-none-eabi/12.3.1/../../../../arm-none-eabi/lib/thumb/v7e-m+fp/hard\libc_nano.a(libc_a-findfp.o)
                0x0800a878                __sinit
 .text._fwalk_sglue
                0x0800a8a8       0x3c C:/ST/STM32CubeIDE_1.17.0/STM32CubeIDE/plugins/com.st.stm32cube.ide.mcu.externaltools.gnu-tools-for-stm32.12.3.rel1.win32_1.1.0.202410251130/tools/bin/../lib/gcc/arm-none-eabi/12.3.1/../../../../arm-none-eabi/lib/thumb/v7e-m+fp/hard\libc_nano.a(libc_a-fwalk.o)
                0x0800a8a8                _fwalk_sglue
 .text.printf   0x0800a8e4       0x24 C:/ST/STM32CubeIDE_1.17.0/STM32CubeIDE/plugins/com.st.stm32cube.ide.mcu.externaltools.gnu-tools-for-stm32.12.3.rel1.win32_1.1.0.202410251130/tools/bin/../lib/gcc/arm-none-eabi/12.3.1/../../../../arm-none-eabi/lib/thumb/v7e-m+fp/hard\libc_nano.a(libc_a-printf.o)
                0x0800a8e4                iprintf
                0x0800a8e4                printf
 .text._puts_r  0x0800a908       0xaa C:/ST/STM32CubeIDE_1.17.0/STM32CubeIDE/plugins/com.st.stm32cube.ide.mcu.externaltools.gnu-tools-for-stm32.12.3.rel1.win32_1.1.0.202410251130/tools/bin/../lib/gcc/arm-none-eabi/12.3.1/../../../../arm-none-eabi/lib/thumb/v7e-m+fp/hard\libc_nano.a(libc_a-puts.o)
                0x0800a908                _puts_r
 *fill*         0x0800a9b2        0x2 
 .text.puts     0x0800a9b4       0x10 C:/ST/STM32CubeIDE_1.17.0/STM32CubeIDE/plugins/com.st.stm32cube.ide.mcu.externaltools.gnu-tools-for-stm32.12.3.rel1.win32_1.1.0.202410251130/tools/bin/../lib/gcc/arm-none-eabi/12.3.1/../../../../arm-none-eabi/lib/thumb/v7e-m+fp/hard\libc_nano.a(libc_a-puts.o)
                0x0800a9b4                puts
 .text.snprintf
                0x0800a9c4       0x68 C:/ST/STM32CubeIDE_1.17.0/STM32CubeIDE/plugins/com.st.stm32cube.ide.mcu.externaltools.gnu-tools-for-stm32.12.3.rel1.win32_1.1.0.202410251130/tools/bin/../lib/gcc/arm-none-eabi/12.3.1/../../../../arm-none-eabi/lib/thumb/v7e-m+fp/hard\libc_nano.a(libc_a-snprintf.o)
                0x0800a9c4                sniprintf
                0x0800a9c4                snprintf
 .text.sprintf  0x0800aa2c       0x40 C:/ST/STM32CubeIDE_1.17.0/STM32CubeIDE/plugins/com.st.stm32cube.ide.mcu.externaltools.gnu-tools-for-stm32.12.3.rel1.win32_1.1.0.202410251130/tools/bin/../lib/gcc/arm-none-eabi/12.3.1/../../../../arm-none-eabi/lib/thumb/v7e-m+fp/hard\libc_nano.a(libc_a-sprintf.o)
                0x0800aa2c                siprintf
                0x0800aa2c                sprintf
 .text.__sread  0x0800aa6c       0x22 C:/ST/STM32CubeIDE_1.17.0/STM32CubeIDE/plugins/com.st.stm32cube.ide.mcu.externaltools.gnu-tools-for-stm32.12.3.rel1.win32_1.1.0.202410251130/tools/bin/../lib/gcc/arm-none-eabi/12.3.1/../../../../arm-none-eabi/lib/thumb/v7e-m+fp/hard\libc_nano.a(libc_a-stdio.o)
                0x0800aa6c                __sread
 .text.__swrite
                0x0800aa8e       0x38 C:/ST/STM32CubeIDE_1.17.0/STM32CubeIDE/plugins/com.st.stm32cube.ide.mcu.externaltools.gnu-tools-for-stm32.12.3.rel1.win32_1.1.0.202410251130/tools/bin/../lib/gcc/arm-none-eabi/12.3.1/../../../../arm-none-eabi/lib/thumb/v7e-m+fp/hard\libc_nano.a(libc_a-stdio.o)
                0x0800aa8e                __swrite
 .text.__sseek  0x0800aac6       0x24 C:/ST/STM32CubeIDE_1.17.0/STM32CubeIDE/plugins/com.st.stm32cube.ide.mcu.externaltools.gnu-tools-for-stm32.12.3.rel1.win32_1.1.0.202410251130/tools/bin/../lib/gcc/arm-none-eabi/12.3.1/../../../../arm-none-eabi/lib/thumb/v7e-m+fp/hard\libc_nano.a(libc_a-stdio.o)
                0x0800aac6                __sseek
 .text.__sclose
                0x0800aaea        0x8 C:/ST/STM32CubeIDE_1.17.0/STM32CubeIDE/plugins/com.st.stm32cube.ide.mcu.externaltools.gnu-tools-for-stm32.12.3.rel1.win32_1.1.0.202410251130/tools/bin/../lib/gcc/arm-none-eabi/12.3.1/../../../../arm-none-eabi/lib/thumb/v7e-m+fp/hard\libc_nano.a(libc_a-stdio.o)
                0x0800aaea                __sclose
 .text.__swbuf_r
                0x0800aaf2       0x7c C:/ST/STM32CubeIDE_1.17.0/STM32CubeIDE/plugins/com.st.stm32cube.ide.mcu.externaltools.gnu-tools-for-stm32.12.3.rel1.win32_1.1.0.202410251130/tools/bin/../lib/gcc/arm-none-eabi/12.3.1/../../../../arm-none-eabi/lib/thumb/v7e-m+fp/hard\libc_nano.a(libc_a-wbuf.o)
                0x0800aaf2                __swbuf_r
 *fill*         0x0800ab6e        0x2 
 .text.__swsetup_r
                0x0800ab70       0xac C:/ST/STM32CubeIDE_1.17.0/STM32CubeIDE/plugins/com.st.stm32cube.ide.mcu.externaltools.gnu-tools-for-stm32.12.3.rel1.win32_1.1.0.202410251130/tools/bin/../lib/gcc/arm-none-eabi/12.3.1/../../../../arm-none-eabi/lib/thumb/v7e-m+fp/hard\libc_nano.a(libc_a-wsetup.o)
                0x0800ab70                __swsetup_r
 .text.memcmp   0x0800ac1c       0x20 C:/ST/STM32CubeIDE_1.17.0/STM32CubeIDE/plugins/com.st.stm32cube.ide.mcu.externaltools.gnu-tools-for-stm32.12.3.rel1.win32_1.1.0.202410251130/tools/bin/../lib/gcc/arm-none-eabi/12.3.1/../../../../arm-none-eabi/lib/thumb/v7e-m+fp/hard\libc_nano.a(libc_a-memcmp.o)
                0x0800ac1c                memcmp
 .text.memset   0x0800ac3c       0x10 C:/ST/STM32CubeIDE_1.17.0/STM32CubeIDE/plugins/com.st.stm32cube.ide.mcu.externaltools.gnu-tools-for-stm32.12.3.rel1.win32_1.1.0.202410251130/tools/bin/../lib/gcc/arm-none-eabi/12.3.1/../../../../arm-none-eabi/lib/thumb/v7e-m+fp/hard\libc_nano.a(libc_a-memset.o)
                0x0800ac3c                memset
 .text.strncpy  0x0800ac4c       0x26 C:/ST/STM32CubeIDE_1.17.0/STM32CubeIDE/plugins/com.st.stm32cube.ide.mcu.externaltools.gnu-tools-for-stm32.12.3.rel1.win32_1.1.0.202410251130/tools/bin/../lib/gcc/arm-none-eabi/12.3.1/../../../../arm-none-eabi/lib/thumb/v7e-m+fp/hard\libc_nano.a(libc_a-strncpy.o)
                0x0800ac4c                strncpy
 *fill*         0x0800ac72        0x2 
 .text.strtok   0x0800ac74       0x68 C:/ST/STM32CubeIDE_1.17.0/STM32CubeIDE/plugins/com.st.stm32cube.ide.mcu.externaltools.gnu-tools-for-stm32.12.3.rel1.win32_1.1.0.202410251130/tools/bin/../lib/gcc/arm-none-eabi/12.3.1/../../../../arm-none-eabi/lib/thumb/v7e-m+fp/hard\libc_nano.a(libc_a-strtok.o)
                0x0800ac74                strtok
 .text.__strtok_r
                0x0800acdc       0x50 C:/ST/STM32CubeIDE_1.17.0/STM32CubeIDE/plugins/com.st.stm32cube.ide.mcu.externaltools.gnu-tools-for-stm32.12.3.rel1.win32_1.1.0.202410251130/tools/bin/../lib/gcc/arm-none-eabi/12.3.1/../../../../arm-none-eabi/lib/thumb/v7e-m+fp/hard\libc_nano.a(libc_a-strtok_r.o)
                0x0800acdc                __strtok_r
 .text.strstr   0x0800ad2c       0x2c C:/ST/STM32CubeIDE_1.17.0/STM32CubeIDE/plugins/com.st.stm32cube.ide.mcu.externaltools.gnu-tools-for-stm32.12.3.rel1.win32_1.1.0.202410251130/tools/bin/../lib/gcc/arm-none-eabi/12.3.1/../../../../arm-none-eabi/lib/thumb/v7e-m+fp/hard\libc_nano.a(libc_a-strstr.o)
                0x0800ad2c                strstr
 .text._close_r
                0x0800ad58       0x20 C:/ST/STM32CubeIDE_1.17.0/STM32CubeIDE/plugins/com.st.stm32cube.ide.mcu.externaltools.gnu-tools-for-stm32.12.3.rel1.win32_1.1.0.202410251130/tools/bin/../lib/gcc/arm-none-eabi/12.3.1/../../../../arm-none-eabi/lib/thumb/v7e-m+fp/hard\libc_nano.a(libc_a-closer.o)
                0x0800ad58                _close_r
 .text._lseek_r
                0x0800ad78       0x24 C:/ST/STM32CubeIDE_1.17.0/STM32CubeIDE/plugins/com.st.stm32cube.ide.mcu.externaltools.gnu-tools-for-stm32.12.3.rel1.win32_1.1.0.202410251130/tools/bin/../lib/gcc/arm-none-eabi/12.3.1/../../../../arm-none-eabi/lib/thumb/v7e-m+fp/hard\libc_nano.a(libc_a-lseekr.o)
                0x0800ad78                _lseek_r
 .text._read_r  0x0800ad9c       0x24 C:/ST/STM32CubeIDE_1.17.0/STM32CubeIDE/plugins/com.st.stm32cube.ide.mcu.externaltools.gnu-tools-for-stm32.12.3.rel1.win32_1.1.0.202410251130/tools/bin/../lib/gcc/arm-none-eabi/12.3.1/../../../../arm-none-eabi/lib/thumb/v7e-m+fp/hard\libc_nano.a(libc_a-readr.o)
                0x0800ad9c                _read_r
 .text._write_r
                0x0800adc0       0x24 C:/ST/STM32CubeIDE_1.17.0/STM32CubeIDE/plugins/com.st.stm32cube.ide.mcu.externaltools.gnu-tools-for-stm32.12.3.rel1.win32_1.1.0.202410251130/tools/bin/../lib/gcc/arm-none-eabi/12.3.1/../../../../arm-none-eabi/lib/thumb/v7e-m+fp/hard\libc_nano.a(libc_a-writer.o)
                0x0800adc0                _write_r
 .text.__errno  0x0800ade4        0xc C:/ST/STM32CubeIDE_1.17.0/STM32CubeIDE/plugins/com.st.stm32cube.ide.mcu.externaltools.gnu-tools-for-stm32.12.3.rel1.win32_1.1.0.202410251130/tools/bin/../lib/gcc/arm-none-eabi/12.3.1/../../../../arm-none-eabi/lib/thumb/v7e-m+fp/hard\libc_nano.a(libc_a-errno.o)
                0x0800ade4                __errno
 .text.__libc_init_array
                0x0800adf0       0x48 C:/ST/STM32CubeIDE_1.17.0/STM32CubeIDE/plugins/com.st.stm32cube.ide.mcu.externaltools.gnu-tools-for-stm32.12.3.rel1.win32_1.1.0.202410251130/tools/bin/../lib/gcc/arm-none-eabi/12.3.1/../../../../arm-none-eabi/lib/thumb/v7e-m+fp/hard\libc_nano.a(libc_a-init.o)
                0x0800adf0                __libc_init_array
 .text.__retarget_lock_init_recursive
                0x0800ae38        0x2 C:/ST/STM32CubeIDE_1.17.0/STM32CubeIDE/plugins/com.st.stm32cube.ide.mcu.externaltools.gnu-tools-for-stm32.12.3.rel1.win32_1.1.0.202410251130/tools/bin/../lib/gcc/arm-none-eabi/12.3.1/../../../../arm-none-eabi/lib/thumb/v7e-m+fp/hard\libc_nano.a(libc_a-lock.o)
                0x0800ae38                __retarget_lock_init_recursive
 .text.__retarget_lock_acquire_recursive
                0x0800ae3a        0x2 C:/ST/STM32CubeIDE_1.17.0/STM32CubeIDE/plugins/com.st.stm32cube.ide.mcu.externaltools.gnu-tools-for-stm32.12.3.rel1.win32_1.1.0.202410251130/tools/bin/../lib/gcc/arm-none-eabi/12.3.1/../../../../arm-none-eabi/lib/thumb/v7e-m+fp/hard\libc_nano.a(libc_a-lock.o)
                0x0800ae3a                __retarget_lock_acquire_recursive
 .text.__retarget_lock_release_recursive
                0x0800ae3c        0x2 C:/ST/STM32CubeIDE_1.17.0/STM32CubeIDE/plugins/com.st.stm32cube.ide.mcu.externaltools.gnu-tools-for-stm32.12.3.rel1.win32_1.1.0.202410251130/tools/bin/../lib/gcc/arm-none-eabi/12.3.1/../../../../arm-none-eabi/lib/thumb/v7e-m+fp/hard\libc_nano.a(libc_a-lock.o)
                0x0800ae3c                __retarget_lock_release_recursive
 .text.memcpy   0x0800ae3e       0x1c C:/ST/STM32CubeIDE_1.17.0/STM32CubeIDE/plugins/com.st.stm32cube.ide.mcu.externaltools.gnu-tools-for-stm32.12.3.rel1.win32_1.1.0.202410251130/tools/bin/../lib/gcc/arm-none-eabi/12.3.1/../../../../arm-none-eabi/lib/thumb/v7e-m+fp/hard\libc_nano.a(libc_a-memcpy-stub.o)
                0x0800ae3e                memcpy
 *fill*         0x0800ae5a        0x2 
 .text.__assert_func
                0x0800ae5c       0x3c C:/ST/STM32CubeIDE_1.17.0/STM32CubeIDE/plugins/com.st.stm32cube.ide.mcu.externaltools.gnu-tools-for-stm32.12.3.rel1.win32_1.1.0.202410251130/tools/bin/../lib/gcc/arm-none-eabi/12.3.1/../../../../arm-none-eabi/lib/thumb/v7e-m+fp/hard\libc_nano.a(libc_a-assert.o)
                0x0800ae5c                __assert_func
 .text._free_r  0x0800ae98       0x94 C:/ST/STM32CubeIDE_1.17.0/STM32CubeIDE/plugins/com.st.stm32cube.ide.mcu.externaltools.gnu-tools-for-stm32.12.3.rel1.win32_1.1.0.202410251130/tools/bin/../lib/gcc/arm-none-eabi/12.3.1/../../../../arm-none-eabi/lib/thumb/v7e-m+fp/hard\libc_nano.a(libc_a-freer.o)
                0x0800ae98                _free_r
 .text.malloc   0x0800af2c       0x10 C:/ST/STM32CubeIDE_1.17.0/STM32CubeIDE/plugins/com.st.stm32cube.ide.mcu.externaltools.gnu-tools-for-stm32.12.3.rel1.win32_1.1.0.202410251130/tools/bin/../lib/gcc/arm-none-eabi/12.3.1/../../../../arm-none-eabi/lib/thumb/v7e-m+fp/hard\libc_nano.a(libc_a-malloc.o)
                0x0800af2c                malloc
 .text.sbrk_aligned
                0x0800af3c       0x44 C:/ST/STM32CubeIDE_1.17.0/STM32CubeIDE/plugins/com.st.stm32cube.ide.mcu.externaltools.gnu-tools-for-stm32.12.3.rel1.win32_1.1.0.202410251130/tools/bin/../lib/gcc/arm-none-eabi/12.3.1/../../../../arm-none-eabi/lib/thumb/v7e-m+fp/hard\libc_nano.a(libc_a-mallocr.o)
 .text._malloc_r
                0x0800af80      0x100 C:/ST/STM32CubeIDE_1.17.0/STM32CubeIDE/plugins/com.st.stm32cube.ide.mcu.externaltools.gnu-tools-for-stm32.12.3.rel1.win32_1.1.0.202410251130/tools/bin/../lib/gcc/arm-none-eabi/12.3.1/../../../../arm-none-eabi/lib/thumb/v7e-m+fp/hard\libc_nano.a(libc_a-mallocr.o)
                0x0800af80                _malloc_r
 .text.__malloc_lock
                0x0800b080        0xc C:/ST/STM32CubeIDE_1.17.0/STM32CubeIDE/plugins/com.st.stm32cube.ide.mcu.externaltools.gnu-tools-for-stm32.12.3.rel1.win32_1.1.0.202410251130/tools/bin/../lib/gcc/arm-none-eabi/12.3.1/../../../../arm-none-eabi/lib/thumb/v7e-m+fp/hard\libc_nano.a(libc_a-mlock.o)
                0x0800b080                __malloc_lock
 .text.__malloc_unlock
                0x0800b08c        0xc C:/ST/STM32CubeIDE_1.17.0/STM32CubeIDE/plugins/com.st.stm32cube.ide.mcu.externaltools.gnu-tools-for-stm32.12.3.rel1.win32_1.1.0.202410251130/tools/bin/../lib/gcc/arm-none-eabi/12.3.1/../../../../arm-none-eabi/lib/thumb/v7e-m+fp/hard\libc_nano.a(libc_a-mlock.o)
                0x0800b08c                __malloc_unlock
 .text.__ssputs_r
                0x0800b098       0xb6 C:/ST/STM32CubeIDE_1.17.0/STM32CubeIDE/plugins/com.st.stm32cube.ide.mcu.externaltools.gnu-tools-for-stm32.12.3.rel1.win32_1.1.0.202410251130/tools/bin/../lib/gcc/arm-none-eabi/12.3.1/../../../../arm-none-eabi/lib/thumb/v7e-m+fp/hard\libc_nano.a(libc_a-nano-svfprintf.o)
                0x0800b098                __ssputs_r
 *fill*         0x0800b14e        0x2 
 .text._svfprintf_r
                0x0800b150      0x1f8 C:/ST/STM32CubeIDE_1.17.0/STM32CubeIDE/plugins/com.st.stm32cube.ide.mcu.externaltools.gnu-tools-for-stm32.12.3.rel1.win32_1.1.0.202410251130/tools/bin/../lib/gcc/arm-none-eabi/12.3.1/../../../../arm-none-eabi/lib/thumb/v7e-m+fp/hard\libc_nano.a(libc_a-nano-svfprintf.o)
                0x0800b150                _svfiprintf_r
                0x0800b150                _svfprintf_r
 .text.__sfputc_r
                0x0800b348       0x2e C:/ST/STM32CubeIDE_1.17.0/STM32CubeIDE/plugins/com.st.stm32cube.ide.mcu.externaltools.gnu-tools-for-stm32.12.3.rel1.win32_1.1.0.202410251130/tools/bin/../lib/gcc/arm-none-eabi/12.3.1/../../../../arm-none-eabi/lib/thumb/v7e-m+fp/hard\libc_nano.a(libc_a-nano-vfprintf.o)
 .text.__sfputs_r
                0x0800b376       0x24 C:/ST/STM32CubeIDE_1.17.0/STM32CubeIDE/plugins/com.st.stm32cube.ide.mcu.externaltools.gnu-tools-for-stm32.12.3.rel1.win32_1.1.0.202410251130/tools/bin/../lib/gcc/arm-none-eabi/12.3.1/../../../../arm-none-eabi/lib/thumb/v7e-m+fp/hard\libc_nano.a(libc_a-nano-vfprintf.o)
                0x0800b376                __sfputs_r
 *fill*         0x0800b39a        0x2 
 .text._vfprintf_r
                0x0800b39c      0x230 C:/ST/STM32CubeIDE_1.17.0/STM32CubeIDE/plugins/com.st.stm32cube.ide.mcu.externaltools.gnu-tools-for-stm32.12.3.rel1.win32_1.1.0.202410251130/tools/bin/../lib/gcc/arm-none-eabi/12.3.1/../../../../arm-none-eabi/lib/thumb/v7e-m+fp/hard\libc_nano.a(libc_a-nano-vfprintf.o)
                0x0800b39c                _vfprintf_r
                0x0800b39c                _vfiprintf_r
 .text._printf_common
                0x0800b5cc       0xda C:/ST/STM32CubeIDE_1.17.0/STM32CubeIDE/plugins/com.st.stm32cube.ide.mcu.externaltools.gnu-tools-for-stm32.12.3.rel1.win32_1.1.0.202410251130/tools/bin/../lib/gcc/arm-none-eabi/12.3.1/../../../../arm-none-eabi/lib/thumb/v7e-m+fp/hard\libc_nano.a(libc_a-nano-vfprintf_i.o)
                0x0800b5cc                _printf_common
 *fill*         0x0800b6a6        0x2 
 .text._printf_i
                0x0800b6a8      0x240 C:/ST/STM32CubeIDE_1.17.0/STM32CubeIDE/plugins/com.st.stm32cube.ide.mcu.externaltools.gnu-tools-for-stm32.12.3.rel1.win32_1.1.0.202410251130/tools/bin/../lib/gcc/arm-none-eabi/12.3.1/../../../../arm-none-eabi/lib/thumb/v7e-m+fp/hard\libc_nano.a(libc_a-nano-vfprintf_i.o)
                0x0800b6a8                _printf_i
 .text.__sflush_r
                0x0800b8e8      0x108 C:/ST/STM32CubeIDE_1.17.0/STM32CubeIDE/plugins/com.st.stm32cube.ide.mcu.externaltools.gnu-tools-for-stm32.12.3.rel1.win32_1.1.0.202410251130/tools/bin/../lib/gcc/arm-none-eabi/12.3.1/../../../../arm-none-eabi/lib/thumb/v7e-m+fp/hard\libc_nano.a(libc_a-fflush.o)
                0x0800b8e8                __sflush_r
 .text._fflush_r
                0x0800b9f0       0x50 C:/ST/STM32CubeIDE_1.17.0/STM32CubeIDE/plugins/com.st.stm32cube.ide.mcu.externaltools.gnu-tools-for-stm32.12.3.rel1.win32_1.1.0.202410251130/tools/bin/../lib/gcc/arm-none-eabi/12.3.1/../../../../arm-none-eabi/lib/thumb/v7e-m+fp/hard\libc_nano.a(libc_a-fflush.o)
                0x0800b9f0                _fflush_r
 .text.fprintf  0x0800ba40       0x24 C:/ST/STM32CubeIDE_1.17.0/STM32CubeIDE/plugins/com.st.stm32cube.ide.mcu.externaltools.gnu-tools-for-stm32.12.3.rel1.win32_1.1.0.202410251130/tools/bin/../lib/gcc/arm-none-eabi/12.3.1/../../../../arm-none-eabi/lib/thumb/v7e-m+fp/hard\libc_nano.a(libc_a-fprintf.o)
                0x0800ba40                fiprintf
                0x0800ba40                fprintf
 .text.__swhatbuf_r
                0x0800ba64       0x4c C:/ST/STM32CubeIDE_1.17.0/STM32CubeIDE/plugins/com.st.stm32cube.ide.mcu.externaltools.gnu-tools-for-stm32.12.3.rel1.win32_1.1.0.202410251130/tools/bin/../lib/gcc/arm-none-eabi/12.3.1/../../../../arm-none-eabi/lib/thumb/v7e-m+fp/hard\libc_nano.a(libc_a-makebuf.o)
                0x0800ba64                __swhatbuf_r
 .text.__smakebuf_r
                0x0800bab0       0x78 C:/ST/STM32CubeIDE_1.17.0/STM32CubeIDE/plugins/com.st.stm32cube.ide.mcu.externaltools.gnu-tools-for-stm32.12.3.rel1.win32_1.1.0.202410251130/tools/bin/../lib/gcc/arm-none-eabi/12.3.1/../../../../arm-none-eabi/lib/thumb/v7e-m+fp/hard\libc_nano.a(libc_a-makebuf.o)
                0x0800bab0                __smakebuf_r
 .text.memmove  0x0800bb28       0x34 C:/ST/STM32CubeIDE_1.17.0/STM32CubeIDE/plugins/com.st.stm32cube.ide.mcu.externaltools.gnu-tools-for-stm32.12.3.rel1.win32_1.1.0.202410251130/tools/bin/../lib/gcc/arm-none-eabi/12.3.1/../../../../arm-none-eabi/lib/thumb/v7e-m+fp/hard\libc_nano.a(libc_a-memmove.o)
                0x0800bb28                memmove
 .text._fstat_r
                0x0800bb5c       0x24 C:/ST/STM32CubeIDE_1.17.0/STM32CubeIDE/plugins/com.st.stm32cube.ide.mcu.externaltools.gnu-tools-for-stm32.12.3.rel1.win32_1.1.0.202410251130/tools/bin/../lib/gcc/arm-none-eabi/12.3.1/../../../../arm-none-eabi/lib/thumb/v7e-m+fp/hard\libc_nano.a(libc_a-fstatr.o)
                0x0800bb5c                _fstat_r
 .text._isatty_r
                0x0800bb80       0x20 C:/ST/STM32CubeIDE_1.17.0/STM32CubeIDE/plugins/com.st.stm32cube.ide.mcu.externaltools.gnu-tools-for-stm32.12.3.rel1.win32_1.1.0.202410251130/tools/bin/../lib/gcc/arm-none-eabi/12.3.1/../../../../arm-none-eabi/lib/thumb/v7e-m+fp/hard\libc_nano.a(libc_a-isattyr.o)
                0x0800bb80                _isatty_r
 .text._sbrk_r  0x0800bba0       0x20 C:/ST/STM32CubeIDE_1.17.0/STM32CubeIDE/plugins/com.st.stm32cube.ide.mcu.externaltools.gnu-tools-for-stm32.12.3.rel1.win32_1.1.0.202410251130/tools/bin/../lib/gcc/arm-none-eabi/12.3.1/../../../../arm-none-eabi/lib/thumb/v7e-m+fp/hard\libc_nano.a(libc_a-sbrkr.o)
                0x0800bba0                _sbrk_r
 .text.abort    0x0800bbc0        0xe C:/ST/STM32CubeIDE_1.17.0/STM32CubeIDE/plugins/com.st.stm32cube.ide.mcu.externaltools.gnu-tools-for-stm32.12.3.rel1.win32_1.1.0.202410251130/tools/bin/../lib/gcc/arm-none-eabi/12.3.1/../../../../arm-none-eabi/lib/thumb/v7e-m+fp/hard\libc_nano.a(libc_a-abort.o)
                0x0800bbc0                abort
 .text._realloc_r
                0x0800bbce       0x5c C:/ST/STM32CubeIDE_1.17.0/STM32CubeIDE/plugins/com.st.stm32cube.ide.mcu.externaltools.gnu-tools-for-stm32.12.3.rel1.win32_1.1.0.202410251130/tools/bin/../lib/gcc/arm-none-eabi/12.3.1/../../../../arm-none-eabi/lib/thumb/v7e-m+fp/hard\libc_nano.a(libc_a-reallocr.o)
                0x0800bbce                _realloc_r
 .text._raise_r
                0x0800bc2a       0x50 C:/ST/STM32CubeIDE_1.17.0/STM32CubeIDE/plugins/com.st.stm32cube.ide.mcu.externaltools.gnu-tools-for-stm32.12.3.rel1.win32_1.1.0.202410251130/tools/bin/../lib/gcc/arm-none-eabi/12.3.1/../../../../arm-none-eabi/lib/thumb/v7e-m+fp/hard\libc_nano.a(libc_a-signal.o)
                0x0800bc2a                _raise_r
 *fill*         0x0800bc7a        0x2 
 .text.raise    0x0800bc7c       0x10 C:/ST/STM32CubeIDE_1.17.0/STM32CubeIDE/plugins/com.st.stm32cube.ide.mcu.externaltools.gnu-tools-for-stm32.12.3.rel1.win32_1.1.0.202410251130/tools/bin/../lib/gcc/arm-none-eabi/12.3.1/../../../../arm-none-eabi/lib/thumb/v7e-m+fp/hard\libc_nano.a(libc_a-signal.o)
                0x0800bc7c                raise
 .text._kill_r  0x0800bc8c       0x24 C:/ST/STM32CubeIDE_1.17.0/STM32CubeIDE/plugins/com.st.stm32cube.ide.mcu.externaltools.gnu-tools-for-stm32.12.3.rel1.win32_1.1.0.202410251130/tools/bin/../lib/gcc/arm-none-eabi/12.3.1/../../../../arm-none-eabi/lib/thumb/v7e-m+fp/hard\libc_nano.a(libc_a-signalr.o)
                0x0800bc8c                _kill_r
 .text._getpid_r
                0x0800bcb0        0x4 C:/ST/STM32CubeIDE_1.17.0/STM32CubeIDE/plugins/com.st.stm32cube.ide.mcu.externaltools.gnu-tools-for-stm32.12.3.rel1.win32_1.1.0.202410251130/tools/bin/../lib/gcc/arm-none-eabi/12.3.1/../../../../arm-none-eabi/lib/thumb/v7e-m+fp/hard\libc_nano.a(libc_a-signalr.o)
                0x0800bcb0                _getpid_r
 .text._malloc_usable_size_r
                0x0800bcb4       0x10 C:/ST/STM32CubeIDE_1.17.0/STM32CubeIDE/plugins/com.st.stm32cube.ide.mcu.externaltools.gnu-tools-for-stm32.12.3.rel1.win32_1.1.0.202410251130/tools/bin/../lib/gcc/arm-none-eabi/12.3.1/../../../../arm-none-eabi/lib/thumb/v7e-m+fp/hard\libc_nano.a(libc_a-msizer.o)
                0x0800bcb4                _malloc_usable_size_r
 .text.sqrtf    0x0800bcc4       0x3c C:/ST/STM32CubeIDE_1.17.0/STM32CubeIDE/plugins/com.st.stm32cube.ide.mcu.externaltools.gnu-tools-for-stm32.12.3.rel1.win32_1.1.0.202410251130/tools/bin/../lib/gcc/arm-none-eabi/12.3.1/../../../../arm-none-eabi/lib/thumb/v7e-m+fp/hard\libm.a(libm_a-wf_sqrt.o)
                0x0800bcc4                sqrtf
 .text.__ieee754_sqrtf
                0x0800bd00        0x6 C:/ST/STM32CubeIDE_1.17.0/STM32CubeIDE/plugins/com.st.stm32cube.ide.mcu.externaltools.gnu-tools-for-stm32.12.3.rel1.win32_1.1.0.202410251130/tools/bin/../lib/gcc/arm-none-eabi/12.3.1/../../../../arm-none-eabi/lib/thumb/v7e-m+fp/hard\libm.a(libm_a-ef_sqrt.o)
                0x0800bd00                __ieee754_sqrtf
 *(.glue_7)
 .glue_7        0x0800bd06        0x0 linker stubs
 *(.glue_7t)
 .glue_7t       0x0800bd06        0x0 linker stubs
 *(.eh_frame)
 *fill*         0x0800bd06        0x2 
 .eh_frame      0x0800bd08        0x0 C:/ST/STM32CubeIDE_1.17.0/STM32CubeIDE/plugins/com.st.stm32cube.ide.mcu.externaltools.gnu-tools-for-stm32.12.3.rel1.win32_1.1.0.202410251130/tools/bin/../lib/gcc/arm-none-eabi/12.3.1/thumb/v7e-m+fp/hard/crtbegin.o
 *(.init)
 .init          0x0800bd08        0x4 C:/ST/STM32CubeIDE_1.17.0/STM32CubeIDE/plugins/com.st.stm32cube.ide.mcu.externaltools.gnu-tools-for-stm32.12.3.rel1.win32_1.1.0.202410251130/tools/bin/../lib/gcc/arm-none-eabi/12.3.1/thumb/v7e-m+fp/hard/crti.o
                0x0800bd08                _init
 .init          0x0800bd0c        0x8 C:/ST/STM32CubeIDE_1.17.0/STM32CubeIDE/plugins/com.st.stm32cube.ide.mcu.externaltools.gnu-tools-for-stm32.12.3.rel1.win32_1.1.0.202410251130/tools/bin/../lib/gcc/arm-none-eabi/12.3.1/thumb/v7e-m+fp/hard/crtn.o
 *(.fini)
 .fini          0x0800bd14        0x4 C:/ST/STM32CubeIDE_1.17.0/STM32CubeIDE/plugins/com.st.stm32cube.ide.mcu.externaltools.gnu-tools-for-stm32.12.3.rel1.win32_1.1.0.202410251130/tools/bin/../lib/gcc/arm-none-eabi/12.3.1/thumb/v7e-m+fp/hard/crti.o
                0x0800bd14                _fini
 .fini          0x0800bd18        0x8 C:/ST/STM32CubeIDE_1.17.0/STM32CubeIDE/plugins/com.st.stm32cube.ide.mcu.externaltools.gnu-tools-for-stm32.12.3.rel1.win32_1.1.0.202410251130/tools/bin/../lib/gcc/arm-none-eabi/12.3.1/thumb/v7e-m+fp/hard/crtn.o
                0x0800bd20                        . = ALIGN (0x4)
                0x0800bd20                        _etext = .

.vfp11_veneer   0x0800bd20        0x0
 .vfp11_veneer  0x0800bd20        0x0 linker stubs

.v4_bx          0x0800bd20        0x0
 .v4_bx         0x0800bd20        0x0 linker stubs

.iplt           0x0800bd20        0x0
 .iplt          0x0800bd20        0x0 C:/ST/STM32CubeIDE_1.17.0/STM32CubeIDE/plugins/com.st.stm32cube.ide.mcu.externaltools.gnu-tools-for-stm32.12.3.rel1.win32_1.1.0.202410251130/tools/bin/../lib/gcc/arm-none-eabi/12.3.1/thumb/v7e-m+fp/hard/crtbegin.o

.rodata         0x0800bd20    0x138d4
                0x0800bd20                        . = ALIGN (0x4)
 *(.rodata)
 .rodata        0x0800bd20      0x28c ./Application/User/main.o
 .rodata        0x0800bfac      0x50e ./Application/WIFI/es_wifi.o
 *(.rodata*)
 *fill*         0x0800c4ba        0x2 
 .rodata.request.2
                0x0800c4bc       0x26 ./Application/User/main.o
 *fill*         0x0800c4e2        0x2 
 .rodata.AHBPrescTable
                0x0800c4e4       0x10 ./Drivers/CMSIS/system_stm32l4xx.o
                0x0800c4e4                AHBPrescTable
 .rodata.APBPrescTable
                0x0800c4f4        0x8 ./Drivers/CMSIS/system_stm32l4xx.o
                0x0800c4f4                APBPrescTable
 .rodata.MSIRangeTable
                0x0800c4fc       0x30 ./Drivers/CMSIS/system_stm32l4xx.o
                0x0800c4fc                MSIRangeTable
 .rodata.armBitRevIndexTable1024
                0x0800c52c      0xe10 ../Drivers\libarm_cortexM4lf_math.a(arm_common_tables.o)
                0x0800c52c                armBitRevIndexTable1024
 .rodata.armBitRevIndexTable128
                0x0800d33c      0x1a0 ../Drivers\libarm_cortexM4lf_math.a(arm_common_tables.o)
                0x0800d33c                armBitRevIndexTable128
 .rodata.armBitRevIndexTable16
                0x0800d4dc       0x28 ../Drivers\libarm_cortexM4lf_math.a(arm_common_tables.o)
                0x0800d4dc                armBitRevIndexTable16
 .rodata.armBitRevIndexTable2048
                0x0800d504     0x1dc0 ../Drivers\libarm_cortexM4lf_math.a(arm_common_tables.o)
                0x0800d504                armBitRevIndexTable2048
 .rodata.armBitRevIndexTable256
                0x0800f2c4      0x370 ../Drivers\libarm_cortexM4lf_math.a(arm_common_tables.o)
                0x0800f2c4                armBitRevIndexTable256
 .rodata.armBitRevIndexTable32
                0x0800f634       0x60 ../Drivers\libarm_cortexM4lf_math.a(arm_common_tables.o)
                0x0800f634                armBitRevIndexTable32
 .rodata.armBitRevIndexTable512
                0x0800f694      0x380 ../Drivers\libarm_cortexM4lf_math.a(arm_common_tables.o)
                0x0800f694                armBitRevIndexTable512
 .rodata.twiddleCoef_1024
                0x0800fa14     0x2000 ../Drivers\libarm_cortexM4lf_math.a(arm_common_tables.o)
                0x0800fa14                twiddleCoef_1024
 .rodata.twiddleCoef_128
                0x08011a14      0x400 ../Drivers\libarm_cortexM4lf_math.a(arm_common_tables.o)
                0x08011a14                twiddleCoef_128
 .rodata.twiddleCoef_16
                0x08011e14       0x80 ../Drivers\libarm_cortexM4lf_math.a(arm_common_tables.o)
                0x08011e14                twiddleCoef_16
 .rodata.twiddleCoef_2048
                0x08011e94     0x4000 ../Drivers\libarm_cortexM4lf_math.a(arm_common_tables.o)
                0x08011e94                twiddleCoef_2048
 .rodata.twiddleCoef_256
                0x08015e94      0x800 ../Drivers\libarm_cortexM4lf_math.a(arm_common_tables.o)
                0x08015e94                twiddleCoef_256
 .rodata.twiddleCoef_32
                0x08016694      0x100 ../Drivers\libarm_cortexM4lf_math.a(arm_common_tables.o)
                0x08016694                twiddleCoef_32
 .rodata.twiddleCoef_512
                0x08016794     0x1000 ../Drivers\libarm_cortexM4lf_math.a(arm_common_tables.o)
                0x08016794                twiddleCoef_512
 .rodata.twiddleCoef_rfft_1024
                0x08017794     0x1000 ../Drivers\libarm_cortexM4lf_math.a(arm_common_tables.o)
                0x08017794                twiddleCoef_rfft_1024
 .rodata.twiddleCoef_rfft_2048
                0x08018794     0x2000 ../Drivers\libarm_cortexM4lf_math.a(arm_common_tables.o)
                0x08018794                twiddleCoef_rfft_2048
 .rodata.twiddleCoef_rfft_256
                0x0801a794      0x400 ../Drivers\libarm_cortexM4lf_math.a(arm_common_tables.o)
                0x0801a794                twiddleCoef_rfft_256
 .rodata.twiddleCoef_rfft_32
                0x0801ab94       0x80 ../Drivers\libarm_cortexM4lf_math.a(arm_common_tables.o)
                0x0801ab94                twiddleCoef_rfft_32
 .rodata.twiddleCoef_rfft_4096
                0x0801ac14     0x4000 ../Drivers\libarm_cortexM4lf_math.a(arm_common_tables.o)
                0x0801ac14                twiddleCoef_rfft_4096
 .rodata.twiddleCoef_rfft_512
                0x0801ec14      0x800 ../Drivers\libarm_cortexM4lf_math.a(arm_common_tables.o)
                0x0801ec14                twiddleCoef_rfft_512
 .rodata.twiddleCoef_rfft_64
                0x0801f414      0x100 ../Drivers\libarm_cortexM4lf_math.a(arm_common_tables.o)
                0x0801f414                twiddleCoef_rfft_64
 .rodata.strtok.str1.1
                0x0801f514       0x71 C:/ST/STM32CubeIDE_1.17.0/STM32CubeIDE/plugins/com.st.stm32cube.ide.mcu.externaltools.gnu-tools-for-stm32.12.3.rel1.win32_1.1.0.202410251130/tools/bin/../lib/gcc/arm-none-eabi/12.3.1/../../../../arm-none-eabi/lib/thumb/v7e-m+fp/hard\libc_nano.a(libc_a-strtok.o)
 .rodata.__assert_func.str1.1
                0x0801f585       0x3c C:/ST/STM32CubeIDE_1.17.0/STM32CubeIDE/plugins/com.st.stm32cube.ide.mcu.externaltools.gnu-tools-for-stm32.12.3.rel1.win32_1.1.0.202410251130/tools/bin/../lib/gcc/arm-none-eabi/12.3.1/../../../../arm-none-eabi/lib/thumb/v7e-m+fp/hard\libc_nano.a(libc_a-assert.o)
                                 0x3d (size before relaxing)
 .rodata._svfprintf_r.str1.1
                0x0801f5c1       0x11 C:/ST/STM32CubeIDE_1.17.0/STM32CubeIDE/plugins/com.st.stm32cube.ide.mcu.externaltools.gnu-tools-for-stm32.12.3.rel1.win32_1.1.0.202410251130/tools/bin/../lib/gcc/arm-none-eabi/12.3.1/../../../../arm-none-eabi/lib/thumb/v7e-m+fp/hard\libc_nano.a(libc_a-nano-svfprintf.o)
 .rodata._vfprintf_r.str1.1
                0x0801f5d2       0x11 C:/ST/STM32CubeIDE_1.17.0/STM32CubeIDE/plugins/com.st.stm32cube.ide.mcu.externaltools.gnu-tools-for-stm32.12.3.rel1.win32_1.1.0.202410251130/tools/bin/../lib/gcc/arm-none-eabi/12.3.1/../../../../arm-none-eabi/lib/thumb/v7e-m+fp/hard\libc_nano.a(libc_a-nano-vfprintf.o)
 .rodata._printf_i.str1.1
                0x0801f5d2       0x22 C:/ST/STM32CubeIDE_1.17.0/STM32CubeIDE/plugins/com.st.stm32cube.ide.mcu.externaltools.gnu-tools-for-stm32.12.3.rel1.win32_1.1.0.202410251130/tools/bin/../lib/gcc/arm-none-eabi/12.3.1/../../../../arm-none-eabi/lib/thumb/v7e-m+fp/hard\libc_nano.a(libc_a-nano-vfprintf_i.o)
                0x0801f5f4                        . = ALIGN (0x4)

.ARM.extab      0x0801f5f4        0x0
                0x0801f5f4                        . = ALIGN (0x4)
 *(.ARM.extab* .gnu.linkonce.armextab.*)
                0x0801f5f4                        . = ALIGN (0x4)

.ARM            0x0801f5f4        0x8
                0x0801f5f4                        . = ALIGN (0x4)
                0x0801f5f4                        __exidx_start = .
 *(.ARM.exidx*)
 .ARM.exidx     0x0801f5f4        0x8 C:/ST/STM32CubeIDE_1.17.0/STM32CubeIDE/plugins/com.st.stm32cube.ide.mcu.externaltools.gnu-tools-for-stm32.12.3.rel1.win32_1.1.0.202410251130/tools/bin/../lib/gcc/arm-none-eabi/12.3.1/../../../../arm-none-eabi/lib/thumb/v7e-m+fp/hard\libc_nano.a(libc_a-strlen.o)
 .ARM.exidx     0x0801f5fc        0x0 C:/ST/STM32CubeIDE_1.17.0/STM32CubeIDE/plugins/com.st.stm32cube.ide.mcu.externaltools.gnu-tools-for-stm32.12.3.rel1.win32_1.1.0.202410251130/tools/bin/../lib/gcc/arm-none-eabi/12.3.1/../../../../arm-none-eabi/lib/thumb/v7e-m+fp/hard\libc_nano.a(libc_a-memchr.o)
                                  0x8 (size before relaxing)
 .ARM.exidx     0x0801f5fc        0x0 C:/ST/STM32CubeIDE_1.17.0/STM32CubeIDE/plugins/com.st.stm32cube.ide.mcu.externaltools.gnu-tools-for-stm32.12.3.rel1.win32_1.1.0.202410251130/tools/bin/../lib/gcc/arm-none-eabi/12.3.1/thumb/v7e-m+fp/hard\libgcc.a(_udivmoddi4.o)
                                  0x8 (size before relaxing)
                0x0801f5fc                        __exidx_end = .
                0x0801f5fc                        . = ALIGN (0x4)

.preinit_array  0x0801f5fc        0x0
                0x0801f5fc                        . = ALIGN (0x4)
                0x0801f5fc                        PROVIDE (__preinit_array_start = .)
 *(.preinit_array*)
                0x0801f5fc                        PROVIDE (__preinit_array_end = .)
                0x0801f5fc                        . = ALIGN (0x4)

.init_array     0x0801f5fc        0x4
                0x0801f5fc                        . = ALIGN (0x4)
                0x0801f5fc                        PROVIDE (__init_array_start = .)
 *(SORT_BY_NAME(.init_array.*))
 *(.init_array*)
 .init_array    0x0801f5fc        0x4 C:/ST/STM32CubeIDE_1.17.0/STM32CubeIDE/plugins/com.st.stm32cube.ide.mcu.externaltools.gnu-tools-for-stm32.12.3.rel1.win32_1.1.0.202410251130/tools/bin/../lib/gcc/arm-none-eabi/12.3.1/thumb/v7e-m+fp/hard/crtbegin.o
                0x0801f600                        PROVIDE (__init_array_end = .)
                0x0801f600                        . = ALIGN (0x4)

.fini_array     0x0801f600        0x4
                0x0801f600                        . = ALIGN (0x4)
                [!provide]                        PROVIDE (__fini_array_start = .)
 *(SORT_BY_NAME(.fini_array.*))
 *(.fini_array*)
 .fini_array    0x0801f600        0x4 C:/ST/STM32CubeIDE_1.17.0/STM32CubeIDE/plugins/com.st.stm32cube.ide.mcu.externaltools.gnu-tools-for-stm32.12.3.rel1.win32_1.1.0.202410251130/tools/bin/../lib/gcc/arm-none-eabi/12.3.1/thumb/v7e-m+fp/hard/crtbegin.o
                [!provide]                        PROVIDE (__fini_array_end = .)
                0x0801f604                        . = ALIGN (0x4)
                0x0801f604                        _sidata = LOADADDR (.data)

.rel.dyn        0x0801f604        0x0
 .rel.iplt      0x0801f604        0x0 C:/ST/STM32CubeIDE_1.17.0/STM32CubeIDE/plugins/com.st.stm32cube.ide.mcu.externaltools.gnu-tools-for-stm32.12.3.rel1.win32_1.1.0.202410251130/tools/bin/../lib/gcc/arm-none-eabi/12.3.1/thumb/v7e-m+fp/hard/crtbegin.o

.data           0x20000000       0x78 load address 0x0801f604
                0x20000000                        . = ALIGN (0x4)
                0x20000000                        _sdata = .
 *(.data)
 *(.data*)
 .data.SystemCoreClock
                0x20000000        0x4 ./Drivers/CMSIS/system_stm32l4xx.o
                0x20000000                SystemCoreClock
 .data.GPIO_PORT
                0x20000004        0x4 ./Drivers/STM32L4xx_HAL_Driver/stm32l475e_iot01.o
                0x20000004                GPIO_PORT
 .data.COM_USART
                0x20000008        0x4 ./Drivers/STM32L4xx_HAL_Driver/stm32l475e_iot01.o
                0x20000008                COM_USART
 .data.COM_TX_PORT
                0x2000000c        0x4 ./Drivers/STM32L4xx_HAL_Driver/stm32l475e_iot01.o
                0x2000000c                COM_TX_PORT
 .data.COM_RX_PORT
                0x20000010        0x4 ./Drivers/STM32L4xx_HAL_Driver/stm32l475e_iot01.o
                0x20000010                COM_RX_PORT
 .data.uwTickPrio
                0x20000014        0x4 ./Drivers/STM32L4xx_HAL_Driver/stm32l4xx_hal.o
                0x20000014                uwTickPrio
 .data.uwTickFreq
                0x20000018        0x1 ./Drivers/STM32L4xx_HAL_Driver/stm32l4xx_hal.o
                0x20000018                uwTickFreq
 *fill*         0x20000019        0x3 
 .data.__sglue  0x2000001c        0xc C:/ST/STM32CubeIDE_1.17.0/STM32CubeIDE/plugins/com.st.stm32cube.ide.mcu.externaltools.gnu-tools-for-stm32.12.3.rel1.win32_1.1.0.202410251130/tools/bin/../lib/gcc/arm-none-eabi/12.3.1/../../../../arm-none-eabi/lib/thumb/v7e-m+fp/hard\libc_nano.a(libc_a-findfp.o)
                0x2000001c                __sglue
 .data._impure_ptr
                0x20000028        0x4 C:/ST/STM32CubeIDE_1.17.0/STM32CubeIDE/plugins/com.st.stm32cube.ide.mcu.externaltools.gnu-tools-for-stm32.12.3.rel1.win32_1.1.0.202410251130/tools/bin/../lib/gcc/arm-none-eabi/12.3.1/../../../../arm-none-eabi/lib/thumb/v7e-m+fp/hard\libc_nano.a(libc_a-impure.o)
                0x20000028                _impure_ptr
 .data._impure_data
                0x2000002c       0x4c C:/ST/STM32CubeIDE_1.17.0/STM32CubeIDE/plugins/com.st.stm32cube.ide.mcu.externaltools.gnu-tools-for-stm32.12.3.rel1.win32_1.1.0.202410251130/tools/bin/../lib/gcc/arm-none-eabi/12.3.1/../../../../arm-none-eabi/lib/thumb/v7e-m+fp/hard\libc_nano.a(libc_a-impure.o)
                0x2000002c                _impure_data
 *(.RamFunc)
 *(.RamFunc*)
                0x20000078                        . = ALIGN (0x4)
                0x20000078                        _edata = .
                0x0801f67c                        _sisram2 = LOADADDR (.sram2)

.igot.plt       0x20000078        0x0 load address 0x0801f67c
 .igot.plt      0x20000078        0x0 C:/ST/STM32CubeIDE_1.17.0/STM32CubeIDE/plugins/com.st.stm32cube.ide.mcu.externaltools.gnu-tools-for-stm32.12.3.rel1.win32_1.1.0.202410251130/tools/bin/../lib/gcc/arm-none-eabi/12.3.1/thumb/v7e-m+fp/hard/crtbegin.o

.sram2          0x10000000        0x0 load address 0x0801f67c
                0x10000000                        . = ALIGN (0x4)
                0x10000000                        _ssram2 = .
 *(.sram2)
 *(.sram2*)
                0x10000000                        . = ALIGN (0x4)
                0x10000000                        _esram2 = .
                0x10000000                        . = ALIGN (0x4)

.bss            0x20000078     0x7284
                0x20000078                        _sbss = .
                0x20000078                        __bss_start__ = _sbss
 *(.bss)
 .bss           0x20000078       0x1c C:/ST/STM32CubeIDE_1.17.0/STM32CubeIDE/plugins/com.st.stm32cube.ide.mcu.externaltools.gnu-tools-for-stm32.12.3.rel1.win32_1.1.0.202410251130/tools/bin/../lib/gcc/arm-none-eabi/12.3.1/thumb/v7e-m+fp/hard/crtbegin.o
 *(.bss*)
 .bss.hdfsdm1_filter0
                0x20000094       0x54 ./Application/User/main.o
                0x20000094                hdfsdm1_filter0
 .bss.hdfsdm1_channel2
                0x200000e8       0x38 ./Application/User/main.o
                0x200000e8                hdfsdm1_channel2
 .bss.hdma_dfsdm1_flt0
                0x20000120       0x48 ./Application/User/main.o
                0x20000120                hdma_dfsdm1_flt0
 .bss.htim2     0x20000168       0x4c ./Application/User/main.o
                0x20000168                htim2
 .bss.data_ready_flag
                0x200001b4        0x1 ./Application/User/main.o
                0x200001b4                data_ready_flag
 *fill*         0x200001b5        0x3 
 .bss.ringbuffer
                0x200001b8     0x2000 ./Application/User/main.o
                0x200001b8                ringbuffer
 .bss.fft_input
                0x200021b8     0x1000 ./Application/User/main.o
                0x200021b8                fft_input
 .bss.fft_output
                0x200031b8     0x2000 ./Application/User/main.o
                0x200031b8                fft_output
 .bss.to_send   0x200051b8     0x1000 ./Application/User/main.o
                0x200051b8                to_send
 .bss.fft_handler
                0x200061b8       0x18 ./Application/User/main.o
                0x200061b8                fft_handler
 .bss.last_send_tick.4
                0x200061d0        0x4 ./Application/User/main.o
 .bss.http_header.3
                0x200061d4       0x80 ./Application/User/main.o
 .bss.padded_request.1
                0x20006254       0x80 ./Application/User/main.o
 .bss.response.0
                0x200062d4      0x4b0 ./Application/User/main.o
 .bss.__sbrk_heap_end
                0x20006784        0x4 ./Application/User/sysmem.o
 .bss.issue15   0x20006788        0x4 ./Application/WIFI/es_wifi.o
                0x20006788                issue15
 .bss.hspi      0x2000678c       0x64 ./Application/WIFI/es_wifi_io.o
                0x2000678c                hspi
 .bss.spi_rx_event
                0x200067f0        0x4 ./Application/WIFI/es_wifi_io.o
 .bss.spi_tx_event
                0x200067f4        0x4 ./Application/WIFI/es_wifi_io.o
 .bss.cmddata_rdy_rising_event
                0x200067f8        0x4 ./Application/WIFI/es_wifi_io.o
 .bss.cycle_per_loop.0
                0x200067fc        0x4 ./Application/WIFI/es_wifi_io.o
 .bss.EsWifiObj
                0x20006800      0x900 ./Application/WIFI/wifi.o
 .bss.hDiscoUart
                0x20007100       0x88 ./Drivers/STM32L4xx_HAL_Driver/stm32l475e_iot01.o
                0x20007100                hDiscoUart
 .bss.uwTick    0x20007188        0x4 ./Drivers/STM32L4xx_HAL_Driver/stm32l4xx_hal.o
                0x20007188                uwTick
 .bss.v_dfsdm1ChannelCounter
                0x2000718c        0x4 ./Drivers/STM32L4xx_HAL_Driver/stm32l4xx_hal_dfsdm.o
 .bss.a_dfsdm1ChannelHandle
                0x20007190       0x20 ./Drivers/STM32L4xx_HAL_Driver/stm32l4xx_hal_dfsdm.o
 .bss.__sf      0x200071b0      0x138 C:/ST/STM32CubeIDE_1.17.0/STM32CubeIDE/plugins/com.st.stm32cube.ide.mcu.externaltools.gnu-tools-for-stm32.12.3.rel1.win32_1.1.0.202410251130/tools/bin/../lib/gcc/arm-none-eabi/12.3.1/../../../../arm-none-eabi/lib/thumb/v7e-m+fp/hard\libc_nano.a(libc_a-findfp.o)
                0x200071b0                __sf
 .bss.__stdio_exit_handler
                0x200072e8        0x4 C:/ST/STM32CubeIDE_1.17.0/STM32CubeIDE/plugins/com.st.stm32cube.ide.mcu.externaltools.gnu-tools-for-stm32.12.3.rel1.win32_1.1.0.202410251130/tools/bin/../lib/gcc/arm-none-eabi/12.3.1/../../../../arm-none-eabi/lib/thumb/v7e-m+fp/hard\libc_nano.a(libc_a-findfp.o)
                0x200072e8                __stdio_exit_handler
 .bss.errno     0x200072ec        0x4 C:/ST/STM32CubeIDE_1.17.0/STM32CubeIDE/plugins/com.st.stm32cube.ide.mcu.externaltools.gnu-tools-for-stm32.12.3.rel1.win32_1.1.0.202410251130/tools/bin/../lib/gcc/arm-none-eabi/12.3.1/../../../../arm-none-eabi/lib/thumb/v7e-m+fp/hard\libc_nano.a(libc_a-reent.o)
                0x200072ec                errno
 .bss.__lock___malloc_recursive_mutex
                0x200072f0        0x1 C:/ST/STM32CubeIDE_1.17.0/STM32CubeIDE/plugins/com.st.stm32cube.ide.mcu.externaltools.gnu-tools-for-stm32.12.3.rel1.win32_1.1.0.202410251130/tools/bin/../lib/gcc/arm-none-eabi/12.3.1/../../../../arm-none-eabi/lib/thumb/v7e-m+fp/hard\libc_nano.a(libc_a-lock.o)
                0x200072f0                __lock___malloc_recursive_mutex
 .bss.__lock___sfp_recursive_mutex
                0x200072f1        0x1 C:/ST/STM32CubeIDE_1.17.0/STM32CubeIDE/plugins/com.st.stm32cube.ide.mcu.externaltools.gnu-tools-for-stm32.12.3.rel1.win32_1.1.0.202410251130/tools/bin/../lib/gcc/arm-none-eabi/12.3.1/../../../../arm-none-eabi/lib/thumb/v7e-m+fp/hard\libc_nano.a(libc_a-lock.o)
                0x200072f1                __lock___sfp_recursive_mutex
 *fill*         0x200072f2        0x2 
 .bss.__malloc_sbrk_start
                0x200072f4        0x4 C:/ST/STM32CubeIDE_1.17.0/STM32CubeIDE/plugins/com.st.stm32cube.ide.mcu.externaltools.gnu-tools-for-stm32.12.3.rel1.win32_1.1.0.202410251130/tools/bin/../lib/gcc/arm-none-eabi/12.3.1/../../../../arm-none-eabi/lib/thumb/v7e-m+fp/hard\libc_nano.a(libc_a-mallocr.o)
                0x200072f4                __malloc_sbrk_start
 .bss.__malloc_free_list
                0x200072f8        0x4 C:/ST/STM32CubeIDE_1.17.0/STM32CubeIDE/plugins/com.st.stm32cube.ide.mcu.externaltools.gnu-tools-for-stm32.12.3.rel1.win32_1.1.0.202410251130/tools/bin/../lib/gcc/arm-none-eabi/12.3.1/../../../../arm-none-eabi/lib/thumb/v7e-m+fp/hard\libc_nano.a(libc_a-mallocr.o)
                0x200072f8                __malloc_free_list
 *(COMMON)
                0x200072fc                        . = ALIGN (0x4)
                0x200072fc                        _ebss = .
                0x200072fc                        __bss_end__ = _ebss

._user_heap_stack
                0x200072fc     0x3004
                0x20007300                        . = ALIGN (0x8)
 *fill*         0x200072fc        0x4 
                [!provide]                        PROVIDE (end = .)
                0x20007300                        PROVIDE (_end = .)
                0x20009300                        . = (. + _Min_Heap_Size)
 *fill*         0x20007300     0x2000 
                0x2000a300                        . = (. + _Min_Stack_Size)
 *fill*         0x20009300     0x1000 
                0x2000a300                        . = ALIGN (0x8)

/DISCARD/
 libc.a(*)
 libm.a(*)
 libgcc.a(*)

.ARM.attributes
                0x00000000       0x30
 *(.ARM.attributes)
 .ARM.attributes
                0x00000000       0x22 C:/ST/STM32CubeIDE_1.17.0/STM32CubeIDE/plugins/com.st.stm32cube.ide.mcu.externaltools.gnu-tools-for-stm32.12.3.rel1.win32_1.1.0.202410251130/tools/bin/../lib/gcc/arm-none-eabi/12.3.1/thumb/v7e-m+fp/hard/crti.o
 .ARM.attributes
                0x00000022       0x34 C:/ST/STM32CubeIDE_1.17.0/STM32CubeIDE/plugins/com.st.stm32cube.ide.mcu.externaltools.gnu-tools-for-stm32.12.3.rel1.win32_1.1.0.202410251130/tools/bin/../lib/gcc/arm-none-eabi/12.3.1/thumb/v7e-m+fp/hard/crtbegin.o
 .ARM.attributes
                0x00000056       0x21 ./Application/Startup/startup_stm32l475vgtx.o
 .ARM.attributes
                0x00000077       0x34 ./Application/User/main.o
 .ARM.attributes