Archive member included to satisfy reference by file (symbol)

../Drivers\libarm_cortexM4lf_math.a(arm_rfft_fast_init_f32.o)
                              ./Application/User/main.o (arm_rfft_fast_init_f32)
../Drivers\libarm_cortexM4lf_math.a(arm_rfft_fast_f32.o)
                              ./Application/User/main.o (arm_rfft_fast_f32)
../Drivers\libarm_cortexM4lf_math.a(arm_cfft_f32.o)
                              ../Drivers\libarm_cortexM4lf_math.a(arm_rfft_fast_f32.o) (arm_cfft_f32)
../Drivers\libarm_cortexM4lf_math.a(arm_bitreversal2.o)
                              ../Drivers\libarm_cortexM4lf_math.a(arm_cfft_f32.o) (arm_bitreversal_32)
../Drivers\libarm_cortexM4lf_math.a(arm_cmplx_mag_f32.o)
                              ./Application/User/main.o (arm_cmplx_mag_f32)
../Drivers\libarm_cortexM4lf_math.a(arm_common_tables.o)
                              ../Drivers\libarm_cortexM4lf_math.a(arm_rfft_fast_init_f32.o) (twiddleCoef_rfft_4096)
../Drivers\libarm_cortexM4lf_math.a(arm_cfft_radix8_f32.o)
                              ../Drivers\libarm_cortexM4lf_math.a(arm_cfft_f32.o) (arm_radix8_butterfly_f32)
C:/ST/STM32CubeIDE_1.17.0/STM32CubeIDE/plugins/com.st.stm32cube.ide.mcu.externaltools.gnu-tools-for-stm32.12.3.rel1.win32_1.1.0.202410251130/tools/bin/../lib/gcc/arm-none-eabi/12.3.1/../../../../arm-none-eabi/lib/thumb/v7e-m+fp/hard\libc_nano.a(libc_a-exit.o)
                              C:/ST/STM32CubeIDE_1.17.0/STM32CubeIDE/plugins/com.st.stm32cube.ide.mcu.externaltools.gnu-tools-for-stm32.12.3.rel1.win32_1.1.0.202410251130/tools/bin/../lib/gcc/arm-none-eabi/12.3.1/../../../../arm-none-eabi/lib/thumb/v7e-m+fp/hard/crt0.o (exit)
C:/ST/STM32CubeIDE_1.17.0/STM32CubeIDE/plugins/com.st.stm32cube.ide.mcu.externaltools.gnu-tools-for-stm32.12.3.rel1.win32_1.1.0.202410251130/tools/bin/../lib/gcc/arm-none-eabi/12.3.1/../../../../arm-none-eabi/lib/thumb/v7e-m+fp/hard\libc_nano.a(libc_a-findfp.o)
                              C:/ST/STM32CubeIDE_1.17.0/STM32CubeIDE/plugins/com.st.stm32cube.ide.mcu.externaltools.gnu-tools-for-stm32.12.3.rel1.win32_1.1.0.202410251130/tools/bin/../lib/gcc/arm-none-eabi/12.3.1/../../../../arm-none-eabi/lib/thumb/v7e-m+fp/hard\libc_nano.a(libc_a-exit.o) (__stdio_exit_handler)
C:/ST/STM32CubeIDE_1.17.0/STM32CubeIDE/plugins/com.st.stm32cube.ide.mcu.externaltools.gnu-tools-for-stm32.12.3.rel1.win32_1.1.0.202410251130/tools/bin/../lib/gcc/arm-none-eabi/12.3.1/../../../../arm-none-eabi/lib/thumb/v7e-m+fp/hard\libc_nano.a(libc_a-fwalk.o)
                              C:/ST/STM32CubeIDE_1.17.0/STM32CubeIDE/plugins/com.st.stm32cube.ide.mcu.externaltools.gnu-tools-for-stm32.12.3.rel1.win32_1.1.0.202410251130/tools/bin/../lib/gcc/arm-none-eabi/12.3.1/../../../../arm-none-eabi/lib/thumb/v7e-m+fp/hard\libc_nano.a(libc_a-findfp.o) (_fwalk_sglue)
C:/ST/STM32CubeIDE_1.17.0/STM32CubeIDE/plugins/com.st.stm32cube.ide.mcu.externaltools.gnu-tools-for-stm32.12.3.rel1.win32_1.1.0.202410251130/tools/bin/../lib/gcc/arm-none-eabi/12.3.1/../../../../arm-none-eabi/lib/thumb/v7e-m+fp/hard\libc_nano.a(libc_a-printf.o)
                              ./Application/User/main.o (printf)
C:/ST/STM32CubeIDE_1.17.0/STM32CubeIDE/plugins/com.st.stm32cube.ide.mcu.externaltools.gnu-tools-for-stm32.12.3.rel1.win32_1.1.0.202410251130/tools/bin/../lib/gcc/arm-none-eabi/12.3.1/../../../../arm-none-eabi/lib/thumb/v7e-m+fp/hard\libc_nano.a(libc_a-puts.o)
                              ./Application/User/main.o (puts)
C:/ST/STM32CubeIDE_1.17.0/STM32CubeIDE/plugins/com.st.stm32cube.ide.mcu.externaltools.gnu-tools-for-stm32.12.3.rel1.win32_1.1.0.202410251130/tools/bin/../lib/gcc/arm-none-eabi/12.3.1/../../../../arm-none-eabi/lib/thumb/v7e-m+fp/hard\libc_nano.a(libc_a-snprintf.o)
                              ./Application/WIFI/es_wifi.o (snprintf)
C:/ST/STM32CubeIDE_1.17.0/STM32CubeIDE/plugins/com.st.stm32cube.ide.mcu.externaltools.gnu-tools-for-stm32.12.3.rel1.win32_1.1.0.202410251130/tools/bin/../lib/gcc/arm-none-eabi/12.3.1/../../../../arm-none-eabi/lib/thumb/v7e-m+fp/hard\libc_nano.a(libc_a-sprintf.o)
                              ./Application/WIFI/es_wifi.o (sprintf)
C:/ST/STM32CubeIDE_1.17.0/STM32CubeIDE/plugins/com.st.stm32cube.ide.mcu.externaltools.gnu-tools-for-stm32.12.3.rel1.win32_1.1.0.202410251130/tools/bin/../lib/gcc/arm-none-eabi/12.3.1/../../../../arm-none-eabi/lib/thumb/v7e-m+fp/hard\libc_nano.a(libc_a-stdio.o)
                              C:/ST/STM32CubeIDE_1.17.0/STM32CubeIDE/plugins/com.st.stm32cube.ide.mcu.externaltools.gnu-tools-for-stm32.12.3.rel1.win32_1.1.0.202410251130/tools/bin/../lib/gcc/arm-none-eabi/12.3.1/../../../../arm-none-eabi/lib/thumb/v7e-m+fp/hard\libc_nano.a(libc_a-findfp.o) (__sread)
C:/ST/STM32CubeIDE_1.17.0/STM32CubeIDE/plugins/com.st.stm32cube.ide.mcu.externaltools.gnu-tools-for-stm32.12.3.rel1.win32_1.1.0.202410251130/tools/bin/../lib/gcc/arm-none-eabi/12.3.1/../../../../arm-none-eabi/lib/thumb/v7e-m+fp/hard\libc_nano.a(libc_a-wbuf.o)
[...]
Memory Configuration

Name             Origin             Length             Attributes
RAM              0x20000000         0x00018000         xrw
SRAM2            0x10000000         0x00008000         xrw
ROM              0x08000000         0x00100000         xr
*default*        0x00000000         0xffffffff

Linker script and memory map

LOAD C:/ST/STM32CubeIDE_1.17.0/STM32CubeIDE/plugins/com.st.stm32cube.ide.mcu.externaltools.gnu-tools-for-stm32.12.3.rel1.win32_1.1.0.202410251130/tools/bin/../lib/gcc/arm-none-eabi/12.3.1/thumb/v7e-m+fp/hard/crti.o
LOAD C:/ST/STM32CubeIDE_1.17.0/STM32CubeIDE/plugins/com.st.stm32cube.ide.mcu.externaltools.gnu-tools-for-stm32.12.3.rel1.win32_1.1.0.202410251130/tools/bin/../lib/gcc/arm-none-eabi/12.3.1/thumb/v7e-m+fp/hard/crtbegin.o
LOAD C:/ST/STM32CubeIDE_1.17.0/STM32CubeIDE/plugins/com.st.stm32cube.ide.mcu.externaltools.gnu-tools-for-stm32.12.3.rel1.win32_1.1.0.202410251130/tools/bin/../lib/gcc/arm-none-eabi/12.3.1/../../../../arm-none-eabi/lib/thumb/v7e-m+fp/hard/crt0.o
LOAD ./Application/Startup/startup_stm32l475vgtx.o
LOAD ./Application/User/main.o
LOAD ./Application/User/stm32l4xx_it.o
LOAD ./Application/User/syscalls.o
LOAD ./Application/User/sysmem.o
LOAD ./Application/WIFI/es_wifi.o
LOAD ./Application/WIFI/es_wifi_io.o
LOAD ./Application/WIFI/wifi.o
LOAD ./Drivers/BSP/hts221.o
LOAD ./Drivers/CMSIS/system_stm32l4xx.o
LOAD ./Drivers/STM32L4xx_HAL_Driver/stm32l475e_iot01.o
LOAD ./Drivers/STM32L4xx_HAL_Driver/stm32l475e_iot01_tsensor.o
LOAD ./Drivers/STM32L4xx_HAL_Driver/stm32l4xx_hal.o
LOAD ./Drivers/STM32L4xx_HAL_Driver/stm32l4xx_hal_adc.o
LOAD ./Drivers/STM32L4xx_HAL_Driver/stm32l4xx_hal_adc_ex.o
LOAD ./Drivers/STM32L4xx_HAL_Driver/stm32l4xx_hal_cortex.o
LOAD ./Drivers/STM32L4xx_HAL_Driver/stm32l4xx_hal_dfsdm.o
LOAD ./Drivers/STM32L4xx_HAL_Driver/stm32l4xx_hal_dma.o
LOAD ./Drivers/STM32L4xx_HAL_Driver/stm32l4xx_hal_gpio.o
LOAD ./Drivers/STM32L4xx_HAL_Driver/stm32l4xx_hal_i2c.o
LOAD ./Drivers/STM32L4xx_HAL_Driver/stm32l4xx_hal_i2c_ex.o
LOAD ./Drivers/STM32L4xx_HAL_Driver/stm32l4xx_hal_pwr.o
LOAD ./Drivers/STM32L4xx_HAL_Driver/stm32l4xx_hal_pwr_ex.o
LOAD ./Drivers/STM32L4xx_HAL_Driver/stm32l4xx_hal_rcc.o
LOAD ./Drivers/STM32L4xx_HAL_Driver/stm32l4xx_hal_rcc_ex.o
LOAD ./Drivers/STM32L4xx_HAL_Driver/stm32l4xx_hal_spi.o
LOAD ./Drivers/STM32L4xx_HAL_Driver/stm32l4xx_hal_spi_ex.o
LOAD ./Drivers/STM32L4xx_HAL_Driver/stm32l4xx_hal_tim.o
LOAD ./Drivers/STM32L4xx_HAL_Driver/stm32l4xx_hal_tim_ex.o
LOAD ./Drivers/STM32L4xx_HAL_Driver/stm32l4xx_hal_uart.o
LOAD ./Drivers/STM32L4xx_HAL_Driver/stm32l4xx_hal_uart_ex.o
LOAD ../Drivers\libarm_cortexM4lf_math.a
START GROUP
LOAD C:/ST/STM32CubeIDE_1.17.0/STM32CubeIDE/plugins/com.st.stm32cube.ide.mcu.externaltools.gnu-tools-for-stm32.12.3.rel1.win32_1.1.0.202410251130/tools/bin/../lib/gcc/arm-none-eabi/12.3.1/../../../../arm-none-eabi/lib/thumb/v7e-m+fp/hard\libc_nano.a
LOAD C:/ST/STM32CubeIDE_1.17.0/STM32CubeIDE/plugins/com.st.stm32cube.ide.mcu.externaltools.gnu-tools-for-stm32.12.3.rel1.win32_1.1.0.202410251130/tools/bin/../lib/gcc/arm-none-eabi/12.3.1/../../../../arm-none-eabi/lib/thumb/v7e-m+fp/hard\libm.a
END GROUP
START GROUP
LOAD C:/ST/STM32CubeIDE_1.17.0/STM32CubeIDE/plugins/com.st.stm32cube.ide.mcu.externaltools.gnu-tools-for-stm32.12.3.rel1.win32_1.1.0.202410251130/tools/bin/../lib/gcc/arm-none-eabi/12.3.1/thumb/v7e-m+fp/hard\libgcc.a
LOAD C:/ST/STM32CubeIDE_1.17.0/STM32CubeIDE/plugins/com.st.stm32cube.ide.mcu.externaltools.gnu-tools-for-stm32.12.3.rel1.win32_1.1.0.202410251130/tools/bin/../lib/gcc/arm-none-eabi/12.3.1/../../../../arm-none-eabi/lib/thumb/v7e-m+fp/hard\libc_nano.a
END GROUP
START GROUP
LOAD C:/ST/STM32CubeIDE_1.17.0/STM32CubeIDE/plugins/com.st.stm32cube.ide.mcu.externaltools.gnu-tools-for-stm32.12.3.rel1.win32_1.1.0.202410251130/tools/bin/../lib/gcc/arm-none-eabi/12.3.1/thumb/v7e-m+fp/hard\libgcc.a
LOAD C:/ST/STM32CubeIDE_1.17.0/STM32CubeIDE/plugins/com.st.stm32cube.ide.mcu.externaltools.gnu-tools-for-stm32.12.3.rel1.win32_1.1.0.202410251130/tools/bin/../lib/gcc/arm-none-eabi/12.3.1/../../../../arm-none-eabi/lib/thumb/v7e-m+fp/hard\libc_nano.a
LOAD C:/ST/STM32CubeIDE_1.17.0/STM32CubeIDE/plugins/com.st.stm32cube.ide.mcu.externaltools.gnu-tools-for-stm32.12.3.rel1.win32_1.1.0.202410251130/tools/bin/../lib/gcc/arm-none-eabi/12.3.1/../../../../arm-none-eabi/lib/thumb/v7e-m+fp/hard\libnosys.a
END GROUP
START GROUP
LOAD C:/ST/STM32CubeIDE_1.17.0/STM32CubeIDE/plugins/com.st.stm32cube.ide.mcu.externaltools.gnu-tools-for-stm32.12.3.rel1.win32_1.1.0.202410251130/tools/bin/../lib/gcc/arm-none-eabi/12.3.1/thumb/v7e-m+fp/hard\libgcc.a
LOAD C:/ST/STM32CubeIDE_1.17.0/STM32CubeIDE/plugins/com.st.stm32cube.ide.mcu.externaltools.gnu-tools-for-stm32.12.3.rel1.win32_1.1.0.202410251130/tools/bin/../lib/gcc/arm-none-eabi/12.3.1/../../../../arm-none-eabi/lib/thumb/v7e-m+fp/hard\libc_nano.a
LOAD C:/ST/STM32CubeIDE_1.17.0/STM32CubeIDE/plugins/com.st.stm32cube.ide.mcu.externaltools.gnu-tools-for-stm32.12.3.rel1.win32_1.1.0.202410251130/tools/bin/../lib/gcc/arm-none-eabi/12.3.1/../../../../arm-none-eabi/lib/thumb/v7e-m+fp/hard\libnosys.a
END GROUP
LOAD C:/ST/STM32CubeIDE_1.17.0/STM32CubeIDE/plugins/com.st.stm32cube.ide.mcu.externaltools.gnu-tools-for-stm32.12.3.rel1.win32_1.1.0.202410251130/tools/bin/../lib/gcc/arm-none-eabi/12.3.1/thumb/v7e-m+fp/hard/crtend.o
LOAD C:/ST/STM32CubeIDE_1.17.0/STM32CubeIDE/plugins/com.st.stm32cube.ide.mcu.externaltools.gnu-tools-for-stm32.12.3.rel1.win32_1.1.0.202410251130/tools/bin/../lib/gcc/arm-none-eabi/12.3.1/thumb/v7e-m+fp/hard/crtn.o
                0x20018000                        _estack = (ORIGIN (RAM) + LENGTH (RAM))
                0x00002000                        _Min_Heap_Size = 0x2000
                0x00001000                        _Min_Stack_Size = 0x1000

.isr_vector     0x08000000      0x188
                0x08000000                        . = ALIGN (0x4)
 *(.isr_vector)
 .isr_vector    0x08000000      0x188 ./Application/Startup/startup_stm32l475vgtx.o
                0x08000000                g_pfnVectors
                0x08000188                        . = ALIGN (0x4)

.text           0x08000190     0xba00
                0x08000190                        . = ALIGN (0x4)
 *(.text)
 .text          0x08000190       0x40 C:/ST/STM32CubeIDE_1.17.0/STM32CubeIDE/plugins/com.st.stm32cube.ide.mcu.externaltools.gnu-tools-for-stm32.12.3.rel1.win32_1.1.0.202410251130/tools/bin/../lib/gcc/arm-none-eabi/12.3.1/thumb/v7e-m+fp/hard/crtbegin.o
 .text          0x080001d0       0x10 C:/ST/STM32CubeIDE_1.17.0/STM32CubeIDE/plugins/com.st.stm32cube.ide.mcu.externaltools.gnu-tools-for-stm32.12.3.rel1.win32_1.1.0.202410251130/tools/bin/../lib/gcc/arm-none-eabi/12.3.1/../../../../arm-none-eabi/lib/thumb/v7e-m+fp/hard\libc_nano.a(libc_a-strlen.o)
                0x080001d0                strlen
 .text          0x080001e0       0xa0 C:/ST/STM32CubeIDE_1.17.0/STM32CubeIDE/plugins/com.st.stm32cube.ide.mcu.externaltools.gnu-tools-for-stm32.12.3.rel1.win32_1.1.0.202410251130/tools/bin/../lib/gcc/arm-none-eabi/12.3.1/../../../../arm-none-eabi/lib/thumb/v7e-m+fp/hard\libc_nano.a(libc_a-memchr.o)
                0x080001e0                memchr
 .text          0x08000280      0x21c C:/ST/STM32CubeIDE_1.17.0/STM32CubeIDE/plugins/com.st.stm32cube.ide.mcu.externaltools.gnu-tools-for-stm32.12.3.rel1.win32_1.1.0.202410251130/tools/bin/../lib/gcc/arm-none-eabi/12.3.1/thumb/v7e-m+fp/hard\libgcc.a(_arm_addsubsf3.o)
                0x08000280                __aeabi_frsub
                0x08000288                __subsf3
                0x08000288                __aeabi_fsub
                0x0800028c                __aeabi_fadd
                0x0800028c                __addsf3
                0x080003ec                __aeabi_ui2f
                0x080003ec                __floatunsisf
                0x080003f4                __aeabi_i2f
                0x080003f4                __floatsisf
                0x08000410                __aeabi_ul2f
                0x08000410                __floatundisf
                0x08000420                __aeabi_l2f
                0x08000420                __floatdisf
 .text          0x0800049c       0x30 C:/ST/STM32CubeIDE_1.17.0/STM32CubeIDE/plugins/com.st.stm32cube.ide.mcu.externaltools.gnu-tools-for-stm32.12.3.rel1.win32_1.1.0.202410251130/tools/bin/../lib/gcc/arm-none-eabi/12.3.1/thumb/v7e-m+fp/hard\libgcc.a(_aeabi_uldivmod.o)
                0x0800049c                __aeabi_uldivmod
 .text          0x080004cc      0x2bc C:/ST/STM32CubeIDE_1.17.0/STM32CubeIDE/plugins/com.st.stm32cube.ide.mcu.externaltools.gnu-tools-for-stm32.12.3.rel1.win32_1.1.0.202410251130/tools/bin/../lib/gcc/arm-none-eabi/12.3.1/thumb/v7e-m+fp/hard\libgcc.a(_udivmoddi4.o)
                0x080004cc                __udivmoddi4
 .text          0x08000788        0x4 C:/ST/STM32CubeIDE_1.17.0/STM32CubeIDE/plugins/com.st.stm32cube.ide.mcu.externaltools.gnu-tools-for-stm32.12.3.rel1.win32_1.1.0.202410251130/tools/bin/../lib/gcc/arm-none-eabi/12.3.1/thumb/v7e-m+fp/hard\libgcc.a(_dvmd_tls.o)
                0x08000788                __aeabi_idiv0
                0x08000788                __aeabi_ldiv0
 *(.text*)
 .text.Reset_Handler
                0x0800078c       0x50 ./Application/Startup/startup_stm32l475vgtx.o
                0x0800078c                Reset_Handler
 .text.Default_Handler
                0x080007dc        0x2 ./Application/Startup/startup_stm32l475vgtx.o
                0x080007dc                RTC_Alarm_IRQHandler
                0x080007dc                EXTI2_IRQHandler
                0x080007dc                TIM8_TRG_COM_IRQHandler
                0x080007dc                TIM8_CC_IRQHandler
                0x080007dc                TIM1_CC_IRQHandler
                0x080007dc                TSC_IRQHandler
                0x080007dc                TAMP_STAMP_IRQHandler
                0x080007dc                EXTI3_IRQHandler
                0x080007dc                LPTIM2_IRQHandler
                0x080007dc                DFSDM1_FLT1_IRQHandler
                0x080007dc                I2C3_ER_IRQHandler
                0x080007dc                DFSDM1_FLT2_IRQHandler
                0x080007dc                EXTI0_IRQHandler
                0x080007dc                I2C2_EV_IRQHandler
                0x080007dc                CAN1_RX0_IRQHandler
                0x080007dc                FPU_IRQHandler
                0x080007dc                TIM1_UP_TIM16_IRQHandler
                0x080007dc                ADC1_2_IRQHandler
                0x080007dc                SPI1_IRQHandler
                0x080007dc                TIM6_DAC_IRQHandler
                0x080007dc                TIM8_UP_IRQHandler
                0x080007dc                DMA2_Channel2_IRQHandler
                0x080007dc                SAI2_IRQHandler
                0x080007dc                DFSDM1_FLT3_IRQHandler
                0x080007dc                USART3_IRQHandler
                0x080007dc                DMA1_Channel7_IRQHandler
                0x080007dc                CAN1_RX1_IRQHandler
                0x080007dc                UART5_IRQHandler
                0x080007dc                ADC3_IRQHandler
                0x080007dc                TIM4_IRQHandler
                0x080007dc                DMA2_Channel1_IRQHandler
                0x080007dc                QUADSPI_IRQHandler
                0x080007dc                I2C1_EV_IRQHandler
                0x080007dc                DMA1_Channel6_IRQHandler
                0x080007dc                UART4_IRQHandler
                0x080007dc                DMA2_Channel4_IRQHandler
                0x080007dc                TIM3_IRQHandler
                0x080007dc                RCC_IRQHandler
                0x080007dc                DMA1_Channel1_IRQHandler
                0x080007dc                Default_Handler
                0x080007dc                DMA2_Channel7_IRQHandler
                0x080007dc                EXTI15_10_IRQHandler
                0x080007dc                TIM7_IRQHandler
                0x080007dc                SDMMC1_IRQHandler
                0x080007dc                TIM5_IRQHandler
                0x080007dc                I2C3_EV_IRQHandler
                0x080007dc                EXTI9_5_IRQHandler
                0x080007dc                RTC_WKUP_IRQHandler
                0x080007dc                PVD_PVM_IRQHandler
                0x080007dc                SPI2_IRQHandler
                0x080007dc                CAN1_TX_IRQHandler
                0x080007dc                DMA2_Channel5_IRQHandler
                0x080007dc                DMA1_Channel5_IRQHandler
                0x080007dc                EXTI4_IRQHandler
                0x080007dc                RNG_IRQHandler
                0x080007dc                TIM1_TRG_COM_TIM17_IRQHandler
                0x080007dc                DMA1_Channel3_IRQHandler
                0x080007dc                COMP_IRQHandler
                0x080007dc                WWDG_IRQHandler
                0x080007dc                LPUART1_IRQHandler
                0x080007dc                DMA2_Channel6_IRQHandler
                0x080007dc                TIM2_IRQHandler
                0x080007dc                USART2_IRQHandler
                0x080007dc                DFSDM1_FLT0_IRQHandler
                0x080007dc                I2C2_ER_IRQHandler
                0x080007dc                DMA1_Channel2_IRQHandler
                0x080007dc                TIM8_BRK_IRQHandler
                0x080007dc                CAN1_SCE_IRQHandler
                0x080007dc                FLASH_IRQHandler
                0x080007dc                USART1_IRQHandler
                0x080007dc                OTG_FS_IRQHandler
                0x080007dc                I2C1_ER_IRQHandler
                0x080007dc                FMC_IRQHandler
                0x080007dc                SWPMI1_IRQHandler
                0x080007dc                LPTIM1_IRQHandler
                0x080007dc                SAI1_IRQHandler
                0x080007dc                DMA2_Channel3_IRQHandler
                0x080007dc                TIM1_BRK_TIM15_IRQHandler
 *fill*         0x080007de        0x2 
 .text.__io_putchar
                0x080007e0       0x24 ./Application/User/main.o
                0x080007e0                __io_putchar
 .text.HAL_DFSDM_FilterRegConvHalfCpltCallback
                0x08000804       0x20 ./Application/User/main.o
                0x08000804                HAL_DFSDM_FilterRegConvHalfCpltCallback
 .text.HAL_DFSDM_FilterRegConvCpltCallback
                0x08000824       0x20 ./Application/User/main.o
                0x08000824                HAL_DFSDM_FilterRegConvCpltCallback
 .text.Process_Audio_Data
                0x08000844       0xe8 ./Application/User/main.o
 .text.main     0x0800092c      0x140 ./Application/User/main.o
                0x0800092c                main
 .text.wifi_connect
                0x08000a6c      0x130 ./Application/User/main.o
 .text.send_http_get
                0x08000b9c      0x180 ./Application/User/main.o
 .text.MX_DMA_Init
                0x08000d1c       0x3c ./Application/User/main.o
 .text.MX_DFSDM1_Init
                0x08000d58       0xcc ./Application/User/main.o
 .text.MX_TIM2_Init
                0x08000e24      0x150 ./Application/User/main.o
 .text.MX_GPIO_Init
                0x08000f74       0x5c ./Application/User/main.o
 .text.HAL_DFSDM_FilterMspInit
                0x08000fd0       0xc4 ./Application/User/main.o
                0x08000fd0                HAL_DFSDM_FilterMspInit
 .text.SystemClock_Config
                0x08001094       0x92 ./Application/User/main.o
 .text.HAL_GPIO_EXTI_Callback
                0x08001126       0x1c ./Application/User/main.o
                0x08001126                HAL_GPIO_EXTI_Callback
 *fill*         0x08001142        0x2 
 .text.SPI3_IRQHandler
                0x08001144       0x14 ./Application/User/main.o
                0x08001144                SPI3_IRQHandler
 .text.DMA1_Channel4_IRQHandler
                0x08001158       0x14 ./Application/User/main.o
                0x08001158                DMA1_Channel4_IRQHandler
 .text.NMI_Handler
                0x0800116c        0xe ./Application/User/stm32l4xx_it.o
                0x0800116c                NMI_Handler
 .text.HardFault_Handler
                0x0800117a        0x8 ./Application/User/stm32l4xx_it.o
                0x0800117a                HardFault_Handler
 .text.MemManage_Handler
                0x08001182        0x8 ./Application/User/stm32l4xx_it.o
                0x08001182                MemManage_Handler
 .text.BusFault_Handler
                0x0800118a        0x8 ./Application/User/stm32l4xx_it.o
                0x0800118a                BusFault_Handler
 .text.UsageFault_Handler
                0x08001192        0x8 ./Application/User/stm32l4xx_it.o
                0x08001192                UsageFault_Handler
 .text.SVC_Handler
                0x0800119a        0xe ./Application/User/stm32l4xx_it.o
                0x0800119a                SVC_Handler
 .text.DebugMon_Handler
                0x080011a8        0xe ./Application/User/stm32l4xx_it.o
                0x080011a8                DebugMon_Handler
 .text.PendSV_Handler
                0x080011b6        0xe ./Application/User/stm32l4xx_it.o
                0x080011b6                PendSV_Handler
 .text.SysTick_Handler
                0x080011c4        0xc ./Application/User/stm32l4xx_it.o
                0x080011c4                SysTick_Handler
 .text.EXTI1_IRQHandler
                0x080011d0        0xe ./Application/User/stm32l4xx_it.o
                0x080011d0                EXTI1_IRQHandler
 .text._getpid  0x080011de       0x10 ./Application/User/syscalls.o
                0x080011de                _getpid
 .text._kill    0x080011ee       0x20 ./Application/User/syscalls.o
                0x080011ee                _kill
 .text._exit    0x0800120e       0x16 ./Application/User/syscalls.o
                0x0800120e                _exit
 .text._read    0x08001224       0x3a ./Application/User/syscalls.o
                0x08001224                _read
 .text._write   0x0800125e       0x38 ./Application/User/syscalls.o
                0x0800125e                _write
 .text._close   0x08001296       0x18 ./Application/User/syscalls.o
                0x08001296                _close
 .text._fstat   0x080012ae       0x20 ./Application/User/syscalls.o
                0x080012ae                _fstat
 .text._isatty  0x080012ce       0x16 ./Application/User/syscalls.o
                0x080012ce                _isatty
 .text._lseek   0x080012e4       0x1a ./Application/User/syscalls.o
                0x080012e4                _lseek
 *fill*         0x080012fe        0x2 
 .text._sbrk    0x08001300       0x6c ./Application/User/sysmem.o
                0x08001300                _sbrk
 .text.Hex2Num  0x0800136c       0x54 ./Application/WIFI/es_wifi.o
 .text.ParseHexNumber
                0x080013c0       0x86 ./Application/WIFI/es_wifi.o
 .text.ParseNumber
                0x08001446       0x88 ./Application/WIFI/es_wifi.o
 .text.ParseMAC
                0x080014ce       0x6e ./Application/WIFI/es_wifi.o
 .text.ParseIP  0x0800153c       0x6e ./Application/WIFI/es_wifi.o
 *fill*         0x080015aa        0x2 
 .text.AT_ParseInfo
                0x080015ac      0x11c ./Application/WIFI/es_wifi.o
 .text.AT_ParseConnSettings
                0x080016c8      0x17c ./Application/WIFI/es_wifi.o
 .text.AT_ExecuteCommand
                0x08001844       0xe0 ./Application/WIFI/es_wifi.o
 .text.AT_RequestSendData
                0x08001924      0x100 ./Application/WIFI/es_wifi.o
 .text.AT_RequestReceiveData
                0x08001a24      0x144 ./Application/WIFI/es_wifi.o
 .text.ES_WIFI_Init
                0x08001b68       0x68 ./Application/WIFI/es_wifi.o
                0x08001b68                ES_WIFI_Init
 .text.ES_WIFI_RegisterBusIO
                0x08001bd0       0x66 ./Application/WIFI/es_wifi.o
                0x08001bd0                ES_WIFI_RegisterBusIO
 *fill*         0x08001c36        0x2 
 .text.ES_WIFI_Connect
                0x08001c38       0xf0 ./Application/WIFI/es_wifi.o
                0x08001c38                ES_WIFI_Connect
 .text.ES_WIFI_IsConnected
                0x08001d28       0x60 ./Application/WIFI/es_wifi.o
                0x08001d28                ES_WIFI_IsConnected
 .text.ES_WIFI_GetNetworkSettings
                0x08001d88       0x54 ./Application/WIFI/es_wifi.o
                0x08001d88                ES_WIFI_GetNetworkSettings
 .text.ES_WIFI_GetMACAddress
                0x08001ddc       0x6c ./Application/WIFI/es_wifi.o
                0x08001ddc                ES_WIFI_GetMACAddress
 .text.ES_WIFI_DNS_LookUp
                0x08001e48       0x70 ./Application/WIFI/es_wifi.o
                0x08001e48                ES_WIFI_DNS_LookUp
 .text.ES_WIFI_StartClientConnection
                0x08001eb8      0x1b4 ./Application/WIFI/es_wifi.o
                0x08001eb8                ES_WIFI_StartClientConnection
 .text.ES_WIFI_StopClientConnection
                0x0800206c       0x74 ./Application/WIFI/es_wifi.o
                0x0800206c                ES_WIFI_StopClientConnection
 .text.ES_WIFI_SendData
                0x080020e0      0x178 ./Application/WIFI/es_wifi.o
                0x080020e0                ES_WIFI_SendData
 .text.ES_WIFI_ReceiveData
                0x08002258      0x180 ./Application/WIFI/es_wifi.o
                0x08002258                ES_WIFI_ReceiveData
 .text.SPI_WIFI_MspInit
                0x080023d8      0x178 ./Application/WIFI/es_wifi_io.o
                0x080023d8                SPI_WIFI_MspInit
 .text.SPI_WIFI_Init
                0x08002550       0xbc ./Application/WIFI/es_wifi_io.o
                0x08002550                SPI_WIFI_Init
 .text.SPI_WIFI_ResetModule
                0x0800260c       0xf4 ./Application/WIFI/es_wifi_io.o
                0x0800260c                SPI_WIFI_ResetModule
 .text.SPI_WIFI_DeInit
                0x08002700       0x14 ./Application/WIFI/es_wifi_io.o
                0x08002700                SPI_WIFI_DeInit
 .text.wait_cmddata_rdy_high
                0x08002714       0x44 ./Application/WIFI/es_wifi_io.o
 .text.wait_cmddata_rdy_rising_event
                0x08002758       0x40 ./Application/WIFI/es_wifi_io.o
 .text.wait_spi_rx_event
                0x08002798       0x40 ./Application/WIFI/es_wifi_io.o
 .text.wait_spi_tx_event
                0x080027d8       0x40 ./Application/WIFI/es_wifi_io.o
 .text.SPI_WIFI_ReceiveData
                0x08002818       0xf4 ./Application/WIFI/es_wifi_io.o
                0x08002818                SPI_WIFI_ReceiveData
 .text.SPI_WIFI_SendData
                0x0800290c       0xdc ./Application/WIFI/es_wifi_io.o
                0x0800290c                SPI_WIFI_SendData
 .text.SPI_WIFI_Delay
                0x080029e8       0x16 ./Application/WIFI/es_wifi_io.o
                0x080029e8                SPI_WIFI_Delay
 *fill*         0x080029fe        0x2 
 .text.SPI_WIFI_DelayUs
                0x08002a00       0xa4 ./Application/WIFI/es_wifi_io.o
 .text.HAL_SPI_RxCpltCallback
                0x08002aa4       0x28 ./Application/WIFI/es_wifi_io.o
                0x08002aa4                HAL_SPI_RxCpltCallback
 .text.HAL_SPI_TxCpltCallback
                0x08002acc       0x28 ./Application/WIFI/es_wifi_io.o
                0x08002acc                HAL_SPI_TxCpltCallback
 .text.SPI_WIFI_ISR
                0x08002af4       0x20 ./Application/WIFI/es_wifi_io.o
                0x08002af4                SPI_WIFI_ISR
 .text.WIFI_Init
                0x08002b14       0x58 ./Application/WIFI/wifi.o
                0x08002b14                WIFI_Init
 .text.WIFI_Connect
                0x08002b6c       0x44 ./Application/WIFI/wifi.o
                0x08002b6c                WIFI_Connect
 .text.WIFI_GetMAC_Address
                0x08002bb0       0x40 ./Application/WIFI/wifi.o
                0x08002bb0                WIFI_GetMAC_Address
 .text.WIFI_GetIP_Address
                0x08002bf0       0x48 ./Application/WIFI/wifi.o
                0x08002bf0                WIFI_GetIP_Address
 .text.WIFI_GetHostAddress
                0x08002c38       0x44 ./Application/WIFI/wifi.o
                0x08002c38                WIFI_GetHostAddress
 .text.WIFI_OpenClientConnection
                0x08002c7c       0x78 ./Application/WIFI/wifi.o
                0x08002c7c                WIFI_OpenClientConnection
 .text.WIFI_CloseClientConnection
                0x08002cf4       0x38 ./Application/WIFI/wifi.o
                0x08002cf4                WIFI_CloseClientConnection
 .text.WIFI_SendData
                0x08002d2c       0x44 ./Application/WIFI/wifi.o
                0x08002d2c                WIFI_SendData
 .text.WIFI_ReceiveData
                0x08002d70       0x44 ./Application/WIFI/wifi.o
                0x08002d70                WIFI_ReceiveData
 .text.WIFI_GetModuleFwRevision
                0x08002db4       0x58 ./Application/WIFI/wifi.o
                0x08002db4                WIFI_GetModuleFwRevision
 .text.WIFI_GetModuleID
                0x08002e0c       0x50 ./Application/WIFI/wifi.o
                0x08002e0c                WIFI_GetModuleID
 .text.SystemInit
                0x08002e5c       0x6c ./Drivers/CMSIS/system_stm32l4xx.o
                0x08002e5c                SystemInit
 .text.BSP_LED_Init
                0x08002ec8       0x60 ./Drivers/STM32L4xx_HAL_Driver/stm32l475e_iot01.o
                0x08002ec8                BSP_LED_Init
 .text.BSP_LED_On
                0x08002f28       0x2c ./Drivers/STM32L4xx_HAL_Driver/stm32l475e_iot01.o
                0x08002f28                BSP_LED_On
 .text.BSP_LED_Toggle
                0x08002f54       0x2c ./Drivers/STM32L4xx_HAL_Driver/stm32l475e_iot01.o
                0x08002f54                BSP_LED_Toggle
 .text.BSP_COM_Init
                0x08002f80       0xd8 ./Drivers/STM32L4xx_HAL_Driver/stm32l475e_iot01.o
                0x08002f80                BSP_COM_Init
 .text.HAL_Init
                0x08003058       0x30 ./Drivers/STM32L4xx_HAL_Driver/stm32l4xx_hal.o
                0x08003058                HAL_Init
 .text.HAL_MspInit
                0x08003088        0xe ./Drivers/STM32L4xx_HAL_Driver/stm32l4xx_hal.o
                0x08003088                HAL_MspInit
 *fill*         0x08003096        0x2 
 .text.HAL_InitTick
                0x08003098       0x78 ./Drivers/STM32L4xx_HAL_Driver/stm32l4xx_hal.o
                0x08003098                HAL_InitTick
 .text.HAL_IncTick
                0x08003110       0x28 ./Drivers/STM32L4xx_HAL_Driver/stm32l4xx_hal.o
                0x08003110                HAL_IncTick
 .text.HAL_GetTick
                0x08003138       0x18 ./Drivers/STM32L4xx_HAL_Driver/stm32l4xx_hal.o
                0x08003138                HAL_GetTick
 .text.HAL_Delay
                0x08003150       0x48 ./Drivers/STM32L4xx_HAL_Driver/stm32l4xx_hal.o
                0x08003150                HAL_Delay
 .text.__NVIC_SetPriorityGrouping
                0x08003198       0x48 ./Drivers/STM32L4xx_HAL_Driver/stm32l4xx_hal_cortex.o
 .text.__NVIC_GetPriorityGrouping
                0x080031e0       0x1c ./Drivers/STM32L4xx_HAL_Driver/stm32l4xx_hal_cortex.o
 .text.__NVIC_EnableIRQ
                0x080031fc       0x3c ./Drivers/STM32L4xx_HAL_Driver/stm32l4xx_hal_cortex.o
 .text.__NVIC_SetPriority
                0x08003238       0x54 ./Drivers/STM32L4xx_HAL_Driver/stm32l4xx_hal_cortex.o
 .text.NVIC_EncodePriority
                0x0800328c       0x66 ./Drivers/STM32L4xx_HAL_Driver/stm32l4xx_hal_cortex.o
 *fill*         0x080032f2        0x2 
 .text.SysTick_Config
                0x080032f4       0x44 ./Drivers/STM32L4xx_HAL_Driver/stm32l4xx_hal_cortex.o
 .text.HAL_NVIC_SetPriorityGrouping
                0x08003338       0x16 ./Drivers/STM32L4xx_HAL_Driver/stm32l4xx_hal_cortex.o
                0x08003338                HAL_NVIC_SetPriorityGrouping
 .text.HAL_NVIC_SetPriority
                0x0800334e       0x38 ./Drivers/STM32L4xx_HAL_Driver/stm32l4xx_hal_cortex.o
                0x0800334e                HAL_NVIC_SetPriority
 .text.HAL_NVIC_EnableIRQ
                0x08003386       0x1c ./Drivers/STM32L4xx_HAL_Driver/stm32l4xx_hal_cortex.o
                0x08003386                HAL_NVIC_EnableIRQ
 .text.HAL_SYSTICK_Config
                0x080033a2       0x18 ./Drivers/STM32L4xx_HAL_Driver/stm32l4xx_hal_cortex.o
                0x080033a2                HAL_SYSTICK_Config
 *fill*         0x080033ba        0x2 
 .text.HAL_DFSDM_ChannelInit
                0x080033bc      0x180 ./Drivers/STM32L4xx_HAL_Driver/stm32l4xx_hal_dfsdm.o
                0x080033bc                HAL_DFSDM_ChannelInit
 .text.HAL_DFSDM_ChannelMspInit
                0x0800353c       0x14 ./Drivers/STM32L4xx_HAL_Driver/stm32l4xx_hal_dfsdm.o
                0x0800353c                HAL_DFSDM_ChannelMspInit
 .text.HAL_DFSDM_FilterInit
                0x08003550      0x1b4 ./Drivers/STM32L4xx_HAL_Driver/stm32l4xx_hal_dfsdm.o
                0x08003550                HAL_DFSDM_FilterInit
 .text.HAL_DFSDM_FilterConfigRegChannel
                0x08003704       0x8a ./Drivers/STM32L4xx_HAL_Driver/stm32l4xx_hal_dfsdm.o
                0x08003704                HAL_DFSDM_FilterConfigRegChannel
 *fill*         0x0800378e        0x2 
 .text.HAL_DFSDM_FilterRegularStart_DMA
                0x08003790      0x104 ./Drivers/STM32L4xx_HAL_Driver/stm32l4xx_hal_dfsdm.o
                0x08003790                HAL_DFSDM_FilterRegularStart_DMA
 .text.HAL_DFSDM_FilterErrorCallback
                0x08003894       0x14 ./Drivers/STM32L4xx_HAL_Driver/stm32l4xx_hal_dfsdm.o
                0x08003894                HAL_DFSDM_FilterErrorCallback
 .text.DFSDM_DMARegularHalfConvCplt
                0x080038a8       0x1c ./Drivers/STM32L4xx_HAL_Driver/stm32l4xx_hal_dfsdm.o
 .text.DFSDM_DMARegularConvCplt
                0x080038c4       0x1c ./Drivers/STM32L4xx_HAL_Driver/stm32l4xx_hal_dfsdm.o
 .text.DFSDM_DMAError
                0x080038e0       0x22 ./Drivers/STM32L4xx_HAL_Driver/stm32l4xx_hal_dfsdm.o
 *fill*         0x08003902        0x2 
 .text.DFSDM_GetChannelFromInstance
                0x08003904       0x98 ./Drivers/STM32L4xx_HAL_Driver/stm32l4xx_hal_dfsdm.o
 .text.DFSDM_RegConvStart
                0x0800399c       0xac ./Drivers/STM32L4xx_HAL_Driver/stm32l4xx_hal_dfsdm.o
 .text.HAL_DMA_Init
                0x08003a48      0x170 ./Drivers/STM32L4xx_HAL_Driver/stm32l4xx_hal_dma.o
                0x08003a48                HAL_DMA_Init
 .text.HAL_DMA_Start_IT
                0x08003bb8       0xc6 ./Drivers/STM32L4xx_HAL_Driver/stm32l4xx_hal_dma.o
                0x08003bb8                HAL_DMA_Start_IT
 .text.HAL_DMA_Abort_IT
                0x08003c7e       0x82 ./Drivers/STM32L4xx_HAL_Driver/stm32l4xx_hal_dma.o
                0x08003c7e                HAL_DMA_Abort_IT
 .text.HAL_DMA_IRQHandler
                0x08003d00      0x18c ./Drivers/STM32L4xx_HAL_Driver/stm32l4xx_hal_dma.o
                0x08003d00                HAL_DMA_IRQHandler
 .text.DMA_SetConfig
                0x08003e8c       0x60 ./Drivers/STM32L4xx_HAL_Driver/stm32l4xx_hal_dma.o
 .text.HAL_GPIO_Init
                0x08003eec      0x354 ./Drivers/STM32L4xx_HAL_Driver/stm32l4xx_hal_gpio.o
                0x08003eec                HAL_GPIO_Init
 .text.HAL_GPIO_ReadPin
                0x08004240       0x30 ./Drivers/STM32L4xx_HAL_Driver/stm32l4xx_hal_gpio.o
                0x08004240                HAL_GPIO_ReadPin
 .text.HAL_GPIO_WritePin
                0x08004270       0x30 ./Drivers/STM32L4xx_HAL_Driver/stm32l4xx_hal_gpio.o
                0x08004270                HAL_GPIO_WritePin
 .text.HAL_GPIO_TogglePin
                0x080042a0       0x34 ./Drivers/STM32L4xx_HAL_Driver/stm32l4xx_hal_gpio.o
                0x080042a0                HAL_GPIO_TogglePin
 .text.HAL_GPIO_EXTI_IRQHandler
                0x080042d4       0x30 ./Drivers/STM32L4xx_HAL_Driver/stm32l4xx_hal_gpio.o
                0x080042d4                HAL_GPIO_EXTI_IRQHandler
 .text.HAL_PWREx_GetVoltageRange
                0x08004304       0x1c ./Drivers/STM32L4xx_HAL_Driver/stm32l4xx_hal_pwr_ex.o
                0x08004304                HAL_PWREx_GetVoltageRange
 .text.HAL_RCC_OscConfig
                0x08004320      0x7b8 ./Drivers/STM32L4xx_HAL_Driver/stm32l4xx_hal_rcc.o
                0x08004320                HAL_RCC_OscConfig
 .text.HAL_RCC_ClockConfig
                0x08004ad8      0x200 ./Drivers/STM32L4xx_HAL_Driver/stm32l4xx_hal_rcc.o
                0x08004ad8                HAL_RCC_ClockConfig
 .text.HAL_RCC_GetSysClockFreq
                0x08004cd8      0x118 ./Drivers/STM32L4xx_HAL_Driver/stm32l4xx_hal_rcc.o
                0x08004cd8                HAL_RCC_GetSysClockFreq
 .text.HAL_RCC_GetHCLKFreq
                0x08004df0       0x18 ./Drivers/STM32L4xx_HAL_Driver/stm32l4xx_hal_rcc.o
                0x08004df0                HAL_RCC_GetHCLKFreq
 .text.HAL_RCC_GetPCLK1Freq
                0x08004e08       0x2c ./Drivers/STM32L4xx_HAL_Driver/stm32l4xx_hal_rcc.o
                0x08004e08                HAL_RCC_GetPCLK1Freq
 .text.HAL_RCC_GetPCLK2Freq
                0x08004e34       0x2c ./Drivers/STM32L4xx_HAL_Driver/stm32l4xx_hal_rcc.o
                0x08004e34                HAL_RCC_GetPCLK2Freq
 .text.RCC_SetFlashLatencyFromMSIRange
                0x08004e60       0xc0 ./Drivers/STM32L4xx_HAL_Driver/stm32l4xx_hal_rcc.o
 .text.HAL_RCCEx_PeriphCLKConfig
                0x08004f20      0x5d4 ./Drivers/STM32L4xx_HAL_Driver/stm32l4xx_hal_rcc_ex.o
                0x08004f20                HAL_RCCEx_PeriphCLKConfig
 .text.RCCEx_PLLSAI1_Config
                0x080054f4      0x1e8 ./Drivers/STM32L4xx_HAL_Driver/stm32l4xx_hal_rcc_ex.o
 .text.RCCEx_PLLSAI2_Config
                0x080056dc      0x1bc ./Drivers/STM32L4xx_HAL_Driver/stm32l4xx_hal_rcc_ex.o
 .text.HAL_SPI_Init
                0x08005898      0x198 ./Drivers/STM32L4xx_HAL_Driver/stm32l4xx_hal_spi.o
                0x08005898                HAL_SPI_Init
 .text.HAL_SPI_DeInit
                0x08005a30       0x50 ./Drivers/STM32L4xx_HAL_Driver/stm32l4xx_hal_spi.o
                0x08005a30                HAL_SPI_DeInit
 .text.HAL_SPI_MspInit
                0x08005a80       0x14 ./Drivers/STM32L4xx_HAL_Driver/stm32l4xx_hal_spi.o
                0x08005a80                HAL_SPI_MspInit
 .text.HAL_SPI_MspDeInit
                0x08005a94       0x14 ./Drivers/STM32L4xx_HAL_Driver/stm32l4xx_hal_spi.o
                0x08005a94                HAL_SPI_MspDeInit
 .text.HAL_SPI_Receive
                0x08005aa8      0x3f2 ./Drivers/STM32L4xx_HAL_Driver/stm32l4xx_hal_spi.o
                0x08005aa8                HAL_SPI_Receive
 .text.HAL_SPI_TransmitReceive
                0x08005e9a      0x694 ./Drivers/STM32L4xx_HAL_Driver/stm32l4xx_hal_spi.o
                0x08005e9a                HAL_SPI_TransmitReceive
 *fill*         0x0800652e        0x2 
 .text.HAL_SPI_Transmit_IT
                0x08006530      0x138 ./Drivers/STM32L4xx_HAL_Driver/stm32l4xx_hal_spi.o
                0x08006530                HAL_SPI_Transmit_IT
 .text.HAL_SPI_Receive_IT
                0x08006668      0x1a4 ./Drivers/STM32L4xx_HAL_Driver/stm32l4xx_hal_spi.o
                0x08006668                HAL_SPI_Receive_IT
 .text.HAL_SPI_TransmitReceive_IT
                0x0800680c      0x1a4 ./Drivers/STM32L4xx_HAL_Driver/stm32l4xx_hal_spi.o
                0x0800680c                HAL_SPI_TransmitReceive_IT
 .text.HAL_SPI_IRQHandler
                0x080069b0      0x1e8 ./Drivers/STM32L4xx_HAL_Driver/stm32l4xx_hal_spi.o
                0x080069b0                HAL_SPI_IRQHandler
 .text.HAL_SPI_TxRxCpltCallback
                0x08006b98       0x14 ./Drivers/STM32L4xx_HAL_Driver/stm32l4xx_hal_spi.o
                0x08006b98                HAL_SPI_TxRxCpltCallback
 .text.HAL_SPI_ErrorCallback
                0x08006bac       0x14 ./Drivers/STM32L4xx_HAL_Driver/stm32l4xx_hal_spi.o
                0x08006bac                HAL_SPI_ErrorCallback
 .text.SPI_DMAAbortOnError
                0x08006bc0       0x2a ./Drivers/STM32L4xx_HAL_Driver/stm32l4xx_hal_spi.o
 *fill*         0x08006bea        0x2 
 .text.SPI_2linesRxISR_8BIT
                0x08006bec       0xe4 ./Drivers/STM32L4xx_HAL_Driver/stm32l4xx_hal_spi.o
 .text.SPI_2linesRxISR_8BITCRC
                0x08006cd0       0x58 ./Drivers/STM32L4xx_HAL_Driver/stm32l4xx_hal_spi.o
 .text.SPI_2linesTxISR_8BIT
                0x08006d28       0xbc ./Drivers/STM32L4xx_HAL_Driver/stm32l4xx_hal_spi.o
 .text.SPI_2linesRxISR_16BIT
                0x08006de4       0x7c ./Drivers/STM32L4xx_HAL_Driver/stm32l4xx_hal_spi.o
 .text.SPI_2linesRxISR_16BITCRC
                0x08006e60       0x34 ./Drivers/STM32L4xx_HAL_Driver/stm32l4xx_hal_spi.o
 .text.SPI_2linesTxISR_16BIT
                0x08006e94       0x8a ./Drivers/STM32L4xx_HAL_Driver/stm32l4xx_hal_spi.o
 .text.SPI_RxISR_8BITCRC
                0x08006f1e       0x3e ./Drivers/STM32L4xx_HAL_Driver/stm32l4xx_hal_spi.o
 .text.SPI_RxISR_8BIT
                0x08006f5c       0x8c ./Drivers/STM32L4xx_HAL_Driver/stm32l4xx_hal_spi.o
 .text.SPI_RxISR_16BITCRC
                0x08006fe8       0x34 ./Drivers/STM32L4xx_HAL_Driver/stm32l4xx_hal_spi.o
 .text.SPI_RxISR_16BIT
                0x0800701c       0x88 ./Drivers/STM32L4xx_HAL_Driver/stm32l4xx_hal_spi.o
 .text.SPI_TxISR_8BIT
                0x080070a4       0x60 ./Drivers/STM32L4xx_HAL_Driver/stm32l4xx_hal_spi.o
 .text.SPI_TxISR_16BIT
                0x08007104       0x5e ./Drivers/STM32L4xx_HAL_Driver/stm32l4xx_hal_spi.o
 *fill*         0x08007162        0x2 
 .text.SPI_WaitFlagStateUntilTimeout
                0x08007164      0x110 ./Drivers/STM32L4xx_HAL_Driver/stm32l4xx_hal_spi.o
 .text.SPI_WaitFifoStateUntilTimeout
                0x08007274      0x12c ./Drivers/STM32L4xx_HAL_Driver/stm32l4xx_hal_spi.o
 .text.SPI_EndRxTransaction
                0x080073a0       0xb0 ./Drivers/STM32L4xx_HAL_Driver/stm32l4xx_hal_spi.o
 .text.SPI_EndRxTxTransaction
                0x08007450       0x8c ./Drivers/STM32L4xx_HAL_Driver/stm32l4xx_hal_spi.o
 .text.SPI_CloseRxTx_ISR
                0x080074dc       0xb8 ./Drivers/STM32L4xx_HAL_Driver/stm32l4xx_hal_spi.o
 .text.SPI_CloseRx_ISR
                0x08007594       0x8c ./Drivers/STM32L4xx_HAL_Driver/stm32l4xx_hal_spi.o
 .text.SPI_CloseTx_ISR
                0x08007620       0x7e ./Drivers/STM32L4xx_HAL_Driver/stm32l4xx_hal_spi.o
 .text.HAL_TIM_Base_Init
                0x0800769e       0xae ./Drivers/STM32L4xx_HAL_Driver/stm32l4xx_hal_tim.o
                0x0800769e                HAL_TIM_Base_Init
 .text.HAL_TIM_Base_MspInit
                0x0800774c       0x14 ./Drivers/STM32L4xx_HAL_Driver/stm32l4xx_hal_tim.o
                0x0800774c                HAL_TIM_Base_MspInit
 .text.HAL_TIM_PWM_Init
                0x08007760       0xae ./Drivers/STM32L4xx_HAL_Driver/stm32l4xx_hal_tim.o
                0x08007760                HAL_TIM_PWM_Init
 .text.HAL_TIM_PWM_MspInit
                0x0800780e       0x14 ./Drivers/STM32L4xx_HAL_Driver/stm32l4xx_hal_tim.o
                0x0800780e                HAL_TIM_PWM_MspInit
 *fill*         0x08007822        0x2 
 .text.HAL_TIM_PWM_Start
                0x08007824      0x20c ./Drivers/STM32L4xx_HAL_Driver/stm32l4xx_hal_tim.o
                0x08007824                HAL_TIM_PWM_Start
 .text.HAL_TIM_PWM_ConfigChannel
                0x08007a30      0x228 ./Drivers/STM32L4xx_HAL_Driver/stm32l4xx_hal_tim.o
                0x08007a30                HAL_TIM_PWM_ConfigChannel
 .text.HAL_TIM_ConfigClockSource
                0x08007c58      0x192 ./Drivers/STM32L4xx_HAL_Driver/stm32l4xx_hal_tim.o
                0x08007c58                HAL_TIM_ConfigClockSource
 *fill*         0x08007dea        0x2 
 .text.TIM_Base_SetConfig
                0x08007dec      0x14c ./Drivers/STM32L4xx_HAL_Driver/stm32l4xx_hal_tim.o
                0x08007dec                TIM_Base_SetConfig
 .text.TIM_OC1_SetConfig
                0x08007f38      0x120 ./Drivers/STM32L4xx_HAL_Driver/stm32l4xx_hal_tim.o
 .text.TIM_OC2_SetConfig
                0x08008058      0x114 ./Drivers/STM32L4xx_HAL_Driver/stm32l4xx_hal_tim.o
                0x08008058                TIM_OC2_SetConfig
 .text.TIM_OC3_SetConfig
                0x0800816c      0x110 ./Drivers/STM32L4xx_HAL_Driver/stm32l4xx_hal_tim.o
 .text.TIM_OC4_SetConfig
                0x0800827c       0xd4 ./Drivers/STM32L4xx_HAL_Driver/stm32l4xx_hal_tim.o
 .text.TIM_OC5_SetConfig
                0x08008350       0xc8 ./Drivers/STM32L4xx_HAL_Driver/stm32l4xx_hal_tim.o
 .text.TIM_OC6_SetConfig
                0x08008418       0xcc ./Drivers/STM32L4xx_HAL_Driver/stm32l4xx_hal_tim.o
 .text.TIM_TI1_ConfigInputStage
                0x080084e4       0x5e ./Drivers/STM32L4xx_HAL_Driver/stm32l4xx_hal_tim.o
 .text.TIM_TI2_ConfigInputStage
                0x08008542       0x60 ./Drivers/STM32L4xx_HAL_Driver/stm32l4xx_hal_tim.o
 .text.TIM_ITRx_SetConfig
                0x080085a2       0x36 ./Drivers/STM32L4xx_HAL_Driver/stm32l4xx_hal_tim.o
 .text.TIM_ETR_SetConfig
                0x080085d8       0x40 ./Drivers/STM32L4xx_HAL_Driver/stm32l4xx_hal_tim.o
                0x080085d8                TIM_ETR_SetConfig
 .text.TIM_CCxChannelCmd
                0x08008618       0x4a ./Drivers/STM32L4xx_HAL_Driver/stm32l4xx_hal_tim.o
                0x08008618                TIM_CCxChannelCmd
 *fill*         0x08008662        0x2 
 .text.HAL_TIMEx_MasterConfigSynchronization
                0x08008664      0x110 ./Drivers/STM32L4xx_HAL_Driver/stm32l4xx_hal_tim_ex.o
                0x08008664                HAL_TIMEx_MasterConfigSynchronization
 .text.HAL_UART_Init
                0x08008774       0x9c ./Drivers/STM32L4xx_HAL_Driver/stm32l4xx_hal_uart.o
                0x08008774                HAL_UART_Init
 .text.HAL_UART_MspInit
                0x08008810       0x14 ./Drivers/STM32L4xx_HAL_Driver/stm32l4xx_hal_uart.o
                0x08008810                HAL_UART_MspInit
 .text.HAL_UART_Transmit
                0x08008824      0x126 ./Drivers/STM32L4xx_HAL_Driver/stm32l4xx_hal_uart.o
                0x08008824                HAL_UART_Transmit
 *fill*         0x0800894a        0x2 
 .text.UART_SetConfig
                0x0800894c      0x570 ./Drivers/STM32L4xx_HAL_Driver/stm32l4xx_hal_uart.o
                0x0800894c                UART_SetConfig
 .text.UART_AdvFeatureConfig
                0x08008ebc      0x144 ./Drivers/STM32L4xx_HAL_Driver/stm32l4xx_hal_uart.o
                0x08008ebc                UART_AdvFeatureConfig
 .text.UART_CheckIdleState
                0x08009000      0x150 ./Drivers/STM32L4xx_HAL_Driver/stm32l4xx_hal_uart.o
                0x08009000                UART_CheckIdleState
 .text.UART_WaitOnFlagUntilTimeout
                0x08009150       0xda ./Drivers/STM32L4xx_HAL_Driver/stm32l4xx_hal_uart.o
                0x08009150                UART_WaitOnFlagUntilTimeout
 .text.UART_EndRxTransfer
                0x0800922a       0xc8 ./Drivers/STM32L4xx_HAL_Driver/stm32l4xx_hal_uart.o
 *fill*         0x080092f2        0x2 
 .text.arm_rfft_32_fast_init_f32
                0x080092f4       0x34 ../Drivers\libarm_cortexM4lf_math.a(arm_rfft_fast_init_f32.o)
                0x080092f4                arm_rfft_32_fast_init_f32
 .text.arm_rfft_64_fast_init_f32
                0x08009328       0x34 ../Drivers\libarm_cortexM4lf_math.a(arm_rfft_fast_init_f32.o)
                0x08009328                arm_rfft_64_fast_init_f32
 .text.arm_rfft_256_fast_init_f32
                0x0800935c       0x38 ../Drivers\libarm_cortexM4lf_math.a(arm_rfft_fast_init_f32.o)
                0x0800935c                arm_rfft_256_fast_init_f32
 .text.arm_rfft_512_fast_init_f32
                0x08009394       0x3c ../Drivers\libarm_cortexM4lf_math.a(arm_rfft_fast_init_f32.o)
                0x08009394                arm_rfft_512_fast_init_f32
 .text.arm_rfft_1024_fast_init_f32
                0x080093d0       0x3c ../Drivers\libarm_cortexM4lf_math.a(arm_rfft_fast_init_f32.o)
                0x080093d0                arm_rfft_1024_fast_init_f32
 .text.arm_rfft_2048_fast_init_f32
                0x0800940c       0x3c ../Drivers\libarm_cortexM4lf_math.a(arm_rfft_fast_init_f32.o)
                0x0800940c                arm_rfft_2048_fast_init_f32
 .text.arm_rfft_4096_fast_init_f32
                0x08009448       0x3c ../Drivers\libarm_cortexM4lf_math.a(arm_rfft_fast_init_f32.o)
                0x08009448                arm_rfft_4096_fast_init_f32
 .text.arm_rfft_fast_init_f32
                0x08009484       0x68 ../Drivers\libarm_cortexM4lf_math.a(arm_rfft_fast_init_f32.o)
                0x08009484                arm_rfft_fast_init_f32
 .text.stage_rfft_f32
                0x080094ec       0xb4 ../Drivers\libarm_cortexM4lf_math.a(arm_rfft_fast_f32.o)
                0x080094ec                stage_rfft_f32
 .text.merge_rfft_f32
                0x080095a0       0xac ../Drivers\libarm_cortexM4lf_math.a(arm_rfft_fast_f32.o)
                0x080095a0                merge_rfft_f32
 .text.arm_rfft_fast_f32
                0x0800964c       0x40 ../Drivers\libarm_cortexM4lf_math.a(arm_rfft_fast_f32.o)
                0x0800964c                arm_rfft_fast_f32
 .text.arm_cfft_radix8by2_f32
                0x0800968c      0x1a0 ../Drivers\libarm_cortexM4lf_math.a(arm_cfft_f32.o)
                0x0800968c                arm_cfft_radix8by2_f32
 .text.arm_cfft_radix8by4_f32
                0x0800982c      0x4ac ../Drivers\libarm_cortexM4lf_math.a(arm_cfft_f32.o)
                0x0800982c                arm_cfft_radix8by4_f32
 .text.arm_cfft_f32
                0x08009cd8       0xf0 ../Drivers\libarm_cortexM4lf_math.a(arm_cfft_f32.o)
                0x08009cd8                arm_cfft_f32
 .text.arm_bitreversal_32
                0x08009dc8       0x40 ../Drivers\libarm_cortexM4lf_math.a(arm_bitreversal2.o)
                0x08009dc8                arm_bitreversal_32
 .text.arm_cmplx_mag_f32
                0x08009e08      0x248 ../Drivers\libarm_cortexM4lf_math.a(arm_cmplx_mag_f32.o)
                0x08009e08                arm_cmplx_mag_f32
 .text.arm_radix8_butterfly_f32
                0x0800a050      0x580 ../Drivers\libarm_cortexM4lf_math.a(arm_cfft_radix8_f32.o)
                0x0800a050                arm_radix8_butterfly_f32
 .text.std      0x0800a5d0       0x6c C:/ST/STM32CubeIDE_1.17.0/STM32CubeIDE/plugins/com.st.stm32cube.ide.mcu.externaltools.gnu-tools-for-stm32.12.3.rel1.win32_1.1.0.202410251130/tools/bin/../lib/gcc/arm-none-eabi/12.3.1/../../../../arm-none-eabi/lib/thumb/v7e-m+fp/hard\libc_nano.a(libc_a-findfp.o)
 .text.stdio_exit_handler
                0x0800a63c       0x18 C:/ST/STM32CubeIDE_1.17.0/STM32CubeIDE/plugins/com.st.stm32cube.ide.mcu.externaltools.gnu-tools-for-stm32.12.3.rel1.win32_1.1.0.202410251130/tools/bin/../lib/gcc/arm-none-eabi/12.3.1/../../../../arm-none-eabi/lib/thumb/v7e-m+fp/hard\libc_nano.a(libc_a-findfp.o)
 .text.cleanup_stdio
                0x0800a654       0x40 C:/ST/STM32CubeIDE_1.17.0/STM32CubeIDE/plugins/com.st.stm32cube.ide.mcu.externaltools.gnu-tools-for-stm32.12.3.rel1.win32_1.1.0.202410251130/tools/bin/../lib/gcc/arm-none-eabi/12.3.1/../../../../arm-none-eabi/lib/thumb/v7e-m+fp/hard\libc_nano.a(libc_a-findfp.o)
 .text.global_stdio_init.part.0
                0x0800a694       0x3c C:/ST/STM32CubeIDE_1.17.0/STM32CubeIDE/plugins/com.st.stm32cube.ide.mcu.externaltools.gnu-tools-for-stm32.12.3.rel1.win32_1.1.0.202410251130/tools/bin/../lib/gcc/arm-none-eabi/12.3.1/../../../../arm-none-eabi/lib/thumb/v7e-m+fp/hard\libc_nano.a(libc_a-findfp.o)
 .text.__sfp_lock_acquire
                0x0800a6d0        0xc C:/ST/STM32CubeIDE_1.17.0/STM32CubeIDE/plugins/com.st.stm32cube.ide.mcu.externaltools.gnu-tools-for-stm32.12.3.rel1.win32_1.1.0.202410251130/tools/bin/../lib/gcc/arm-none-eabi/12.3.1/../../../../arm-none-eabi/lib/thumb/v7e-m+fp/hard\libc_nano.a(libc_a-findfp.o)
                0x0800a6d0                __sfp_lock_acquire
 .text.__sfp_lock_release
                0x0800a6dc        0xc C:/ST/STM32CubeIDE_1.17.0/STM32CubeIDE/plugins/com.st.stm32cube.ide.mcu.externaltools.gnu-tools-for-stm32.12.3.rel1.win32_1.1.0.202410251130/tools/bin/../lib/gcc/arm-none-eabi/12.3.1/../../../../arm-none-eabi/lib/thumb/v7e-m+fp/hard\libc_nano.a(libc_a-findfp.o)
                0x0800a6dc                __sfp_lock_release
 .text.__sinit  0x0800a6e8       0x30 C:/ST/STM32CubeIDE_1.17.0/STM32CubeIDE/plugins/com.st.stm32cube.ide.mcu.externaltools.gnu-tools-for-stm32.12.3.rel1.win32_1.1.0.202410251130/tools/bin/../lib/gcc/arm-none-eabi/12.3.1/../../../../arm-none-eabi/lib/thumb/v7e-m+fp/hard\libc_nano.a(libc_a-findfp.o)
                0x0800a6e8                __sinit
 .text._fwalk_sglue
                0x0800a718       0x3c C:/ST/STM32CubeIDE_1.17.0/STM32CubeIDE/plugins/com.st.stm32cube.ide.mcu.externaltools.gnu-tools-for-stm32.12.3.rel1.win32_1.1.0.202410251130/tools/bin/../lib/gcc/arm-none-eabi/12.3.1/../../../../arm-none-eabi/lib/thumb/v7e-m+fp/hard\libc_nano.a(libc_a-fwalk.o)
                0x0800a718                _fwalk_sglue
 .text.printf   0x0800a754       0x24 C:/ST/STM32CubeIDE_1.17.0/STM32CubeIDE/plugins/com.st.stm32cube.ide.mcu.externaltools.gnu-tools-for-stm32.12.3.rel1.win32_1.1.0.202410251130/tools/bin/../lib/gcc/arm-none-eabi/12.3.1/../../../../arm-none-eabi/lib/thumb/v7e-m+fp/hard\libc_nano.a(libc_a-printf.o)
                0x0800a754                iprintf
                0x0800a754                printf
 .text._puts_r  0x0800a778       0xaa C:/ST/STM32CubeIDE_1.17.0/STM32CubeIDE/plugins/com.st.stm32cube.ide.mcu.externaltools.gnu-tools-for-stm32.12.3.rel1.win32_1.1.0.202410251130/tools/bin/../lib/gcc/arm-none-eabi/12.3.1/../../../../arm-none-eabi/lib/thumb/v7e-m+fp/hard\libc_nano.a(libc_a-puts.o)
                0x0800a778                _puts_r
 *fill*         0x0800a822        0x2 
 .text.puts     0x0800a824       0x10 C:/ST/STM32CubeIDE_1.17.0/STM32CubeIDE/plugins/com.st.stm32cube.ide.mcu.externaltools.gnu-tools-for-stm32.12.3.rel1.win32_1.1.0.202410251130/tools/bin/../lib/gcc/arm-none-eabi/12.3.1/../../../../arm-none-eabi/lib/thumb/v7e-m+fp/hard\libc_nano.a(libc_a-puts.o)
                0x0800a824                puts
 .text.snprintf
                0x0800a834       0x68 C:/ST/STM32CubeIDE_1.17.0/STM32CubeIDE/plugins/com.st.stm32cube.ide.mcu.externaltools.gnu-tools-for-stm32.12.3.rel1.win32_1.1.0.202410251130/tools/bin/../lib/gcc/arm-none-eabi/12.3.1/../../../../arm-none-eabi/lib/thumb/v7e-m+fp/hard\libc_nano.a(libc_a-snprintf.o)
                0x0800a834                sniprintf
                0x0800a834                snprintf
 .text.sprintf  0x0800a89c       0x40 C:/ST/STM32CubeIDE_1.17.0/STM32CubeIDE/plugins/com.st.stm32cube.ide.mcu.externaltools.gnu-tools-for-stm32.12.3.rel1.win32_1.1.0.202410251130/tools/bin/../lib/gcc/arm-none-eabi/12.3.1/../../../../arm-none-eabi/lib/thumb/v7e-m+fp/hard\libc_nano.a(libc_a-sprintf.o)
                0x0800a89c                siprintf
                0x0800a89c                sprintf
 .text.__sread  0x0800a8dc       0x22 C:/ST/STM32CubeIDE_1.17.0/STM32CubeIDE/plugins/com.st.stm32cube.ide.mcu.externaltools.gnu-tools-for-stm32.12.3.rel1.win32_1.1.0.202410251130/tools/bin/../lib/gcc/arm-none-eabi/12.3.1/../../../../arm-none-eabi/lib/thumb/v7e-m+fp/hard\libc_nano.a(libc_a-stdio.o)
                0x0800a8dc                __sread
 .text.__swrite
                0x0800a8fe       0x38 C:/ST/STM32CubeIDE_1.17.0/STM32CubeIDE/plugins/com.st.stm32cube.ide.mcu.externaltools.gnu-tools-for-stm32.12.3.rel1.win32_1.1.0.202410251130/tools/bin/../lib/gcc/arm-none-eabi/12.3.1/../../../../arm-none-eabi/lib/thumb/v7e-m+fp/hard\libc_nano.a(libc_a-stdio.o)
                0x0800a8fe                __swrite
 .text.__sseek  0x0800a936       0x24 C:/ST/STM32CubeIDE_1.17.0/STM32CubeIDE/plugins/com.st.stm32cube.ide.mcu.externaltools.gnu-tools-for-stm32.12.3.rel1.win32_1.1.0.202410251130/tools/bin/../lib/gcc/arm-none-eabi/12.3.1/../../../../arm-none-eabi/lib/thumb/v7e-m+fp/hard\libc_nano.a(libc_a-stdio.o)
                0x0800a936                __sseek
 .text.__sclose
                0x0800a95a        0x8 C:/ST/STM32CubeIDE_1.17.0/STM32CubeIDE/plugins/com.st.stm32cube.ide.mcu.externaltools.gnu-tools-for-stm32.12.3.rel1.win32_1.1.0.202410251130/tools/bin/../lib/gcc/arm-none-eabi/12.3.1/../../../../arm-none-eabi/lib/thumb/v7e-m+fp/hard\libc_nano.a(libc_a-stdio.o)
                0x0800a95a                __sclose
 .text.__swbuf_r
                0x0800a962       0x7c C:/ST/STM32CubeIDE_1.17.0/STM32CubeIDE/plugins/com.st.stm32cube.ide.mcu.externaltools.gnu-tools-for-stm32.12.3.rel1.win32_1.1.0.202410251130/tools/bin/../lib/gcc/arm-none-eabi/12.3.1/../../../../arm-none-eabi/lib/thumb/v7e-m+fp/hard\libc_nano.a(libc_a-wbuf.o)
                0x0800a962                __swbuf_r
 *fill*         0x0800a9de        0x2 
 .text.__swsetup_r
                0x0800a9e0       0xac C:/ST/STM32CubeIDE_1.17.0/STM32CubeIDE/plugins/com.st.stm32cube.ide.mcu.externaltools.gnu-tools-for-stm32.12.3.rel1.win32_1.1.0.202410251130/tools/bin/../lib/gcc/arm-none-eabi/12.3.1/../../../../arm-none-eabi/lib/thumb/v7e-m+fp/hard\libc_nano.a(libc_a-wsetup.o)
                0x0800a9e0                __swsetup_r
 .text.memcmp   0x0800aa8c       0x20 C:/ST/STM32CubeIDE_1.17.0/STM32CubeIDE/plugins/com.st.stm32cube.ide.mcu.externaltools.gnu-tools-for-stm32.12.3.rel1.win32_1.1.0.202410251130/tools/bin/../lib/gcc/arm-none-eabi/12.3.1/../../../../arm-none-eabi/lib/thumb/v7e-m+fp/hard\libc_nano.a(libc_a-memcmp.o)
                0x0800aa8c                memcmp
 .text.memset   0x0800aaac       0x10 C:/ST/STM32CubeIDE_1.17.0/STM32CubeIDE/plugins/com.st.stm32cube.ide.mcu.externaltools.gnu-tools-for-stm32.12.3.rel1.win32_1.1.0.202410251130/tools/bin/../lib/gcc/arm-none-eabi/12.3.1/../../../../arm-none-eabi/lib/thumb/v7e-m+fp/hard\libc_nano.a(libc_a-memset.o)
                0x0800aaac                memset
 .text.strncpy  0x0800aabc       0x26 C:/ST/STM32CubeIDE_1.17.0/STM32CubeIDE/plugins/com.st.stm32cube.ide.mcu.externaltools.gnu-tools-for-stm32.12.3.rel1.win32_1.1.0.202410251130/tools/bin/../lib/gcc/arm-none-eabi/12.3.1/../../../../arm-none-eabi/lib/thumb/v7e-m+fp/hard\libc_nano.a(libc_a-strncpy.o)
                0x0800aabc                strncpy
 *fill*         0x0800aae2        0x2 
 .text.strtok   0x0800aae4       0x68 C:/ST/STM32CubeIDE_1.17.0/STM32CubeIDE/plugins/com.st.stm32cube.ide.mcu.externaltools.gnu-tools-for-stm32.12.3.rel1.win32_1.1.0.202410251130/tools/bin/../lib/gcc/arm-none-eabi/12.3.1/../../../../arm-none-eabi/lib/thumb/v7e-m+fp/hard\libc_nano.a(libc_a-strtok.o)
                0x0800aae4                strtok
 .text.__strtok_r
                0x0800ab4c       0x50 C:/ST/STM32CubeIDE_1.17.0/STM32CubeIDE/plugins/com.st.stm32cube.ide.mcu.externaltools.gnu-tools-for-stm32.12.3.rel1.win32_1.1.0.202410251130/tools/bin/../lib/gcc/arm-none-eabi/12.3.1/../../../../arm-none-eabi/lib/thumb/v7e-m+fp/hard\libc_nano.a(libc_a-strtok_r.o)
                0x0800ab4c                __strtok_r
 .text.strstr   0x0800ab9c       0x2c C:/ST/STM32CubeIDE_1.17.0/STM32CubeIDE/plugins/com.st.stm32cube.ide.mcu.externaltools.gnu-tools-for-stm32.12.3.rel1.win32_1.1.0.202410251130/tools/bin/../lib/gcc/arm-none-eabi/12.3.1/../../../../arm-none-eabi/lib/thumb/v7e-m+fp/hard\libc_nano.a(libc_a-strstr.o)
                0x0800ab9c                strstr
 .text._close_r
                0x0800abc8       0x20 C:/ST/STM32CubeIDE_1.17.0/STM32CubeIDE/plugins/com.st.stm32cube.ide.mcu.externaltools.gnu-tools-for-stm32.12.3.rel1.win32_1.1.0.202410251130/tools/bin/../lib/gcc/arm-none-eabi/12.3.1/../../../../arm-none-eabi/lib/thumb/v7e-m+fp/hard\libc_nano.a(libc_a-closer.o)
                0x0800abc8                _close_r
 .text._lseek_r
                0x0800abe8       0x24 C:/ST/STM32CubeIDE_1.17.0/STM32CubeIDE/plugins/com.st.stm32cube.ide.mcu.externaltools.gnu-tools-for-stm32.12.3.rel1.win32_1.1.0.202410251130/tools/bin/../lib/gcc/arm-none-eabi/12.3.1/../../../../arm-none-eabi/lib/thumb/v7e-m+fp/hard\libc_nano.a(libc_a-lseekr.o)
                0x0800abe8                _lseek_r
 .text._read_r  0x0800ac0c       0x24 C:/ST/STM32CubeIDE_1.17.0/STM32CubeIDE/plugins/com.st.stm32cube.ide.mcu.externaltools.gnu-tools-for-stm32.12.3.rel1.win32_1.1.0.202410251130/tools/bin/../lib/gcc/arm-none-eabi/12.3.1/../../../../arm-none-eabi/lib/thumb/v7e-m+fp/hard\libc_nano.a(libc_a-readr.o)
                0x0800ac0c                _read_r
 .text._write_r
                0x0800ac30       0x24 C:/ST/STM32CubeIDE_1.17.0/STM32CubeIDE/plugins/com.st.stm32cube.ide.mcu.externaltools.gnu-tools-for-stm32.12.3.rel1.win32_1.1.0.202410251130/tools/bin/../lib/gcc/arm-none-eabi/12.3.1/../../../../arm-none-eabi/lib/thumb/v7e-m+fp/hard\libc_nano.a(libc_a-writer.o)
                0x0800ac30                _write_r
 .text.__errno  0x0800ac54        0xc C:/ST/STM32CubeIDE_1.17.0/STM32CubeIDE/plugins/com.st.stm32cube.ide.mcu.externaltools.gnu-tools-for-stm32.12.3.rel1.win32_1.1.0.202410251130/tools/bin/../lib/gcc/arm-none-eabi/12.3.1/../../../../arm-none-eabi/lib/thumb/v7e-m+fp/hard\libc_nano.a(libc_a-errno.o)
                0x0800ac54                __errno
 .text.__libc_init_array
                0x0800ac60       0x48 C:/ST/STM32CubeIDE_1.17.0/STM32CubeIDE/plugins/com.st.stm32cube.ide.mcu.externaltools.gnu-tools-for-stm32.12.3.rel1.win32_1.1.0.202410251130/tools/bin/../lib/gcc/arm-none-eabi/12.3.1/../../../../arm-none-eabi/lib/thumb/v7e-m+fp/hard\libc_nano.a(libc_a-init.o)
                0x0800ac60                __libc_init_array
 .text.__retarget_lock_init_recursive
                0x0800aca8        0x2 C:/ST/STM32CubeIDE_1.17.0/STM32CubeIDE/plugins/com.st.stm32cube.ide.mcu.externaltools.gnu-tools-for-stm32.12.3.rel1.win32_1.1.0.202410251130/tools/bin/../lib/gcc/arm-none-eabi/12.3.1/../../../../arm-none-eabi/lib/thumb/v7e-m+fp/hard\libc_nano.a(libc_a-lock.o)
                0x0800aca8                __retarget_lock_init_recursive
 .text.__retarget_lock_acquire_recursive
                0x0800acaa        0x2 C:/ST/STM32CubeIDE_1.17.0/STM32CubeIDE/plugins/com.st.stm32cube.ide.mcu.externaltools.gnu-tools-for-stm32.12.3.rel1.win32_1.1.0.202410251130/tools/bin/../lib/gcc/arm-none-eabi/12.3.1/../../../../arm-none-eabi/lib/thumb/v7e-m+fp/hard\libc_nano.a(libc_a-lock.o)
                0x0800acaa                __retarget_lock_acquire_recursive
 .text.__retarget_lock_release_recursive
                0x0800acac        0x2 C:/ST/STM32CubeIDE_1.17.0/STM32CubeIDE/plugins/com.st.stm32cube.ide.mcu.externaltools.gnu-tools-for-stm32.12.3.rel1.win32_1.1.0.202410251130/tools/bin/../lib/gcc/arm-none-eabi/12.3.1/../../../../arm-none-eabi/lib/thumb/v7e-m+fp/hard\libc_nano.a(libc_a-lock.o)
                0x0800acac                __retarget_lock_release_recursive
 .text.memcpy   0x0800acae       0x1c C:/ST/STM32CubeIDE_1.17.0/STM32CubeIDE/plugins/com.st.stm32cube.ide.mcu.externaltools.gnu-tools-for-stm32.12.3.rel1.win32_1.1.0.202410251130/tools/bin/../lib/gcc/arm-none-eabi/12.3.1/../../../../arm-none-eabi/lib/thumb/v7e-m+fp/hard\libc_nano.a(libc_a-memcpy-stub.o)
                0x0800acae                memcpy
 *fill*         0x0800acca        0x2 
 .text.__assert_func
                0x0800accc       0x3c C:/ST/STM32CubeIDE_1.17.0/STM32CubeIDE/plugins/com.st.stm32cube.ide.mcu.externaltools.gnu-tools-for-stm32.12.3.rel1.win32_1.1.0.202410251130/tools/bin/../lib/gcc/arm-none-eabi/12.3.1/../../../../arm-none-eabi/lib/thumb/v7e-m+fp/hard\libc_nano.a(libc_a-assert.o)
                0x0800accc                __assert_func
 .text._free_r  0x0800ad08       0x94 C:/ST/STM32CubeIDE_1.17.0/STM32CubeIDE/plugins/com.st.stm32cube.ide.mcu.externaltools.gnu-tools-for-stm32.12.3.rel1.win32_1.1.0.202410251130/tools/bin/../lib/gcc/arm-none-eabi/12.3.1/../../../../arm-none-eabi/lib/thumb/v7e-m+fp/hard\libc_nano.a(libc_a-freer.o)
                0x0800ad08                _free_r
 .text.malloc   0x0800ad9c       0x10 C:/ST/STM32CubeIDE_1.17.0/STM32CubeIDE/plugins/com.st.stm32cube.ide.mcu.externaltools.gnu-tools-for-stm32.12.3.rel1.win32_1.1.0.202410251130/tools/bin/../lib/gcc/arm-none-eabi/12.3.1/../../../../arm-none-eabi/lib/thumb/v7e-m+fp/hard\libc_nano.a(libc_a-malloc.o)
                0x0800ad9c                malloc
 .text.sbrk_aligned
                0x0800adac       0x44 C:/ST/STM32CubeIDE_1.17.0/STM32CubeIDE/plugins/com.st.stm32cube.ide.mcu.externaltools.gnu-tools-for-stm32.12.3.rel1.win32_1.1.0.202410251130/tools/bin/../lib/gcc/arm-none-eabi/12.3.1/../../../../arm-none-eabi/lib/thumb/v7e-m+fp/hard\libc_nano.a(libc_a-mallocr.o)
 .text._malloc_r
                0x0800adf0      0x100 C:/ST/STM32CubeIDE_1.17.0/STM32CubeIDE/plugins/com.st.stm32cube.ide.mcu.externaltools.gnu-tools-for-stm32.12.3.rel1.win32_1.1.0.202410251130/tools/bin/../lib/gcc/arm-none-eabi/12.3.1/../../../../arm-none-eabi/lib/thumb/v7e-m+fp/hard\libc_nano.a(libc_a-mallocr.o)
                0x0800adf0                _malloc_r
 .text.__malloc_lock
                0x0800aef0        0xc C:/ST/STM32CubeIDE_1.17.0/STM32CubeIDE/plugins/com.st.stm32cube.ide.mcu.externaltools.gnu-tools-for-stm32.12.3.rel1.win32_1.1.0.202410251130/tools/bin/../lib/gcc/arm-none-eabi/12.3.1/../../../../arm-none-eabi/lib/thumb/v7e-m+fp/hard\libc_nano.a(libc_a-mlock.o)
                0x0800aef0                __malloc_lock
 .text.__malloc_unlock
                0x0800aefc        0xc C:/ST/STM32CubeIDE_1.17.0/STM32CubeIDE/plugins/com.st.stm32cube.ide.mcu.externaltools.gnu-tools-for-stm32.12.3.rel1.win32_1.1.0.202410251130/tools/bin/../lib/gcc/arm-none-eabi/12.3.1/../../../../arm-none-eabi/lib/thumb/v7e-m+fp/hard\libc_nano.a(libc_a-mlock.o)
                0x0800aefc                __malloc_unlock
 .text.__ssputs_r
                0x0800af08       0xb6 C:/ST/STM32CubeIDE_1.17.0/STM32CubeIDE/plugins/com.st.stm32cube.ide.mcu.externaltools.gnu-tools-for-stm32.12.3.rel1.win32_1.1.0.202410251130/tools/bin/../lib/gcc/arm-none-eabi/12.3.1/../../../../arm-none-eabi/lib/thumb/v7e-m+fp/hard\libc_nano.a(libc_a-nano-svfprintf.o)
                0x0800af08                __ssputs_r
 *fill*         0x0800afbe        0x2 
 .text._svfprintf_r
                0x0800afc0      0x1f8 C:/ST/STM32CubeIDE_1.17.0/STM32CubeIDE/plugins/com.st.stm32cube.ide.mcu.externaltools.gnu-tools-for-stm32.12.3.rel1.win32_1.1.0.202410251130/tools/bin/../lib/gcc/arm-none-eabi/12.3.1/../../../../arm-none-eabi/lib/thumb/v7e-m+fp/hard\libc_nano.a(libc_a-nano-svfprintf.o)
                0x0800afc0                _svfiprintf_r
                0x0800afc0                _svfprintf_r
 .text.__sfputc_r
                0x0800b1b8       0x2e C:/ST/STM32CubeIDE_1.17.0/STM32CubeIDE/plugins/com.st.stm32cube.ide.mcu.externaltools.gnu-tools-for-stm32.12.3.rel1.win32_1.1.0.202410251130/tools/bin/../lib/gcc/arm-none-eabi/12.3.1/../../../../arm-none-eabi/lib/thumb/v7e-m+fp/hard\libc_nano.a(libc_a-nano-vfprintf.o)
 .text.__sfputs_r
                0x0800b1e6       0x24 C:/ST/STM32CubeIDE_1.17.0/STM32CubeIDE/plugins/com.st.stm32cube.ide.mcu.externaltools.gnu-tools-for-stm32.12.3.rel1.win32_1.1.0.202410251130/tools/bin/../lib/gcc/arm-none-eabi/12.3.1/../../../../arm-none-eabi/lib/thumb/v7e-m+fp/hard\libc_nano.a(libc_a-nano-vfprintf.o)
                0x0800b1e6                __sfputs_r
 *fill*         0x0800b20a        0x2 
 .text._vfprintf_r
                0x0800b20c      0x230 C:/ST/STM32CubeIDE_1.17.0/STM32CubeIDE/plugins/com.st.stm32cube.ide.mcu.externaltools.gnu-tools-for-stm32.12.3.rel1.win32_1.1.0.202410251130/tools/bin/../lib/gcc/arm-none-eabi/12.3.1/../../../../arm-none-eabi/lib/thumb/v7e-m+fp/hard\libc_nano.a(libc_a-nano-vfprintf.o)
                0x0800b20c                _vfprintf_r
                0x0800b20c                _vfiprintf_r
 .text._printf_common
                0x0800b43c       0xda C:/ST/STM32CubeIDE_1.17.0/STM32CubeIDE/plugins/com.st.stm32cube.ide.mcu.externaltools.gnu-tools-for-stm32.12.3.rel1.win32_1.1.0.202410251130/tools/bin/../lib/gcc/arm-none-eabi/12.3.1/../../../../arm-none-eabi/lib/thumb/v7e-m+fp/hard\libc_nano.a(libc_a-nano-vfprintf_i.o)
                0x0800b43c                _printf_common
 *fill*         0x0800b516        0x2 
 .text._printf_i
                0x0800b518      0x240 C:/ST/STM32CubeIDE_1.17.0/STM32CubeIDE/plugins/com.st.stm32cube.ide.mcu.externaltools.gnu-tools-for-stm32.12.3.rel1.win32_1.1.0.202410251130/tools/bin/../lib/gcc/arm-none-eabi/12.3.1/../../../../arm-none-eabi/lib/thumb/v7e-m+fp/hard\libc_nano.a(libc_a-nano-vfprintf_i.o)
                0x0800b518                _printf_i
 .text.__sflush_r
                0x0800b758      0x108 C:/ST/STM32CubeIDE_1.17.0/STM32CubeIDE/plugins/com.st.stm32cube.ide.mcu.externaltools.gnu-tools-for-stm32.12.3.rel1.win32_1.1.0.202410251130/tools/bin/../lib/gcc/arm-none-eabi/12.3.1/../../../../arm-none-eabi/lib/thumb/v7e-m+fp/hard\libc_nano.a(libc_a-fflush.o)
                0x0800b758                __sflush_r
 .text._fflush_r
                0x0800b860       0x50 C:/ST/STM32CubeIDE_1.17.0/STM32CubeIDE/plugins/com.st.stm32cube.ide.mcu.externaltools.gnu-tools-for-stm32.12.3.rel1.win32_1.1.0.202410251130/tools/bin/../lib/gcc/arm-none-eabi/12.3.1/../../../../arm-none-eabi/lib/thumb/v7e-m+fp/hard\libc_nano.a(libc_a-fflush.o)
                0x0800b860                _fflush_r
 .text.fprintf  0x0800b8b0       0x24 C:/ST/STM32CubeIDE_1.17.0/STM32CubeIDE/plugins/com.st.stm32cube.ide.mcu.externaltools.gnu-tools-for-stm32.12.3.rel1.win32_1.1.0.202410251130/tools/bin/../lib/gcc/arm-none-eabi/12.3.1/../../../../arm-none-eabi/lib/thumb/v7e-m+fp/hard\libc_nano.a(libc_a-fprintf.o)
                0x0800b8b0                fiprintf
                0x0800b8b0                fprintf
 .text.__swhatbuf_r
                0x0800b8d4       0x4c C:/ST/STM32CubeIDE_1.17.0/STM32CubeIDE/plugins/com.st.stm32cube.ide.mcu.externaltools.gnu-tools-for-stm32.12.3.rel1.win32_1.1.0.202410251130/tools/bin/../lib/gcc/arm-none-eabi/12.3.1/../../../../arm-none-eabi/lib/thumb/v7e-m+fp/hard\libc_nano.a(libc_a-makebuf.o)
                0x0800b8d4                __swhatbuf_r
 .text.__smakebuf_r
                0x0800b920       0x78 C:/ST/STM32CubeIDE_1.17.0/STM32CubeIDE/plugins/com.st.stm32cube.ide.mcu.externaltools.gnu-tools-for-stm32.12.3.rel1.win32_1.1.0.202410251130/tools/bin/../lib/gcc/arm-none-eabi/12.3.1/../../../../arm-none-eabi/lib/thumb/v7e-m+fp/hard\libc_nano.a(libc_a-makebuf.o)
                0x0800b920                __smakebuf_r
 .text.memmove  0x0800b998       0x34 C:/ST/STM32CubeIDE_1.17.0/STM32CubeIDE/plugins/com.st.stm32cube.ide.mcu.externaltools.gnu-tools-for-stm32.12.3.rel1.win32_1.1.0.202410251130/tools/bin/../lib/gcc/arm-none-eabi/12.3.1/../../../../arm-none-eabi/lib/thumb/v7e-m+fp/hard\libc_nano.a(libc_a-memmove.o)
                0x0800b998                memmove
 .text._fstat_r
                0x0800b9cc       0x24 C:/ST/STM32CubeIDE_1.17.0/STM32CubeIDE/plugins/com.st.stm32cube.ide.mcu.externaltools.gnu-tools-for-stm32.12.3.rel1.win32_1.1.0.202410251130/tools/bin/../lib/gcc/arm-none-eabi/12.3.1/../../../../arm-none-eabi/lib/thumb/v7e-m+fp/hard\libc_nano.a(libc_a-fstatr.o)
                0x0800b9cc                _fstat_r
 .text._isatty_r
                0x0800b9f0       0x20 C:/ST/STM32CubeIDE_1.17.0/STM32CubeIDE/plugins/com.st.stm32cube.ide.mcu.externaltools.gnu-tools-for-stm32.12.3.rel1.win32_1.1.0.202410251130/tools/bin/../lib/gcc/arm-none-eabi/12.3.1/../../../../arm-none-eabi/lib/thumb/v7e-m+fp/hard\libc_nano.a(libc_a-isattyr.o)
                0x0800b9f0                _isatty_r
 .text._sbrk_r  0x0800ba10       0x20 C:/ST/STM32CubeIDE_1.17.0/STM32CubeIDE/plugins/com.st.stm32cube.ide.mcu.externaltools.gnu-tools-for-stm32.12.3.rel1.win32_1.1.0.202410251130/tools/bin/../lib/gcc/arm-none-eabi/12.3.1/../../../../arm-none-eabi/lib/thumb/v7e-m+fp/hard\libc_nano.a(libc_a-sbrkr.o)
                0x0800ba10                _sbrk_r
 .text.abort    0x0800ba30        0xe C:/ST/STM32CubeIDE_1.17.0/STM32CubeIDE/plugins/com.st.stm32cube.ide.mcu.externaltools.gnu-tools-for-stm32.12.3.rel1.win32_1.1.0.202410251130/tools/bin/../lib/gcc/arm-none-eabi/12.3.1/../../../../arm-none-eabi/lib/thumb/v7e-m+fp/hard\libc_nano.a(libc_a-abort.o)
                0x0800ba30                abort
 .text._realloc_r
                0x0800ba3e       0x5c C:/ST/STM32CubeIDE_1.17.0/STM32CubeIDE/plugins/com.st.stm32cube.ide.mcu.externaltools.gnu-tools-for-stm32.12.3.rel1.win32_1.1.0.202410251130/tools/bin/../lib/gcc/arm-none-eabi/12.3.1/../../../../arm-none-eabi/lib/thumb/v7e-m+fp/hard\libc_nano.a(libc_a-reallocr.o)
                0x0800ba3e                _realloc_r
 .text._raise_r
                0x0800ba9a       0x50 C:/ST/STM32CubeIDE_1.17.0/STM32CubeIDE/plugins/com.st.stm32cube.ide.mcu.externaltools.gnu-tools-for-stm32.12.3.rel1.win32_1.1.0.202410251130/tools/bin/../lib/gcc/arm-none-eabi/12.3.1/../../../../arm-none-eabi/lib/thumb/v7e-m+fp/hard\libc_nano.a(libc_a-signal.o)
                0x0800ba9a                _raise_r
 *fill*         0x0800baea        0x2 
 .text.raise    0x0800baec       0x10 C:/ST/STM32CubeIDE_1.17.0/STM32CubeIDE/plugins/com.st.stm32cube.ide.mcu.externaltools.gnu-tools-for-stm32.12.3.rel1.win32_1.1.0.202410251130/tools/bin/../lib/gcc/arm-none-eabi/12.3.1/../../../../arm-none-eabi/lib/thumb/v7e-m+fp/hard\libc_nano.a(libc_a-signal.o)
                0x0800baec                raise
 .text._kill_r  0x0800bafc       0x24 C:/ST/STM32CubeIDE_1.17.0/STM32CubeIDE/plugins/com.st.stm32cube.ide.mcu.externaltools.gnu-tools-for-stm32.12.3.rel1.win32_1.1.0.202410251130/tools/bin/../lib/gcc/arm-none-eabi/12.3.1/../../../../arm-none-eabi/lib/thumb/v7e-m+fp/hard\libc_nano.a(libc_a-signalr.o)
                0x0800bafc                _kill_r
 .text._getpid_r
                0x0800bb20        0x4 C:/ST/STM32CubeIDE_1.17.0/STM32CubeIDE/plugins/com.st.stm32cube.ide.mcu.externaltools.gnu-tools-for-stm32.12.3.rel1.win32_1.1.0.202410251130/tools/bin/../lib/gcc/arm-none-eabi/12.3.1/../../../../arm-none-eabi/lib/thumb/v7e-m+fp/hard\libc_nano.a(libc_a-signalr.o)
                0x0800bb20                _getpid_r
 .text._malloc_usable_size_r
                0x0800bb24       0x10 C:/ST/STM32CubeIDE_1.17.0/STM32CubeIDE/plugins/com.st.stm32cube.ide.mcu.externaltools.gnu-tools-for-stm32.12.3.rel1.win32_1.1.0.202410251130/tools/bin/../lib/gcc/arm-none-eabi/12.3.1/../../../../arm-none-eabi/lib/thumb/v7e-m+fp/hard\libc_nano.a(libc_a-msizer.o)
                0x0800bb24                _malloc_usable_size_r
 .text.sqrtf    0x0800bb34       0x3c C:/ST/STM32CubeIDE_1.17.0/STM32CubeIDE/plugins/com.st.stm32cube.ide.mcu.externaltools.gnu-tools-for-stm32.12.3.rel1.win32_1.1.0.202410251130/tools/bin/../lib/gcc/arm-none-eabi/12.3.1/../../../../arm-none-eabi/lib/thumb/v7e-m+fp/hard\libm.a(libm_a-wf_sqrt.o)
                0x0800bb34                sqrtf
 .text.__ieee754_sqrtf
                0x0800bb70        0x6 C:/ST/STM32CubeIDE_1.17.0/STM32CubeIDE/plugins/com.st.stm32cube.ide.mcu.externaltools.gnu-tools-for-stm32.12.3.rel1.win32_1.1.0.202410251130/tools/bin/../lib/gcc/arm-none-eabi/12.3.1/../../../../arm-none-eabi/lib/thumb/v7e-m+fp/hard\libm.a(libm_a-ef_sqrt.o)
                0x0800bb70                __ieee754_sqrtf
 *(.glue_7)
 .glue_7        0x0800bb76        0x0 linker stubs
 *(.glue_7t)
 .glue_7t       0x0800bb76        0x0 linker stubs
 *(.eh_frame)
 *fill*         0x0800bb76        0x2 
 .eh_frame      0x0800bb78        0x0 C:/ST/STM32CubeIDE_1.17.0/STM32CubeIDE/plugins/com.st.stm32cube.ide.mcu.externaltools.gnu-tools-for-stm32.12.3.rel1.win32_1.1.0.202410251130/tools/bin/../lib/gcc/arm-none-eabi/12.3.1/thumb/v7e-m+fp/hard/crtbegin.o
 *(.init)
 .init          0x0800bb78        0x4 C:/ST/STM32CubeIDE_1.17.0/STM32CubeIDE/plugins/com.st.stm32cube.ide.mcu.externaltools.gnu-tools-for-stm32.12.3.rel1.win32_1.1.0.202410251130/tools/bin/../lib/gcc/arm-none-eabi/12.3.1/thumb/v7e-m+fp/hard/crti.o
                0x0800bb78                _init
 .init          0x0800bb7c        0x8 C:/ST/STM32CubeIDE_1.17.0/STM32CubeIDE/plugins/com.st.stm32cube.ide.mcu.externaltools.gnu-tools-for-stm32.12.3.rel1.win32_1.1.0.202410251130/tools/bin/../lib/gcc/arm-none-eabi/12.3.1/thumb/v7e-m+fp/hard/crtn.o
 *(.fini)
 .fini          0x0800bb84        0x4 C:/ST/STM32CubeIDE_1.17.0/STM32CubeIDE/plugins/com.st.stm32cube.ide.mcu.externaltools.gnu-tools-for-stm32.12.3.rel1.win32_1.1.0.202410251130/tools/bin/../lib/gcc/arm-none-eabi/12.3.1/thumb/v7e-m+fp/hard/crti.o
                0x0800bb84                _fini
 .fini          0x0800bb88        0x8 C:/ST/STM32CubeIDE_1.17.0/STM32CubeIDE/plugins/com.st.stm32cube.ide.mcu.externaltools.gnu-tools-for-stm32.12.3.rel1.win32_1.1.0.202410251130/tools/bin/../lib/gcc/arm-none-eabi/12.3.1/thumb/v7e-m+fp/hard/crtn.o
                0x0800bb90                        . = ALIGN (0x4)
                0x0800bb90                        _etext = .

.vfp11_veneer   0x0800bb90        0x0
 .vfp11_veneer  0x0800bb90        0x0 linker stubs

.v4_bx          0x0800bb90        0x0
 .v4_bx         0x0800bb90        0x0 linker stubs

.iplt           0x0800bb90        0x0
 .iplt          0x0800bb90        0x0 C:/ST/STM32CubeIDE_1.17.0/STM32CubeIDE/plugins/com.st.stm32cube.ide.mcu.externaltools.gnu-tools-for-stm32.12.3.rel1.win32_1.1.0.202410251130/tools/bin/../lib/gcc/arm-none-eabi/12.3.1/thumb/v7e-m+fp/hard/crtbegin.o

.rodata         0x0800bb90    0x13868
                0x0800bb90                        . = ALIGN (0x4)
 *(.rodata)
 .rodata        0x0800bb90      0x220 ./Application/User/main.o
 .rodata        0x0800bdb0      0x50e ./Application/WIFI/es_wifi.o
 *(.rodata*)
 *fill*         0x0800c2be        0x2 
 .rodata.request.2
                0x0800c2c0       0x26 ./Application/User/main.o
 *fill*         0x0800c2e6        0x2 
 .rodata.AHBPrescTable
                0x0800c2e8       0x10 ./Drivers/CMSIS/system_stm32l4xx.o
                0x0800c2e8                AHBPrescTable
 .rodata.APBPrescTable
                0x0800c2f8        0x8 ./Drivers/CMSIS/system_stm32l4xx.o
                0x0800c2f8                APBPrescTable
 .rodata.MSIRangeTable
                0x0800c300       0x30 ./Drivers/CMSIS/system_stm32l4xx.o
                0x0800c300                MSIRangeTable
 .rodata.armBitRevIndexTable1024
                0x0800c330      0xe10 ../Drivers\libarm_cortexM4lf_math.a(arm_common_tables.o)
                0x0800c330                armBitRevIndexTable1024
 .rodata.armBitRevIndexTable128
                0x0800d140      0x1a0 ../Drivers\libarm_cortexM4lf_math.a(arm_common_tables.o)
                0x0800d140                armBitRevIndexTable128
 .rodata.armBitRevIndexTable16
                0x0800d2e0       0x28 ../Drivers\libarm_cortexM4lf_math.a(arm_common_tables.o)
                0x0800d2e0                armBitRevIndexTable16
 .rodata.armBitRevIndexTable2048
                0x0800d308     0x1dc0 ../Drivers\libarm_cortexM4lf_math.a(arm_common_tables.o)
                0x0800d308                armBitRevIndexTable2048
 .rodata.armBitRevIndexTable256
                0x0800f0c8      0x370 ../Drivers\libarm_cortexM4lf_math.a(arm_common_tables.o)
                0x0800f0c8                armBitRevIndexTable256
 .rodata.armBitRevIndexTable32
                0x0800f438       0x60 ../Drivers\libarm_cortexM4lf_math.a(arm_common_tables.o)
                0x0800f438                armBitRevIndexTable32
 .rodata.armBitRevIndexTable512
                0x0800f498      0x380 ../Drivers\libarm_cortexM4lf_math.a(arm_common_tables.o)
                0x0800f498                armBitRevIndexTable512
 .rodata.twiddleCoef_1024
                0x0800f818     0x2000 ../Drivers\libarm_cortexM4lf_math.a(arm_common_tables.o)
                0x0800f818                twiddleCoef_1024
 .rodata.twiddleCoef_128
                0x08011818      0x400 ../Drivers\libarm_cortexM4lf_math.a(arm_common_tables.o)
                0x08011818                twiddleCoef_128
 .rodata.twiddleCoef_16
                0x08011c18       0x80 ../Drivers\libarm_cortexM4lf_math.a(arm_common_tables.o)
                0x08011c18                twiddleCoef_16
 .rodata.twiddleCoef_2048
                0x08011c98     0x4000 ../Drivers\libarm_cortexM4lf_math.a(arm_common_tables.o)
                0x08011c98                twiddleCoef_2048
 .rodata.twiddleCoef_256
                0x08015c98      0x800 ../Drivers\libarm_cortexM4lf_math.a(arm_common_tables.o)
                0x08015c98                twiddleCoef_256
 .rodata.twiddleCoef_32
                0x08016498      0x100 ../Drivers\libarm_cortexM4lf_math.a(arm_common_tables.o)
                0x08016498                twiddleCoef_32
 .rodata.twiddleCoef_512
                0x08016598     0x1000 ../Drivers\libarm_cortexM4lf_math.a(arm_common_tables.o)
                0x08016598                twiddleCoef_512
 .rodata.twiddleCoef_rfft_1024
                0x08017598     0x1000 ../Drivers\libarm_cortexM4lf_math.a(arm_common_tables.o)
                0x08017598                twiddleCoef_rfft_1024
 .rodata.twiddleCoef_rfft_2048
                0x08018598     0x2000 ../Drivers\libarm_cortexM4lf_math.a(arm_common_tables.o)
                0x08018598                twiddleCoef_rfft_2048
 .rodata.twiddleCoef_rfft_256
                0x0801a598      0x400 ../Drivers\libarm_cortexM4lf_math.a(arm_common_tables.o)
                0x0801a598                twiddleCoef_rfft_256
 .rodata.twiddleCoef_rfft_32
                0x0801a998       0x80 ../Drivers\libarm_cortexM4lf_math.a(arm_common_tables.o)
                0x0801a998                twiddleCoef_rfft_32
 .rodata.twiddleCoef_rfft_4096
                0x0801aa18     0x4000 ../Drivers\libarm_cortexM4lf_math.a(arm_common_tables.o)
                0x0801aa18                twiddleCoef_rfft_4096
 .rodata.twiddleCoef_rfft_512
                0x0801ea18      0x800 ../Drivers\libarm_cortexM4lf_math.a(arm_common_tables.o)
                0x0801ea18                twiddleCoef_rfft_512
 .rodata.twiddleCoef_rfft_64
                0x0801f218      0x100 ../Drivers\libarm_cortexM4lf_math.a(arm_common_tables.o)
                0x0801f218                twiddleCoef_rfft_64
 .rodata.strtok.str1.1
                0x0801f318       0x71 C:/ST/STM32CubeIDE_1.17.0/STM32CubeIDE/plugins/com.st.stm32cube.ide.mcu.externaltools.gnu-tools-for-stm32.12.3.rel1.win32_1.1.0.202410251130/tools/bin/../lib/gcc/arm-none-eabi/12.3.1/../../../../arm-none-eabi/lib/thumb/v7e-m+fp/hard\libc_nano.a(libc_a-strtok.o)
 .rodata.__assert_func.str1.1
                0x0801f389       0x3c C:/ST/STM32CubeIDE_1.17.0/STM32CubeIDE/plugins/com.st.stm32cube.ide.mcu.externaltools.gnu-tools-for-stm32.12.3.rel1.win32_1.1.0.202410251130/tools/bin/../lib/gcc/arm-none-eabi/12.3.1/../../../../arm-none-eabi/lib/thumb/v7e-m+fp/hard\libc_nano.a(libc_a-assert.o)
                                 0x3d (size before relaxing)
 .rodata._svfprintf_r.str1.1
                0x0801f3c5       0x11 C:/ST/STM32CubeIDE_1.17.0/STM32CubeIDE/plugins/com.st.stm32cube.ide.mcu.externaltools.gnu-tools-for-stm32.12.3.rel1.win32_1.1.0.202410251130/tools/bin/../lib/gcc/arm-none-eabi/12.3.1/../../../../arm-none-eabi/lib/thumb/v7e-m+fp/hard\libc_nano.a(libc_a-nano-svfprintf.o)
 .rodata._vfprintf_r.str1.1
                0x0801f3d6       0x11 C:/ST/STM32CubeIDE_1.17.0/STM32CubeIDE/plugins/com.st.stm32cube.ide.mcu.externaltools.gnu-tools-for-stm32.12.3.rel1.win32_1.1.0.202410251130/tools/bin/../lib/gcc/arm-none-eabi/12.3.1/../../../../arm-none-eabi/lib/thumb/v7e-m+fp/hard\libc_nano.a(libc_a-nano-vfprintf.o)
 .rodata._printf_i.str1.1
                0x0801f3d6       0x22 C:/ST/STM32CubeIDE_1.17.0/STM32CubeIDE/plugins/com.st.stm32cube.ide.mcu.externaltools.gnu-tools-for-stm32.12.3.rel1.win32_1.1.0.202410251130/tools/bin/../lib/gcc/arm-none-eabi/12.3.1/../../../../arm-none-eabi/lib/thumb/v7e-m+fp/hard\libc_nano.a(libc_a-nano-vfprintf_i.o)
                0x0801f3f8                        . = ALIGN (0x4)

.ARM.extab      0x0801f3f8        0x0
                0x0801f3f8                        . = ALIGN (0x4)
 *(.ARM.extab* .gnu.linkonce.armextab.*)
                0x0801f3f8                        . = ALIGN (0x4)

.ARM            0x0801f3f8        0x8
                0x0801f3f8                        . = ALIGN (0x4)
                0x0801f3f8                        __exidx_start = .
 *(.ARM.exidx*)
 .ARM.exidx     0x0801f3f8        0x8 C:/ST/STM32CubeIDE_1.17.0/STM32CubeIDE/plugins/com.st.stm32cube.ide.mcu.externaltools.gnu-tools-for-stm32.12.3.rel1.win32_1.1.0.202410251130/tools/bin/../lib/gcc/arm-none-eabi/12.3.1/../../../../arm-none-eabi/lib/thumb/v7e-m+fp/hard\libc_nano.a(libc_a-strlen.o)
 .ARM.exidx     0x0801f400        0x0 C:/ST/STM32CubeIDE_1.17.0/STM32CubeIDE/plugins/com.st.stm32cube.ide.mcu.externaltools.gnu-tools-for-stm32.12.3.rel1.win32_1.1.0.202410251130/tools/bin/../lib/gcc/arm-none-eabi/12.3.1/../../../../arm-none-eabi/lib/thumb/v7e-m+fp/hard\libc_nano.a(libc_a-memchr.o)
                                  0x8 (size before relaxing)
 .ARM.exidx     0x0801f400        0x0 C:/ST/STM32CubeIDE_1.17.0/STM32CubeIDE/plugins/com.st.stm32cube.ide.mcu.externaltools.gnu-tools-for-stm32.12.3.rel1.win32_1.1.0.202410251130/tools/bin/../lib/gcc/arm-none-eabi/12.3.1/thumb/v7e-m+fp/hard\libgcc.a(_udivmoddi4.o)
                                  0x8 (size before relaxing)
                0x0801f400                        __exidx_end = .
                0x0801f400                        . = ALIGN (0x4)

.preinit_array  0x0801f400        0x0
                0x0801f400                        . = ALIGN (0x4)
                0x0801f400                        PROVIDE (__preinit_array_start = .)
 *(.preinit_array*)
                0x0801f400                        PROVIDE (__preinit_array_end = .)
                0x0801f400                        . = ALIGN (0x4)

.init_array     0x0801f400        0x4
                0x0801f400                        . = ALIGN (0x4)
                0x0801f400                        PROVIDE (__init_array_start = .)
 *(SORT_BY_NAME(.init_array.*))
 *(.init_array*)
 .init_array    0x0801f400        0x4 C:/ST/STM32CubeIDE_1.17.0/STM32CubeIDE/plugins/com.st.stm32cube.ide.mcu.externaltools.gnu-tools-for-stm32.12.3.rel1.win32_1.1.0.202410251130/tools/bin/../lib/gcc/arm-none-eabi/12.3.1/thumb/v7e-m+fp/hard/crtbegin.o
                0x0801f404                        PROVIDE (__init_array_end = .)
                0x0801f404                        . = ALIGN (0x4)

.fini_array     0x0801f404        0x4
                0x0801f404                        . = ALIGN (0x4)
                [!provide]                        PROVIDE (__fini_array_start = .)
 *(SORT_BY_NAME(.fini_array.*))
 *(.fini_array*)
 .fini_array    0x0801f404        0x4 C:/ST/STM32CubeIDE_1.17.0/STM32CubeIDE/plugins/com.st.stm32cube.ide.mcu.externaltools.gnu-tools-for-stm32.12.3.rel1.win32_1.1.0.202410251130/tools/bin/../lib/gcc/arm-none-eabi/12.3.1/thumb/v7e-m+fp/hard/crtbegin.o
                [!provide]                        PROVIDE (__fini_array_end = .)
                0x0801f408                        . = ALIGN (0x4)
                0x0801f408                        _sidata = LOADADDR (.data)

.rel.dyn        0x0801f408        0x0
 .rel.iplt      0x0801f408        0x0 C:/ST/STM32CubeIDE_1.17.0/STM32CubeIDE/plugins/com.st.stm32cube.ide.mcu.externaltools.gnu-tools-for-stm32.12.3.rel1.win32_1.1.0.202410251130/tools/bin/../lib/gcc/arm-none-eabi/12.3.1/thumb/v7e-m+fp/hard/crtbegin.o

.data           0x20000000       0x78 load address 0x0801f408
                0x20000000                        . = ALIGN (0x4)
                0x20000000                        _sdata = .
 *(.data)
 *(.data*)
 .data.SystemCoreClock
                0x20000000        0x4 ./Drivers/CMSIS/system_stm32l4xx.o
                0x20000000                SystemCoreClock
 .data.GPIO_PORT
                0x20000004        0x4 ./Drivers/STM32L4xx_HAL_Driver/stm32l475e_iot01.o
                0x20000004                GPIO_PORT
 .data.COM_USART
                0x20000008        0x4 ./Drivers/STM32L4xx_HAL_Driver/stm32l475e_iot01.o
                0x20000008                COM_USART
 .data.COM_TX_PORT
                0x2000000c        0x4 ./Drivers/STM32L4xx_HAL_Driver/stm32l475e_iot01.o
                0x2000000c                COM_TX_PORT
 .data.COM_RX_PORT
                0x20000010        0x4 ./Drivers/STM32L4xx_HAL_Driver/stm32l475e_iot01.o
                0x20000010                COM_RX_PORT
 .data.uwTickPrio
                0x20000014        0x4 ./Drivers/STM32L4xx_HAL_Driver/stm32l4xx_hal.o
                0x20000014                uwTickPrio
 .data.uwTickFreq
                0x20000018        0x1 ./Drivers/STM32L4xx_HAL_Driver/stm32l4xx_hal.o
                0x20000018                uwTickFreq
 *fill*         0x20000019        0x3 
 .data.__sglue  0x2000001c        0xc C:/ST/STM32CubeIDE_1.17.0/STM32CubeIDE/plugins/com.st.stm32cube.ide.mcu.externaltools.gnu-tools-for-stm32.12.3.rel1.win32_1.1.0.202410251130/tools/bin/../lib/gcc/arm-none-eabi/12.3.1/../../../../arm-none-eabi/lib/thumb/v7e-m+fp/hard\libc_nano.a(libc_a-findfp.o)
                0x2000001c                __sglue
 .data._impure_ptr
                0x20000028        0x4 C:/ST/STM32CubeIDE_1.17.0/STM32CubeIDE/plugins/com.st.stm32cube.ide.mcu.externaltools.gnu-tools-for-stm32.12.3.rel1.win32_1.1.0.202410251130/tools/bin/../lib/gcc/arm-none-eabi/12.3.1/../../../../arm-none-eabi/lib/thumb/v7e-m+fp/hard\libc_nano.a(libc_a-impure.o)
                0x20000028                _impure_ptr
 .data._impure_data
                0x2000002c       0x4c C:/ST/STM32CubeIDE_1.17.0/STM32CubeIDE/plugins/com.st.stm32cube.ide.mcu.externaltools.gnu-tools-for-stm32.12.3.rel1.win32_1.1.0.202410251130/tools/bin/../lib/gcc/arm-none-eabi/12.3.1/../../../../arm-none-eabi/lib/thumb/v7e-m+fp/hard\libc_nano.a(libc_a-impure.o)
                0x2000002c                _impure_data
 *(.RamFunc)
 *(.RamFunc*)
                0x20000078                        . = ALIGN (0x4)
                0x20000078                        _edata = .
                0x0801f480                        _sisram2 = LOADADDR (.sram2)

.igot.plt       0x20000078        0x0 load address 0x0801f480
 .igot.plt      0x20000078        0x0 C:/ST/STM32CubeIDE_1.17.0/STM32CubeIDE/plugins/com.st.stm32cube.ide.mcu.externaltools.gnu-tools-for-stm32.12.3.rel1.win32_1.1.0.202410251130/tools/bin/../lib/gcc/arm-none-eabi/12.3.1/thumb/v7e-m+fp/hard/crtbegin.o

.sram2          0x10000000        0x0 load address 0x0801f480
                0x10000000                        . = ALIGN (0x4)
                0x10000000                        _ssram2 = .
 *(.sram2)
 *(.sram2*)
                0x10000000                        . = ALIGN (0x4)
                0x10000000                        _esram2 = .
                0x10000000                        . = ALIGN (0x4)

.bss            0x20000078     0x7200
                0x20000078                        _sbss = .
                0x20000078                        __bss_start__ = _sbss
 *(.bss)
 .bss           0x20000078       0x1c C:/ST/STM32CubeIDE_1.17.0/STM32CubeIDE/plugins/com.st.stm32cube.ide.mcu.externaltools.gnu-tools-for-stm32.12.3.rel1.win32_1.1.0.202410251130/tools/bin/../lib/gcc/arm-none-eabi/12.3.1/thumb/v7e-m+fp/hard/crtbegin.o
 *(.bss*)
 .bss.hdfsdm1_filter0
                0x20000094       0x54 ./Application/User/main.o
                0x20000094                hdfsdm1_filter0
 .bss.hdfsdm1_channel2
                0x200000e8       0x38 ./Application/User/main.o
                0x200000e8                hdfsdm1_channel2
 .bss.hdma_dfsdm1_flt0
                0x20000120       0x48 ./Application/User/main.o
                0x20000120                hdma_dfsdm1_flt0
 .bss.htim2     0x20000168       0x4c ./Application/User/main.o
                0x20000168                htim2
 .bss.data_ready_flag
                0x200001b4        0x1 ./Application/User/main.o
                0x200001b4                data_ready_flag
 *fill*         0x200001b5        0x3 
 .bss.ringbuffer
                0x200001b8     0x2000 ./Application/User/main.o
                0x200001b8                ringbuffer
 .bss.fft_input
                0x200021b8     0x1000 ./Application/User/main.o
                0x200021b8                fft_input
 .bss.fft_output
                0x200031b8     0x2000 ./Application/User/main.o
                0x200031b8                fft_output
 .bss.to_send   0x200051b8     0x1000 ./Application/User/main.o
                0x200051b8                to_send
 .bss.fft_handler
                0x200061b8       0x18 ./Application/User/main.o
                0x200061b8                fft_handler
 .bss.padded_request.1
                0x200061d0       0x80 ./Application/User/main.o
 .bss.response.0
                0x20006250      0x4b0 ./Application/User/main.o
 .bss.__sbrk_heap_end
                0x20006700        0x4 ./Application/User/sysmem.o
 .bss.issue15   0x20006704        0x4 ./Application/WIFI/es_wifi.o
                0x20006704                issue15
 .bss.hspi      0x20006708       0x64 ./Application/WIFI/es_wifi_io.o
                0x20006708                hspi
 .bss.spi_rx_event
                0x2000676c        0x4 ./Application/WIFI/es_wifi_io.o
 .bss.spi_tx_event
                0x20006770        0x4 ./Application/WIFI/es_wifi_io.o
 .bss.cmddata_rdy_rising_event
                0x20006774        0x4 ./Application/WIFI/es_wifi_io.o
 .bss.cycle_per_loop.0
                0x20006778        0x4 ./Application/WIFI/es_wifi_io.o
 .bss.EsWifiObj
                0x2000677c      0x900 ./Application/WIFI/wifi.o
 .bss.hDiscoUart
                0x2000707c       0x88 ./Drivers/STM32L4xx_HAL_Driver/stm32l475e_iot01.o
                0x2000707c                hDiscoUart
 .bss.uwTick    0x20007104        0x4 ./Drivers/STM32L4xx_HAL_Driver/stm32l4xx_hal.o
                0x20007104                uwTick
 .bss.v_dfsdm1ChannelCounter
                0x20007108        0x4 ./Drivers/STM32L4xx_HAL_Driver/stm32l4xx_hal_dfsdm.o
 .bss.a_dfsdm1ChannelHandle
                0x2000710c       0x20 ./Drivers/STM32L4xx_HAL_Driver/stm32l4xx_hal_dfsdm.o
 .bss.__sf      0x2000712c      0x138 C:/ST/STM32CubeIDE_1.17.0/STM32CubeIDE/plugins/com.st.stm32cube.ide.mcu.externaltools.gnu-tools-for-stm32.12.3.rel1.win32_1.1.0.202410251130/tools/bin/../lib/gcc/arm-none-eabi/12.3.1/../../../../arm-none-eabi/lib/thumb/v7e-m+fp/hard\libc_nano.a(libc_a-findfp.o)
                0x2000712c                __sf
 .bss.__stdio_exit_handler
                0x20007264        0x4 C:/ST/STM32CubeIDE_1.17.0/STM32CubeIDE/plugins/com.st.stm32cube.ide.mcu.externaltools.gnu-tools-for-stm32.12.3.rel1.win32_1.1.0.202410251130/tools/bin/../lib/gcc/arm-none-eabi/12.3.1/../../../../arm-none-eabi/lib/thumb/v7e-m+fp/hard\libc_nano.a(libc_a-findfp.o)
                0x20007264                __stdio_exit_handler
 .bss.errno     0x20007268        0x4 C:/ST/STM32CubeIDE_1.17.0/STM32CubeIDE/plugins/com.st.stm32cube.ide.mcu.externaltools.gnu-tools-for-stm32.12.3.rel1.win32_1.1.0.202410251130/tools/bin/../lib/gcc/arm-none-eabi/12.3.1/../../../../arm-none-eabi/lib/thumb/v7e-m+fp/hard\libc_nano.a(libc_a-reent.o)
                0x20007268                errno
 .bss.__lock___malloc_recursive_mutex
                0x2000726c        0x1 C:/ST/STM32CubeIDE_1.17.0/STM32CubeIDE/plugins/com.st.stm32cube.ide.mcu.externaltools.gnu-tools-for-stm32.12.3.rel1.win32_1.1.0.202410251130/tools/bin/../lib/gcc/arm-none-eabi/12.3.1/../../../../arm-none-eabi/lib/thumb/v7e-m+fp/hard\libc_nano.a(libc_a-lock.o)
                0x2000726c                __lock___malloc_recursive_mutex
 .bss.__lock___sfp_recursive_mutex
                0x2000726d        0x1 C:/ST/STM32CubeIDE_1.17.0/STM32CubeIDE/plugins/com.st.stm32cube.ide.mcu.externaltools.gnu-tools-for-stm32.12.3.rel1.win32_1.1.0.202410251130/tools/bin/../lib/gcc/arm-none-eabi/12.3.1/../../../../arm-none-eabi/lib/thumb/v7e-m+fp/hard\libc_nano.a(libc_a-lock.o)
                0x2000726d                __lock___sfp_recursive_mutex
 *fill*         0x2000726e        0x2 
 .bss.__malloc_sbrk_start
                0x20007270        0x4 C:/ST/STM32CubeIDE_1.17.0/STM32CubeIDE/plugins/com.st.stm32cube.ide.mcu.externaltools.gnu-tools-for-stm32.12.3.rel1.win32_1.1.0.202410251130/tools/bin/../lib/gcc/arm-none-eabi/12.3.1/../../../../arm-none-eabi/lib/thumb/v7e-m+fp/hard\libc_nano.a(libc_a-mallocr.o)
                0x20007270                __malloc_sbrk_start
 .bss.__malloc_free_list
                0x20007274        0x4 C:/ST/STM32CubeIDE_1.17.0/STM32CubeIDE/plugins/com.st.stm32cube.ide.mcu.externaltools.gnu-tools-for-stm32.12.3.rel1.win32_1.1.0.202410251130/tools/bin/../lib/gcc/arm-none-eabi/12.3.1/../../../../arm-none-eabi/lib/thumb/v7e-m+fp/hard\libc_nano.a(libc_a-mallocr.o)
                0x20007274                __malloc_free_list
 *(COMMON)
                0x20007278                        . = ALIGN (0x4)
                0x20007278                        _ebss = .
                0x20007278                        __bss_end__ = _ebss

._user_heap_stack
                0x20007278     0x3000
                0x20007278                        . = ALIGN (0x8)
                [!provide]                        PROVIDE (end = .)
                0x20007278                        PROVIDE (_end = .)
                0x20009278                        . = (. + _Min_Heap_Size)
 *fill*         0x20007278     0x2000 
                0x2000a278                        . = (. + _Min_Stack_Size)
 *fill*         0x20009278     0x1000 
                0x2000a278                        . = ALIGN (0x8)

/DISCARD/
 libc.a(*)
 libm.a(*)
 libgcc.a(*)

.ARM.attributes
                0x00000000       0x30
 *(.ARM.attributes)
 .ARM.attributes
                0x00000000       0x22 C:/ST/STM32CubeIDE_1.17.0/STM32CubeIDE/plugins/com.st.stm32cube.ide.mcu.externaltools.gnu-tools-for-stm32.12.3.rel1.win32_1.1.0.202410251130/tools/bin/../lib/gcc/arm-none-eabi/12.3.1/thumb/v7e-m+fp/hard/crti.o
 .ARM.attributes
                0x00000022       0x34 C:/ST/STM32CubeIDE_1.17.0/STM32CubeIDE/plugins/com.st.stm32cube.ide.mcu.externaltools.gnu-tools-for-stm32.12.3.rel1.win32_1.1.0.202410251130/tools/bin/../lib/gcc/arm-none-eabi/12.3.1/thumb/v7e-m+fp/hard/crtbegin.o
 .ARM.attributes
                0x00000056       0x21 ./Application/Startup/startup_stm32l475vgtx.o
 .ARM.attributes
                0x00000077       0x34 ./Application/User/main.o
 .ARM.attributes
                0x000000ab       0x34 ./Application/User/stm32l4xx_it.o
 .ARM.attributes
                0x000000df       0x34 ./Application/User/syscalls.o
 .ARM.attributes
                0x00000113       0x34 ./Application/User/sysmem.o
 .ARM.attributes