12:52:59 **** Build of configuration Debug for project WiFi_HTTP_Server ****
make -j24 all 
arm-none-eabi-gcc "C:/Users/tedwa/Documents/ENEE408A/STM32CubeL4/Drivers/BSP/B-L475E-IOT01/stm32l475e_iot01.c" -mcpu=cortex-m4 -std=gnu11 -g3 -DUSE_HAL_DRIVER -DUSE_STM32L475E_IOT01 -DSTM32L475xx -c -I../../Inc -I../../../Common/Inc -I../../../../../../../Drivers/CMSIS/Include -I../../../../../../../Drivers/CMSIS/Device/ST/STM32L4xx/Include -I../../../../../../../Drivers/STM32L4xx_HAL_Driver/Inc -I../../../../../../../Drivers/BSP/B-L475E-IOT01 -O0 -ffunction-sections -fdata-sections -Wall -fstack-usage -fcyclomatic-complexity -MMD -MP -MF"Drivers/STM32L4xx_HAL_Driver/stm32l475e_iot01.d" -MT"Drivers/STM32L4xx_HAL_Driver/stm32l475e_iot01.o" --specs=nano.specs -mfpu=fpv4-sp-d16 -mfloat-abi=hard -mthumb -o "Drivers/STM32L4xx_HAL_Driver/stm32l475e_iot01.o"
arm-none-eabi-gcc "C:/Users/tedwa/Documents/ENEE408A/STM32CubeL4/Drivers/BSP/B-L475E-IOT01/stm32l475e_iot01_tsensor.c" -mcpu=cortex-m4 -std=gnu11 -g3 -DUSE_HAL_DRIVER -DUSE_STM32L475E_IOT01 -DSTM32L475xx -c -I../../Inc -I../../../Common/Inc -I../../../../../../../Drivers/CMSIS/Include -I../../../../../../../Drivers/CMSIS/Device/ST/STM32L4xx/Include -I../../../../../../../Drivers/STM32L4xx_HAL_Driver/Inc -I../../../../../../../Drivers/BSP/B-L475E-IOT01 -O0 -ffunction-sections -fdata-sections -Wall -fstack-usage -fcyclomatic-complexity -MMD -MP -MF"Drivers/STM32L4xx_HAL_Driver/stm32l475e_iot01_tsensor.d" -MT"Drivers/STM32L4xx_HAL_Driver/stm32l475e_iot01_tsensor.o" --specs=nano.specs -mfpu=fpv4-sp-d16 -mfloat-abi=hard -mthumb -o "Drivers/STM32L4xx_HAL_Driver/stm32l475e_iot01_tsensor.o"
arm-none-eabi-gcc "C:/Users/tedwa/Documents/ENEE408A/STM32CubeL4/Drivers/STM32L4xx_HAL_Driver/Src/stm32l4xx_hal.c" -mcpu=cortex-m4 -std=gnu11 -g3 -DUSE_HAL_DRIVER -DUSE_STM32L475E_IOT01 -DSTM32L475xx -c -I../../Inc -I../../../Common/Inc -I../../../../../../../Drivers/CMSIS/Include -I../../../../../../../Drivers/CMSIS/Device/ST/STM32L4xx/Include -I../../../../../../../Drivers/STM32L4xx_HAL_Driver/Inc -I../../../../../../../Drivers/BSP/B-L475E-IOT01 -O0 -ffunction-sections -fdata-sections -Wall -fstack-usage -fcyclomatic-complexity -MMD -MP -MF"Drivers/STM32L4xx_HAL_Driver/stm32l4xx_hal.d" -MT"Drivers/STM32L4xx_HAL_Driver/stm32l4xx_hal.o" --specs=nano.specs -mfpu=fpv4-sp-d16 -mfloat-abi=hard -mthumb -o "Drivers/STM32L4xx_HAL_Driver/stm32l4xx_hal.o"
arm-none-eabi-gcc "C:/Users/tedwa/Documents/ENEE408A/STM32CubeL4/Drivers/STM32L4xx_HAL_Driver/Src/stm32l4xx_hal_adc.c" -mcpu=cortex-m4 -std=gnu11 -g3 -DUSE_HAL_DRIVER -DUSE_STM32L475E_IOT01 -DSTM32L475xx -c -I../../Inc -I../../../Common/Inc -I../../../../../../../Drivers/CMSIS/Include -I../../../../../../../Drivers/CMSIS/Device/ST/STM32L4xx/Include -I../../../../../../../Drivers/STM32L4xx_HAL_Driver/Inc -I../../../../../../../Drivers/BSP/B-L475E-IOT01 -O0 -ffunction-sections -fdata-sections -Wall -fstack-usage -fcyclomatic-complexity -MMD -MP -MF"Drivers/STM32L4xx_HAL_Driver/stm32l4xx_hal_adc.d" -MT"Drivers/STM32L4xx_HAL_Driver/stm32l4xx_hal_adc.o" --specs=nano.specs -mfpu=fpv4-sp-d16 -mfloat-abi=hard -mthumb -o "Drivers/STM32L4xx_HAL_Driver/stm32l4xx_hal_adc.o"
arm-none-eabi-gcc "C:/Users/tedwa/Documents/ENEE408A/STM32CubeL4/Drivers/STM32L4xx_HAL_Driver/Src/stm32l4xx_hal_adc_ex.c" -mcpu=cortex-m4 -std=gnu11 -g3 -DUSE_HAL_DRIVER -DUSE_STM32L475E_IOT01 -DSTM32L475xx -c -I../../Inc -I../../../Common/Inc -I../../../../../../../Drivers/CMSIS/Include -I../../../../../../../Drivers/CMSIS/Device/ST/STM32L4xx/Include -I../../../../../../../Drivers/STM32L4xx_HAL_Driver/Inc -I../../../../../../../Drivers/BSP/B-L475E-IOT01 -O0 -ffunction-sections -fdata-sections -Wall -fstack-usage -fcyclomatic-complexity -MMD -MP -MF"Drivers/STM32L4xx_HAL_Driver/stm32l4xx_hal_adc_ex.d" -MT"Drivers/STM32L4xx_HAL_Driver/stm32l4xx_hal_adc_ex.o" --specs=nano.specs -mfpu=fpv4-sp-d16 -mfloat-abi=hard -mthumb -o "Drivers/STM32L4xx_HAL_Driver/stm32l4xx_hal_adc_ex.o"
arm-none-eabi-gcc "C:/Users/tedwa/Documents/ENEE408A/STM32CubeL4/Drivers/STM32L4xx_HAL_Driver/Src/stm32l4xx_hal_cortex.c" -mcpu=cortex-m4 -std=gnu11 -g3 -DUSE_HAL_DRIVER -DUSE_STM32L475E_IOT01 -DSTM32L475xx -c -I../../Inc -I../../../Common/Inc -I../../../../../../../Drivers/CMSIS/Include -I../../../../../../../Drivers/CMSIS/Device/ST/STM32L4xx/Include -I../../../../../../../Drivers/STM32L4xx_HAL_Driver/Inc -I../../../../../../../Drivers/BSP/B-L475E-IOT01 -O0 -ffunction-sections -fdata-sections -Wall -fstack-usage -fcyclomatic-complexity -MMD -MP -MF"Drivers/STM32L4xx_HAL_Driver/stm32l4xx_hal_cortex.d" -MT"Drivers/STM32L4xx_HAL_Driver/stm32l4xx_hal_cortex.o" --specs=nano.specs -mfpu=fpv4-sp-d16 -mfloat-abi=hard -mthumb -o "Drivers/STM32L4xx_HAL_Driver/stm32l4xx_hal_cortex.o"
arm-none-eabi-gcc "C:/Users/tedwa/Documents/ENEE408A/STM32CubeL4/Drivers/STM32L4xx_HAL_Driver/Src/stm32l4xx_hal_dma.c" -mcpu=cortex-m4 -std=gnu11 -g3 -DUSE_HAL_DRIVER -DUSE_STM32L475E_IOT01 -DSTM32L475xx -c -I../../Inc -I../../../Common/Inc -I../../../../../../../Drivers/CMSIS/Include -I../../../../../../../Drivers/CMSIS/Device/ST/STM32L4xx/Include -I../../../../../../../Drivers/STM32L4xx_HAL_Driver/Inc -I../../../../../../../Drivers/BSP/B-L475E-IOT01 -O0 -ffunction-sections -fdata-sections -Wall -fstack-usage -fcyclomatic-complexity -MMD -MP -MF"Drivers/STM32L4xx_HAL_Driver/stm32l4xx_hal_dma.d" -MT"Drivers/STM32L4xx_HAL_Driver/stm32l4xx_hal_dma.o" --specs=nano.specs -mfpu=fpv4-sp-d16 -mfloat-abi=hard -mthumb -o "Drivers/STM32L4xx_HAL_Driver/stm32l4xx_hal_dma.o"
arm-none-eabi-gcc "C:/Users/tedwa/Documents/ENEE408A/STM32CubeL4/Drivers/STM32L4xx_HAL_Driver/Src/stm32l4xx_hal_gpio.c" -mcpu=cortex-m4 -std=gnu11 -g3 -DUSE_HAL_DRIVER -DUSE_STM32L475E_IOT01 -DSTM32L475xx -c -I../../Inc -I../../../Common/Inc -I../../../../../../../Drivers/CMSIS/Include -I../../../../../../../Drivers/CMSIS/Device/ST/STM32L4xx/Include -I../../../../../../../Drivers/STM32L4xx_HAL_Driver/Inc -I../../../../../../../Drivers/BSP/B-L475E-IOT01 -O0 -ffunction-sections -fdata-sections -Wall -fstack-usage -fcyclomatic-complexity -MMD -MP -MF"Drivers/STM32L4xx_HAL_Driver/stm32l4xx_hal_gpio.d" -MT"Drivers/STM32L4xx_HAL_Driver/stm32l4xx_hal_gpio.o" --specs=nano.specs -mfpu=fpv4-sp-d16 -mfloat-abi=hard -mthumb -o "Drivers/STM32L4xx_HAL_Driver/stm32l4xx_hal_gpio.o"
arm-none-eabi-gcc "C:/Users/tedwa/Documents/ENEE408A/STM32CubeL4/Drivers/STM32L4xx_HAL_Driver/Src/stm32l4xx_hal_i2c.c" -mcpu=cortex-m4 -std=gnu11 -g3 -DUSE_HAL_DRIVER -DUSE_STM32L475E_IOT01 -DSTM32L475xx -c -I../../Inc -I../../../Common/Inc -I../../../../../../../Drivers/CMSIS/Include -I../../../../../../../Drivers/CMSIS/Device/ST/STM32L4xx/Include -I../../../../../../../Drivers/STM32L4xx_HAL_Driver/Inc -I../../../../../../../Drivers/BSP/B-L475E-IOT01 -O0 -ffunction-sections -fdata-sections -Wall -fstack-usage -fcyclomatic-complexity -MMD -MP -MF"Drivers/STM32L4xx_HAL_Driver/stm32l4xx_hal_i2c.d" -MT"Drivers/STM32L4xx_HAL_Driver/stm32l4xx_hal_i2c.o" --specs=nano.specs -mfpu=fpv4-sp-d16 -mfloat-abi=hard -mthumb -o "Drivers/STM32L4xx_HAL_Driver/stm32l4xx_hal_i2c.o"
arm-none-eabi-gcc "C:/Users/tedwa/Documents/ENEE408A/STM32CubeL4/Drivers/STM32L4xx_HAL_Driver/Src/stm32l4xx_hal_i2c_ex.c" -mcpu=cortex-m4 -std=gnu11 -g3 -DUSE_HAL_DRIVER -DUSE_STM32L475E_IOT01 -DSTM32L475xx -c -I../../Inc -I../../../Common/Inc -I../../../../../../../Drivers/CMSIS/Include -I../../../../../../../Drivers/CMSIS/Device/ST/STM32L4xx/Include -I../../../../../../../Drivers/STM32L4xx_HAL_Driver/Inc -I../../../../../../../Drivers/BSP/B-L475E-IOT01 -O0 -ffunction-sections -fdata-sections -Wall -fstack-usage -fcyclomatic-complexity -MMD -MP -MF"Drivers/STM32L4xx_HAL_Driver/stm32l4xx_hal_i2c_ex.d" -MT"Drivers/STM32L4xx_HAL_Driver/stm32l4xx_hal_i2c_ex.o" --specs=nano.specs -mfpu=fpv4-sp-d16 -mfloat-abi=hard -mthumb -o "Drivers/STM32L4xx_HAL_Driver/stm32l4xx_hal_i2c_ex.o"
arm-none-eabi-gcc "C:/Users/tedwa/Documents/ENEE408A/STM32CubeL4/Drivers/STM32L4xx_HAL_Driver/Src/stm32l4xx_hal_pwr.c" -mcpu=cortex-m4 -std=gnu11 -g3 -DUSE_HAL_DRIVER -DUSE_STM32L475E_IOT01 -DSTM32L475xx -c -I../../Inc -I../../../Common/Inc -I../../../../../../../Drivers/CMSIS/Include -I../../../../../../../Drivers/CMSIS/Device/ST/STM32L4xx/Include -I../../../../../../../Drivers/STM32L4xx_HAL_Driver/Inc -I../../../../../../../Drivers/BSP/B-L475E-IOT01 -O0 -ffunction-sections -fdata-sections -Wall -fstack-usage -fcyclomatic-complexity -MMD -MP -MF"Drivers/STM32L4xx_HAL_Driver/stm32l4xx_hal_pwr.d" -MT"Drivers/STM32L4xx_HAL_Driver/stm32l4xx_hal_pwr.o" --specs=nano.specs -mfpu=fpv4-sp-d16 -mfloat-abi=hard -mthumb -o "Drivers/STM32L4xx_HAL_Driver/stm32l4xx_hal_pwr.o"
arm-none-eabi-gcc "C:/Users/tedwa/Documents/ENEE408A/STM32CubeL4/Drivers/STM32L4xx_HAL_Driver/Src/stm32l4xx_hal_pwr_ex.c" -mcpu=cortex-m4 -std=gnu11 -g3 -DUSE_HAL_DRIVER -DUSE_STM32L475E_IOT01 -DSTM32L475xx -c -I../../Inc -I../../../Common/Inc -I../../../../../../../Drivers/CMSIS/Include -I../../../../../../../Drivers/CMSIS/Device/ST/STM32L4xx/Include -I../../../../../../../Drivers/STM32L4xx_HAL_Driver/Inc -I../../../../../../../Drivers/BSP/B-L475E-IOT01 -O0 -ffunction-sections -fdata-sections -Wall -fstack-usage -fcyclomatic-complexity -MMD -MP -MF"Drivers/STM32L4xx_HAL_Driver/stm32l4xx_hal_pwr_ex.d" -MT"Drivers/STM32L4xx_HAL_Driver/stm32l4xx_hal_pwr_ex.o" --specs=nano.specs -mfpu=fpv4-sp-d16 -mfloat-abi=hard -mthumb -o "Drivers/STM32L4xx_HAL_Driver/stm32l4xx_hal_pwr_ex.o"
arm-none-eabi-gcc "C:/Users/tedwa/Documents/ENEE408A/STM32CubeL4/Drivers/STM32L4xx_HAL_Driver/Src/stm32l4xx_hal_rcc.c" -mcpu=cortex-m4 -std=gnu11 -g3 -DUSE_HAL_DRIVER -DUSE_STM32L475E_IOT01 -DSTM32L475xx -c -I../../Inc -I../../../Common/Inc -I../../../../../../../Drivers/CMSIS/Include -I../../../../../../../Drivers/CMSIS/Device/ST/STM32L4xx/Include -I../../../../../../../Drivers/STM32L4xx_HAL_Driver/Inc -I../../../../../../../Drivers/BSP/B-L475E-IOT01 -O0 -ffunction-sections -fdata-sections -Wall -fstack-usage -fcyclomatic-complexity -MMD -MP -MF"Drivers/STM32L4xx_HAL_Driver/stm32l4xx_hal_rcc.d" -MT"Drivers/STM32L4xx_HAL_Driver/stm32l4xx_hal_rcc.o" --specs=nano.specs -mfpu=fpv4-sp-d16 -mfloat-abi=hard -mthumb -o "Drivers/STM32L4xx_HAL_Driver/stm32l4xx_hal_rcc.o"
arm-none-eabi-gcc "C:/Users/tedwa/Documents/ENEE408A/STM32CubeL4/Drivers/STM32L4xx_HAL_Driver/Src/stm32l4xx_hal_rcc_ex.c" -mcpu=cortex-m4 -std=gnu11 -g3 -DUSE_HAL_DRIVER -DUSE_STM32L475E_IOT01 -DSTM32L475xx -c -I../../Inc -I../../../Common/Inc -I../../../../../../../Drivers/CMSIS/Include -I../../../../../../../Drivers/CMSIS/Device/ST/STM32L4xx/Include -I../../../../../../../Drivers/STM32L4xx_HAL_Driver/Inc -I../../../../../../../Drivers/BSP/B-L475E-IOT01 -O0 -ffunction-sections -fdata-sections -Wall -fstack-usage -fcyclomatic-complexity -MMD -MP -MF"Drivers/STM32L4xx_HAL_Driver/stm32l4xx_hal_rcc_ex.d" -MT"Drivers/STM32L4xx_HAL_Driver/stm32l4xx_hal_rcc_ex.o" --specs=nano.specs -mfpu=fpv4-sp-d16 -mfloat-abi=hard -mthumb -o "Drivers/STM32L4xx_HAL_Driver/stm32l4xx_hal_rcc_ex.o"
arm-none-eabi-gcc "C:/Users/tedwa/Documents/ENEE408A/STM32CubeL4/Drivers/STM32L4xx_HAL_Driver/Src/stm32l4xx_hal_spi.c" -mcpu=cortex-m4 -std=gnu11 -g3 -DUSE_HAL_DRIVER -DUSE_STM32L475E_IOT01 -DSTM32L475xx -c -I../../Inc -I../../../Common/Inc -I../../../../../../../Drivers/CMSIS/Include -I../../../../../../../Drivers/CMSIS/Device/ST/STM32L4xx/Include -I../../../../../../../Drivers/STM32L4xx_HAL_Driver/Inc -I../../../../../../../Drivers/BSP/B-L475E-IOT01 -O0 -ffunction-sections -fdata-sections -Wall -fstack-usage -fcyclomatic-complexity -MMD -MP -MF"Drivers/STM32L4xx_HAL_Driver/stm32l4xx_hal_spi.d" -MT"Drivers/STM32L4xx_HAL_Driver/stm32l4xx_hal_spi.o" --specs=nano.specs -mfpu=fpv4-sp-d16 -mfloat-abi=hard -mthumb -o "Drivers/STM32L4xx_HAL_Driver/stm32l4xx_hal_spi.o"
arm-none-eabi-gcc "C:/Users/tedwa/Documents/ENEE408A/STM32CubeL4/Drivers/STM32L4xx_HAL_Driver/Src/stm32l4xx_hal_spi_ex.c" -mcpu=cortex-m4 -std=gnu11 -g3 -DUSE_HAL_DRIVER -DUSE_STM32L475E_IOT01 -DSTM32L475xx -c -I../../Inc -I../../../Common/Inc -I../../../../../../../Drivers/CMSIS/Include -I../../../../../../../Drivers/CMSIS/Device/ST/STM32L4xx/Include -I../../../../../../../Drivers/STM32L4xx_HAL_Driver/Inc -I../../../../../../../Drivers/BSP/B-L475E-IOT01 -O0 -ffunction-sections -fdata-sections -Wall -fstack-usage -fcyclomatic-complexity -MMD -MP -MF"Drivers/STM32L4xx_HAL_Driver/stm32l4xx_hal_spi_ex.d" -MT"Drivers/STM32L4xx_HAL_Driver/stm32l4xx_hal_spi_ex.o" --specs=nano.specs -mfpu=fpv4-sp-d16 -mfloat-abi=hard -mthumb -o "Drivers/STM32L4xx_HAL_Driver/stm32l4xx_hal_spi_ex.o"
arm-none-eabi-gcc "C:/Users/tedwa/Documents/ENEE408A/STM32CubeL4/Drivers/STM32L4xx_HAL_Driver/Src/stm32l4xx_hal_uart.c" -mcpu=cortex-m4 -std=gnu11 -g3 -DUSE_HAL_DRIVER -DUSE_STM32L475E_IOT01 -DSTM32L475xx -c -I../../Inc -I../../../Common/Inc -I../../../../../../../Drivers/CMSIS/Include -I../../../../../../../Drivers/CMSIS/Device/ST/STM32L4xx/Include -I../../../../../../../Drivers/STM32L4xx_HAL_Driver/Inc -I../../../../../../../Drivers/BSP/B-L475E-IOT01 -O0 -ffunction-sections -fdata-sections -Wall -fstack-usage -fcyclomatic-complexity -MMD -MP -MF"Drivers/STM32L4xx_HAL_Driver/stm32l4xx_hal_uart.d" -MT"Drivers/STM32L4xx_HAL_Driver/stm32l4xx_hal_uart.o" --specs=nano.specs -mfpu=fpv4-sp-d16 -mfloat-abi=hard -mthumb -o "Drivers/STM32L4xx_HAL_Driver/stm32l4xx_hal_uart.o"
arm-none-eabi-gcc "C:/Users/tedwa/Documents/ENEE408A/STM32CubeL4/Drivers/STM32L4xx_HAL_Driver/Src/stm32l4xx_hal_uart_ex.c" -mcpu=cortex-m4 -std=gnu11 -g3 -DUSE_HAL_DRIVER -DUSE_STM32L475E_IOT01 -DSTM32L475xx -c -I../../Inc -I../../../Common/Inc -I../../../../../../../Drivers/CMSIS/Include -I../../../../../../../Drivers/CMSIS/Device/ST/STM32L4xx/Include -I../../../../../../../Drivers/STM32L4xx_HAL_Driver/Inc -I../../../../../../../Drivers/BSP/B-L475E-IOT01 -O0 -ffunction-sections -fdata-sections -Wall -fstack-usage -fcyclomatic-complexity -MMD -MP -MF"Drivers/STM32L4xx_HAL_Driver/stm32l4xx_hal_uart_ex.d" -MT"Drivers/STM32L4xx_HAL_Driver/stm32l4xx_hal_uart_ex.o" --specs=nano.specs -mfpu=fpv4-sp-d16 -mfloat-abi=hard -mthumb -o "Drivers/STM32L4xx_HAL_Driver/stm32l4xx_hal_uart_ex.o"
arm-none-eabi-gcc "C:/Users/tedwa/Documents/ENEE408A/STM32CubeL4/Projects/B-L475E-IOT01A/Applications/WiFi/WiFi_HTTP_Server/Src/system_stm32l4xx.c" -mcpu=cortex-m4 -std=gnu11 -g3 -DUSE_HAL_DRIVER -DUSE_STM32L475E_IOT01 -DSTM32L475xx -c -I../../Inc -I../../../Common/Inc -I../../../../../../../Drivers/CMSIS/Include -I../../../../../../../Drivers/CMSIS/Device/ST/STM32L4xx/Include -I../../../../../../../Drivers/STM32L4xx_HAL_Driver/Inc -I../../../../../../../Drivers/BSP/B-L475E-IOT01 -O0 -ffunction-sections -fdata-sections -Wall -fstack-usage -fcyclomatic-complexity -MMD -MP -MF"Drivers/CMSIS/system_stm32l4xx.d" -MT"Drivers/CMSIS/system_stm32l4xx.o" --specs=nano.specs -mfpu=fpv4-sp-d16 -mfloat-abi=hard -mthumb -o "Drivers/CMSIS/system_stm32l4xx.o"
arm-none-eabi-gcc "C:/Users/tedwa/Documents/ENEE408A/STM32CubeL4/Drivers/BSP/Components/hts221/hts221.c" -mcpu=cortex-m4 -std=gnu11 -g3 -DUSE_HAL_DRIVER -DUSE_STM32L475E_IOT01 -DSTM32L475xx -c -I../../Inc -I../../../Common/Inc -I../../../../../../../Drivers/CMSIS/Include -I../../../../../../../Drivers/CMSIS/Device/ST/STM32L4xx/Include -I../../../../../../../Drivers/STM32L4xx_HAL_Driver/Inc -I../../../../../../../Drivers/BSP/B-L475E-IOT01 -O0 -ffunction-sections -fdata-sections -Wall -fstack-usage -fcyclomatic-complexity -MMD -MP -MF"Drivers/BSP/hts221.d" -MT"Drivers/BSP/hts221.o" --specs=nano.specs -mfpu=fpv4-sp-d16 -mfloat-abi=hard -mthumb -o "Drivers/BSP/hts221.o"
arm-none-eabi-gcc "C:/Users/tedwa/Documents/ENEE408A/STM32CubeL4/Projects/B-L475E-IOT01A/Applications/WiFi/Common/Src/es_wifi.c" -mcpu=cortex-m4 -std=gnu11 -g3 -DUSE_HAL_DRIVER -DUSE_STM32L475E_IOT01 -DSTM32L475xx -c -I../../Inc -I../../../Common/Inc -I../../../../../../../Drivers/CMSIS/Include -I../../../../../../../Drivers/CMSIS/Device/ST/STM32L4xx/Include -I../../../../../../../Drivers/STM32L4xx_HAL_Driver/Inc -I../../../../../../../Drivers/BSP/B-L475E-IOT01 -O0 -ffunction-sections -fdata-sections -Wall -fstack-usage -fcyclomatic-complexity -MMD -MP -MF"Application/WIFI/es_wifi.d" -MT"Application/WIFI/es_wifi.o" --specs=nano.specs -mfpu=fpv4-sp-d16 -mfloat-abi=hard -mthumb -o "Application/WIFI/es_wifi.o"
arm-none-eabi-gcc "C:/Users/tedwa/Documents/ENEE408A/STM32CubeL4/Projects/B-L475E-IOT01A/Applications/WiFi/Common/Src/es_wifi_io.c" -mcpu=cortex-m4 -std=gnu11 -g3 -DUSE_HAL_DRIVER -DUSE_STM32L475E_IOT01 -DSTM32L475xx -c -I../../Inc -I../../../Common/Inc -I../../../../../../../Drivers/CMSIS/Include -I../../../../../../../Drivers/CMSIS/Device/ST/STM32L4xx/Include -I../../../../../../../Drivers/STM32L4xx_HAL_Driver/Inc -I../../../../../../../Drivers/BSP/B-L475E-IOT01 -O0 -ffunction-sections -fdata-sections -Wall -fstack-usage -fcyclomatic-complexity -MMD -MP -MF"Application/WIFI/es_wifi_io.d" -MT"Application/WIFI/es_wifi_io.o" --specs=nano.specs -mfpu=fpv4-sp-d16 -mfloat-abi=hard -mthumb -o "Application/WIFI/es_wifi_io.o"
arm-none-eabi-gcc "C:/Users/tedwa/Documents/ENEE408A/STM32CubeL4/Projects/B-L475E-IOT01A/Applications/WiFi/Common/Src/wifi.c" -mcpu=cortex-m4 -std=gnu11 -g3 -DUSE_HAL_DRIVER -DUSE_STM32L475E_IOT01 -DSTM32L475xx -c -I../../Inc -I../../../Common/Inc -I../../../../../../../Drivers/CMSIS/Include -I../../../../../../../Drivers/CMSIS/Device/ST/STM32L4xx/Include -I../../../../../../../Drivers/STM32L4xx_HAL_Driver/Inc -I../../../../../../../Drivers/BSP/B-L475E-IOT01 -O0 -ffunction-sections -fdata-sections -Wall -fstack-usage -fcyclomatic-complexity -MMD -MP -MF"Application/WIFI/wifi.d" -MT"Application/WIFI/wifi.o" --specs=nano.specs -mfpu=fpv4-sp-d16 -mfloat-abi=hard -mthumb -o "Application/WIFI/wifi.o"
arm-none-eabi-gcc "C:/Users/tedwa/Documents/ENEE408A/STM32CubeL4/Projects/B-L475E-IOT01A/Applications/WiFi/WiFi_HTTP_Server/Src/main.c" -mcpu=cortex-m4 -std=gnu11 -g3 -DUSE_HAL_DRIVER -DUSE_STM32L475E_IOT01 -DSTM32L475xx -c -I../../Inc -I../../../Common/Inc -I../../../../../../../Drivers/CMSIS/Include -I../../../../../../../Drivers/CMSIS/Device/ST/STM32L4xx/Include -I../../../../../../../Drivers/STM32L4xx_HAL_Driver/Inc -I../../../../../../../Drivers/BSP/B-L475E-IOT01 -O0 -ffunction-sections -fdata-sections -Wall -fstack-usage -fcyclomatic-complexity -MMD -MP -MF"Application/User/main.d" -MT"Application/User/main.o" --specs=nano.specs -mfpu=fpv4-sp-d16 -mfloat-abi=hard -mthumb -o "Application/User/main.o"
arm-none-eabi-gcc "C:/Users/tedwa/Documents/ENEE408A/STM32CubeL4/Projects/B-L475E-IOT01A/Applications/WiFi/WiFi_HTTP_Server/Src/stm32l4xx_it.c" -mcpu=cortex-m4 -std=gnu11 -g3 -DUSE_HAL_DRIVER -DUSE_STM32L475E_IOT01 -DSTM32L475xx -c -I../../Inc -I../../../Common/Inc -I../../../../../../../Drivers/CMSIS/Include -I../../../../../../../Drivers/CMSIS/Device/ST/STM32L4xx/Include -I../../../../../../../Drivers/STM32L4xx_HAL_Driver/Inc -I../../../../../../../Drivers/BSP/B-L475E-IOT01 -O0 -ffunction-sections -fdata-sections -Wall -fstack-usage -fcyclomatic-complexity -MMD -MP -MF"Application/User/stm32l4xx_it.d" -MT"Application/User/stm32l4xx_it.o" --specs=nano.specs -mfpu=fpv4-sp-d16 -mfloat-abi=hard -mthumb -o "Application/User/stm32l4xx_it.o"
arm-none-eabi-gcc "../Application/User/syscalls.c" -mcpu=cortex-m4 -std=gnu11 -g3 -DUSE_HAL_DRIVER -DUSE_STM32L475E_IOT01 -DSTM32L475xx -c -I../../Inc -I../../../Common/Inc -I../../../../../../../Drivers/CMSIS/Include -I../../../../../../../Drivers/CMSIS/Device/ST/STM32L4xx/Include -I../../../../../../../Drivers/STM32L4xx_HAL_Driver/Inc -I../../../../../../../Drivers/BSP/B-L475E-IOT01 -O0 -ffunction-sections -fdata-sections -Wall -fstack-usage -fcyclomatic-complexity -MMD -MP -MF"Application/User/syscalls.d" -MT"Application/User/syscalls.o" --specs=nano.specs -mfpu=fpv4-sp-d16 -mfloat-abi=hard -mthumb -o "Application/User/syscalls.o"
arm-none-eabi-gcc "../Application/User/sysmem.c" -mcpu=cortex-m4 -std=gnu11 -g3 -DUSE_HAL_DRIVER -DUSE_STM32L475E_IOT01 -DSTM32L475xx -c -I../../Inc -I../../../Common/Inc -I../../../../../../../Drivers/CMSIS/Include -I../../../../../../../Drivers/CMSIS/Device/ST/STM32L4xx/Include -I../../../../../../../Drivers/STM32L4xx_HAL_Driver/Inc -I../../../../../../../Drivers/BSP/B-L475E-IOT01 -O0 -ffunction-sections -fdata-sections -Wall -fstack-usage -fcyclomatic-complexity -MMD -MP -MF"Application/User/sysmem.d" -MT"Application/User/sysmem.o" --specs=nano.specs -mfpu=fpv4-sp-d16 -mfloat-abi=hard -mthumb -o "Application/User/sysmem.o"
arm-none-eabi-gcc -mcpu=cortex-m4 -g3 -DDEBUG -c -x assembler-with-cpp -MMD -MP -MF"Application/Startup/startup_stm32l475vgtx.d" -MT"Application/Startup/startup_stm32l475vgtx.o" --specs=nano.specs -mfpu=fpv4-sp-d16 -mfloat-abi=hard -mthumb -o "Application/Startup/startup_stm32l475vgtx.o" "../Application/Startup/startup_stm32l475vgtx.s"
arm-none-eabi-gcc -o "WiFi_HTTP_Server.elf" @"objects.list"   -mcpu=cortex-m4 -T"C:\Users\tedwa\Documents\ENEE408A\STM32CubeL4\Projects\B-L475E-IOT01A\Applications\WiFi\WiFi_HTTP_Server\STM32CubeIDE\STM32L475VGTX_FLASH.ld" --specs=nosys.specs -Wl,-Map="WiFi_HTTP_Server.map" -Wl,--gc-sections -static --specs=nano.specs -mfpu=fpv4-sp-d16 -mfloat-abi=hard -mthumb -Wl,--start-group -lc -lm -Wl,--end-group
Finished building target: WiFi_HTTP_Server.elf
 
arm-none-eabi-size  WiFi_HTTP_Server.elf 
arm-none-eabi-objdump -h -S WiFi_HTTP_Server.elf  > "WiFi_HTTP_Server.list"
   text	   data	    bss	    dec	    hex	filename
  33664	    120	  97136	 130920	  1ff68	WiFi_HTTP_Server.elf
Finished building: default.size.stdout
 
Finished building: WiFi_HTTP_Server.list
 
12:53:51 **** Incremental Build of configuration Debug for project WiFi_HTTP_Server ****
make -j24 all 
arm-none-eabi-size  WiFi_HTTP_Server.elf 
   text	   data	    bss	    dec	    hex	filename
  33664	    120	  97136	 130920	  1ff68	WiFi_HTTP_Server.elf
Finished building: default.size.stdout
 
12:54:19 **** Incremental Build of configuration Debug for project WiFi_HTTP_Server ****
make -j24 all 
arm-none-eabi-size  WiFi_HTTP_Server.elf 
   text	   data	    bss	    dec	    hex	filename
  33664	    120	  97136	 130920	  1ff68	WiFi_HTTP_Server.elf
Finished building: default.size.stdout
 
12:55:13 **** Incremental Build of configuration Debug for project WiFi_HTTP_Server ****
make -j24 all 
arm-none-eabi-size  WiFi_HTTP_Server.elf 
   text	   data	    bss	    dec	    hex	filename
  33664	    120	  97136	 130920	  1ff68	WiFi_HTTP_Server.elf
Finished building: default.size.stdout
 
13:03:14 **** Incremental Build of configuration Debug for project WiFi_HTTP_Server ****
make -j24 all 
arm-none-eabi-size  WiFi_HTTP_Server.elf 
   text	   data	    bss	    dec	    hex	filename
  33664	    120	  97136	 130920	  1ff68	WiFi_HTTP_Server.elf
Finished building: default.size.stdout
 
13:23:01 **** Clean-only build of configuration Debug for project WiFi_HTTP_Server ****
make -j24 clean 
rm -rf ./Drivers/STM32L4xx_HAL_Driver/stm32l475e_iot01.cyclo ./Drivers/STM32L4xx_HAL_Driver/stm32l475e_iot01.d ./Drivers/STM32L4xx_HAL_Driver/stm32l475e_iot01.o ./Drivers/STM32L4xx_HAL_Driver/stm32l475e_iot01.su ./Drivers/STM32L4xx_HAL_Driver/stm32l475e_iot01_tsensor.cyclo ./Drivers/STM32L4xx_HAL_Driver/stm32l475e_iot01_tsensor.d ./Drivers/STM32L4xx_HAL_Driver/stm32l475e_iot01_tsensor.o ./Drivers/STM32L4xx_HAL_Driver/stm32l475e_iot01_tsensor.su ./Drivers/STM32L4xx_HAL_Driver/stm32l4xx_hal.cyclo ./Drivers/STM32L4xx_HAL_Driver/stm32l4xx_hal.d ./Drivers/STM32L4xx_HAL_Driver/stm32l4xx_hal.o ./Drivers/STM32L4xx_HAL_Driver/stm32l4xx_hal.su ./Drivers/STM32L4xx_HAL_Driver/stm32l4xx_hal_adc.cyclo ./Drivers/STM32L4xx_HAL_Driver/stm32l4xx_hal_adc.d ./Drivers/STM32L4xx_HAL_Driver/stm32l4xx_hal_adc.o ./Drivers/STM32L4xx_HAL_Driver/stm32l4xx_hal_adc.su ./Drivers/STM32L4xx_HAL_Driver/stm32l4xx_hal_adc_ex.cyclo ./Drivers/STM32L4xx_HAL_Driver/stm32l4xx_hal_adc_ex.d ./Drivers/STM32L4xx_HAL_Driver/stm32l4xx_hal_adc_ex.o ./Drivers/STM32L4xx_HAL_Driver/stm32l4xx_hal_adc_ex.su ./Drivers/STM32L4xx_HAL_Driver/stm32l4xx_hal_cortex.cyclo ./Drivers/STM32L4xx_HAL_Driver/stm32l4xx_hal_cortex.d ./Drivers/STM32L4xx_HAL_Driver/stm32l4xx_hal_cortex.o ./Drivers/STM32L4xx_HAL_Driver/stm32l4xx_hal_cortex.su ./Drivers/STM32L4xx_HAL_Driver/stm32l4xx_hal_dma.cyclo ./Drivers/STM32L4xx_HAL_Driver/stm32l4xx_hal_dma.d ./Drivers/STM32L4xx_HAL_Driver/stm32l4xx_hal_dma.o ./Drivers/STM32L4xx_HAL_Driver/stm32l4xx_hal_dma.su ./Drivers/STM32L4xx_HAL_Driver/stm32l4xx_hal_gpio.cyclo ./Drivers/STM32L4xx_HAL_Driver/stm32l4xx_hal_gpio.d ./Drivers/STM32L4xx_HAL_Driver/stm32l4xx_hal_gpio.o ./Drivers/STM32L4xx_HAL_Driver/stm32l4xx_hal_gpio.su ./Drivers/STM32L4xx_HAL_Driver/stm32l4xx_hal_i2c.cyclo ./Drivers/STM32L4xx_HAL_Driver/stm32l4xx_hal_i2c.d ./Drivers/STM32L4xx_HAL_Driver/stm32l4xx_hal_i2c.o ./Drivers/STM32L4xx_HAL_Driver/stm32l4xx_hal_i2c.su ./Drivers/STM32L4xx_HAL_Driver/stm32l4xx_hal_i2c_ex.cyclo ./Drivers/STM32L4xx_HAL_Driver/stm32l4xx_hal_i2c_ex.d ./Drivers/STM32L4xx_HAL_Driver/stm32l4xx_hal_i2c_ex.o ./Drivers/STM32L4xx_HAL_Driver/stm32l4xx_hal_i2c_ex.su ./Drivers/STM32L4xx_HAL_Driver/stm32l4xx_hal_pwr.cyclo ./Drivers/STM32L4xx_HAL_Driver/stm32l4xx_hal_pwr.d ./Drivers/STM32L4xx_HAL_Driver/stm32l4xx_hal_pwr.o ./Drivers/STM32L4xx_HAL_Driver/stm32l4xx_hal_pwr.su ./Drivers/STM32L4xx_HAL_Driver/stm32l4xx_hal_pwr_ex.cyclo ./Drivers/STM32L4xx_HAL_Driver/stm32l4xx_hal_pwr_ex.d ./Drivers/STM32L4xx_HAL_Driver/stm32l4xx_hal_pwr_ex.o ./Drivers/STM32L4xx_HAL_Driver/stm32l4xx_hal_pwr_ex.su ./Drivers/STM32L4xx_HAL_Driver/stm32l4xx_hal_rcc.cyclo ./Drivers/STM32L4xx_HAL_Driver/stm32l4xx_hal_rcc.d ./Drivers/STM32L4xx_HAL_Driver/stm32l4xx_hal_rcc.o ./Drivers/STM32L4xx_HAL_Driver/stm32l4xx_hal_rcc.su ./Drivers/STM32L4xx_HAL_Driver/stm32l4xx_hal_rcc_ex.cyclo ./Drivers/STM32L4xx_HAL_Driver/stm32l4xx_hal_rcc_ex.d ./Drivers/STM32L4xx_HAL_Driver/stm32l4xx_hal_rcc_ex.o ./Drivers/STM32L4xx_HAL_Driver/stm32l4xx_hal_rcc_ex.su ./Drivers/STM32L4xx_HAL_Driver/stm32l4xx_hal_spi.cyclo ./Drivers/STM32L4xx_HAL_Driver/stm32l4xx_hal_spi.d ./Drivers/STM32L4xx_HAL_Driver/stm32l4xx_hal_spi.o ./Drivers/STM32L4xx_HAL_Driver/stm32l4xx_hal_spi.su ./Drivers/STM32L4xx_HAL_Driver/stm32l4xx_hal_spi_ex.cyclo ./Drivers/STM32L4xx_HAL_Driver/stm32l4xx_hal_spi_ex.d ./Drivers/STM32L4xx_HAL_Driver/stm32l4xx_hal_spi_ex.o ./Drivers/STM32L4xx_HAL_Driver/stm32l4xx_hal_spi_ex.su ./Drivers/STM32L4xx_HAL_Driver/stm32l4xx_hal_uart.cyclo ./Drivers/STM32L4xx_HAL_Driver/stm32l4xx_hal_uart.d ./Drivers/STM32L4xx_HAL_Driver/stm32l4xx_hal_uart.o ./Drivers/STM32L4xx_HAL_Driver/stm32l4xx_hal_uart.su ./Drivers/STM32L4xx_HAL_Driver/stm32l4xx_hal_uart_ex.cyclo ./Drivers/STM32L4xx_HAL_Driver/stm32l4xx_hal_uart_ex.d ./Drivers/STM32L4xx_HAL_Driver/stm32l4xx_hal_uart_ex.o ./Drivers/STM32L4xx_HAL_Driver/stm32l4xx_hal_uart_ex.su
rm -rf ./Drivers/CMSIS/system_stm32l4xx.cyclo ./Drivers/CMSIS/system_stm32l4xx.d ./Drivers/CMSIS/system_stm32l4xx.o ./Drivers/CMSIS/system_stm32l4xx.su
rm -rf ./Drivers/BSP/hts221.cyclo ./Drivers/BSP/hts221.d ./Drivers/BSP/hts221.o ./Drivers/BSP/hts221.su
rm -rf ./Application/WIFI/es_wifi.cyclo ./Application/WIFI/es_wifi.d ./Application/WIFI/es_wifi.o ./Application/WIFI/es_wifi.su ./Application/WIFI/es_wifi_io.cyclo ./Application/WIFI/es_wifi_io.d ./Application/WIFI/es_wifi_io.o ./Application/WIFI/es_wifi_io.su ./Application/WIFI/wifi.cyclo ./Application/WIFI/wifi.d ./Application/WIFI/wifi.o ./Application/WIFI/wifi.su
rm -rf ./Application/User/main.cyclo ./Application/User/main.d ./Application/User/main.o ./Application/User/main.su ./Application/User/stm32l4xx_it.cyclo ./Application/User/stm32l4xx_it.d ./Application/User/stm32l4xx_it.o ./Application/User/stm32l4xx_it.su ./Application/User/syscalls.cyclo ./Application/User/syscalls.d ./Application/User/syscalls.o ./Application/User/syscalls.su ./Application/User/sysmem.cyclo ./Application/User/sysmem.d ./Application/User/sysmem.o ./Application/User/sysmem.su
rm -rf ./Application/Startup/startup_stm32l475vgtx.d ./Application/Startup/startup_stm32l475vgtx.o
rm -rf WiFi_HTTP_Server.elf WiFi_HTTP_Server.list WiFi_HTTP_Server.map default.size.stdout
 
13:23:02 **** Build of configuration Debug for project WiFi_HTTP_Server ****
make -j24 all 
arm-none-eabi-gcc "C:/Users/tedwa/Documents/ENEE408A/STM32CubeL4/Drivers/BSP/B-L475E-IOT01/stm32l475e_iot01.c" -mcpu=cortex-m4 -std=gnu11 -g3 -DUSE_HAL_DRIVER -DUSE_STM32L475E_IOT01 -DSTM32L475xx -c -I../../Inc -I../../../Common/Inc -I../../../../../../../Drivers/CMSIS/Include -I../../../../../../../Drivers/CMSIS/Device/ST/STM32L4xx/Include -I../../../../../../../Drivers/STM32L4xx_HAL_Driver/Inc -I../../../../../../../Drivers/BSP/B-L475E-IOT01 -O0 -ffunction-sections -fdata-sections -Wall -fstack-usage -fcyclomatic-complexity -MMD -MP -MF"Drivers/STM32L4xx_HAL_Driver/stm32l475e_iot01.d" -MT"Drivers/STM32L4xx_HAL_Driver/stm32l475e_iot01.o" --specs=nano.specs -mfpu=fpv4-sp-d16 -mfloat-abi=hard -mthumb -o "Drivers/STM32L4xx_HAL_Driver/stm32l475e_iot01.o"
arm-none-eabi-gcc "C:/Users/tedwa/Documents/ENEE408A/STM32CubeL4/Drivers/BSP/B-L475E-IOT01/stm32l475e_iot01_tsensor.c" -mcpu=cortex-m4 -std=gnu11 -g3 -DUSE_HAL_DRIVER -DUSE_STM32L475E_IOT01 -DSTM32L475xx -c -I../../Inc -I../../../Common/Inc -I../../../../../../../Drivers/CMSIS/Include -I../../../../../../../Drivers/CMSIS/Device/ST/STM32L4xx/Include -I../../../../../../../Drivers/STM32L4xx_HAL_Driver/Inc -I../../../../../../../Drivers/BSP/B-L475E-IOT01 -O0 -ffunction-sections -fdata-sections -Wall -fstack-usage -fcyclomatic-complexity -MMD -MP -MF"Drivers/STM32L4xx_HAL_Driver/stm32l475e_iot01_tsensor.d" -MT"Drivers/STM32L4xx_HAL_Driver/stm32l475e_iot01_tsensor.o" --specs=nano.specs -mfpu=fpv4-sp-d16 -mfloat-abi=hard -mthumb -o "Drivers/STM32L4xx_HAL_Driver/stm32l475e_iot01_tsensor.o"
arm-none-eabi-gcc "C:/Users/tedwa/Documents/ENEE408A/STM32CubeL4/Drivers/STM32L4xx_HAL_Driver/Src/stm32l4xx_hal.c" -mcpu=cortex-m4 -std=gnu11 -g3 -DUSE_HAL_DRIVER -DUSE_STM32L475E_IOT01 -DSTM32L475xx -c -I../../Inc -I../../../Common/Inc -I../../../../../../../Drivers/CMSIS/Include -I../../../../../../../Drivers/CMSIS/Device/ST/STM32L4xx/Include -I../../../../../../../Drivers/STM32L4xx_HAL_Driver/Inc -I../../../../../../../Drivers/BSP/B-L475E-IOT01 -O0 -ffunction-sections -fdata-sections -Wall -fstack-usage -fcyclomatic-complexity -MMD -MP -MF"Drivers/STM32L4xx_HAL_Driver/stm32l4xx_hal.d" -MT"Drivers/STM32L4xx_HAL_Driver/stm32l4xx_hal.o" --specs=nano.specs -mfpu=fpv4-sp-d16 -mfloat-abi=hard -mthumb -o "Drivers/STM32L4xx_HAL_Driver/stm32l4xx_hal.o"
arm-none-eabi-gcc "C:/Users/tedwa/Documents/ENEE408A/STM32CubeL4/Drivers/STM32L4xx_HAL_Driver/Src/stm32l4xx_hal_adc.c" -mcpu=cortex-m4 -std=gnu11 -g3 -DUSE_HAL_DRIVER -DUSE_STM32L475E_IOT01 -DSTM32L475xx -c -I../../Inc -I../../../Common/Inc -I../../../../../../../Drivers/CMSIS/Include -I../../../../../../../Drivers/CMSIS/Device/ST/STM32L4xx/Include -I../../../../../../../Drivers/STM32L4xx_HAL_Driver/Inc -I../../../../../../../Drivers/BSP/B-L475E-IOT01 -O0 -ffunction-sections -fdata-sections -Wall -fstack-usage -fcyclomatic-complexity -MMD -MP -MF"Drivers/STM32L4xx_HAL_Driver/stm32l4xx_hal_adc.d" -MT"Drivers/STM32L4xx_HAL_Driver/stm32l4xx_hal_adc.o" --specs=nano.specs -mfpu=fpv4-sp-d16 -mfloat-abi=hard -mthumb -o "Drivers/STM32L4xx_HAL_Driver/stm32l4xx_hal_adc.o"
arm-none-eabi-gcc "C:/Users/tedwa/Documents/ENEE408A/STM32CubeL4/Drivers/STM32L4xx_HAL_Driver/Src/stm32l4xx_hal_adc_ex.c" -mcpu=cortex-m4 -std=gnu11 -g3 -DUSE_HAL_DRIVER -DUSE_STM32L475E_IOT01 -DSTM32L475xx -c -I../../Inc -I../../../Common/Inc -I../../../../../../../Drivers/CMSIS/Include -I../../../../../../../Drivers/CMSIS/Device/ST/STM32L4xx/Include -I../../../../../../../Drivers/STM32L4xx_HAL_Driver/Inc -I../../../../../../../Drivers/BSP/B-L475E-IOT01 -O0 -ffunction-sections -fdata-sections -Wall -fstack-usage -fcyclomatic-complexity -MMD -MP -MF"Drivers/STM32L4xx_HAL_Driver/stm32l4xx_hal_adc_ex.d" -MT"Drivers/STM32L4xx_HAL_Driver/stm32l4xx_hal_adc_ex.o" --specs=nano.specs -mfpu=fpv4-sp-d16 -mfloat-abi=hard -mthumb -o "Drivers/STM32L4xx_HAL_Driver/stm32l4xx_hal_adc_ex.o"
arm-none-eabi-gcc "C:/Users/tedwa/Documents/ENEE408A/STM32CubeL4/Drivers/STM32L4xx_HAL_Driver/Src/stm32l4xx_hal_cortex.c" -mcpu=cortex-m4 -std=gnu11 -g3 -DUSE_HAL_DRIVER -DUSE_STM32L475E_IOT01 -DSTM32L475xx -c -I../../Inc -I../../../Common/Inc -I../../../../../../../Drivers/CMSIS/Include -I../../../../../../../Drivers/CMSIS/Device/ST/STM32L4xx/Include -I../../../../../../../Drivers/STM32L4xx_HAL_Driver/Inc -I../../../../../../../Drivers/BSP/B-L475E-IOT01 -O0 -ffunction-sections -fdata-sections -Wall -fstack-usage -fcyclomatic-complexity -MMD -MP -MF"Drivers/STM32L4xx_HAL_Driver/stm32l4xx_hal_cortex.d" -MT"Drivers/STM32L4xx_HAL_Driver/stm32l4xx_hal_cortex.o" --specs=nano.specs -mfpu=fpv4-sp-d16 -mfloat-abi=hard -mthumb -o "Drivers/STM32L4xx_HAL_Driver/stm32l4xx_hal_cortex.o"
arm-none-eabi-gcc "C:/Users/tedwa/Documents/ENEE408A/STM32CubeL4/Drivers/STM32L4xx_HAL_Driver/Src/stm32l4xx_hal_dma.c" -mcpu=cortex-m4 -std=gnu11 -g3 -DUSE_HAL_DRIVER -DUSE_STM32L475E_IOT01 -DSTM32L475xx -c -I../../Inc -I../../../Common/Inc -I../../../../../../../Drivers/CMSIS/Include -I../../../../../../../Drivers/CMSIS/Device/ST/STM32L4xx/Include -I../../../../../../../Drivers/STM32L4xx_HAL_Driver/Inc -I../../../../../../../Drivers/BSP/B-L475E-IOT01 -O0 -ffunction-sections -fdata-sections -Wall -fstack-usage -fcyclomatic-complexity -MMD -MP -MF"Drivers/STM32L4xx_HAL_Driver/stm32l4xx_hal_dma.d" -MT"Drivers/STM32L4xx_HAL_Driver/stm32l4xx_hal_dma.o" --specs=nano.specs -mfpu=fpv4-sp-d16 -mfloat-abi=hard -mthumb -o "Drivers/STM32L4xx_HAL_Driver/stm32l4xx_hal_dma.o"
arm-none-eabi-gcc "C:/Users/tedwa/Documents/ENEE408A/STM32CubeL4/Drivers/STM32L4xx_HAL_Driver/Src/stm32l4xx_hal_gpio.c" -mcpu=cortex-m4 -std=gnu11 -g3 -DUSE_HAL_DRIVER -DUSE_STM32L475E_IOT01 -DSTM32L475xx -c -I../../Inc -I../../../Common/Inc -I../../../../../../../Drivers/CMSIS/Include -I../../../../../../../Drivers/CMSIS/Device/ST/STM32L4xx/Include -I../../../../../../../Drivers/STM32L4xx_HAL_Driver/Inc -I../../../../../../../Drivers/BSP/B-L475E-IOT01 -O0 -ffunction-sections -fdata-sections -Wall -fstack-usage -fcyclomatic-complexity -MMD -MP -MF"Drivers/STM32L4xx_HAL_Driver/stm32l4xx_hal_gpio.d" -MT"Drivers/STM32L4xx_HAL_Driver/stm32l4xx_hal_gpio.o" --specs=nano.specs -mfpu=fpv4-sp-d16 -mfloat-abi=hard -mthumb -o "Drivers/STM32L4xx_HAL_Driver/stm32l4xx_hal_gpio.o"
arm-none-eabi-gcc "C:/Users/tedwa/Documents/ENEE408A/STM32CubeL4/Drivers/STM32L4xx_HAL_Driver/Src/stm32l4xx_hal_i2c.c" -mcpu=cortex-m4 -std=gnu11 -g3 -DUSE_HAL_DRIVER -DUSE_STM32L475E_IOT01 -DSTM32L475xx -c -I../../Inc -I../../../Common/Inc -I../../../../../../../Drivers/CMSIS/Include -I../../../../../../../Drivers/CMSIS/Device/ST/STM32L4xx/Include -I../../../../../../../Drivers/STM32L4xx_HAL_Driver/Inc -I../../../../../../../Drivers/BSP/B-L475E-IOT01 -O0 -ffunction-sections -fdata-sections -Wall -fstack-usage -fcyclomatic-complexity -MMD -MP -MF"Drivers/STM32L4xx_HAL_Driver/stm32l4xx_hal_i2c.d" -MT"Drivers/STM32L4xx_HAL_Driver/stm32l4xx_hal_i2c.o" --specs=nano.specs -mfpu=fpv4-sp-d16 -mfloat-abi=hard -mthumb -o "Drivers/STM32L4xx_HAL_Driver/stm32l4xx_hal_i2c.o"
arm-none-eabi-gcc "C:/Users/tedwa/Documents/ENEE408A/STM32CubeL4/Drivers/STM32L4xx_HAL_Driver/Src/stm32l4xx_hal_i2c_ex.c" -mcpu=cortex-m4 -std=gnu11 -g3 -DUSE_HAL_DRIVER -DUSE_STM32L475E_IOT01 -DSTM32L475xx -c -I../../Inc -I../../../Common/Inc -I../../../../../../../Drivers/CMSIS/Include -I../../../../../../../Drivers/CMSIS/Device/ST/STM32L4xx/Include -I../../../../../../../Drivers/STM32L4xx_HAL_Driver/Inc -I../../../../../../../Drivers/BSP/B-L475E-IOT01 -O0 -ffunction-sections -fdata-sections -Wall -fstack-usage -fcyclomatic-complexity -MMD -MP -MF"Drivers/STM32L4xx_HAL_Driver/stm32l4xx_hal_i2c_ex.d" -MT"Drivers/STM32L4xx_HAL_Driver/stm32l4xx_hal_i2c_ex.o" --specs=nano.specs -mfpu=fpv4-sp-d16 -mfloat-abi=hard -mthumb -o "Drivers/STM32L4xx_HAL_Driver/stm32l4xx_hal_i2c_ex.o"
arm-none-eabi-gcc "C:/Users/tedwa/Documents/ENEE408A/STM32CubeL4/Drivers/STM32L4xx_HAL_Driver/Src/stm32l4xx_hal_pwr.c" -mcpu=cortex-m4 -std=gnu11 -g3 -DUSE_HAL_DRIVER -DUSE_STM32L475E_IOT01 -DSTM32L475xx -c -I../../Inc -I../../../Common/Inc -I../../../../../../../Drivers/CMSIS/Include -I../../../../../../../Drivers/CMSIS/Device/ST/STM32L4xx/Include -I../../../../../../../Drivers/STM32L4xx_HAL_Driver/Inc -I../../../../../../../Drivers/BSP/B-L475E-IOT01 -O0 -ffunction-sections -fdata-sections -Wall -fstack-usage -fcyclomatic-complexity -MMD -MP -MF"Drivers/STM32L4xx_HAL_Driver/stm32l4xx_hal_pwr.d" -MT"Drivers/STM32L4xx_HAL_Driver/stm32l4xx_hal_pwr.o" --specs=nano.specs -mfpu=fpv4-sp-d16 -mfloat-abi=hard -mthumb -o "Drivers/STM32L4xx_HAL_Driver/stm32l4xx_hal_pwr.o"
arm-none-eabi-gcc "C:/Users/tedwa/Documents/ENEE408A/STM32CubeL4/Drivers/STM32L4xx_HAL_Driver/Src/stm32l4xx_hal_pwr_ex.c" -mcpu=cortex-m4 -std=gnu11 -g3 -DUSE_HAL_DRIVER -DUSE_STM32L475E_IOT01 -DSTM32L475xx -c -I../../Inc -I../../../Common/Inc -I../../../../../../../Drivers/CMSIS/Include -I../../../../../../../Drivers/CMSIS/Device/ST/STM32L4xx/Include -I../../../../../../../Drivers/STM32L4xx_HAL_Driver/Inc -I../../../../../../../Drivers/BSP/B-L475E-IOT01 -O0 -ffunction-sections -fdata-sections -Wall -fstack-usage -fcyclomatic-complexity -MMD -MP -MF"Drivers/STM32L4xx_HAL_Driver/stm32l4xx_hal_pwr_ex.d" -MT"Drivers/STM32L4xx_HAL_Driver/stm32l4xx_hal_pwr_ex.o" --specs=nano.specs -mfpu=fpv4-sp-d16 -mfloat-abi=hard -mthumb -o "Drivers/STM32L4xx_HAL_Driver/stm32l4xx_hal_pwr_ex.o"
arm-none-eabi-gcc "C:/Users/tedwa/Documents/ENEE408A/STM32CubeL4/Drivers/STM32L4xx_HAL_Driver/Src/stm32l4xx_hal_rcc.c" -mcpu=cortex-m4 -std=gnu11 -g3 -DUSE_HAL_DRIVER -DUSE_STM32L475E_IOT01 -DSTM32L475xx -c -I../../Inc -I../../../Common/Inc -I../../../../../../../Drivers/CMSIS/Include -I../../../../../../../Drivers/CMSIS/Device/ST/STM32L4xx/Include -I../../../../../../../Drivers/STM32L4xx_HAL_Driver/Inc -I../../../../../../../Drivers/BSP/B-L475E-IOT01 -O0 -ffunction-sections -fdata-sections -Wall -fstack-usage -fcyclomatic-complexity -MMD -MP -MF"Drivers/STM32L4xx_HAL_Driver/stm32l4xx_hal_rcc.d" -MT"Drivers/STM32L4xx_HAL_Driver/stm32l4xx_hal_rcc.o" --specs=nano.specs -mfpu=fpv4-sp-d16 -mfloat-abi=hard -mthumb -o "Drivers/STM32L4xx_HAL_Driver/stm32l4xx_hal_rcc.o"
arm-none-eabi-gcc "C:/Users/tedwa/Documents/ENEE408A/STM32CubeL4/Drivers/STM32L4xx_HAL_Driver/Src/stm32l4xx_hal_rcc_ex.c" -mcpu=cortex-m4 -std=gnu11 -g3 -DUSE_HAL_DRIVER -DUSE_STM32L475E_IOT01 -DSTM32L475xx -c -I../../Inc -I../../../Common/Inc -I../../../../../../../Drivers/CMSIS/Include -I../../../../../../../Drivers/CMSIS/Device/ST/STM32L4xx/Include -I../../../../../../../Drivers/STM32L4xx_HAL_Driver/Inc -I../../../../../../../Drivers/BSP/B-L475E-IOT01 -O0 -ffunction-sections -fdata-sections -Wall -fstack-usage -fcyclomatic-complexity -MMD -MP -MF"Drivers/STM32L4xx_HAL_Driver/stm32l4xx_hal_rcc_ex.d" -MT"Drivers/STM32L4xx_HAL_Driver/stm32l4xx_hal_rcc_ex.o" --specs=nano.specs -mfpu=fpv4-sp-d16 -mfloat-abi=hard -mthumb -o "Drivers/STM32L4xx_HAL_Driver/stm32l4xx_hal_rcc_ex.o"
arm-none-eabi-gcc "C:/Users/tedwa/Documents/ENEE408A/STM32CubeL4/Drivers/STM32L4xx_HAL_Driver/Src/stm32l4xx_hal_spi.c" -mcpu=cortex-m4 -std=gnu11 -g3 -DUSE_HAL_DRIVER -DUSE_STM32L475E_IOT01 -DSTM32L475xx -c -I../../Inc -I../../../Common/Inc -I../../../../../../../Drivers/CMSIS/Include -I../../../../../../../Drivers/CMSIS/Device/ST/STM32L4xx/Include -I../../../../../../../Drivers/STM32L4xx_HAL_Driver/Inc -I../../../../../../../Drivers/BSP/B-L475E-IOT01 -O0 -ffunction-sections -fdata-sections -Wall -fstack-usage -fcyclomatic-complexity -MMD -MP -MF"Drivers/STM32L4xx_HAL_Driver/stm32l4xx_hal_spi.d" -MT"Drivers/STM32L4xx_HAL_Driver/stm32l4xx_hal_spi.o" --specs=nano.specs -mfpu=fpv4-sp-d16 -mfloat-abi=hard -mthumb -o "Drivers/STM32L4xx_HAL_Driver/stm32l4xx_hal_spi.o"
arm-none-eabi-gcc "C:/Users/tedwa/Documents/ENEE408A/STM32CubeL4/Drivers/STM32L4xx_HAL_Driver/Src/stm32l4xx_hal_spi_ex.c" -mcpu=cortex-m4 -std=gnu11 -g3 -DUSE_HAL_DRIVER -DUSE_STM32L475E_IOT01 -DSTM32L475xx -c -I../../Inc -I../../../Common/Inc -I../../../../../../../Drivers/CMSIS/Include -I../../../../../../../Drivers/CMSIS/Device/ST/STM32L4xx/Include -I../../../../../../../Drivers/STM32L4xx_HAL_Driver/Inc -I../../../../../../../Drivers/BSP/B-L475E-IOT01 -O0 -ffunction-sections -fdata-sections -Wall -fstack-usage -fcyclomatic-complexity -MMD -MP -MF"Drivers/STM32L4xx_HAL_Driver/stm32l4xx_hal_spi_ex.d" -MT"Drivers/STM32L4xx_HAL_Driver/stm32l4xx_hal_spi_ex.o" --specs=nano.specs -mfpu=fpv4-sp-d16 -mfloat-abi=hard -mthumb -o "Drivers/STM32L4xx_HAL_Driver/stm32l4xx_hal_spi_ex.o"
arm-none-eabi-gcc "C:/Users/tedwa/Documents/ENEE408A/STM32CubeL4/Drivers/STM32L4xx_HAL_Driver/Src/stm32l4xx_hal_uart.c" -mcpu=cortex-m4 -std=gnu11 -g3 -DUSE_HAL_DRIVER -DUSE_STM32L475E_IOT01 -DSTM32L475xx -c -I../../Inc -I../../../Common/Inc -I../../../../../../../Drivers/CMSIS/Include -I../../../../../../../Drivers/CMSIS/Device/ST/STM32L4xx/Include -I../../../../../../../Drivers/STM32L4xx_HAL_Driver/Inc -I../../../../../../../Drivers/BSP/B-L475E-IOT01 -O0 -ffunction-sections -fdata-sections -Wall -fstack-usage -fcyclomatic-complexity -MMD -MP -MF"Drivers/STM32L4xx_HAL_Driver/stm32l4xx_hal_uart.d" -MT"Drivers/STM32L4xx_HAL_Driver/stm32l4xx_hal_uart.o" --specs=nano.specs -mfpu=fpv4-sp-d16 -mfloat-abi=hard -mthumb -o "Drivers/STM32L4xx_HAL_Driver/stm32l4xx_hal_uart.o"
arm-none-eabi-gcc "C:/Users/tedwa/Documents/ENEE408A/STM32CubeL4/Drivers/STM32L4xx_HAL_Driver/Src/stm32l4xx_hal_uart_ex.c" -mcpu=cortex-m4 -std=gnu11 -g3 -DUSE_HAL_DRIVER -DUSE_STM32L475E_IOT01 -DSTM32L475xx -c -I../../Inc -I../../../Common/Inc -I../../../../../../../Drivers/CMSIS/Include -I../../../../../../../Drivers/CMSIS/Device/ST/STM32L4xx/Include -I../../../../../../../Drivers/STM32L4xx_HAL_Driver/Inc -I../../../../../../../Drivers/BSP/B-L475E-IOT01 -O0 -ffunction-sections -fdata-sections -Wall -fstack-usage -fcyclomatic-complexity -MMD -MP -MF"Drivers/STM32L4xx_HAL_Driver/stm32l4xx_hal_uart_ex.d" -MT"Drivers/STM32L4xx_HAL_Driver/stm32l4xx_hal_uart_ex.o" --specs=nano.specs -mfpu=fpv4-sp-d16 -mfloat-abi=hard -mthumb -o "Drivers/STM32L4xx_HAL_Driver/stm32l4xx_hal_uart_ex.o"
arm-none-eabi-gcc "C:/Users/tedwa/Documents/ENEE408A/STM32CubeL4/Projects/B-L475E-IOT01A/Applications/WiFi/WiFi_HTTP_Server/Src/system_stm32l4xx.c" -mcpu=cortex-m4 -std=gnu11 -g3 -DUSE_HAL_DRIVER -DUSE_STM32L475E_IOT01 -DSTM32L475xx -c -I../../Inc -I../../../Common/Inc -I../../../../../../../Drivers/CMSIS/Include -I../../../../../../../Drivers/CMSIS/Device/ST/STM32L4xx/Include -I../../../../../../../Drivers/STM32L4xx_HAL_Driver/Inc -I../../../../../../../Drivers/BSP/B-L475E-IOT01 -O0 -ffunction-sections -fdata-sections -Wall -fstack-usage -fcyclomatic-complexity -MMD -MP -MF"Drivers/CMSIS/system_stm32l4xx.d" -MT"Drivers/CMSIS/system_stm32l4xx.o" --specs=nano.specs -mfpu=fpv4-sp-d16 -mfloat-abi=hard -mthumb -o "Drivers/CMSIS/system_stm32l4xx.o"
arm-none-eabi-gcc "C:/Users/tedwa/Documents/ENEE408A/STM32CubeL4/Drivers/BSP/Components/hts221/hts221.c" -mcpu=cortex-m4 -std=gnu11 -g3 -DUSE_HAL_DRIVER -DUSE_STM32L475E_IOT01 -DSTM32L475xx -c -I../../Inc -I../../../Common/Inc -I../../../../../../../Drivers/CMSIS/Include -I../../../../../../../Drivers/CMSIS/Device/ST/STM32L4xx/Include -I../../../../../../../Drivers/STM32L4xx_HAL_Driver/Inc -I../../../../../../../Drivers/BSP/B-L475E-IOT01 -O0 -ffunction-sections -fdata-sections -Wall -fstack-usage -fcyclomatic-complexity -MMD -MP -MF"Drivers/BSP/hts221.d" -MT"Drivers/BSP/hts221.o" --specs=nano.specs -mfpu=fpv4-sp-d16 -mfloat-abi=hard -mthumb -o "Drivers/BSP/hts221.o"
arm-none-eabi-gcc "C:/Users/tedwa/Documents/ENEE408A/STM32CubeL4/Projects/B-L475E-IOT01A/Applications/WiFi/Common/Src/es_wifi.c" -mcpu=cortex-m4 -std=gnu11 -g3 -DUSE_HAL_DRIVER -DUSE_STM32L475E_IOT01 -DSTM32L475xx -c -I../../Inc -I../../../Common/Inc -I../../../../../../../Drivers/CMSIS/Include -I../../../../../../../Drivers/CMSIS/Device/ST/STM32L4xx/Include -I../../../../../../../Drivers/STM32L4xx_HAL_Driver/Inc -I../../../../../../../Drivers/BSP/B-L475E-IOT01 -O0 -ffunction-sections -fdata-sections -Wall -fstack-usage -fcyclomatic-complexity -MMD -MP -MF"Application/WIFI/es_wifi.d" -MT"Application/WIFI/es_wifi.o" --specs=nano.specs -mfpu=fpv4-sp-d16 -mfloat-abi=hard -mthumb -o "Application/WIFI/es_wifi.o"
arm-none-eabi-gcc "C:/Users/tedwa/Documents/ENEE408A/STM32CubeL4/Projects/B-L475E-IOT01A/Applications/WiFi/Common/Src/es_wifi_io.c" -mcpu=cortex-m4 -std=gnu11 -g3 -DUSE_HAL_DRIVER -DUSE_STM32L475E_IOT01 -DSTM32L475xx -c -I../../Inc -I../../../Common/Inc -I../../../../../../../Drivers/CMSIS/Include -I../../../../../../../Drivers/CMSIS/Device/ST/STM32L4xx/Include -I../../../../../../../Drivers/STM32L4xx_HAL_Driver/Inc -I../../../../../../../Drivers/BSP/B-L475E-IOT01 -O0 -ffunction-sections -fdata-sections -Wall -fstack-usage -fcyclomatic-complexity -MMD -MP -MF"Application/WIFI/es_wifi_io.d" -MT"Application/WIFI/es_wifi_io.o" --specs=nano.specs -mfpu=fpv4-sp-d16 -mfloat-abi=hard -mthumb -o "Application/WIFI/es_wifi_io.o"
arm-none-eabi-gcc "C:/Users/tedwa/Documents/ENEE408A/STM32CubeL4/Projects/B-L475E-IOT01A/Applications/WiFi/Common/Src/wifi.c" -mcpu=cortex-m4 -std=gnu11 -g3 -DUSE_HAL_DRIVER -DUSE_STM32L475E_IOT01 -DSTM32L475xx -c -I../../Inc -I../../../Common/Inc -I../../../../../../../Drivers/CMSIS/Include -I../../../../../../../Drivers/CMSIS/Device/ST/STM32L4xx/Include -I../../../../../../../Drivers/STM32L4xx_HAL_Driver/Inc -I../../../../../../../Drivers/BSP/B-L475E-IOT01 -O0 -ffunction-sections -fdata-sections -Wall -fstack-usage -fcyclomatic-complexity -MMD -MP -MF"Application/WIFI/wifi.d" -MT"Application/WIFI/wifi.o" --specs=nano.specs -mfpu=fpv4-sp-d16 -mfloat-abi=hard -mthumb -o "Application/WIFI/wifi.o"
arm-none-eabi-gcc "C:/Users/tedwa/Documents/ENEE408A/STM32CubeL4/Projects/B-L475E-IOT01A/Applications/WiFi/WiFi_HTTP_Server/Src/main.c" -mcpu=cortex-m4 -std=gnu11 -g3 -DUSE_HAL_DRIVER -DUSE_STM32L475E_IOT01 -DSTM32L475xx -c -I../../Inc -I../../../Common/Inc -I../../../../../../../Drivers/CMSIS/Include -I../../../../../../../Drivers/CMSIS/Device/ST/STM32L4xx/Include -I../../../../../../../Drivers/STM32L4xx_HAL_Driver/Inc -I../../../../../../../Drivers/BSP/B-L475E-IOT01 -O0 -ffunction-sections -fdata-sections -Wall -fstack-usage -fcyclomatic-complexity -MMD -MP -MF"Application/User/main.d" -MT"Application/User/main.o" --specs=nano.specs -mfpu=fpv4-sp-d16 -mfloat-abi=hard -mthumb -o "Application/User/main.o"
arm-none-eabi-gcc "C:/Users/tedwa/Documents/ENEE408A/STM32CubeL4/Projects/B-L475E-IOT01A/Applications/WiFi/WiFi_HTTP_Server/Src/stm32l4xx_it.c" -mcpu=cortex-m4 -std=gnu11 -g3 -DUSE_HAL_DRIVER -DUSE_STM32L475E_IOT01 -DSTM32L475xx -c -I../../Inc -I../../../Common/Inc -I../../../../../../../Drivers/CMSIS/Include -I../../../../../../../Drivers/CMSIS/Device/ST/STM32L4xx/Include -I../../../../../../../Drivers/STM32L4xx_HAL_Driver/Inc -I../../../../../../../Drivers/BSP/B-L475E-IOT01 -O0 -ffunction-sections -fdata-sections -Wall -fstack-usage -fcyclomatic-complexity -MMD -MP -MF"Application/User/stm32l4xx_it.d" -MT"Application/User/stm32l4xx_it.o" --specs=nano.specs -mfpu=fpv4-sp-d16 -mfloat-abi=hard -mthumb -o "Application/User/stm32l4xx_it.o"
arm-none-eabi-gcc "../Application/User/syscalls.c" -mcpu=cortex-m4 -std=gnu11 -g3 -DUSE_HAL_DRIVER -DUSE_STM32L475E_IOT01 -DSTM32L475xx -c -I../../Inc -I../../../Common/Inc -I../../../../../../../Drivers/CMSIS/Include -I../../../../../../../Drivers/CMSIS/Device/ST/STM32L4xx/Include -I../../../../../../../Drivers/STM32L4xx_HAL_Driver/Inc -I../../../../../../../Drivers/BSP/B-L475E-IOT01 -O0 -ffunction-sections -fdata-sections -Wall -fstack-usage -fcyclomatic-complexity -MMD -MP -MF"Application/User/syscalls.d" -MT"Application/User/syscalls.o" --specs=nano.specs -mfpu=fpv4-sp-d16 -mfloat-abi=hard -mthumb -o "Application/User/syscalls.o"
arm-none-eabi-gcc "../Application/User/sysmem.c" -mcpu=cortex-m4 -std=gnu11 -g3 -DUSE_HAL_DRIVER -DUSE_STM32L475E_IOT01 -DSTM32L475xx -c -I../../Inc -I../../../Common/Inc -I../../../../../../../Drivers/CMSIS/Include -I../../../../../../../Drivers/CMSIS/Device/ST/STM32L4xx/Include -I../../../../../../../Drivers/STM32L4xx_HAL_Driver/Inc -I../../../../../../../Drivers/BSP/B-L475E-IOT01 -O0 -ffunction-sections -fdata-sections -Wall -fstack-usage -fcyclomatic-complexity -MMD -MP -MF"Application/User/sysmem.d" -MT"Application/User/sysmem.o" --specs=nano.specs -mfpu=fpv4-sp-d16 -mfloat-abi=hard -mthumb -o "Application/User/sysmem.o"
arm-none-eabi-gcc -mcpu=cortex-m4 -g3 -DDEBUG -c -x assembler-with-cpp -MMD -MP -MF"Application/Startup/startup_stm32l475vgtx.d" -MT"Application/Startup/startup_stm32l475vgtx.o" --specs=nano.specs -mfpu=fpv4-sp-d16 -mfloat-abi=hard -mthumb -o "Application/Startup/startup_stm32l475vgtx.o" "../Application/Startup/startup_stm32l475vgtx.s"
arm-none-eabi-gcc -o "WiFi_HTTP_Server.elf" @"objects.list"   -mcpu=cortex-m4 -T"C:\Users\tedwa\Documents\ENEE408A\STM32CubeL4\Projects\B-L475E-IOT01A\Applications\WiFi\WiFi_HTTP_Server\STM32CubeIDE\STM32L475VGTX_FLASH.ld" --specs=nosys.specs -Wl,-Map="WiFi_HTTP_Server.map" -Wl,--gc-sections -static --specs=nano.specs -mfpu=fpv4-sp-d16 -mfloat-abi=hard -mthumb -Wl,--start-group -lc -lm -Wl,--end-group
Finished building target: WiFi_HTTP_Server.elf
 
arm-none-eabi-size  WiFi_HTTP_Server.elf 
arm-none-eabi-objdump -h -S WiFi_HTTP_Server.elf  > "WiFi_HTTP_Server.list"
   text	   data	    bss	    dec	    hex	filename
  33660	    120	  97136	 130916	  1ff64	WiFi_HTTP_Server.elf
Finished building: default.size.stdout
 
Finished building: WiFi_HTTP_Server.list
 
13:23:38 **** Clean-only build of configuration Debug for project WiFi_HTTP_Server ****
make -j24 clean 
rm -rf ./Drivers/STM32L4xx_HAL_Driver/stm32l475e_iot01.cyclo ./Drivers/STM32L4xx_HAL_Driver/stm32l475e_iot01.d ./Drivers/STM32L4xx_HAL_Driver/stm32l475e_iot01.o ./Drivers/STM32L4xx_HAL_Driver/stm32l475e_iot01.su ./Drivers/STM32L4xx_HAL_Driver/stm32l475e_iot01_tsensor.cyclo ./Drivers/STM32L4xx_HAL_Driver/stm32l475e_iot01_tsensor.d ./Drivers/STM32L4xx_HAL_Driver/stm32l475e_iot01_tsensor.o ./Drivers/STM32L4xx_HAL_Driver/stm32l475e_iot01_tsensor.su ./Drivers/STM32L4xx_HAL_Driver/stm32l4xx_hal.cyclo ./Drivers/STM32L4xx_HAL_Driver/stm32l4xx_hal.d ./Drivers/STM32L4xx_HAL_Driver/stm32l4xx_hal.o ./Drivers/STM32L4xx_HAL_Driver/stm32l4xx_hal.su ./Drivers/STM32L4xx_HAL_Driver/stm32l4xx_hal_adc.cyclo ./Drivers/STM32L4xx_HAL_Driver/stm32l4xx_hal_adc.d ./Drivers/STM32L4xx_HAL_Driver/stm32l4xx_hal_adc.o ./Drivers/STM32L4xx_HAL_Driver/stm32l4xx_hal_adc.su ./Drivers/STM32L4xx_HAL_Driver/stm32l4xx_hal_adc_ex.cyclo ./Drivers/STM32L4xx_HAL_Driver/stm32l4xx_hal_adc_ex.d ./Drivers/STM32L4xx_HAL_Driver/stm32l4xx_hal_adc_ex.o ./Drivers/STM32L4xx_HAL_Driver/stm32l4xx_hal_adc_ex.su ./Drivers/STM32L4xx_HAL_Driver/stm32l4xx_hal_cortex.cyclo ./Drivers/STM32L4xx_HAL_Driver/stm32l4xx_hal_cortex.d ./Drivers/STM32L4xx_HAL_Driver/stm32l4xx_hal_cortex.o ./Drivers/STM32L4xx_HAL_Driver/stm32l4xx_hal_cortex.su ./Drivers/STM32L4xx_HAL_Driver/stm32l4xx_hal_dma.cyclo ./Drivers/STM32L4xx_HAL_Driver/stm32l4xx_hal_dma.d ./Drivers/STM32L4xx_HAL_Driver/stm32l4xx_hal_dma.o ./Drivers/STM32L4xx_HAL_Driver/stm32l4xx_hal_dma.su ./Drivers/STM32L4xx_HAL_Driver/stm32l4xx_hal_gpio.cyclo ./Drivers/STM32L4xx_HAL_Driver/stm32l4xx_hal_gpio.d ./Drivers/STM32L4xx_HAL_Driver/stm32l4xx_hal_gpio.o ./Drivers/STM32L4xx_HAL_Driver/stm32l4xx_hal_gpio.su ./Drivers/STM32L4xx_HAL_Driver/stm32l4xx_hal_i2c.cyclo ./Drivers/STM32L4xx_HAL_Driver/stm32l4xx_hal_i2c.d ./Drivers/STM32L4xx_HAL_Driver/stm32l4xx_hal_i2c.o ./Drivers/STM32L4xx_HAL_Driver/stm32l4xx_hal_i2c.su ./Drivers/STM32L4xx_HAL_Driver/stm32l4xx_hal_i2c_ex.cyclo ./Drivers/STM32L4xx_HAL_Driver/stm32l4xx_hal_i2c_ex.d ./Drivers/STM32L4xx_HAL_Driver/stm32l4xx_hal_i2c_ex.o ./Drivers/STM32L4xx_HAL_Driver/stm32l4xx_hal_i2c_ex.su ./Drivers/STM32L4xx_HAL_Driver/stm32l4xx_hal_pwr.cyclo ./Drivers/STM32L4xx_HAL_Driver/stm32l4xx_hal_pwr.d ./Drivers/STM32L4xx_HAL_Driver/stm32l4xx_hal_pwr.o ./Drivers/STM32L4xx_HAL_Driver/stm32l4xx_hal_pwr.su ./Drivers/STM32L4xx_HAL_Driver/stm32l4xx_hal_pwr_ex.cyclo ./Drivers/STM32L4xx_HAL_Driver/stm32l4xx_hal_pwr_ex.d ./Drivers/STM32L4xx_HAL_Driver/stm32l4xx_hal_pwr_ex.o ./Drivers/STM32L4xx_HAL_Driver/stm32l4xx_hal_pwr_ex.su ./Drivers/STM32L4xx_HAL_Driver/stm32l4xx_hal_rcc.cyclo ./Drivers/STM32L4xx_HAL_Driver/stm32l4xx_hal_rcc.d ./Drivers/STM32L4xx_HAL_Driver/stm32l4xx_hal_rcc.o ./Drivers/STM32L4xx_HAL_Driver/stm32l4xx_hal_rcc.su ./Drivers/STM32L4xx_HAL_Driver/stm32l4xx_hal_rcc_ex.cyclo ./Drivers/STM32L4xx_HAL_Driver/stm32l4xx_hal_rcc_ex.d ./Drivers/STM32L4xx_HAL_Driver/stm32l4xx_hal_rcc_ex.o ./Drivers/STM32L4xx_HAL_Driver/stm32l4xx_hal_rcc_ex.su ./Drivers/STM32L4xx_HAL_Driver/stm32l4xx_hal_spi.cyclo ./Drivers/STM32L4xx_HAL_Driver/stm32l4xx_hal_spi.d ./Drivers/STM32L4xx_HAL_Driver/stm32l4xx_hal_spi.o ./Drivers/STM32L4xx_HAL_Driver/stm32l4xx_hal_spi.su ./Drivers/STM32L4xx_HAL_Driver/stm32l4xx_hal_spi_ex.cyclo ./Drivers/STM32L4xx_HAL_Driver/stm32l4xx_hal_spi_ex.d ./Drivers/STM32L4xx_HAL_Driver/stm32l4xx_hal_spi_ex.o ./Drivers/STM32L4xx_HAL_Driver/stm32l4xx_hal_spi_ex.su ./Drivers/STM32L4xx_HAL_Driver/stm32l4xx_hal_uart.cyclo ./Drivers/STM32L4xx_HAL_Driver/stm32l4xx_hal_uart.d ./Drivers/STM32L4xx_HAL_Driver/stm32l4xx_hal_uart.o ./Drivers/STM32L4xx_HAL_Driver/stm32l4xx_hal_uart.su ./Drivers/STM32L4xx_HAL_Driver/stm32l4xx_hal_uart_ex.cyclo ./Drivers/STM32L4xx_HAL_Driver/stm32l4xx_hal_uart_ex.d ./Drivers/STM32L4xx_HAL_Driver/stm32l4xx_hal_uart_ex.o ./Drivers/STM32L4xx_HAL_Driver/stm32l4xx_hal_uart_ex.su
rm -rf ./Drivers/CMSIS/system_stm32l4xx.cyclo ./Drivers/CMSIS/system_stm32l4xx.d ./Drivers/CMSIS/system_stm32l4xx.o ./Drivers/CMSIS/system_stm32l4xx.su
rm -rf ./Drivers/BSP/hts221.cyclo ./Drivers/BSP/hts221.d ./Drivers/BSP/hts221.o ./Drivers/BSP/hts221.su
rm -rf ./Application/WIFI/es_wifi.cyclo ./Application/WIFI/es_wifi.d ./Application/WIFI/es_wifi.o ./Application/WIFI/es_wifi.su ./Application/WIFI/es_wifi_io.cyclo ./Application/WIFI/es_wifi_io.d ./Application/WIFI/es_wifi_io.o ./Application/WIFI/es_wifi_io.su ./Application/WIFI/wifi.cyclo ./Application/WIFI/wifi.d ./Application/WIFI/wifi.o ./Application/WIFI/wifi.su
rm -rf ./Application/User/main.cyclo ./Application/User/main.d ./Application/User/main.o ./Application/User/main.su ./Application/User/stm32l4xx_it.cyclo ./Application/User/stm32l4xx_it.d ./Application/User/stm32l4xx_it.o ./Application/User/stm32l4xx_it.su ./Application/User/syscalls.cyclo ./Application/User/syscalls.d ./Application/User/syscalls.o ./Application/User/syscalls.su ./Application/User/sysmem.cyclo ./Application/User/sysmem.d ./Application/User/sysmem.o ./Application/User/sysmem.su
rm -rf ./Application/Startup/startup_stm32l475vgtx.d ./Application/Startup/startup_stm32l475vgtx.o
rm -rf WiFi_HTTP_Server.elf WiFi_HTTP_Server.list WiFi_HTTP_Server.map default.size.stdout
 
13:24:06 **** Build of configuration Debug for project WiFi_HTTP_Server ****
make -j24 all 
arm-none-eabi-gcc "C:/Users/tedwa/Documents/ENEE408A/STM32CubeL4/Drivers/BSP/B-L475E-IOT01/stm32l475e_iot01.c" -mcpu=cortex-m4 -std=gnu11 -g3 -DUSE_HAL_DRIVER -DUSE_STM32L475E_IOT01 -DSTM32L475xx -c -I../../Inc -I../../../Common/Inc -I../../../../../../../Drivers/CMSIS/Include -I../../../../../../../Drivers/CMSIS/Device/ST/STM32L4xx/Include -I../../../../../../../Drivers/STM32L4xx_HAL_Driver/Inc -I../../../../../../../Drivers/BSP/B-L475E-IOT01 -O0 -ffunction-sections -fdata-sections -Wall -fstack-usage -fcyclomatic-complexity -MMD -MP -MF"Drivers/STM32L4xx_HAL_Driver/stm32l475e_iot01.d" -MT"Drivers/STM32L4xx_HAL_Driver/stm32l475e_iot01.o" --specs=nano.specs -mfpu=fpv4-sp-d16 -mfloat-abi=hard -mthumb -o "Drivers/STM32L4xx_HAL_Driver/stm32l475e_iot01.o"
arm-none-eabi-gcc "C:/Users/tedwa/Documents/ENEE408A/STM32CubeL4/Drivers/BSP/B-L475E-IOT01/stm32l475e_iot01_tsensor.c" -mcpu=cortex-m4 -std=gnu11 -g3 -DUSE_HAL_DRIVER -DUSE_STM32L475E_IOT01 -DSTM32L475xx -c -I../../Inc -I../../../Common/Inc -I../../../../../../../Drivers/CMSIS/Include -I../../../../../../../Drivers/CMSIS/Device/ST/STM32L4xx/Include -I../../../../../../../Drivers/STM32L4xx_HAL_Driver/Inc -I../../../../../../../Drivers/BSP/B-L475E-IOT01 -O0 -ffunction-sections -fdata-sections -Wall -fstack-usage -fcyclomatic-complexity -MMD -MP -MF"Drivers/STM32L4xx_HAL_Driver/stm32l475e_iot01_tsensor.d" -MT"Drivers/STM32L4xx_HAL_Driver/stm32l475e_iot01_tsensor.o" --specs=nano.specs -mfpu=fpv4-sp-d16 -mfloat-abi=hard -mthumb -o "Drivers/STM32L4xx_HAL_Driver/stm32l475e_iot01_tsensor.o"
arm-none-eabi-gcc "C:/Users/tedwa/Documents/ENEE408A/STM32CubeL4/Drivers/STM32L4xx_HAL_Driver/Src/stm32l4xx_hal.c" -mcpu=cortex-m4 -std=gnu11 -g3 -DUSE_HAL_DRIVER -DUSE_STM32L475E_IOT01 -DSTM32L475xx -c -I../../Inc -I../../../Common/Inc -I../../../../../../../Drivers/CMSIS/Include -I../../../../../../../Drivers/CMSIS/Device/ST/STM32L4xx/Include -I../../../../../../../Drivers/STM32L4xx_HAL_Driver/Inc -I../../../../../../../Drivers/BSP/B-L475E-IOT01 -O0 -ffunction-sections -fdata-sections -Wall -fstack-usage -fcyclomatic-complexity -MMD -MP -MF"Drivers/STM32L4xx_HAL_Driver/stm32l4xx_hal.d" -MT"Drivers/STM32L4xx_HAL_Driver/stm32l4xx_hal.o" --specs=nano.specs -mfpu=fpv4-sp-d16 -mfloat-abi=hard -mthumb -o "Drivers/STM32L4xx_HAL_Driver/stm32l4xx_hal.o"
arm-none-eabi-gcc "C:/Users/tedwa/Documents/ENEE408A/STM32CubeL4/Drivers/STM32L4xx_HAL_Driver/Src/stm32l4xx_hal_adc.c" -mcpu=cortex-m4 -std=gnu11 -g3 -DUSE_HAL_DRIVER -DUSE_STM32L475E_IOT01 -DSTM32L475xx -c -I../../Inc -I../../../Common/Inc -I../../../../../../../Drivers/CMSIS/Include -I../../../../../../../Drivers/CMSIS/Device/ST/STM32L4xx/Include -I../../../../../../../Drivers/STM32L4xx_HAL_Driver/Inc -I../../../../../../../Drivers/BSP/B-L475E-IOT01 -O0 -ffunction-sections -fdata-sections -Wall -fstack-usage -fcyclomatic-complexity -MMD -MP -MF"Drivers/STM32L4xx_HAL_Driver/stm32l4xx_hal_adc.d" -MT"Drivers/STM32L4xx_HAL_Driver/stm32l4xx_hal_adc.o" --specs=nano.specs -mfpu=fpv4-sp-d16 -mfloat-abi=hard -mthumb -o "Drivers/STM32L4xx_HAL_Driver/stm32l4xx_hal_adc.o"
arm-none-eabi-gcc "C:/Users/tedwa/Documents/ENEE408A/STM32CubeL4/Drivers/STM32L4xx_HAL_Driver/Src/stm32l4xx_hal_adc_ex.c" -mcpu=cortex-m4 -std=gnu11 -g3 -DUSE_HAL_DRIVER -DUSE_STM32L475E_IOT01 -DSTM32L475xx -c -I../../Inc -I../../../Common/Inc -I../../../../../../../Drivers/CMSIS/Include -I../../../../../../../Drivers/CMSIS/Device/ST/STM32L4xx/Include -I../../../../../../../Drivers/STM32L4xx_HAL_Driver/Inc -I../../../../../../../Drivers/BSP/B-L475E-IOT01 -O0 -ffunction-sections -fdata-sections -Wall -fstack-usage -fcyclomatic-complexity -MMD -MP -MF"Drivers/STM32L4xx_HAL_Driver/stm32l4xx_hal_adc_ex.d" -MT"Drivers/STM32L4xx_HAL_Driver/stm32l4xx_hal_adc_ex.o" --specs=nano.specs -mfpu=fpv4-sp-d16 -mfloat-abi=hard -mthumb -o "Drivers/STM32L4xx_HAL_Driver/stm32l4xx_hal_adc_ex.o"
arm-none-eabi-gcc "C:/Users/tedwa/Documents/ENEE408A/STM32CubeL4/Drivers/STM32L4xx_HAL_Driver/Src/stm32l4xx_hal_cortex.c" -mcpu=cortex-m4 -std=gnu11 -g3 -DUSE_HAL_DRIVER -DUSE_STM32L475E_IOT01 -DSTM32L475xx -c -I../../Inc -I../../../Common/Inc -I../../../../../../../Drivers/CMSIS/Include -I../../../../../../../Drivers/CMSIS/Device/ST/STM32L4xx/Include -I../../../../../../../Drivers/STM32L4xx_HAL_Driver/Inc -I../../../../../../../Drivers/BSP/B-L475E-IOT01 -O0 -ffunction-sections -fdata-sections -Wall -fstack-usage -fcyclomatic-complexity -MMD -MP -MF"Drivers/STM32L4xx_HAL_Driver/stm32l4xx_hal_cortex.d" -MT"Drivers/STM32L4xx_HAL_Driver/stm32l4xx_hal_cortex.o" --specs=nano.specs -mfpu=fpv4-sp-d16 -mfloat-abi=hard -mthumb -o "Drivers/STM32L4xx_HAL_Driver/stm32l4xx_hal_cortex.o"
arm-none-eabi-gcc "C:/Users/tedwa/Documents/ENEE408A/STM32CubeL4/Drivers/STM32L4xx_HAL_Driver/Src/stm32l4xx_hal_dma.c" -mcpu=cortex-m4 -std=gnu11 -g3 -DUSE_HAL_DRIVER -DUSE_STM32L475E_IOT01 -DSTM32L475xx -c -I../../Inc -I../../../Common/Inc -I../../../../../../../Drivers/CMSIS/Include -I../../../../../../../Drivers/CMSIS/Device/ST/STM32L4xx/Include -I../../../../../../../Drivers/STM32L4xx_HAL_Driver/Inc -I../../../../../../../Drivers/BSP/B-L475E-IOT01 -O0 -ffunction-sections -fdata-sections -Wall -fstack-usage -fcyclomatic-complexity -MMD -MP -MF"Drivers/STM32L4xx_HAL_Driver/stm32l4xx_hal_dma.d" -MT"Drivers/STM32L4xx_HAL_Driver/stm32l4xx_hal_dma.o" --specs=nano.specs -mfpu=fpv4-sp-d16 -mfloat-abi=hard -mthumb -o "Drivers/STM32L4xx_HAL_Driver/stm32l4xx_hal_dma.o"
arm-none-eabi-gcc "C:/Users/tedwa/Documents/ENEE408A/STM32CubeL4/Drivers/STM32L4xx_HAL_Driver/Src/stm32l4xx_hal_gpio.c" -mcpu=cortex-m4 -std=gnu11 -g3 -DUSE_HAL_DRIVER -DUSE_STM32L475E_IOT01 -DSTM32L475xx -c -I../../Inc -I../../../Common/Inc -I../../../../../../../Drivers/CMSIS/Include -I../../../../../../../Drivers/CMSIS/Device/ST/STM32L4xx/Include -I../../../../../../../Drivers/STM32L4xx_HAL_Driver/Inc -I../../../../../../../Drivers/BSP/B-L475E-IOT01 -O0 -ffunction-sections -fdata-sections -Wall -fstack-usage -fcyclomatic-complexity -MMD -MP -MF"Drivers/STM32L4xx_HAL_Driver/stm32l4xx_hal_gpio.d" -MT"Drivers/STM32L4xx_HAL_Driver/stm32l4xx_hal_gpio.o" --specs=nano.specs -mfpu=fpv4-sp-d16 -mfloat-abi=hard -mthumb -o "Drivers/STM32L4xx_HAL_Driver/stm32l4xx_hal_gpio.o"
arm-none-eabi-gcc "C:/Users/tedwa/Documents/ENEE408A/STM32CubeL4/Drivers/STM32L4xx_HAL_Driver/Src/stm32l4xx_hal_i2c.c" -mcpu=cortex-m4 -std=gnu11 -g3 -DUSE_HAL_DRIVER -DUSE_STM32L475E_IOT01 -DSTM32L475xx -c -I../../Inc -I../../../Common/Inc -I../../../../../../../Drivers/CMSIS/Include -I../../../../../../../Drivers/CMSIS/Device/ST/STM32L4xx/Include -I../../../../../../../Drivers/STM32L4xx_HAL_Driver/Inc -I../../../../../../../Drivers/BSP/B-L475E-IOT01 -O0 -ffunction-sections -fdata-sections -Wall -fstack-usage -fcyclomatic-complexity -MMD -MP -MF"Drivers/STM32L4xx_HAL_Driver/stm32l4xx_hal_i2c.d" -MT"Drivers/STM32L4xx_HAL_Driver/stm32l4xx_hal_i2c.o" --specs=nano.specs -mfpu=fpv4-sp-d16 -mfloat-abi=hard -mthumb -o "Drivers/STM32L4xx_HAL_Driver/stm32l4xx_hal_i2c.o"
arm-none-eabi-gcc "C:/Users/tedwa/Documents/ENEE408A/STM32CubeL4/Drivers/STM32L4xx_HAL_Driver/Src/stm32l4xx_hal_i2c_ex.c" -mcpu=cortex-m4 -std=gnu11 -g3 -DUSE_HAL_DRIVER -DUSE_STM32L475E_IOT01 -DSTM32L475xx -c -I../../Inc -I../../../Common/Inc -I../../../../../../../Drivers/CMSIS/Include -I../../../../../../../Drivers/CMSIS/Device/ST/STM32L4xx/Include -I../../../../../../../Drivers/STM32L4xx_HAL_Driver/Inc -I../../../../../../../Drivers/BSP/B-L475E-IOT01 -O0 -ffunction-sections -fdata-sections -Wall -fstack-usage -fcyclomatic-complexity -MMD -MP -MF"Drivers/STM32L4xx_HAL_Driver/stm32l4xx_hal_i2c_ex.d" -MT"Drivers/STM32L4xx_HAL_Driver/stm32l4xx_hal_i2c_ex.o" --specs=nano.specs -mfpu=fpv4-sp-d16 -mfloat-abi=hard -mthumb -o "Drivers/STM32L4xx_HAL_Driver/stm32l4xx_hal_i2c_ex.o"
arm-none-eabi-gcc "C:/Users/tedwa/Documents/ENEE408A/STM32CubeL4/Drivers/STM32L4xx_HAL_Driver/Src/stm32l4xx_hal_pwr.c" -mcpu=cortex-m4 -std=gnu11 -g3 -DUSE_HAL_DRIVER -DUSE_STM32L475E_IOT01 -DSTM32L475xx -c -I../../Inc -I../../../Common/Inc -I../../../../../../../Drivers/CMSIS/Include -I../../../../../../../Drivers/CMSIS/Device/ST/STM32L4xx/Include -I../../../../../../../Drivers/STM32L4xx_HAL_Driver/Inc -I../../../../../../../Drivers/BSP/B-L475E-IOT01 -O0 -ffunction-sections -fdata-sections -Wall -fstack-usage -fcyclomatic-complexity -MMD -MP -MF"Drivers/STM32L4xx_HAL_Driver/stm32l4xx_hal_pwr.d" -MT"Drivers/STM32L4xx_HAL_Driver/stm32l4xx_hal_pwr.o" --specs=nano.specs -mfpu=fpv4-sp-d16 -mfloat-abi=hard -mthumb -o "Drivers/STM32L4xx_HAL_Driver/stm32l4xx_hal_pwr.o"
arm-none-eabi-gcc "C:/Users/tedwa/Documents/ENEE408A/STM32CubeL4/Drivers/STM32L4xx_HAL_Driver/Src/stm32l4xx_hal_pwr_ex.c" -mcpu=cortex-m4 -std=gnu11 -g3 -DUSE_HAL_DRIVER -DUSE_STM32L475E_IOT01 -DSTM32L475xx -c -I../../Inc -I../../../Common/Inc -I../../../../../../../Drivers/CMSIS/Include -I../../../../../../../Drivers/CMSIS/Device/ST/STM32L4xx/Include -I../../../../../../../Drivers/STM32L4xx_HAL_Driver/Inc -I../../../../../../../Drivers/BSP/B-L475E-IOT01 -O0 -ffunction-sections -fdata-sections -Wall -fstack-usage -fcyclomatic-complexity -MMD -MP -MF"Drivers/STM32L4xx_HAL_Driver/stm32l4xx_hal_pwr_ex.d" -MT"Drivers/STM32L4xx_HAL_Driver/stm32l4xx_hal_pwr_ex.o" --specs=nano.specs -mfpu=fpv4-sp-d16 -mfloat-abi=hard -mthumb -o "Drivers/STM32L4xx_HAL_Driver/stm32l4xx_hal_pwr_ex.o"
arm-none-eabi-gcc "C:/Users/tedwa/Documents/ENEE408A/STM32CubeL4/Drivers/STM32L4xx_HAL_Driver/Src/stm32l4xx_hal_rcc.c" -mcpu=cortex-m4 -std=gnu11 -g3 -DUSE_HAL_DRIVER -DUSE_STM32L475E_IOT01 -DSTM32L475xx -c -I../../Inc -I../../../Common/Inc -I../../../../../../../Drivers/CMSIS/Include -I../../../../../../../Drivers/CMSIS/Device/ST/STM32L4xx/Include -I../../../../../../../Drivers/STM32L4xx_HAL_Driver/Inc -I../../../../../../../Drivers/BSP/B-L475E-IOT01 -O0 -ffunction-sections -fdata-sections -Wall -fstack-usage -fcyclomatic-complexity -MMD -MP -MF"Drivers/STM32L4xx_HAL_Driver/stm32l4xx_hal_rcc.d" -MT"Drivers/STM32L4xx_HAL_Driver/stm32l4xx_hal_rcc.o" --specs=nano.specs -mfpu=fpv4-sp-d16 -mfloat-abi=hard -mthumb -o "Drivers/STM32L4xx_HAL_Driver/stm32l4xx_hal_rcc.o"
arm-none-eabi-gcc "C:/Users/tedwa/Documents/ENEE408A/STM32CubeL4/Drivers/STM32L4xx_HAL_Driver/Src/stm32l4xx_hal_rcc_ex.c" -mcpu=cortex-m4 -std=gnu11 -g3 -DUSE_HAL_DRIVER -DUSE_STM32L475E_IOT01 -DSTM32L475xx -c -I../../Inc -I../../../Common/Inc -I../../../../../../../Drivers/CMSIS/Include -I../../../../../../../Drivers/CMSIS/Device/ST/STM32L4xx/Include -I../../../../../../../Drivers/STM32L4xx_HAL_Driver/Inc -I../../../../../../../Drivers/BSP/B-L475E-IOT01 -O0 -ffunction-sections -fdata-sections -Wall -fstack-usage -fcyclomatic-complexity -MMD -MP -MF"Drivers/STM32L4xx_HAL_Driver/stm32l4xx_hal_rcc_ex.d" -MT"Drivers/STM32L4xx_HAL_Driver/stm32l4xx_hal_rcc_ex.o" --specs=nano.specs -mfpu=fpv4-sp-d16 -mfloat-abi=hard -mthumb -o "Drivers/STM32L4xx_HAL_Driver/stm32l4xx_hal_rcc_ex.o"
arm-none-eabi-gcc "C:/Users/tedwa/Documents/ENEE408A/STM32CubeL4/Drivers/STM32L4xx_HAL_Driver/Src/stm32l4xx_hal_spi.c" -mcpu=cortex-m4 -std=gnu11 -g3 -DUSE_HAL_DRIVER -DUSE_STM32L475E_IOT01 -DSTM32L475xx -c -I../../Inc -I../../../Common/Inc -I../../../../../../../Drivers/CMSIS/Include -I../../../../../../../Drivers/CMSIS/Device/ST/STM32L4xx/Include -I../../../../../../../Drivers/STM32L4xx_HAL_Driver/Inc -I../../../../../../../Drivers/BSP/B-L475E-IOT01 -O0 -ffunction-sections -fdata-sections -Wall -fstack-usage -fcyclomatic-complexity -MMD -MP -MF"Drivers/STM32L4xx_HAL_Driver/stm32l4xx_hal_spi.d" -MT"Drivers/STM32L4xx_HAL_Driver/stm32l4xx_hal_spi.o" --specs=nano.specs -mfpu=fpv4-sp-d16 -mfloat-abi=hard -mthumb -o "Drivers/STM32L4xx_HAL_Driver/stm32l4xx_hal_spi.o"
arm-none-eabi-gcc "C:/Users/tedwa/Documents/ENEE408A/STM32CubeL4/Drivers/STM32L4xx_HAL_Driver/Src/stm32l4xx_hal_spi_ex.c" -mcpu=cortex-m4 -std=gnu11 -g3 -DUSE_HAL_DRIVER -DUSE_STM32L475E_IOT01 -DSTM32L475xx -c -I../../Inc -I../../../Common/Inc -I../../../../../../../Drivers/CMSIS/Include -I../../../../../../../Drivers/CMSIS/Device/ST/STM32L4xx/Include -I../../../../../../../Drivers/STM32L4xx_HAL_Driver/Inc -I../../../../../../../Drivers/BSP/B-L475E-IOT01 -O0 -ffunction-sections -fdata-sections -Wall -fstack-usage -fcyclomatic-complexity -MMD -MP -MF"Drivers/STM32L4xx_HAL_Driver/stm32l4xx_hal_spi_ex.d" -MT"Drivers/STM32L4xx_HAL_Driver/stm32l4xx_hal_spi_ex.o" --specs=nano.specs -mfpu=fpv4-sp-d16 -mfloat-abi=hard -mthumb -o "Drivers/STM32L4xx_HAL_Driver/stm32l4xx_hal_spi_ex.o"
arm-none-eabi-gcc "C:/Users/tedwa/Documents/ENEE408A/STM32CubeL4/Drivers/STM32L4xx_HAL_Driver/Src/stm32l4xx_hal_uart.c" -mcpu=cortex-m4 -std=gnu11 -g3 -DUSE_HAL_DRIVER -DUSE_STM32L475E_IOT01 -DSTM32L475xx -c -I../../Inc -I../../../Common/Inc -I../../../../../../../Drivers/CMSIS/Include -I../../../../../../../Drivers/CMSIS/Device/ST/STM32L4xx/Include -I../../../../../../../Drivers/STM32L4xx_HAL_Driver/Inc -I../../../../../../../Drivers/BSP/B-L475E-IOT01 -O0 -ffunction-sections -fdata-sections -Wall -fstack-usage -fcyclomatic-complexity -MMD -MP -MF"Drivers/STM32L4xx_HAL_Driver/stm32l4xx_hal_uart.d" -MT"Drivers/STM32L4xx_HAL_Driver/stm32l4xx_hal_uart.o" --specs=nano.specs -mfpu=fpv4-sp-d16 -mfloat-abi=hard -mthumb -o "Drivers/STM32L4xx_HAL_Driver/stm32l4xx_hal_uart.o"
arm-none-eabi-gcc "C:/Users/tedwa/Documents/ENEE408A/STM32CubeL4/Drivers/STM32L4xx_HAL_Driver/Src/stm32l4xx_hal_uart_ex.c" -mcpu=cortex-m4 -std=gnu11 -g3 -DUSE_HAL_DRIVER -DUSE_STM32L475E_IOT01 -DSTM32L475xx -c -I../../Inc -I../../../Common/Inc -I../../../../../../../Drivers/CMSIS/Include -I../../../../../../../Drivers/CMSIS/Device/ST/STM32L4xx/Include -I../../../../../../../Drivers/STM32L4xx_HAL_Driver/Inc -I../../../../../../../Drivers/BSP/B-L475E-IOT01 -O0 -ffunction-sections -fdata-sections -Wall -fstack-usage -fcyclomatic-complexity -MMD -MP -MF"Drivers/STM32L4xx_HAL_Driver/stm32l4xx_hal_uart_ex.d" -MT"Drivers/STM32L4xx_HAL_Driver/stm32l4xx_hal_uart_ex.o" --specs=nano.specs -mfpu=fpv4-sp-d16 -mfloat-abi=hard -mthumb -o "Drivers/STM32L4xx_HAL_Driver/stm32l4xx_hal_uart_ex.o"
arm-none-eabi-gcc "C:/Users/tedwa/Documents/ENEE408A/STM32CubeL4/Projects/B-L475E-IOT01A/Applications/WiFi/WiFi_HTTP_Server/Src/system_stm32l4xx.c" -mcpu=cortex-m4 -std=gnu11 -g3 -DUSE_HAL_DRIVER -DUSE_STM32L475E_IOT01 -DSTM32L475xx -c -I../../Inc -I../../../Common/Inc -I../../../../../../../Drivers/CMSIS/Include -I../../../../../../../Drivers/CMSIS/Device/ST/STM32L4xx/Include -I../../../../../../../Drivers/STM32L4xx_HAL_Driver/Inc -I../../../../../../../Drivers/BSP/B-L475E-IOT01 -O0 -ffunction-sections -fdata-sections -Wall -fstack-usage -fcyclomatic-complexity -MMD -MP -MF"Drivers/CMSIS/system_stm32l4xx.d" -MT"Drivers/CMSIS/system_stm32l4xx.o" --specs=nano.specs -mfpu=fpv4-sp-d16 -mfloat-abi=hard -mthumb -o "Drivers/CMSIS/system_stm32l4xx.o"
arm-none-eabi-gcc "C:/Users/tedwa/Documents/ENEE408A/STM32CubeL4/Drivers/BSP/Components/hts221/hts221.c" -mcpu=cortex-m4 -std=gnu11 -g3 -DUSE_HAL_DRIVER -DUSE_STM32L475E_IOT01 -DSTM32L475xx -c -I../../Inc -I../../../Common/Inc -I../../../../../../../Drivers/CMSIS/Include -I../../../../../../../Drivers/CMSIS/Device/ST/STM32L4xx/Include -I../../../../../../../Drivers/STM32L4xx_HAL_Driver/Inc -I../../../../../../../Drivers/BSP/B-L475E-IOT01 -O0 -ffunction-sections -fdata-sections -Wall -fstack-usage -fcyclomatic-complexity -MMD -MP -MF"Drivers/BSP/hts221.d" -MT"Drivers/BSP/hts221.o" --specs=nano.specs -mfpu=fpv4-sp-d16 -mfloat-abi=hard -mthumb -o "Drivers/BSP/hts221.o"
arm-none-eabi-gcc "C:/Users/tedwa/Documents/ENEE408A/STM32CubeL4/Projects/B-L475E-IOT01A/Applications/WiFi/Common/Src/es_wifi.c" -mcpu=cortex-m4 -std=gnu11 -g3 -DUSE_HAL_DRIVER -DUSE_STM32L475E_IOT01 -DSTM32L475xx -c -I../../Inc -I../../../Common/Inc -I../../../../../../../Drivers/CMSIS/Include -I../../../../../../../Drivers/CMSIS/Device/ST/STM32L4xx/Include -I../../../../../../../Drivers/STM32L4xx_HAL_Driver/Inc -I../../../../../../../Drivers/BSP/B-L475E-IOT01 -O0 -ffunction-sections -fdata-sections -Wall -fstack-usage -fcyclomatic-complexity -MMD -MP -MF"Application/WIFI/es_wifi.d" -MT"Application/WIFI/es_wifi.o" --specs=nano.specs -mfpu=fpv4-sp-d16 -mfloat-abi=hard -mthumb -o "Application/WIFI/es_wifi.o"
arm-none-eabi-gcc "C:/Users/tedwa/Documents/ENEE408A/STM32CubeL4/Projects/B-L475E-IOT01A/Applications/WiFi/Common/Src/es_wifi_io.c" -mcpu=cortex-m4 -std=gnu11 -g3 -DUSE_HAL_DRIVER -DUSE_STM32L475E_IOT01 -DSTM32L475xx -c -I../../Inc -I../../../Common/Inc -I../../../../../../../Drivers/CMSIS/Include -I../../../../../../../Drivers/CMSIS/Device/ST/STM32L4xx/Include -I../../../../../../../Drivers/STM32L4xx_HAL_Driver/Inc -I../../../../../../../Drivers/BSP/B-L475E-IOT01 -O0 -ffunction-sections -fdata-sections -Wall -fstack-usage -fcyclomatic-complexity -MMD -MP -MF"Application/WIFI/es_wifi_io.d" -MT"Application/WIFI/es_wifi_io.o" --specs=nano.specs -mfpu=fpv4-sp-d16 -mfloat-abi=hard -mthumb -o "Application/WIFI/es_wifi_io.o"
arm-none-eabi-gcc "C:/Users/tedwa/Documents/ENEE408A/STM32CubeL4/Projects/B-L475E-IOT01A/Applications/WiFi/Common/Src/wifi.c" -mcpu=cortex-m4 -std=gnu11 -g3 -DUSE_HAL_DRIVER -DUSE_STM32L475E_IOT01 -DSTM32L475xx -c -I../../Inc -I../../../Common/Inc -I../../../../../../../Drivers/CMSIS/Include -I../../../../../../../Drivers/CMSIS/Device/ST/STM32L4xx/Include -I../../../../../../../Drivers/STM32L4xx_HAL_Driver/Inc -I../../../../../../../Drivers/BSP/B-L475E-IOT01 -O0 -ffunction-sections -fdata-sections -Wall -fstack-usage -fcyclomatic-complexity -MMD -MP -MF"Application/WIFI/wifi.d" -MT"Application/WIFI/wifi.o" --specs=nano.specs -mfpu=fpv4-sp-d16 -mfloat-abi=hard -mthumb -o "Application/WIFI/wifi.o"
arm-none-eabi-gcc "C:/Users/tedwa/Documents/ENEE408A/STM32CubeL4/Projects/B-L475E-IOT01A/Applications/WiFi/WiFi_HTTP_Server/Src/main.c" -mcpu=cortex-m4 -std=gnu11 -g3 -DUSE_HAL_DRIVER -DUSE_STM32L475E_IOT01 -DSTM32L475xx -c -I../../Inc -I../../../Common/Inc -I../../../../../../../Drivers/CMSIS/Include -I../../../../../../../Drivers/CMSIS/Device/ST/STM32L4xx/Include -I../../../../../../../Drivers/STM32L4xx_HAL_Driver/Inc -I../../../../../../../Drivers/BSP/B-L475E-IOT01 -O0 -ffunction-sections -fdata-sections -Wall -fstack-usage -fcyclomatic-complexity -MMD -MP -MF"Application/User/main.d" -MT"Application/User/main.o" --specs=nano.specs -mfpu=fpv4-sp-d16 -mfloat-abi=hard -mthumb -o "Application/User/main.o"
arm-none-eabi-gcc "C:/Users/tedwa/Documents/ENEE408A/STM32CubeL4/Projects/B-L475E-IOT01A/Applications/WiFi/WiFi_HTTP_Server/Src/stm32l4xx_it.c" -mcpu=cortex-m4 -std=gnu11 -g3 -DUSE_HAL_DRIVER -DUSE_STM32L475E_IOT01 -DSTM32L475xx -c -I../../Inc -I../../../Common/Inc -I../../../../../../../Drivers/CMSIS/Include -I../../../../../../../Drivers/CMSIS/Device/ST/STM32L4xx/Include -I../../../../../../../Drivers/STM32L4xx_HAL_Driver/Inc -I../../../../../../../Drivers/BSP/B-L475E-IOT01 -O0 -ffunction-sections -fdata-sections -Wall -fstack-usage -fcyclomatic-complexity -MMD -MP -MF"Application/User/stm32l4xx_it.d" -MT"Application/User/stm32l4xx_it.o" --specs=nano.specs -mfpu=fpv4-sp-d16 -mfloat-abi=hard -mthumb -o "Application/User/stm32l4xx_it.o"
arm-none-eabi-gcc "../Application/User/syscalls.c" -mcpu=cortex-m4 -std=gnu11 -g3 -DUSE_HAL_DRIVER -DUSE_STM32L475E_IOT01 -DSTM32L475xx -c -I../../Inc -I../../../Common/Inc -I../../../../../../../Drivers/CMSIS/Include -I../../../../../../../Drivers/CMSIS/Device/ST/STM32L4xx/Include -I../../../../../../../Drivers/STM32L4xx_HAL_Driver/Inc -I../../../../../../../Drivers/BSP/B-L475E-IOT01 -O0 -ffunction-sections -fdata-sections -Wall -fstack-usage -fcyclomatic-complexity -MMD -MP -MF"Application/User/syscalls.d" -MT"Application/User/syscalls.o" --specs=nano.specs -mfpu=fpv4-sp-d16 -mfloat-abi=hard -mthumb -o "Application/User/syscalls.o"
arm-none-eabi-gcc "../Application/User/sysmem.c" -mcpu=cortex-m4 -std=gnu11 -g3 -DUSE_HAL_DRIVER -DUSE_STM32L475E_IOT01 -DSTM32L475xx -c -I../../Inc -I../../../Common/Inc -I../../../../../../../Drivers/CMSIS/Include -I../../../../../../../Drivers/CMSIS/Device/ST/STM32L4xx/Include -I../../../../../../../Drivers/STM32L4xx_HAL_Driver/Inc -I../../../../../../../Drivers/BSP/B-L475E-IOT01 -O0 -ffunction-sections -fdata-sections -Wall -fstack-usage -fcyclomatic-complexity -MMD -MP -MF"Application/User/sysmem.d" -MT"Application/User/sysmem.o" --specs=nano.specs -mfpu=fpv4-sp-d16 -mfloat-abi=hard -mthumb -o "Application/User/sysmem.o"
arm-none-eabi-gcc -mcpu=cortex-m4 -g3 -DDEBUG -c -x assembler-with-cpp -MMD -MP -MF"Application/Startup/startup_stm32l475vgtx.d" -MT"Application/Startup/startup_stm32l475vgtx.o" --specs=nano.specs -mfpu=fpv4-sp-d16 -mfloat-abi=hard -mthumb -o "Application/Startup/startup_stm32l475vgtx.o" "../Application/Startup/startup_stm32l475vgtx.s"
arm-none-eabi-gcc -o "WiFi_HTTP_Server.elf" @"objects.list"   -mcpu=cortex-m4 -T"C:\Users\tedwa\Documents\ENEE408A\STM32CubeL4\Projects\B-L475E-IOT01A\Applications\WiFi\WiFi_HTTP_Server\STM32CubeIDE\STM32L475VGTX_FLASH.ld" --specs=nosys.specs -Wl,-Map="WiFi_HTTP_Server.map" -Wl,--gc-sections -static --specs=nano.specs -mfpu=fpv4-sp-d16 -mfloat-abi=hard -mthumb -Wl,--start-group -lc -lm -Wl,--end-group
Finished building target: WiFi_HTTP_Server.elf
 
arm-none-eabi-size  WiFi_HTTP_Server.elf 
arm-none-eabi-objdump -h -S WiFi_HTTP_Server.elf  > "WiFi_HTTP_Server.list"
   text	   data	    bss	    dec	    hex	filename
  33660	    120	  97136	 130916	  1ff64	WiFi_HTTP_Server.elf
Finished building: default.size.stdout
 
Finished building: WiFi_HTTP_Server.list
 
13:24:24 **** Incremental Build of configuration Debug for project WiFi_HTTP_Server ****
make -j24 all 
arm-none-eabi-size  WiFi_HTTP_Server.elf 
   text	   data	    bss	    dec	    hex	filename
  33660	    120	  97136	 130916	  1ff64	WiFi_HTTP_Server.elf
Finished building: default.size.stdout
 
13:25:35 **** Incremental Build of configuration Debug for project WiFi_HTTP_Server ****
make -j24 all 
arm-none-eabi-size  WiFi_HTTP_Server.elf 
   text	   data	    bss	    dec	    hex	filename
  33660	    120	  97136	 130916	  1ff64	WiFi_HTTP_Server.elf
Finished building: default.size.stdout
 
13:27:07 **** Clean-only build of configuration Debug for project WiFi_HTTP_Server ****
make -j24 clean 
rm -rf ./Drivers/STM32L4xx_HAL_Driver/stm32l475e_iot01.cyclo ./Drivers/STM32L4xx_HAL_Driver/stm32l475e_iot01.d ./Drivers/STM32L4xx_HAL_Driver/stm32l475e_iot01.o ./Drivers/STM32L4xx_HAL_Driver/stm32l475e_iot01.su ./Drivers/STM32L4xx_HAL_Driver/stm32l475e_iot01_tsensor.cyclo ./Drivers/STM32L4xx_HAL_Driver/stm32l475e_iot01_tsensor.d ./Drivers/STM32L4xx_HAL_Driver/stm32l475e_iot01_tsensor.o ./Drivers/STM32L4xx_HAL_Driver/stm32l475e_iot01_tsensor.su ./Drivers/STM32L4xx_HAL_Driver/stm32l4xx_hal.cyclo ./Drivers/STM32L4xx_HAL_Driver/stm32l4xx_hal.d ./Drivers/STM32L4xx_HAL_Driver/stm32l4xx_hal.o ./Drivers/STM32L4xx_HAL_Driver/stm32l4xx_hal.su ./Drivers/STM32L4xx_HAL_Driver/stm32l4xx_hal_adc.cyclo ./Drivers/STM32L4xx_HAL_Driver/stm32l4xx_hal_adc.d ./Drivers/STM32L4xx_HAL_Driver/stm32l4xx_hal_adc.o ./Drivers/STM32L4xx_HAL_Driver/stm32l4xx_hal_adc.su ./Drivers/STM32L4xx_HAL_Driver/stm32l4xx_hal_adc_ex.cyclo ./Drivers/STM32L4xx_HAL_Driver/stm32l4xx_hal_adc_ex.d ./Drivers/STM32L4xx_HAL_Driver/stm32l4xx_hal_adc_ex.o ./Drivers/STM32L4xx_HAL_Driver/stm32l4xx_hal_adc_ex.su ./Drivers/STM32L4xx_HAL_Driver/stm32l4xx_hal_cortex.cyclo ./Drivers/STM32L4xx_HAL_Driver/stm32l4xx_hal_cortex.d ./Drivers/STM32L4xx_HAL_Driver/stm32l4xx_hal_cortex.o ./Drivers/STM32L4xx_HAL_Driver/stm32l4xx_hal_cortex.su ./Drivers/STM32L4xx_HAL_Driver/stm32l4xx_hal_dma.cyclo ./Drivers/STM32L4xx_HAL_Driver/stm32l4xx_hal_dma.d ./Drivers/STM32L4xx_HAL_Driver/stm32l4xx_hal_dma.o ./Drivers/STM32L4xx_HAL_Driver/stm32l4xx_hal_dma.su ./Drivers/STM32L4xx_HAL_Driver/stm32l4xx_hal_gpio.cyclo ./Drivers/STM32L4xx_HAL_Driver/stm32l4xx_hal_gpio.d ./Drivers/STM32L4xx_HAL_Driver/stm32l4xx_hal_gpio.o ./Drivers/STM32L4xx_HAL_Driver/stm32l4xx_hal_gpio.su ./Drivers/STM32L4xx_HAL_Driver/stm32l4xx_hal_i2c.cyclo ./Drivers/STM32L4xx_HAL_Driver/stm32l4xx_hal_i2c.d ./Drivers/STM32L4xx_HAL_Driver/stm32l4xx_hal_i2c.o ./Drivers/STM32L4xx_HAL_Driver/stm32l4xx_hal_i2c.su ./Drivers/STM32L4xx_HAL_Driver/stm32l4xx_hal_i2c_ex.cyclo ./Drivers/STM32L4xx_HAL_Driver/stm32l4xx_hal_i2c_ex.d ./Drivers/STM32L4xx_HAL_Driver/stm32l4xx_hal_i2c_ex.o ./Drivers/STM32L4xx_HAL_Driver/stm32l4xx_hal_i2c_ex.su ./Drivers/STM32L4xx_HAL_Driver/stm32l4xx_hal_pwr.cyclo ./Drivers/STM32L4xx_HAL_Driver/stm32l4xx_hal_pwr.d ./Drivers/STM32L4xx_HAL_Driver/stm32l4xx_hal_pwr.o ./Drivers/STM32L4xx_HAL_Driver/stm32l4xx_hal_pwr.su ./Drivers/STM32L4xx_HAL_Driver/stm32l4xx_hal_pwr_ex.cyclo ./Drivers/STM32L4xx_HAL_Driver/stm32l4xx_hal_pwr_ex.d ./Drivers/STM32L4xx_HAL_Driver/stm32l4xx_hal_pwr_ex.o ./Drivers/STM32L4xx_HAL_Driver/stm32l4xx_hal_pwr_ex.su ./Drivers/STM32L4xx_HAL_Driver/stm32l4xx_hal_rcc.cyclo ./Drivers/STM32L4xx_HAL_Driver/stm32l4xx_hal_rcc.d ./Drivers/STM32L4xx_HAL_Driver/stm32l4xx_hal_rcc.o ./Drivers/STM32L4xx_HAL_Driver/stm32l4xx_hal_rcc.su ./Drivers/STM32L4xx_HAL_Driver/stm32l4xx_hal_rcc_ex.cyclo ./Drivers/STM32L4xx_HAL_Driver/stm32l4xx_hal_rcc_ex.d ./Drivers/STM32L4xx_HAL_Driver/stm32l4xx_hal_rcc_ex.o ./Drivers/STM32L4xx
[...]
arm-none-eabi-gcc "C:/Users/tedwa/Documents/ENEE408A/STM32CubeL4/Drivers/STM32L4xx_HAL_Driver/Src/stm32l4xx_hal_cortex.c" -mcpu=cortex-m4 -std=gnu11 -g3 -DUSE_HAL_DRIVER -DUSE_STM32L475E_IOT01 -DSTM32L475xx -c -I../../Inc -I../../../Common/Inc -I../../../../../../../Drivers/CMSIS/Include -I../../../../../../../Drivers/CMSIS/Device/ST/STM32L4xx/Include -I../../../../../../../Drivers/STM32L4xx_HAL_Driver/Inc -I../../../../../../../Drivers/BSP/B-L475E-IOT01 -O0 -ffunction-sections -fdata-sections -Wall -fstack-usage -fcyclomatic-complexity -MMD -MP -MF"Drivers/STM32L4xx_HAL_Driver/stm32l4xx_hal_cortex.d" -MT"Drivers/STM32L4xx_HAL_Driver/stm32l4xx_hal_cortex.o" --specs=nano.specs -mfpu=fpv4-sp-d16 -mfloat-abi=hard -mthumb -o "Drivers/STM32L4xx_HAL_Driver/stm32l4xx_hal_cortex.o"
arm-none-eabi-gcc "C:/Users/tedwa/Documents/ENEE408A/STM32CubeL4/Drivers/STM32L4xx_HAL_Driver/Src/stm32l4xx_hal_dma.c" -mcpu=cortex-m4 -std=gnu11 -g3 -DUSE_HAL_DRIVER -DUSE_STM32L475E_IOT01 -DSTM32L475xx -c -I../../Inc -I../../../Common/Inc -I../../../../../../../Drivers/CMSIS/Include -I../../../../../../../Drivers/CMSIS/Device/ST/STM32L4xx/Include -I../../../../../../../Drivers/STM32L4xx_HAL_Driver/Inc -I../../../../../../../Drivers/BSP/B-L475E-IOT01 -O0 -ffunction-sections -fdata-sections -Wall -fstack-usage -fcyclomatic-complexity -MMD -MP -MF"Drivers/STM32L4xx_HAL_Driver/stm32l4xx_hal_dma.d" -MT"Drivers/STM32L4xx_HAL_Driver/stm32l4xx_hal_dma.o" --specs=nano.specs -mfpu=fpv4-sp-d16 -mfloat-abi=hard -mthumb -o "Drivers/STM32L4xx_HAL_Driver/stm32l4xx_hal_dma.o"
arm-none-eabi-gcc "C:/Users/tedwa/Documents/ENEE408A/STM32CubeL4/Drivers/STM32L4xx_HAL_Driver/Src/stm32l4xx_hal_gpio.c" -mcpu=cortex-m4 -std=gnu11 -g3 -DUSE_HAL_DRIVER -DUSE_STM32L475E_IOT01 -DSTM32L475xx -c -I../../Inc -I../../../Common/Inc -I../../../../../../../Drivers/CMSIS/Include -I../../../../../../../Drivers/CMSIS/Device/ST/STM32L4xx/Include -I../../../../../../../Drivers/STM32L4xx_HAL_Driver/Inc -I../../../../../../../Drivers/BSP/B-L475E-IOT01 -O0 -ffunction-sections -fdata-sections -Wall -fstack-usage -fcyclomatic-complexity -MMD -MP -MF"Drivers/STM32L4xx_HAL_Driver/stm32l4xx_hal_gpio.d" -MT"Drivers/STM32L4xx_HAL_Driver/stm32l4xx_hal_gpio.o" --specs=nano.specs -mfpu=fpv4-sp-d16 -mfloat-abi=hard -mthumb -o "Drivers/STM32L4xx_HAL_Driver/stm32l4xx_hal_gpio.o"
arm-none-eabi-gcc "C:/Users/tedwa/Documents/ENEE408A/STM32CubeL4/Drivers/STM32L4xx_HAL_Driver/Src/stm32l4xx_hal_i2c.c" -mcpu=cortex-m4 -std=gnu11 -g3 -DUSE_HAL_DRIVER -DUSE_STM32L475E_IOT01 -DSTM32L475xx -c -I../../Inc -I../../../Common/Inc -I../../../../../../../Drivers/CMSIS/Include -I../../../../../../../Drivers/CMSIS/Device/ST/STM32L4xx/Include -I../../../../../../../Drivers/STM32L4xx_HAL_Driver/Inc -I../../../../../../../Drivers/BSP/B-L475E-IOT01 -O0 -ffunction-sections -fdata-sections -Wall -fstack-usage -fcyclomatic-complexity -MMD -MP -MF"Drivers/STM32L4xx_HAL_Driver/stm32l4xx_hal_i2c.d" -MT"Drivers/STM32L4xx_HAL_Driver/stm32l4xx_hal_i2c.o" --specs=nano.specs -mfpu=fpv4-sp-d16 -mfloat-abi=hard -mthumb -o "Drivers/STM32L4xx_HAL_Driver/stm32l4xx_hal_i2c.o"
arm-none-eabi-gcc "C:/Users/tedwa/Documents/ENEE408A/STM32CubeL4/Drivers/STM32L4xx_HAL_Driver/Src/stm32l4xx_hal_i2c_ex.c" -mcpu=cortex-m4 -std=gnu11 -g3 -DUSE_HAL_DRIVER -DUSE_STM32L475E_IOT01 -DSTM32L475xx -c -I../../Inc -I../../../Common/Inc -I../../../../../../../Drivers/CMSIS/Include -I../../../../../../../Drivers/CMSIS/Device/ST/STM32L4xx/Include -I../../../../../../../Drivers/STM32L4xx_HAL_Driver/Inc -I../../../../../../../Drivers/BSP/B-L475E-IOT01 -O0 -ffunction-sections -fdata-sections -Wall -fstack-usage -fcyclomatic-complexity -MMD -MP -MF"Drivers/STM32L4xx_HAL_Driver/stm32l4xx_hal_i2c_ex.d" -MT"Drivers/STM32L4xx_HAL_Driver/stm32l4xx_hal_i2c_ex.o" --specs=nano.specs -mfpu=fpv4-sp-d16 -mfloat-abi=hard -mthumb -o "Drivers/STM32L4xx_HAL_Driver/stm32l4xx_hal_i2c_ex.o"
arm-none-eabi-gcc "C:/Users/tedwa/Documents/ENEE408A/STM32CubeL4/Drivers/STM32L4xx_HAL_Driver/Src/stm32l4xx_hal_pwr.c" -mcpu=cortex-m4 -std=gnu11 -g3 -DUSE_HAL_DRIVER -DUSE_STM32L475E_IOT01 -DSTM32L475xx -c -I../../Inc -I../../../Common/Inc -I../../../../../../../Drivers/CMSIS/Include -I../../../../../../../Drivers/CMSIS/Device/ST/STM32L4xx/Include -I../../../../../../../Drivers/STM32L4xx_HAL_Driver/Inc -I../../../../../../../Drivers/BSP/B-L475E-IOT01 -O0 -ffunction-sections -fdata-sections -Wall -fstack-usage -fcyclomatic-complexity -MMD -MP -MF"Drivers/STM32L4xx_HAL_Driver/stm32l4xx_hal_pwr.d" -MT"Drivers/STM32L4xx_HAL_Driver/stm32l4xx_hal_pwr.o" --specs=nano.specs -mfpu=fpv4-sp-d16 -mfloat-abi=hard -mthumb -o "Drivers/STM32L4xx_HAL_Driver/stm32l4xx_hal_pwr.o"
arm-none-eabi-gcc "C:/Users/tedwa/Documents/ENEE408A/STM32CubeL4/Drivers/STM32L4xx_HAL_Driver/Src/stm32l4xx_hal_pwr_ex.c" -mcpu=cortex-m4 -std=gnu11 -g3 -DUSE_HAL_DRIVER -DUSE_STM32L475E_IOT01 -DSTM32L475xx -c -I../../Inc -I../../../Common/Inc -I../../../../../../../Drivers/CMSIS/Include -I../../../../../../../Drivers/CMSIS/Device/ST/STM32L4xx/Include -I../../../../../../../Drivers/STM32L4xx_HAL_Driver/Inc -I../../../../../../../Drivers/BSP/B-L475E-IOT01 -O0 -ffunction-sections -fdata-sections -Wall -fstack-usage -fcyclomatic-complexity -MMD -MP -MF"Drivers/STM32L4xx_HAL_Driver/stm32l4xx_hal_pwr_ex.d" -MT"Drivers/STM32L4xx_HAL_Driver/stm32l4xx_hal_pwr_ex.o" --specs=nano.specs -mfpu=fpv4-sp-d16 -mfloat-abi=hard -mthumb -o "Drivers/STM32L4xx_HAL_Driver/stm32l4xx_hal_pwr_ex.o"
arm-none-eabi-gcc "C:/Users/tedwa/Documents/ENEE408A/STM32CubeL4/Drivers/STM32L4xx_HAL_Driver/Src/stm32l4xx_hal_rcc.c" -mcpu=cortex-m4 -std=gnu11 -g3 -DUSE_HAL_DRIVER -DUSE_STM32L475E_IOT01 -DSTM32L475xx -c -I../../Inc -I../../../Common/Inc -I../../../../../../../Drivers/CMSIS/Include -I../../../../../../../Drivers/CMSIS/Device/ST/STM32L4xx/Include -I../../../../../../../Drivers/STM32L4xx_HAL_Driver/Inc -I../../../../../../../Drivers/BSP/B-L475E-IOT01 -O0 -ffunction-sections -fdata-sections -Wall -fstack-usage -fcyclomatic-complexity -MMD -MP -MF"Drivers/STM32L4xx_HAL_Driver/stm32l4xx_hal_rcc.d" -MT"Drivers/STM32L4xx_HAL_Driver/stm32l4xx_hal_rcc.o" --specs=nano.specs -mfpu=fpv4-sp-d16 -mfloat-abi=hard -mthumb -o "Drivers/STM32L4xx_HAL_Driver/stm32l4xx_hal_rcc.o"
arm-none-eabi-gcc "C:/Users/tedwa/Documents/ENEE408A/STM32CubeL4/Drivers/STM32L4xx_HAL_Driver/Src/stm32l4xx_hal_rcc_ex.c" -mcpu=cortex-m4 -std=gnu11 -g3 -DUSE_HAL_DRIVER -DUSE_STM32L475E_IOT01 -DSTM32L475xx -c -I../../Inc -I../../../Common/Inc -I../../../../../../../Drivers/CMSIS/Include -I../../../../../../../Drivers/CMSIS/Device/ST/STM32L4xx/Include -I../../../../../../../Drivers/STM32L4xx_HAL_Driver/Inc -I../../../../../../../Drivers/BSP/B-L475E-IOT01 -O0 -ffunction-sections -fdata-sections -Wall -fstack-usage -fcyclomatic-complexity -MMD -MP -MF"Drivers/STM32L4xx_HAL_Driver/stm32l4xx_hal_rcc_ex.d" -MT"Drivers/STM32L4xx_HAL_Driver/stm32l4xx_hal_rcc_ex.o" --specs=nano.specs -mfpu=fpv4-sp-d16 -mfloat-abi=hard -mthumb -o "Drivers/STM32L4xx_HAL_Driver/stm32l4xx_hal_rcc_ex.o"
arm-none-eabi-gcc "C:/Users/tedwa/Documents/ENEE408A/STM32CubeL4/Drivers/STM32L4xx_HAL_Driver/Src/stm32l4xx_hal_spi.c" -mcpu=cortex-m4 -std=gnu11 -g3 -DUSE_HAL_DRIVER -DUSE_STM32L475E_IOT01 -DSTM32L475xx -c -I../../Inc -I../../../Common/Inc -I../../../../../../../Drivers/CMSIS/Include -I../../../../../../../Drivers/CMSIS/Device/ST/STM32L4xx/Include -I../../../../../../../Drivers/STM32L4xx_HAL_Driver/Inc -I../../../../../../../Drivers/BSP/B-L475E-IOT01 -O0 -ffunction-sections -fdata-sections -Wall -fstack-usage -fcyclomatic-complexity -MMD -MP -MF"Drivers/STM32L4xx_HAL_Driver/stm32l4xx_hal_spi.d" -MT"Drivers/STM32L4xx_HAL_Driver/stm32l4xx_hal_spi.o" --specs=nano.specs -mfpu=fpv4-sp-d16 -mfloat-abi=hard -mthumb -o "Drivers/STM32L4xx_HAL_Driver/stm32l4xx_hal_spi.o"
arm-none-eabi-gcc "C:/Users/tedwa/Documents/ENEE408A/STM32CubeL4/Drivers/STM32L4xx_HAL_Driver/Src/stm32l4xx_hal_spi_ex.c" -mcpu=cortex-m4 -std=gnu11 -g3 -DUSE_HAL_DRIVER -DUSE_STM32L475E_IOT01 -DSTM32L475xx -c -I../../Inc -I../../../Common/Inc -I../../../../../../../Drivers/CMSIS/Include -I../../../../../../../Drivers/CMSIS/Device/ST/STM32L4xx/Include -I../../../../../../../Drivers/STM32L4xx_HAL_Driver/Inc -I../../../../../../../Drivers/BSP/B-L475E-IOT01 -O0 -ffunction-sections -fdata-sections -Wall -fstack-usage -fcyclomatic-complexity -MMD -MP -MF"Drivers/STM32L4xx_HAL_Driver/stm32l4xx_hal_spi_ex.d" -MT"Drivers/STM32L4xx_HAL_Driver/stm32l4xx_hal_spi_ex.o" --specs=nano.specs -mfpu=fpv4-sp-d16 -mfloat-abi=hard -mthumb -o "Drivers/STM32L4xx_HAL_Driver/stm32l4xx_hal_spi_ex.o"
arm-none-eabi-gcc "C:/Users/tedwa/Documents/ENEE408A/STM32CubeL4/Drivers/STM32L4xx_HAL_Driver/Src/stm32l4xx_hal_uart.c" -mcpu=cortex-m4 -std=gnu11 -g3 -DUSE_HAL_DRIVER -DUSE_STM32L475E_IOT01 -DSTM32L475xx -c -I../../Inc -I../../../Common/Inc -I../../../../../../../Drivers/CMSIS/Include -I../../../../../../../Drivers/CMSIS/Device/ST/STM32L4xx/Include -I../../../../../../../Drivers/STM32L4xx_HAL_Driver/Inc -I../../../../../../../Drivers/BSP/B-L475E-IOT01 -O0 -ffunction-sections -fdata-sections -Wall -fstack-usage -fcyclomatic-complexity -MMD -MP -MF"Drivers/STM32L4xx_HAL_Driver/stm32l4xx_hal_uart.d" -MT"Drivers/STM32L4xx_HAL_Driver/stm32l4xx_hal_uart.o" --specs=nano.specs -mfpu=fpv4-sp-d16 -mfloat-abi=hard -mthumb -o "Drivers/STM32L4xx_HAL_Driver/stm32l4xx_hal_uart.o"
arm-none-eabi-gcc "C:/Users/tedwa/Documents/ENEE408A/STM32CubeL4/Drivers/STM32L4xx_HAL_Driver/Src/stm32l4xx_hal_uart_ex.c" -mcpu=cortex-m4 -std=gnu11 -g3 -DUSE_HAL_DRIVER -DUSE_STM32L475E_IOT01 -DSTM32L475xx -c -I../../Inc -I../../../Common/Inc -I../../../../../../../Drivers/CMSIS/Include -I../../../../../../../Drivers/CMSIS/Device/ST/STM32L4xx/Include -I../../../../../../../Drivers/STM32L4xx_HAL_Driver/Inc -I../../../../../../../Drivers/BSP/B-L475E-IOT01 -O0 -ffunction-sections -fdata-sections -Wall -fstack-usage -fcyclomatic-complexity -MMD -MP -MF"Drivers/STM32L4xx_HAL_Driver/stm32l4xx_hal_uart_ex.d" -MT"Drivers/STM32L4xx_HAL_Driver/stm32l4xx_hal_uart_ex.o" --specs=nano.specs -mfpu=fpv4-sp-d16 -mfloat-abi=hard -mthumb -o "Drivers/STM32L4xx_HAL_Driver/stm32l4xx_hal_uart_ex.o"
arm-none-eabi-gcc "C:/Users/tedwa/Documents/ENEE408A/STM32CubeL4/Projects/B-L475E-IOT01A/Applications/WiFi/WiFi_HTTP_Server/Src/system_stm32l4xx.c" -mcpu=cortex-m4 -std=gnu11 -g3 -DUSE_HAL_DRIVER -DUSE_STM32L475E_IOT01 -DSTM32L475xx -c -I../../Inc -I../../../Common/Inc -I../../../../../../../Drivers/CMSIS/Include -I../../../../../../../Drivers/CMSIS/Device/ST/STM32L4xx/Include -I../../../../../../../Drivers/STM32L4xx_HAL_Driver/Inc -I../../../../../../../Drivers/BSP/B-L475E-IOT01 -O0 -ffunction-sections -fdata-sections -Wall -fstack-usage -fcyclomatic-complexity -MMD -MP -MF"Drivers/CMSIS/system_stm32l4xx.d" -MT"Drivers/CMSIS/system_stm32l4xx.o" --specs=nano.specs -mfpu=fpv4-sp-d16 -mfloat-abi=hard -mthumb -o "Drivers/CMSIS/system_stm32l4xx.o"
arm-none-eabi-gcc "C:/Users/tedwa/Documents/ENEE408A/STM32CubeL4/Drivers/BSP/Components/hts221/hts221.c" -mcpu=cortex-m4 -std=gnu11 -g3 -DUSE_HAL_DRIVER -DUSE_STM32L475E_IOT01 -DSTM32L475xx -c -I../../Inc -I../../../Common/Inc -I../../../../../../../Drivers/CMSIS/Include -I../../../../../../../Drivers/CMSIS/Device/ST/STM32L4xx/Include -I../../../../../../../Drivers/STM32L4xx_HAL_Driver/Inc -I../../../../../../../Drivers/BSP/B-L475E-IOT01 -O0 -ffunction-sections -fdata-sections -Wall -fstack-usage -fcyclomatic-complexity -MMD -MP -MF"Drivers/BSP/hts221.d" -MT"Drivers/BSP/hts221.o" --specs=nano.specs -mfpu=fpv4-sp-d16 -mfloat-abi=hard -mthumb -o "Drivers/BSP/hts221.o"
arm-none-eabi-gcc "C:/Users/tedwa/Documents/ENEE408A/STM32CubeL4/Projects/B-L475E-IOT01A/Applications/WiFi/Common/Src/es_wifi.c" -mcpu=cortex-m4 -std=gnu11 -g3 -DUSE_HAL_DRIVER -DUSE_STM32L475E_IOT01 -DSTM32L475xx -c -I../../Inc -I../../../Common/Inc -I../../../../../../../Drivers/CMSIS/Include -I../../../../../../../Drivers/CMSIS/Device/ST/STM32L4xx/Include -I../../../../../../../Drivers/STM32L4xx_HAL_Driver/Inc -I../../../../../../../Drivers/BSP/B-L475E-IOT01 -O0 -ffunction-sections -fdata-sections -Wall -fstack-usage -fcyclomatic-complexity -MMD -MP -MF"Application/WIFI/es_wifi.d" -MT"Application/WIFI/es_wifi.o" --specs=nano.specs -mfpu=fpv4-sp-d16 -mfloat-abi=hard -mthumb -o "Application/WIFI/es_wifi.o"
arm-none-eabi-gcc "C:/Users/tedwa/Documents/ENEE408A/STM32CubeL4/Projects/B-L475E-IOT01A/Applications/WiFi/Common/Src/es_wifi_io.c" -mcpu=cortex-m4 -std=gnu11 -g3 -DUSE_HAL_DRIVER -DUSE_STM32L475E_IOT01 -DSTM32L475xx -c -I../../Inc -I../../../Common/Inc -I../../../../../../../Drivers/CMSIS/Include -I../../../../../../../Drivers/CMSIS/Device/ST/STM32L4xx/Include -I../../../../../../../Drivers/STM32L4xx_HAL_Driver/Inc -I../../../../../../../Drivers/BSP/B-L475E-IOT01 -O0 -ffunction-sections -fdata-sections -Wall -fstack-usage -fcyclomatic-complexity -MMD -MP -MF"Application/WIFI/es_wifi_io.d" -MT"Application/WIFI/es_wifi_io.o" --specs=nano.specs -mfpu=fpv4-sp-d16 -mfloat-abi=hard -mthumb -o "Application/WIFI/es_wifi_io.o"
arm-none-eabi-gcc "C:/Users/tedwa/Documents/ENEE408A/STM32CubeL4/Projects/B-L475E-IOT01A/Applications/WiFi/Common/Src/wifi.c" -mcpu=cortex-m4 -std=gnu11 -g3 -DUSE_HAL_DRIVER -DUSE_STM32L475E_IOT01 -DSTM32L475xx -c -I../../Inc -I../../../Common/Inc -I../../../../../../../Drivers/CMSIS/Include -I../../../../../../../Drivers/CMSIS/Device/ST/STM32L4xx/Include -I../../../../../../../Drivers/STM32L4xx_HAL_Driver/Inc -I../../../../../../../Drivers/BSP/B-L475E-IOT01 -O0 -ffunction-sections -fdata-sections -Wall -fstack-usage -fcyclomatic-complexity -MMD -MP -MF"Application/WIFI/wifi.d" -MT"Application/WIFI/wifi.o" --specs=nano.specs -mfpu=fpv4-sp-d16 -mfloat-abi=hard -mthumb -o "Application/WIFI/wifi.o"
arm-none-eabi-gcc "C:/Users/tedwa/Documents/ENEE408A/STM32CubeL4/Projects/B-L475E-IOT01A/Applications/WiFi/WiFi_HTTP_Server/Src/main.c" -mcpu=cortex-m4 -std=gnu11 -g3 -DUSE_HAL_DRIVER -DUSE_STM32L475E_IOT01 -DSTM32L475xx -c -I../../Inc -I../../../Common/Inc -I../../../../../../../Drivers/CMSIS/Include -I../../../../../../../Drivers/CMSIS/Device/ST/STM32L4xx/Include -I../../../../../../../Drivers/STM32L4xx_HAL_Driver/Inc -I../../../../../../../Drivers/BSP/B-L475E-IOT01 -O0 -ffunction-sections -fdata-sections -Wall -fstack-usage -fcyclomatic-complexity -MMD -MP -MF"Application/User/main.d" -MT"Application/User/main.o" --specs=nano.specs -mfpu=fpv4-sp-d16 -mfloat-abi=hard -mthumb -o "Application/User/main.o"
arm-none-eabi-gcc "C:/Users/tedwa/Documents/ENEE408A/STM32CubeL4/Projects/B-L475E-IOT01A/Applications/WiFi/WiFi_HTTP_Server/Src/stm32l4xx_it.c" -mcpu=cortex-m4 -std=gnu11 -g3 -DUSE_HAL_DRIVER -DUSE_STM32L475E_IOT01 -DSTM32L475xx -c -I../../Inc -I../../../Common/Inc -I../../../../../../../Drivers/CMSIS/Include -I../../../../../../../Drivers/CMSIS/Device/ST/STM32L4xx/Include -I../../../../../../../Drivers/STM32L4xx_HAL_Driver/Inc -I../../../../../../../Drivers/BSP/B-L475E-IOT01 -O0 -ffunction-sections -fdata-sections -Wall -fstack-usage -fcyclomatic-complexity -MMD -MP -MF"Application/User/stm32l4xx_it.d" -MT"Application/User/stm32l4xx_it.o" --specs=nano.specs -mfpu=fpv4-sp-d16 -mfloat-abi=hard -mthumb -o "Application/User/stm32l4xx_it.o"
arm-none-eabi-gcc "../Application/User/syscalls.c" -mcpu=cortex-m4 -std=gnu11 -g3 -DUSE_HAL_DRIVER -DUSE_STM32L475E_IOT01 -DSTM32L475xx -c -I../../Inc -I../../../Common/Inc -I../../../../../../../Drivers/CMSIS/Include -I../../../../../../../Drivers/CMSIS/Device/ST/STM32L4xx/Include -I../../../../../../../Drivers/STM32L4xx_HAL_Driver/Inc -I../../../../../../../Drivers/BSP/B-L475E-IOT01 -O0 -ffunction-sections -fdata-sections -Wall -fstack-usage -fcyclomatic-complexity -MMD -MP -MF"Application/User/syscalls.d" -MT"Application/User/syscalls.o" --specs=nano.specs -mfpu=fpv4-sp-d16 -mfloat-abi=hard -mthumb -o "Application/User/syscalls.o"
arm-none-eabi-gcc "../Application/User/sysmem.c" -mcpu=cortex-m4 -std=gnu11 -g3 -DUSE_HAL_DRIVER -DUSE_STM32L475E_IOT01 -DSTM32L475xx -c -I../../Inc -I../../../Common/Inc -I../../../../../../../Drivers/CMSIS/Include -I../../../../../../../Drivers/CMSIS/Device/ST/STM32L4xx/Include -I../../../../../../../Drivers/STM32L4xx_HAL_Driver/Inc -I../../../../../../../Drivers/BSP/B-L475E-IOT01 -O0 -ffunction-sections -fdata-sections -Wall -fstack-usage -fcyclomatic-complexity -MMD -MP -MF"Application/User/sysmem.d" -MT"Application/User/sysmem.o" --specs=nano.specs -mfpu=fpv4-sp-d16 -mfloat-abi=hard -mthumb -o "Application/User/sysmem.o"
arm-none-eabi-gcc -mcpu=cortex-m4 -g3 -DDEBUG -c -x assembler-with-cpp -MMD -MP -MF"Application/Startup/startup_stm32l475vgtx.d" -MT"Application/Startup/startup_stm32l475vgtx.o" --specs=nano.specs -mfpu=fpv4-sp-d16 -mfloat-abi=hard -mthumb -o "Application/Startup/startup_stm32l475vgtx.o" "../Application/Startup/startup_stm32l475vgtx.s"
C:/Users/tedwa/Documents/ENEE408A/STM32CubeL4/Projects/B-L475E-IOT01A/Applications/WiFi/WiFi_HTTP_Server/Src/main.c: In function 'wifi_connect':
C:/Users/tedwa/Documents/ENEE408A/STM32CubeL4/Projects/B-L475E-IOT01A/Applications/WiFi/WiFi_HTTP_Server/Src/main.c:122:24: warning: pointer targets in passing argument 1 of 'WIFI_GetModuleID' differ in signedness [-Wpointer-sign]
  122 |   if (WIFI_GetModuleID(fw_info, sizeof(fw_info)) == WIFI_STATUS_OK)
      |                        ^~~~~~~
      |                        |
      |                        uint8_t * {aka unsigned char *}
In file included from ../../Inc/main.h:39,
                 from C:/Users/tedwa/Documents/ENEE408A/STM32CubeL4/Projects/B-L475E-IOT01A/Applications/WiFi/WiFi_HTTP_Server/Src/main.c:10:
../../../Common/Inc/wifi.h:161:38: note: expected 'char *' but argument is of type 'uint8_t *' {aka 'unsigned char *'}
  161 | WIFI_Status_t WIFI_GetModuleID(char *Id, uint8_t IdLength);
      |                                ~~~~~~^~
C:/Users/tedwa/Documents/ENEE408A/STM32CubeL4/Projects/B-L475E-IOT01A/Applications/WiFi/WiFi_HTTP_Server/Src/main.c:125:32: warning: pointer targets in passing argument 1 of 'WIFI_GetModuleFwRevision' differ in signedness [-Wpointer-sign]
  125 |   if (WIFI_GetModuleFwRevision(fw_info, sizeof(fw_info)) == WIFI_STATUS_OK)
      |                                ^~~~~~~
      |                                |
      |                                uint8_t * {aka unsigned char *}
../../../Common/Inc/wifi.h:162:46: note: expected 'char *' but argument is of type 'uint8_t *' {aka 'unsigned char *'}
  162 | WIFI_Status_t WIFI_GetModuleFwRevision(char *rev, uint8_t RevLength);
      |                                        ~~~~~~^~~
arm-none-eabi-gcc -o "WiFi_HTTP_Server.elf" @"objects.list"   -mcpu=cortex-m4 -T"C:\Users\tedwa\Documents\ENEE408A\STM32CubeL4\Projects\B-L475E-IOT01A\Applications\WiFi\WiFi_HTTP_Server\STM32CubeIDE\STM32L475VGTX_FLASH.ld" --specs=nosys.specs -Wl,-Map="WiFi_HTTP_Server.map" -Wl,--gc-sections -static --specs=nano.specs -mfpu=fpv4-sp-d16 -mfloat-abi=hard -mthumb -Wl,--start-group -lc -lm -Wl,--end-group
Finished building target: WiFi_HTTP_Server.elf
 
arm-none-eabi-size  WiFi_HTTP_Server.elf 
arm-none-eabi-objdump -h -S WiFi_HTTP_Server.elf  > "WiFi_HTTP_Server.list"
   text	   data	    bss	    dec	    hex	filename
  34344	    120	  96416	 130880	  1ff40	WiFi_HTTP_Server.elf
Finished building: default.size.stdout
 
Finished building: WiFi_HTTP_Server.list
 
13:56:56 **** Incremental Build of configuration Debug for project WiFi_HTTP_Server ****
make -j24 all 
arm-none-eabi-size  WiFi_HTTP_Server.elf 
   text	   data	    bss	    dec	    hex	filename
  34344	    120	  96416	 130880	  1ff40	WiFi_HTTP_Server.elf
Finished building: default.size.stdout
 
